Device: cuda
trust_remote_code: True
Loading data/nq/splits/train.json...
Loading data/nq/splits/dev.json...
Loading data/nq/splits/test.json...
  8,188 records

Loading tokenizers for 6 models...
Warning: You are sending unauthenticated requests to the HF Hub. Please set a HF_TOKEN to enable higher rate limits and faster downloads.
  ok cross-encoder/ms-marco-MiniLM-L12-v2
  ok cross-encoder/ms-marco-MiniLM-L6-v2
  ok BAAI/bge-reranker-base
  ok BAAI/bge-reranker-v2-m3
  ok mixedbread-ai/mxbai-rerank-base-v1
[transformers] `torch_dtype` is deprecated! Use `dtype` instead!
  ok jinaai/jina-reranker-v2-base-multilingual

Preparing records (body budget across the whole roster)...
[transformers] Token indices sequence length is longer than the specified maximum sequence length for this model (970 > 512). Running this sequence through the model will result in indexing errors
[transformers] Token indices sequence length is longer than the specified maximum sequence length for this model (970 > 512). Running this sequence through the model will result in indexing errors
[transformers] Token indices sequence length is longer than the specified maximum sequence length for this model (963 > 512). Running this sequence through the model will result in indexing errors
[transformers] Token indices sequence length is longer than the specified maximum sequence length for this model (928 > 512). Running this sequence through the model will result in indexing errors
[transformers] Token indices sequence length is longer than the specified maximum sequence length for this model (1154 > 1024). Running this sequence through the model will result in indexing errors
  7,659 / 8,188 kept  (529 dropped, budget < 20)
  body budget tokens: min=20 median=325 max=467
  tightest tokenizer distribution:
     7404  BAAI/bge-reranker-base
      626  cross-encoder/ms-marco-MiniLM-L6-v2
      158  mixedbread-ai/mxbai-rerank-base-v1

======================================================================
MODE: metadata_only   n_records = 7659   2026-10-04 17:50:13
======================================================================

----------------------------------------------------------------------
cross-encoder/ms-marco-MiniLM-L12-v2   2026-10-04 17:50:13
----------------------------------------------------------------------
Loading weights:   0%|          | 0/201 [00:00<?, ?it/s]Loading weights: 100%|██████████| 201/201 [00:00<00:00, 6147.27it/s]
  scored yaml  (mean=-1.931)
  scored json  (mean=-2.765)
  scored toml  (mean=-3.138)
  scored inline_kv  (mean=-2.884)
  scored markdown  (mean=-2.172)

  max |d|:     1.227  (yaml - toml)
  min rho:     0.973  (json vs inline_kv)
  max flip %:  6.7%  (json vs inline_kv)
  ranking:     yaml > markdown > json > inline_kv > toml
  scored in 0:01:20

====================================================================================================
CROSS-MODEL SUMMARY - metadata_only  (n=7659)   2026-10-04 17:51:33
====================================================================================================
model                                               max |d|  min rho  max flip% ranking
----------------------------------------------------------------------------------------------------
cross-encoder/ms-marco-MiniLM-L12-v2                  1.227    0.973       6.7% yaml > markdown > json > inline_kv > toml

Saved metadata_only results -> data/nq/h1/all_cross_metadata_only_minilm_l12.json  (0.9 MB)

======================================================================
MODE: with_body   n_records = 7659   2026-10-04 17:51:33
======================================================================

----------------------------------------------------------------------
cross-encoder/ms-marco-MiniLM-L12-v2   2026-10-04 17:51:33
----------------------------------------------------------------------
Loading weights:   0%|          | 0/201 [00:00<?, ?it/s]Loading weights: 100%|██████████| 201/201 [00:00<00:00, 6451.79it/s]
  scored yaml  (mean=+5.534)
  scored json  (mean=+5.013)
  scored toml  (mean=+4.893)
  scored inline_kv  (mean=+5.134)
  scored markdown  (mean=+5.158)

  max |d|:     0.938  (yaml - toml)
  min rho:     0.947  (json vs inline_kv)
  max flip %:  9.8%  (json vs inline_kv)
  ranking:     yaml > markdown > inline_kv > json > toml
  scored in 0:02:16

====================================================================================================
CROSS-MODEL SUMMARY - with_body  (n=7659)   2026-10-04 17:53:50
====================================================================================================
model                                               max |d|  min rho  max flip% ranking
----------------------------------------------------------------------------------------------------
cross-encoder/ms-marco-MiniLM-L12-v2                  0.938    0.947       9.8% yaml > markdown > inline_kv > json > toml

Saved with_body results -> data/nq/h1/all_cross_with_body_minilm_l12.json  (0.9 MB)

Pass complete in 0:03:36
