Device: cuda

Loading tokenizers for 6 budget models...
Warning: You are sending unauthenticated requests to the HF Hub. Please set a HF_TOKEN to enable higher rate limits and faster downloads.
  ok  cross-encoder/ms-marco-MiniLM-L6-v2
  ok  cross-encoder/ms-marco-MiniLM-L12-v2
  ok  BAAI/bge-reranker-base
  ok  BAAI/bge-reranker-v2-m3
  ok  mixedbread-ai/mxbai-rerank-base-v1
[transformers] `torch_dtype` is deprecated! Use `dtype` instead!
  ok  jinaai/jina-reranker-v2-base-multilingual
Loading data/nq/splits/train.json...
Loading data/nq/splits/dev.json...
Loading data/nq/splits/test.json...

Split 'all': 8188 queries

Reusing candidate lists from data/nq/h1_within_query/all_candidates.json
  7642 queries
  dropped_gold_budget: 529
  dropped_no_bm25_negs: 0
  dropped_too_few_eligible_negs: 17
  negatives_skipped_for_budget: 4463
[transformers] Token indices sequence length is longer than the specified maximum sequence length for this model (554 > 512). Running this sequence through the model will result in indexing errors
    overflow check 25/100
    overflow check 50/100
[transformers] Token indices sequence length is longer than the specified maximum sequence length for this model (518 > 512). Running this sequence through the model will result in indexing errors
[transformers] Token indices sequence length is longer than the specified maximum sequence length for this model (518 > 512). Running this sequence through the model will result in indexing errors
[transformers] Token indices sequence length is longer than the specified maximum sequence length for this model (578 > 512). Running this sequence through the model will result in indexing errors
    overflow check 75/100
    overflow check 100/100
  >512-token renderings: worst model 1.91% (sampled 100 queries)

----------------------------------------------------------------------
cross-encoder/ms-marco-MiniLM-L6-v2
----------------------------------------------------------------------
Loading weights:   0%|          | 0/105 [00:00<?, ?it/s]Loading weights: 100%|██████████| 105/105 [00:00<00:00, 4666.91it/s]
  scored       yaml  gold mean=+4.673  neg mean=-5.932
  scored       json  gold mean=+3.619  neg mean=-6.190
  scored       toml  gold mean=+3.806  neg mean=-6.403
  scored  inline_kv  gold mean=+4.263  neg mean=-6.226
  scored   markdown  gold mean=+4.109  neg mean=-5.953

  max within-query flip %: 8.7%  (json vs inline_kv)
  min Kendall tau:         0.826  (json vs inline_kv)
  max top-1 change %:      11.5%  (json vs inline_kv)
  delta/S_within:          0.105
  gold top-1 all formats:  74.9%  |  format-dependent: 12.5%  |  never: 12.5%
  MRR per format:          yaml=0.891  json=0.874  toml=0.881  inline_kv=0.888  markdown=0.880
  (1378.9s)

====================================================================================================
WITHIN-QUERY SUMMARY - split=all  n_queries=7642  candidates=16
====================================================================================================
model                                             max flip%   min tau  top1 chg%  fmt-dep%   delta/S
------------------------------------------------------------------------------------------------------
cross-encoder/ms-marco-MiniLM-L6-v2                    8.7%     0.826      11.5%     12.5%     0.105

  fmt-dep% = queries whose gold ranks first under some formats but not others.

Saved -> data/nq/h1_within_query/all_wq_minilm_l6.json  (3.6 MB)
