Device: cuda
trust_remote_code: True
Loading data/nq/splits/train.json...
Loading data/nq/splits/dev.json...
Loading data/nq/splits/test.json...
  8,188 records

Loading tokenizers for 6 models...
Warning: You are sending unauthenticated requests to the HF Hub. Please set a HF_TOKEN to enable higher rate limits and faster downloads.
  ok BAAI/bge-reranker-base
  ok cross-encoder/ms-marco-MiniLM-L6-v2
  ok cross-encoder/ms-marco-MiniLM-L12-v2
  ok BAAI/bge-reranker-v2-m3
  ok mixedbread-ai/mxbai-rerank-base-v1
[transformers] `torch_dtype` is deprecated! Use `dtype` instead!
  ok jinaai/jina-reranker-v2-base-multilingual

Preparing records (body budget across the whole roster)...
[transformers] Token indices sequence length is longer than the specified maximum sequence length for this model (970 > 512). Running this sequence through the model will result in indexing errors
[transformers] Token indices sequence length is longer than the specified maximum sequence length for this model (970 > 512). Running this sequence through the model will result in indexing errors
[transformers] Token indices sequence length is longer than the specified maximum sequence length for this model (963 > 512). Running this sequence through the model will result in indexing errors
[transformers] Token indices sequence length is longer than the specified maximum sequence length for this model (928 > 512). Running this sequence through the model will result in indexing errors
[transformers] Token indices sequence length is longer than the specified maximum sequence length for this model (1154 > 1024). Running this sequence through the model will result in indexing errors
  7,659 / 8,188 kept  (529 dropped, budget < 20)
  body budget tokens: min=20 median=325 max=467
  tightest tokenizer distribution:
     7404  BAAI/bge-reranker-base
      626  cross-encoder/ms-marco-MiniLM-L6-v2
      158  mixedbread-ai/mxbai-rerank-base-v1

======================================================================
MODE: metadata_only   n_records = 7659   2026-10-04 17:50:12
======================================================================

----------------------------------------------------------------------
BAAI/bge-reranker-base   2026-10-04 17:50:12
----------------------------------------------------------------------
Loading weights:   0%|          | 0/201 [00:00<?, ?it/s]Loading weights: 100%|██████████| 201/201 [00:00<00:00, 8327.87it/s]
  scored yaml  (mean=-0.648)
  scored json  (mean=+0.186)
  scored toml  (mean=+1.443)
  scored inline_kv  (mean=+0.112)
  scored markdown  (mean=+0.318)

  max |d|:     0.754  (json - toml)
  min rho:     0.718  (yaml vs toml)
  max flip %:  22.8%  (yaml vs toml)
  ranking:     toml > markdown > json > inline_kv > yaml
  scored in 0:03:30

====================================================================================================
CROSS-MODEL SUMMARY - metadata_only  (n=7659)   2026-10-04 17:53:43
====================================================================================================
model                                               max |d|  min rho  max flip% ranking
----------------------------------------------------------------------------------------------------
BAAI/bge-reranker-base                                0.754    0.718      22.8% toml > markdown > json > inline_kv > yaml

Saved metadata_only results -> data/nq/h1/all_cross_metadata_only_bge_base.json  (1.0 MB)

======================================================================
MODE: with_body   n_records = 7659   2026-10-04 17:53:43
======================================================================

----------------------------------------------------------------------
BAAI/bge-reranker-base   2026-10-04 17:53:43
----------------------------------------------------------------------
Loading weights:   0%|          | 0/201 [00:00<?, ?it/s]Loading weights: 100%|██████████| 201/201 [00:00<00:00, 5006.77it/s]
  scored yaml  (mean=+4.996)
  scored json  (mean=+4.717)
  scored toml  (mean=+4.894)
  scored inline_kv  (mean=+5.036)
  scored markdown  (mean=+5.027)

  max |d|:     0.364  (json - markdown)
  min rho:     0.898  (yaml vs json)
  max flip %:  13.8%  (yaml vs json)
  ranking:     inline_kv > markdown > yaml > toml > json
  scored in 0:05:42

====================================================================================================
CROSS-MODEL SUMMARY - with_body  (n=7659)   2026-10-04 17:59:27
====================================================================================================
model                                               max |d|  min rho  max flip% ranking
----------------------------------------------------------------------------------------------------
BAAI/bge-reranker-base                                0.364    0.898      13.8% inline_kv > markdown > yaml > toml > json

Saved with_body results -> data/nq/h1/all_cross_with_body_bge_base.json  (0.9 MB)

Pass complete in 0:09:15
