Device: cuda
trust_remote_code: True
Loading data/nq/splits/train.json...
Loading data/nq/splits/dev.json...
Loading data/nq/splits/test.json...
  8,188 records

Loading tokenizers for 6 models...
Warning: You are sending unauthenticated requests to the HF Hub. Please set a HF_TOKEN to enable higher rate limits and faster downloads.
[transformers] `torch_dtype` is deprecated! Use `dtype` instead!
  ok jinaai/jina-reranker-v2-base-multilingual
  ok cross-encoder/ms-marco-MiniLM-L6-v2
  ok cross-encoder/ms-marco-MiniLM-L12-v2
  ok BAAI/bge-reranker-base
  ok BAAI/bge-reranker-v2-m3
  ok mixedbread-ai/mxbai-rerank-base-v1

======================================================================
MODE: metadata_only   n_records = 8188
======================================================================

----------------------------------------------------------------------
jinaai/jina-reranker-v2-base-multilingual
----------------------------------------------------------------------
flash_attn is not installed. Using PyTorch native attention implementation.
flash_attn is not installed. Using PyTorch native attention implementation.
flash_attn is not installed. Using PyTorch native attention implementation.
flash_attn is not installed. Using PyTorch native attention implementation.
flash_attn is not installed. Using PyTorch native attention implementation.
flash_attn is not installed. Using PyTorch native attention implementation.
flash_attn is not installed. Using PyTorch native attention implementation.
flash_attn is not installed. Using PyTorch native attention implementation.
flash_attn is not installed. Using PyTorch native attention implementation.
flash_attn is not installed. Using PyTorch native attention implementation.
flash_attn is not installed. Using PyTorch native attention implementation.
flash_attn is not installed. Using PyTorch native attention implementation.
flash_attn is not installed. Using PyTorch native attention implementation.
Loading weights:   0%|          | 0/153 [00:00<?, ?it/s]Loading weights: 100%|██████████| 153/153 [00:00<00:00, 10525.14it/s]
[transformers] `use_return_dict` is deprecated! Use `return_dict` instead!
  scored yaml  (mean=-0.914)
  scored json  (mean=-0.990)
  scored toml  (mean=-1.000)
  scored inline_kv  (mean=-1.013)
  scored markdown  (mean=-0.885)

  max |d|:     0.486  (yaml - inline_kv)
  min rho:     0.970  (yaml vs json)
  max flip %:  6.8%  (yaml vs json)
  ranking:     markdown > yaml > json > toml > inline_kv


====================================================================================================
CROSS-MODEL SUMMARY - metadata_only  (n=8188)
====================================================================================================
model                                               max |d|  min rho  max flip%  ranking
----------------------------------------------------------------------------------------------------------------------------------
jinaai/jina-reranker-v2-base-multilingual             0.486    0.970       6.8%  markdown > yaml > json > toml > inline_kv

Saved metadata_only results -> data/nq/h1_measurement/all_metadata_only_jina_v2.json  (0.5 MB)

Preparing with_body records (budget across the whole roster)...
[transformers] Token indices sequence length is longer than the specified maximum sequence length for this model (970 > 512). Running this sequence through the model will result in indexing errors
[transformers] Token indices sequence length is longer than the specified maximum sequence length for this model (970 > 512). Running this sequence through the model will result in indexing errors
[transformers] Token indices sequence length is longer than the specified maximum sequence length for this model (963 > 512). Running this sequence through the model will result in indexing errors
[transformers] Token indices sequence length is longer than the specified maximum sequence length for this model (928 > 512). Running this sequence through the model will result in indexing errors
[transformers] Token indices sequence length is longer than the specified maximum sequence length for this model (1154 > 1024). Running this sequence through the model will result in indexing errors
  7,659 / 8,188 kept  (529 dropped, budget < 20)
  body budget tokens: min=20 median=325 max=467
  tightest tokenizer distribution:
     7404  BAAI/bge-reranker-base
      626  cross-encoder/ms-marco-MiniLM-L6-v2
      158  mixedbread-ai/mxbai-rerank-base-v1

======================================================================
MODE: with_body   n_records = 7659
======================================================================

----------------------------------------------------------------------
jinaai/jina-reranker-v2-base-multilingual
----------------------------------------------------------------------
flash_attn is not installed. Using PyTorch native attention implementation.
flash_attn is not installed. Using PyTorch native attention implementation.
flash_attn is not installed. Using PyTorch native attention implementation.
flash_attn is not installed. Using PyTorch native attention implementation.
flash_attn is not installed. Using PyTorch native attention implementation.
flash_attn is not installed. Using PyTorch native attention implementation.
flash_attn is not installed. Using PyTorch native attention implementation.
flash_attn is not installed. Using PyTorch native attention implementation.
flash_attn is not installed. Using PyTorch native attention implementation.
flash_attn is not installed. Using PyTorch native attention implementation.
flash_attn is not installed. Using PyTorch native attention implementation.
flash_attn is not installed. Using PyTorch native attention implementation.
flash_attn is not installed. Using PyTorch native attention implementation.
Loading weights:   0%|          | 0/153 [00:00<?, ?it/s]Loading weights: 100%|██████████| 153/153 [00:00<00:00, 10078.98it/s]
  scored yaml  (mean=+1.291)
  scored json  (mean=+1.435)
  scored toml  (mean=+1.414)
  scored inline_kv  (mean=+1.410)
  scored markdown  (mean=+1.279)

  max |d|:     0.862  (yaml - inline_kv)
  min rho:     0.966  (json vs markdown)
  max flip %:  7.5%  (json vs markdown)
  ranking:     json > toml > inline_kv > yaml > markdown


====================================================================================================
CROSS-MODEL SUMMARY - with_body  (n=7659)
====================================================================================================
model                                               max |d|  min rho  max flip%  ranking
----------------------------------------------------------------------------------------------------------------------------------
jinaai/jina-reranker-v2-base-multilingual             0.862    0.966       7.5%  json > toml > inline_kv > yaml > markdown

Saved with_body results -> data/nq/h1_measurement/all_with_body_jina_v2.json  (0.4 MB)
