Device: cuda

Loading tokenizers for 6 budget models...
Warning: You are sending unauthenticated requests to the HF Hub. Please set a HF_TOKEN to enable higher rate limits and faster downloads.
  ok  cross-encoder/ms-marco-MiniLM-L6-v2
  ok  cross-encoder/ms-marco-MiniLM-L12-v2
  ok  BAAI/bge-reranker-base
  ok  BAAI/bge-reranker-v2-m3
  ok  mixedbread-ai/mxbai-rerank-base-v1
[transformers] `torch_dtype` is deprecated! Use `dtype` instead!
  ok  jinaai/jina-reranker-v2-base-multilingual
Loading data/nq/splits/train.json...
Loading data/nq/splits/dev.json...
Loading data/nq/splits/test.json...

Split 'all': 8188 queries

Reusing candidate lists from data/nq/h1/all_candidates.json
  7642 queries
  dropped_gold_budget: 529
  dropped_no_bm25_negs: 0
  dropped_too_few_eligible_negs: 17
  negatives_skipped_for_budget: 4463
[transformers] Token indices sequence length is longer than the specified maximum sequence length for this model (554 > 512). Running this sequence through the model will result in indexing errors
    overflow check 25/100
    overflow check 50/100
[transformers] Token indices sequence length is longer than the specified maximum sequence length for this model (518 > 512). Running this sequence through the model will result in indexing errors
[transformers] Token indices sequence length is longer than the specified maximum sequence length for this model (518 > 512). Running this sequence through the model will result in indexing errors
[transformers] Token indices sequence length is longer than the specified maximum sequence length for this model (578 > 512). Running this sequence through the model will result in indexing errors
    overflow check 75/100
    overflow check 100/100
  >512-token renderings: worst model 1.91% (sampled 100 queries)

----------------------------------------------------------------------
BAAI/bge-reranker-v2-m3
----------------------------------------------------------------------
Loading weights:   0%|          | 0/393 [00:00<?, ?it/s]Loading weights: 100%|██████████| 393/393 [00:00<00:00, 9770.09it/s]
  metadata_only
  scored       yaml  gold mean=-0.347  neg mean=-5.114
  scored       json  gold mean=-0.278  neg mean=-4.649
  scored       toml  gold mean=-0.311  neg mean=-4.662
  scored  inline_kv  gold mean=-0.096  neg mean=-4.554
  scored   markdown  gold mean=-0.452  neg mean=-4.798

  max within-query flip %: 12.0%  (json vs inline_kv)
  min Kendall tau:         0.760  (json vs inline_kv)
  max top-1 change %:      23.5%  (json vs inline_kv)
  delta/S_within:          0.187
  gold top-1 all formats:  47.4%  |  format-dependent: 16.5%  |  never: 36.1%
  MRR per format:          yaml=0.681  json=0.668  toml=0.676  inline_kv=0.676  markdown=0.674
  with_body
  scored       yaml  gold mean=+4.426  neg mean=-4.757
  scored       json  gold mean=+4.712  neg mean=-4.608
  scored       toml  gold mean=+4.697  neg mean=-4.752
  scored  inline_kv  gold mean=+4.670  neg mean=-4.645
  scored   markdown  gold mean=+4.524  neg mean=-4.716

  max within-query flip %: 10.6%  (yaml vs json)
  min Kendall tau:         0.789  (yaml vs json)
  max top-1 change %:      3.5%  (yaml vs json)
  delta/S_within:          0.102
  gold top-1 all formats:  90.4%  |  format-dependent: 4.8%  |  never: 4.9%
  MRR per format:          yaml=0.960  json=0.960  toml=0.961  inline_kv=0.961  markdown=0.958
  (28228.9s)

====================================================================================================
WITHIN-QUERY SUMMARY - split=all/metadata_only  n_queries=7642  candidates=16
====================================================================================================
model                                             max flip%   min tau  top1 chg%  fmt-dep%   delta/S
------------------------------------------------------------------------------------------------------
BAAI/bge-reranker-v2-m3                               12.0%     0.760      23.5%     16.5%     0.187

  fmt-dep% = queries whose gold ranks first under some formats but not others.

Saved -> data/nq/h1/all_within_metadata_only_bge_v2_m3.json  (3.8 MB)

====================================================================================================
WITHIN-QUERY SUMMARY - split=all/with_body  n_queries=7642  candidates=16
====================================================================================================
model                                             max flip%   min tau  top1 chg%  fmt-dep%   delta/S
------------------------------------------------------------------------------------------------------
BAAI/bge-reranker-v2-m3                               10.6%     0.789       3.5%      4.8%     0.102

  fmt-dep% = queries whose gold ranks first under some formats but not others.

Saved -> data/nq/h1/all_within_with_body_bge_v2_m3.json  (3.6 MB)
