Device: cuda

Loading tokenizers for 6 budget models...
  ok  cross-encoder/ms-marco-MiniLM-L6-v2
Warning: You are sending unauthenticated requests to the HF Hub. Please set a HF_TOKEN to enable higher rate limits and faster downloads.
  ok  cross-encoder/ms-marco-MiniLM-L12-v2
  ok  BAAI/bge-reranker-base
  ok  BAAI/bge-reranker-v2-m3
  ok  mixedbread-ai/mxbai-rerank-base-v1
[transformers] `torch_dtype` is deprecated! Use `dtype` instead!
  ok  jinaai/jina-reranker-v2-base-multilingual
Loading data/nq/splits/train.json...
Loading data/nq/splits/dev.json...
Loading data/nq/splits/test.json...

Split 'all': 8188 queries

Building candidate lists, one body budget per candidate...
[transformers] Token indices sequence length is longer than the specified maximum sequence length for this model (970 > 512). Running this sequence through the model will result in indexing errors
[transformers] Token indices sequence length is longer than the specified maximum sequence length for this model (970 > 512). Running this sequence through the model will result in indexing errors
[transformers] Token indices sequence length is longer than the specified maximum sequence length for this model (963 > 512). Running this sequence through the model will result in indexing errors
[transformers] Token indices sequence length is longer than the specified maximum sequence length for this model (928 > 512). Running this sequence through the model will result in indexing errors
[transformers] Token indices sequence length is longer than the specified maximum sequence length for this model (1154 > 1024). Running this sequence through the model will result in indexing errors
    25/8188 queries  (9.3/s, eta 14.7 min)
    50/8188 queries  (8.2/s, eta 16.6 min)
    75/8188 queries  (8.4/s, eta 16.0 min)
    100/8188 queries  (8.1/s, eta 16.6 min)
    125/8188 queries  (7.8/s, eta 17.1 min)
    150/8188 queries  (7.9/s, eta 17.1 min)
    175/8188 queries  (7.9/s, eta 16.9 min)
    200/8188 queries  (7.8/s, eta 17.2 min)
    225/8188 queries  (7.7/s, eta 17.2 min)
    250/8188 queries  (7.7/s, eta 17.2 min)
    275/8188 queries  (7.7/s, eta 17.2 min)
    300/8188 queries  (7.7/s, eta 17.1 min)
    325/8188 queries  (7.6/s, eta 17.1 min)
    350/8188 queries  (7.6/s, eta 17.1 min)
    375/8188 queries  (7.7/s, eta 17.0 min)
    400/8188 queries  (7.7/s, eta 16.9 min)
    425/8188 queries  (7.7/s, eta 16.9 min)
    450/8188 queries  (7.6/s, eta 16.9 min)
    475/8188 queries  (7.6/s, eta 16.9 min)
    500/8188 queries  (7.7/s, eta 16.7 min)
    525/8188 queries  (7.7/s, eta 16.7 min)
    550/8188 queries  (7.7/s, eta 16.6 min)
    575/8188 queries  (7.7/s, eta 16.5 min)
    600/8188 queries  (7.6/s, eta 16.6 min)
    625/8188 queries  (7.6/s, eta 16.6 min)
    650/8188 queries  (7.6/s, eta 16.6 min)
    675/8188 queries  (7.6/s, eta 16.6 min)
    700/8188 queries  (7.6/s, eta 16.5 min)
    725/8188 queries  (7.5/s, eta 16.5 min)
    750/8188 queries  (7.5/s, eta 16.4 min)
    775/8188 queries  (7.6/s, eta 16.3 min)
    800/8188 queries  (7.6/s, eta 16.3 min)
    825/8188 queries  (7.6/s, eta 16.2 min)
    850/8188 queries  (7.6/s, eta 16.1 min)
    875/8188 queries  (7.6/s, eta 16.1 min)
    900/8188 queries  (7.6/s, eta 16.0 min)
    925/8188 queries  (7.6/s, eta 16.0 min)
    950/8188 queries  (7.5/s, eta 16.0 min)
    975/8188 queries  (7.5/s, eta 16.0 min)
    1000/8188 queries  (7.5/s, eta 15.9 min)
    1025/8188 queries  (7.6/s, eta 15.8 min)
    1050/8188 queries  (7.5/s, eta 15.8 min)
    1075/8188 queries  (7.5/s, eta 15.8 min)
    1100/8188 queries  (7.6/s, eta 15.6 min)
    1125/8188 queries  (7.5/s, eta 15.6 min)
    1150/8188 queries  (7.5/s, eta 15.6 min)
    1175/8188 queries  (7.5/s, eta 15.6 min)
    1200/8188 queries  (7.5/s, eta 15.6 min)
    1225/8188 queries  (7.5/s, eta 15.6 min)
    1250/8188 queries  (7.4/s, eta 15.5 min)
    1275/8188 queries  (7.5/s, eta 15.5 min)
    1300/8188 queries  (7.5/s, eta 15.4 min)
    1325/8188 queries  (7.5/s, eta 15.3 min)
    1350/8188 queries  (7.5/s, eta 15.3 min)
    1375/8188 queries  (7.5/s, eta 15.2 min)
    1400/8188 queries  (7.4/s, eta 15.2 min)
    1425/8188 queries  (7.4/s, eta 15.2 min)
    1450/8188 queries  (7.4/s, eta 15.1 min)
    1475/8188 queries  (7.4/s, eta 15.1 min)
    1500/8188 queries  (7.4/s, eta 15.1 min)
    1525/8188 queries  (7.4/s, eta 15.0 min)
    1550/8188 queries  (7.4/s, eta 15.0 min)
    1575/8188 queries  (7.4/s, eta 14.9 min)
    1600/8188 queries  (7.4/s, eta 14.9 min)
    1625/8188 queries  (7.4/s, eta 14.9 min)
    1650/8188 queries  (7.4/s, eta 14.8 min)
    1675/8188 queries  (7.4/s, eta 14.8 min)
    1700/8188 queries  (7.3/s, eta 14.7 min)
    1725/8188 queries  (7.3/s, eta 14.7 min)
    1750/8188 queries  (7.4/s, eta 14.6 min)
    1775/8188 queries  (7.3/s, eta 14.5 min)
    1800/8188 queries  (7.3/s, eta 14.5 min)
    1825/8188 queries  (7.4/s, eta 14.4 min)
    1850/8188 queries  (7.4/s, eta 14.3 min)
    1875/8188 queries  (7.4/s, eta 14.3 min)
    1900/8188 queries  (7.3/s, eta 14.3 min)
    1925/8188 queries  (7.3/s, eta 14.2 min)
    1950/8188 queries  (7.3/s, eta 14.2 min)
    1975/8188 queries  (7.3/s, eta 14.1 min)
    2000/8188 queries  (7.3/s, eta 14.1 min)
    2025/8188 queries  (7.3/s, eta 14.0 min)
    2050/8188 queries  (7.3/s, eta 14.0 min)
    2075/8188 queries  (7.3/s, eta 14.0 min)
    2100/8188 queries  (7.3/s, eta 13.9 min)
    2125/8188 queries  (7.3/s, eta 13.9 min)
    2150/8188 queries  (7.3/s, eta 13.8 min)
    2175/8188 queries  (7.3/s, eta 13.7 min)
    2200/8188 queries  (7.3/s, eta 13.7 min)
    2225/8188 queries  (7.3/s, eta 13.6 min)
    2250/8188 queries  (7.3/s, eta 13.6 min)
    2275/8188 queries  (7.3/s, eta 13.6 min)
    2300/8188 queries  (7.3/s, eta 13.5 min)
    2325/8188 queries  (7.2/s, eta 13.5 min)
    2350/8188 queries  (7.2/s, eta 13.4 min)
    2375/8188 queries  (7.2/s, eta 13.4 min)
    2400/8188 queries  (7.2/s, eta 13.4 min)
    2425/8188 queries  (7.2/s, eta 13.3 min)
    2450/8188 queries  (7.2/s, eta 13.3 min)
    2475/8188 queries  (7.2/s, eta 13.2 min)
    2500/8188 queries  (7.2/s, eta 13.2 min)
    2525/8188 queries  (7.2/s, eta 13.1 min)
    2550/8188 queries  (7.2/s, eta 13.1 min)
    2575/8188 queries  (7.2/s, eta 13.0 min)
    2600/8188 queries  (7.2/s, eta 13.0 min)
    2625/8188 queries  (7.2/s, eta 12.9 min)
    2650/8188 queries  (7.2/s, eta 12.9 min)
    2675/8188 queries  (7.2/s, eta 12.8 min)
    2700/8188 queries  (7.2/s, eta 12.7 min)
    2725/8188 queries  (7.2/s, eta 12.7 min)
    2750/8188 queries  (7.2/s, eta 12.6 min)
    2775/8188 queries  (7.2/s, eta 12.6 min)
    2800/8188 queries  (7.2/s, eta 12.5 min)
    2825/8188 queries  (7.2/s, eta 12.5 min)
    2850/8188 queries  (7.2/s, eta 12.4 min)
    2875/8188 queries  (7.1/s, eta 12.4 min)
    2900/8188 queries  (7.1/s, eta 12.3 min)
    2925/8188 queries  (7.1/s, eta 12.3 min)
    2950/8188 queries  (7.1/s, eta 12.2 min)
    2975/8188 queries  (7.1/s, eta 12.2 min)
    3000/8188 queries  (7.1/s, eta 12.1 min)
    3025/8188 queries  (7.1/s, eta 12.1 min)
    3050/8188 queries  (7.1/s, eta 12.0 min)
    3075/8188 queries  (7.1/s, eta 12.0 min)
    3100/8188 queries  (7.1/s, eta 11.9 min)
    3125/8188 queries  (7.1/s, eta 11.9 min)
    3150/8188 queries  (7.1/s, eta 11.8 min)
    3175/8188 queries  (7.1/s, eta 11.7 min)
    3200/8188 queries  (7.1/s, eta 11.7 min)
    3225/8188 queries  (7.1/s, eta 11.6 min)
    3250/8188 queries  (7.1/s, eta 11.6 min)
    3275/8188 queries  (7.1/s, eta 11.5 min)
    3300/8188 queries  (7.1/s, eta 11.5 min)
    3325/8188 queries  (7.1/s, eta 11.4 min)
    3350/8188 queries  (7.1/s, eta 11.3 min)
    3375/8188 queries  (7.1/s, eta 11.3 min)
    3400/8188 queries  (7.1/s, eta 11.2 min)
    3425/8188 queries  (7.1/s, eta 11.1 min)
    3450/8188 queries  (7.1/s, eta 11.1 min)
    3475/8188 queries  (7.1/s, eta 11.0 min)
    3500/8188 queries  (7.1/s, eta 11.0 min)
    3525/8188 queries  (7.1/s, eta 10.9 min)
    3550/8188 queries  (7.1/s, eta 10.9 min)
    3575/8188 queries  (7.1/s, eta 10.8 min)
    3600/8188 queries  (7.1/s, eta 10.7 min)
    3625/8188 queries  (7.1/s, eta 10.7 min)
    3650/8188 queries  (7.1/s, eta 10.6 min)
    3675/8188 queries  (7.1/s, eta 10.6 min)
    3700/8188 queries  (7.1/s, eta 10.5 min)
    3725/8188 queries  (7.1/s, eta 10.5 min)
    3750/8188 queries  (7.1/s, eta 10.4 min)
    3775/8188 queries  (7.1/s, eta 10.4 min)
    3800/8188 queries  (7.1/s, eta 10.3 min)
    3825/8188 queries  (7.1/s, eta 10.3 min)
    3850/8188 queries  (7.1/s, eta 10.2 min)
    3875/8188 queries  (7.1/s, eta 10.1 min)
    3900/8188 queries  (7.1/s, eta 10.1 min)
    3925/8188 queries  (7.1/s, eta 10.0 min)
    3950/8188 queries  (7.1/s, eta 10.0 min)
    3975/8188 queries  (7.1/s, eta 9.9 min)
    4000/8188 queries  (7.1/s, eta 9.9 min)
    4025/8188 queries  (7.1/s, eta 9.8 min)
    4050/8188 queries  (7.1/s, eta 9.8 min)
    4075/8188 queries  (7.1/s, eta 9.7 min)
    4100/8188 queries  (7.1/s, eta 9.6 min)
    4125/8188 queries  (7.1/s, eta 9.6 min)
    4150/8188 queries  (7.1/s, eta 9.5 min)
    4175/8188 queries  (7.1/s, eta 9.5 min)
    4200/8188 queries  (7.1/s, eta 9.4 min)
    4225/8188 queries  (7.0/s, eta 9.4 min)
    4250/8188 queries  (7.0/s, eta 9.3 min)
    4275/8188 queries  (7.0/s, eta 9.3 min)
    4300/8188 queries  (7.0/s, eta 9.2 min)
    4325/8188 queries  (7.0/s, eta 9.2 min)
    4350/8188 queries  (7.0/s, eta 9.1 min)
    4375/8188 queries  (7.0/s, eta 9.0 min)
    4400/8188 queries  (7.0/s, eta 9.0 min)
    4425/8188 queries  (7.0/s, eta 8.9 min)
    4450/8188 queries  (7.0/s, eta 8.8 min)
    4475/8188 queries  (7.0/s, eta 8.8 min)
    4500/8188 queries  (7.0/s, eta 8.7 min)
    4525/8188 queries  (7.0/s, eta 8.7 min)
    4550/8188 queries  (7.0/s, eta 8.6 min)
    4575/8188 queries  (7.0/s, eta 8.6 min)
    4600/8188 queries  (7.0/s, eta 8.5 min)
    4625/8188 queries  (7.0/s, eta 8.5 min)
    4650/8188 queries  (7.0/s, eta 8.4 min)
    4675/8188 queries  (7.0/s, eta 8.3 min)
    4700/8188 queries  (7.0/s, eta 8.3 min)
    4725/8188 queries  (7.0/s, eta 8.2 min)
    4750/8188 queries  (7.0/s, eta 8.1 min)
    4775/8188 queries  (7.0/s, eta 8.1 min)
    4800/8188 queries  (7.0/s, eta 8.0 min)
    4825/8188 queries  (7.0/s, eta 8.0 min)
    4850/8188 queries  (7.0/s, eta 7.9 min)
    4875/8188 queries  (7.0/s, eta 7.9 min)
    4900/8188 queries  (7.0/s, eta 7.8 min)
    4925/8188 queries  (7.0/s, eta 7.7 min)
    4950/8188 queries  (7.0/s, eta 7.7 min)
    4975/8188 queries  (7.0/s, eta 7.6 min)
    5000/8188 queries  (7.0/s, eta 7.6 min)
    5025/8188 queries  (7.0/s, eta 7.5 min)
    5050/8188 queries  (7.0/s, eta 7.4 min)
    5075/8188 queries  (7.0/s, eta 7.4 min)
    5100/8188 queries  (7.0/s, eta 7.3 min)
    5125/8188 queries  (7.0/s, eta 7.3 min)
    5150/8188 queries  (7.0/s, eta 7.2 min)
    5175/8188 queries  (7.0/s, eta 7.1 min)
    5200/8188 queries  (7.0/s, eta 7.1 min)
    5225/8188 queries  (7.0/s, eta 7.0 min)
    5250/8188 queries  (7.0/s, eta 7.0 min)
    5275/8188 queries  (7.0/s, eta 6.9 min)
    5300/8188 queries  (7.0/s, eta 6.9 min)
    5325/8188 queries  (7.0/s, eta 6.8 min)
    5350/8188 queries  (7.0/s, eta 6.7 min)
    5375/8188 queries  (7.0/s, eta 6.7 min)
    5400/8188 queries  (7.0/s, eta 6.6 min)
    5425/8188 queries  (7.0/s, eta 6.6 min)
    5450/8188 queries  (7.0/s, eta 6.5 min)
    5475/8188 queries  (7.0/s, eta 6.4 min)
    5500/8188 queries  (7.0/s, eta 6.4 min)
    5525/8188 queries  (7.0/s, eta 6.3 min)
    5550/8188 queries  (7.0/s, eta 6.3 min)
    5575/8188 queries  (7.0/s, eta 6.2 min)
    5600/8188 queries  (7.0/s, eta 6.1 min)
    5625/8188 queries  (7.0/s, eta 6.1 min)
    5650/8188 queries  (7.0/s, eta 6.0 min)
    5675/8188 queries  (7.0/s, eta 6.0 min)
    5700/8188 queries  (7.0/s, eta 5.9 min)
    5725/8188 queries  (7.0/s, eta 5.8 min)
    5750/8188 queries  (7.0/s, eta 5.8 min)
    5775/8188 queries  (7.0/s, eta 5.7 min)
    5800/8188 queries  (7.0/s, eta 5.7 min)
    5825/8188 queries  (7.0/s, eta 5.6 min)
    5850/8188 queries  (7.0/s, eta 5.6 min)
    5875/8188 queries  (7.0/s, eta 5.5 min)
    5900/8188 queries  (7.0/s, eta 5.4 min)
    5925/8188 queries  (7.0/s, eta 5.4 min)
    5950/8188 queries  (7.0/s, eta 5.3 min)
    5975/8188 queries  (7.0/s, eta 5.3 min)
    6000/8188 queries  (7.0/s, eta 5.2 min)
    6025/8188 queries  (7.0/s, eta 5.2 min)
    6050/8188 queries  (7.0/s, eta 5.1 min)
    6075/8188 queries  (7.0/s, eta 5.0 min)
    6100/8188 queries  (7.0/s, eta 5.0 min)
    6125/8188 queries  (7.0/s, eta 4.9 min)
    6150/8188 queries  (7.0/s, eta 4.9 min)
    6175/8188 queries  (7.0/s, eta 4.8 min)
    6200/8188 queries  (7.0/s, eta 4.8 min)
    6225/8188 queries  (7.0/s, eta 4.7 min)
    6250/8188 queries  (7.0/s, eta 4.6 min)
    6275/8188 queries  (7.0/s, eta 4.6 min)
    6300/8188 queries  (7.0/s, eta 4.5 min)
    6325/8188 queries  (7.0/s, eta 4.5 min)
    6350/8188 queries  (7.0/s, eta 4.4 min)
    6375/8188 queries  (7.0/s, eta 4.3 min)
    6400/8188 queries  (7.0/s, eta 4.3 min)
    6425/8188 queries  (7.0/s, eta 4.2 min)
    6450/8188 queries  (7.0/s, eta 4.2 min)
    6475/8188 queries  (7.0/s, eta 4.1 min)
    6500/8188 queries  (7.0/s, eta 4.0 min)
    6525/8188 queries  (7.0/s, eta 4.0 min)
    6550/8188 queries  (7.0/s, eta 3.9 min)
    6575/8188 queries  (7.0/s, eta 3.9 min)
    6600/8188 queries  (7.0/s, eta 3.8 min)
    6625/8188 queries  (7.0/s, eta 3.7 min)
    6650/8188 queries  (7.0/s, eta 3.7 min)
    6675/8188 queries  (6.9/s, eta 3.6 min)
    6700/8188 queries  (6.9/s, eta 3.6 min)
    6725/8188 queries  (6.9/s, eta 3.5 min)
    6750/8188 queries  (6.9/s, eta 3.5 min)
    6775/8188 queries  (6.9/s, eta 3.4 min)
    6800/8188 queries  (6.9/s, eta 3.3 min)
    6825/8188 queries  (6.9/s, eta 3.3 min)
    6850/8188 queries  (6.9/s, eta 3.2 min)
    6875/8188 queries  (6.9/s, eta 3.2 min)
    6900/8188 queries  (6.9/s, eta 3.1 min)
    6925/8188 queries  (6.9/s, eta 3.0 min)
    6950/8188 queries  (6.9/s, eta 3.0 min)
    6975/8188 queries  (6.9/s, eta 2.9 min)
    7000/8188 queries  (6.9/s, eta 2.9 min)
    7025/8188 queries  (6.9/s, eta 2.8 min)
    7050/8188 queries  (6.9/s, eta 2.7 min)
    7075/8188 queries  (6.9/s, eta 2.7 min)
    7100/8188 queries  (6.9/s, eta 2.6 min)
    7125/8188 queries  (6.9/s, eta 2.6 min)
    7150/8188 queries  (6.9/s, eta 2.5 min)
    7175/8188 queries  (6.9/s, eta 2.4 min)
    7200/8188 queries  (6.9/s, eta 2.4 min)
    7225/8188 queries  (6.9/s, eta 2.3 min)
    7250/8188 queries  (6.9/s, eta 2.3 min)
    7275/8188 queries  (6.9/s, eta 2.2 min)
    7300/8188 queries  (6.9/s, eta 2.1 min)
    7325/8188 queries  (6.9/s, eta 2.1 min)
    7350/8188 queries  (6.9/s, eta 2.0 min)
    7375/8188 queries  (6.9/s, eta 2.0 min)
    7400/8188 queries  (6.9/s, eta 1.9 min)
    7425/8188 queries  (6.9/s, eta 1.8 min)
    7450/8188 queries  (6.9/s, eta 1.8 min)
    7475/8188 queries  (6.9/s, eta 1.7 min)
    7500/8188 queries  (6.9/s, eta 1.7 min)
    7525/8188 queries  (6.9/s, eta 1.6 min)
    7550/8188 queries  (6.9/s, eta 1.5 min)
    7575/8188 queries  (6.9/s, eta 1.5 min)
    7600/8188 queries  (6.9/s, eta 1.4 min)
    7625/8188 queries  (6.9/s, eta 1.4 min)
    7650/8188 queries  (6.9/s, eta 1.3 min)
    7675/8188 queries  (6.9/s, eta 1.2 min)
    7700/8188 queries  (6.9/s, eta 1.2 min)
    7725/8188 queries  (6.9/s, eta 1.1 min)
    7750/8188 queries  (6.9/s, eta 1.1 min)
    7775/8188 queries  (6.9/s, eta 1.0 min)
    7800/8188 queries  (6.9/s, eta 0.9 min)
    7825/8188 queries  (6.9/s, eta 0.9 min)
    7850/8188 queries  (6.9/s, eta 0.8 min)
    7875/8188 queries  (6.9/s, eta 0.8 min)
    7900/8188 queries  (6.9/s, eta 0.7 min)
    7925/8188 queries  (6.9/s, eta 0.6 min)
    7950/8188 queries  (6.9/s, eta 0.6 min)
    7975/8188 queries  (6.9/s, eta 0.5 min)
    8000/8188 queries  (6.9/s, eta 0.5 min)
    8025/8188 queries  (6.9/s, eta 0.4 min)
    8050/8188 queries  (6.9/s, eta 0.3 min)
    8075/8188 queries  (6.9/s, eta 0.3 min)
    8100/8188 queries  (6.9/s, eta 0.2 min)
    8125/8188 queries  (6.8/s, eta 0.2 min)
    8150/8188 queries  (6.8/s, eta 0.1 min)
    8175/8188 queries  (6.8/s, eta 0.0 min)
    8188/8188 queries  (6.8/s, eta 0.0 min)
  7642 queries kept
  built candidate lists in 0:19:57
  cached -> data/nq/h1/all_candidates.json
  dropped_gold_budget: 529
  dropped_no_bm25_negs: 0
  dropped_too_few_eligible_negs: 17
  negatives_skipped_for_budget: 4463
Prepared the candidate lists; stopping before scoring.
