Device: cuda
trust_remote_code: True
Loading data/nq/splits/train.json...
Loading data/nq/splits/dev.json...
Loading data/nq/splits/test.json...
  8,188 records

Loading tokenizers for 6 models...
Warning: You are sending unauthenticated requests to the HF Hub. Please set a HF_TOKEN to enable higher rate limits and faster downloads.
  ok BAAI/bge-reranker-v2-m3
  ok cross-encoder/ms-marco-MiniLM-L6-v2
  ok cross-encoder/ms-marco-MiniLM-L12-v2
  ok BAAI/bge-reranker-base
  ok mixedbread-ai/mxbai-rerank-base-v1
[transformers] `torch_dtype` is deprecated! Use `dtype` instead!
  ok jinaai/jina-reranker-v2-base-multilingual

Preparing records (body budget across the whole roster)...
[transformers] Token indices sequence length is longer than the specified maximum sequence length for this model (970 > 512). Running this sequence through the model will result in indexing errors
[transformers] Token indices sequence length is longer than the specified maximum sequence length for this model (970 > 512). Running this sequence through the model will result in indexing errors
[transformers] Token indices sequence length is longer than the specified maximum sequence length for this model (963 > 512). Running this sequence through the model will result in indexing errors
[transformers] Token indices sequence length is longer than the specified maximum sequence length for this model (928 > 512). Running this sequence through the model will result in indexing errors
[transformers] Token indices sequence length is longer than the specified maximum sequence length for this model (1154 > 1024). Running this sequence through the model will result in indexing errors
  7,659 / 8,188 kept  (529 dropped, budget < 20)
  body budget tokens: min=20 median=325 max=467
  tightest tokenizer distribution:
     7404  BAAI/bge-reranker-base
      626  cross-encoder/ms-marco-MiniLM-L6-v2
      158  mixedbread-ai/mxbai-rerank-base-v1

======================================================================
MODE: metadata_only   n_records = 7659   2026-10-04 17:50:12
======================================================================

----------------------------------------------------------------------
BAAI/bge-reranker-v2-m3   2026-10-04 17:50:12
----------------------------------------------------------------------
Loading weights:   0%|          | 0/393 [00:00<?, ?it/s]Loading weights: 100%|██████████| 393/393 [00:00<00:00, 7881.77it/s]
  scored yaml  (mean=-0.344)
  scored json  (mean=-0.275)
  scored toml  (mean=-0.309)
  scored inline_kv  (mean=-0.094)
  scored markdown  (mean=-0.450)

  max |d|:     0.579  (inline_kv - markdown)
  min rho:     0.958  (json vs inline_kv)
  max flip %:  8.4%  (json vs inline_kv)
  ranking:     inline_kv > json > toml > yaml > markdown
  scored in 0:11:11

====================================================================================================
CROSS-MODEL SUMMARY - metadata_only  (n=7659)   2026-10-04 18:01:24
====================================================================================================
model                                               max |d|  min rho  max flip% ranking
----------------------------------------------------------------------------------------------------
BAAI/bge-reranker-v2-m3                               0.579    0.958       8.4% inline_kv > json > toml > yaml > markdown

Saved metadata_only results -> data/nq/h1/all_cross_metadata_only_bge_v2_m3.json  (1.0 MB)

======================================================================
MODE: with_body   n_records = 7659   2026-10-04 18:01:24
======================================================================

----------------------------------------------------------------------
BAAI/bge-reranker-v2-m3   2026-10-04 18:01:24
----------------------------------------------------------------------
Loading weights:   0%|          | 0/393 [00:00<?, ?it/s]Loading weights: 100%|██████████| 393/393 [00:00<00:00, 5718.39it/s]
  scored yaml  (mean=+4.427)
  scored json  (mean=+4.714)
  scored toml  (mean=+4.698)
  scored inline_kv  (mean=+4.671)
  scored markdown  (mean=+4.525)

  max |d|:     0.483  (yaml - inline_kv)
  min rho:     0.951  (yaml vs json)
  max flip %:  9.2%  (yaml vs json)
  ranking:     json > toml > inline_kv > markdown > yaml
  scored in 0:17:50

====================================================================================================
CROSS-MODEL SUMMARY - with_body  (n=7659)   2026-10-04 18:19:15
====================================================================================================
model                                               max |d|  min rho  max flip% ranking
----------------------------------------------------------------------------------------------------
BAAI/bge-reranker-v2-m3                               0.483    0.951       9.2% json > toml > inline_kv > markdown > yaml

Saved with_body results -> data/nq/h1/all_cross_with_body_bge_v2_m3.json  (0.9 MB)

Pass complete in 0:29:02
