Device: cuda

Loading tokenizers for 6 budget models...
Warning: You are sending unauthenticated requests to the HF Hub. Please set a HF_TOKEN to enable higher rate limits and faster downloads.
  ok  cross-encoder/ms-marco-MiniLM-L6-v2
  ok  cross-encoder/ms-marco-MiniLM-L12-v2
  ok  BAAI/bge-reranker-base
  ok  BAAI/bge-reranker-v2-m3
  ok  mixedbread-ai/mxbai-rerank-base-v1
[transformers] `torch_dtype` is deprecated! Use `dtype` instead!
  ok  jinaai/jina-reranker-v2-base-multilingual
Loading data/nq/splits/train.json...
Loading data/nq/splits/dev.json...
Loading data/nq/splits/test.json...

Split 'all': 8188 queries

Reusing candidate lists from data/nq/h1/all_candidates.json
  7642 queries
  dropped_gold_budget: 529
  dropped_no_bm25_negs: 0
  dropped_too_few_eligible_negs: 17
  negatives_skipped_for_budget: 4463
[transformers] Token indices sequence length is longer than the specified maximum sequence length for this model (554 > 512). Running this sequence through the model will result in indexing errors
    overflow check 25/100
    overflow check 50/100
[transformers] Token indices sequence length is longer than the specified maximum sequence length for this model (518 > 512). Running this sequence through the model will result in indexing errors
[transformers] Token indices sequence length is longer than the specified maximum sequence length for this model (518 > 512). Running this sequence through the model will result in indexing errors
[transformers] Token indices sequence length is longer than the specified maximum sequence length for this model (578 > 512). Running this sequence through the model will result in indexing errors
    overflow check 75/100
    overflow check 100/100
  >512-token renderings: worst model 1.91% (sampled 100 queries)

----------------------------------------------------------------------
jinaai/jina-reranker-v2-base-multilingual
----------------------------------------------------------------------
flash_attn is not installed. Using PyTorch native attention implementation.
flash_attn is not installed. Using PyTorch native attention implementation.
flash_attn is not installed. Using PyTorch native attention implementation.
flash_attn is not installed. Using PyTorch native attention implementation.
flash_attn is not installed. Using PyTorch native attention implementation.
flash_attn is not installed. Using PyTorch native attention implementation.
flash_attn is not installed. Using PyTorch native attention implementation.
flash_attn is not installed. Using PyTorch native attention implementation.
flash_attn is not installed. Using PyTorch native attention implementation.
flash_attn is not installed. Using PyTorch native attention implementation.
flash_attn is not installed. Using PyTorch native attention implementation.
flash_attn is not installed. Using PyTorch native attention implementation.
flash_attn is not installed. Using PyTorch native attention implementation.
Loading weights:   0%|          | 0/153 [00:00<?, ?it/s]Loading weights: 100%|██████████| 153/153 [00:00<00:00, 1770.63it/s]
  metadata_only
[transformers] `use_return_dict` is deprecated! Use `return_dict` instead!
  scored       yaml  gold mean=-0.966  neg mean=-2.717
  scored       json  gold mean=-1.044  neg mean=-2.703
  scored       toml  gold mean=-1.060  neg mean=-2.774
  scored  inline_kv  gold mean=-1.071  neg mean=-2.776
  scored   markdown  gold mean=-0.939  neg mean=-2.656

  max within-query flip %: 8.6%  (yaml vs json)
  min Kendall tau:         0.828  (yaml vs json)
  max top-1 change %:      17.0%  (yaml vs json)
  delta/S_within:          0.120
  gold top-1 all formats:  48.7%  |  format-dependent: 12.3%  |  never: 38.9%
  MRR per format:          yaml=0.682  json=0.663  toml=0.671  inline_kv=0.671  markdown=0.681
  with_body
  scored       yaml  gold mean=+1.291  neg mean=-2.212
  scored       json  gold mean=+1.435  neg mean=-2.097
  scored       toml  gold mean=+1.414  neg mean=-2.149
  scored  inline_kv  gold mean=+1.410  neg mean=-2.160
  scored   markdown  gold mean=+1.280  neg mean=-2.150

  max within-query flip %: 5.1%  (json vs inline_kv)
  min Kendall tau:         0.897  (json vs inline_kv)
  max top-1 change %:      3.4%  (yaml vs json)
  delta/S_within:          0.061
  gold top-1 all formats:  89.0%  |  format-dependent: 4.5%  |  never: 6.6%
  MRR per format:          yaml=0.949  json=0.948  toml=0.947  inline_kv=0.948  markdown=0.951
  (9873.8s)

====================================================================================================
WITHIN-QUERY SUMMARY - split=all/metadata_only  n_queries=7642  candidates=16
====================================================================================================
model                                             max flip%   min tau  top1 chg%  fmt-dep%   delta/S
------------------------------------------------------------------------------------------------------
jinaai/jina-reranker-v2-base-multilingual              8.6%     0.828      17.0%     12.3%     0.120

  fmt-dep% = queries whose gold ranks first under some formats but not others.

Saved -> data/nq/h1/all_within_metadata_only_jina_v2.json  (3.8 MB)

====================================================================================================
WITHIN-QUERY SUMMARY - split=all/with_body  n_queries=7642  candidates=16
====================================================================================================
model                                             max flip%   min tau  top1 chg%  fmt-dep%   delta/S
------------------------------------------------------------------------------------------------------
jinaai/jina-reranker-v2-base-multilingual              5.1%     0.897       3.4%      4.5%     0.061

  fmt-dep% = queries whose gold ranks first under some formats but not others.

Saved -> data/nq/h1/all_within_with_body_jina_v2.json  (3.7 MB)
