
======================================================================
COMPARE  jina-v2  toml_lam0.1  split=test   2026-10-05 21:22:39
======================================================================
records: 770   held out: toml

pair                       |d| base  |d| trained    change    subset
----------------------------------------------------------------------------------------------------
yaml - json                   0.634        0.082    -0.552 in_training
yaml - toml                   0.876        0.218    -0.658       ood
yaml - inline_kv              0.896        0.062    -0.834 in_training
yaml - markdown               0.076        0.076    -0.000 in_training
json - toml                   0.079        0.095    +0.017       ood
json - inline_kv              0.101        0.033    -0.068 in_training
json - markdown               0.648        0.011    -0.638 in_training
toml - inline_kv              0.058        0.157    +0.100       ood
toml - markdown               0.763        0.124    -0.638       ood
inline_kv - markdown          0.662        0.028    -0.633 in_training

subset                     baseline              trained    change             interval
----------------------------------------------------------------------------------------------------
all_formats           0.896 (large)        0.218 (small)    -0.678     [-0.794, -0.594]
in_training           0.896 (large)      0.082 (trivial)    -0.815     [-0.893, -0.693]
ood                   0.876 (large)        0.218 (small)    -0.658     [-0.744, -0.570]

In-training thresholds, trained max |d| = 0.082
  below 0.5:  pass
  below 0.2:  pass
  interval upper below zero: pass

Held-out pairs, reported without a threshold
  bands moved: -2
  relative change: -75.1%

Ranking guardrail, margin 0.03
  baseline MRR: 0.9458
  trained MRR:  0.9728
  change: +0.0270  [+0.0175, +0.0366]  pass

Transfer to toml
  MRR: 0.9476 -> 0.9729
  change: +0.0253  [+0.0146, +0.0365]
  training formats changed by +0.0274 on average, a ratio of 0.92

Metadata-only records: 228
  in_training  max |d|: 0.762 (medium) -> 0.111 (trivial)
  ood          max |d|: 0.781 (medium) -> 0.340 (small)

Answer axis, held out toml, 715 of 767 queries answerable under the untrained model
subset                 baseline          trained    change             interval
----------------------------------------------------------------------------------------------------
all_formats           35 (4.9%)        14 (2.0%)       -21       [-4.62, -1.40]
in_training           34 (4.8%)        12 (1.7%)       -22       [-4.62, -1.54]
ood                    1 (0.1%)         2 (0.3%)        +1       [-0.28, +0.70]

Saved toml_lam0.1 results -> data/nq/h2/comparison/jina_v2_toml_lam0.1.json  (0.0 MB)
