
======================================================================
COMPARE  jina-v2  json_lam0.1  split=test   2026-10-05 21:22:21
======================================================================
records: 770   held out: json

pair                       |d| base  |d| trained    change    subset
----------------------------------------------------------------------------------------------------
yaml - json                   0.634        0.082    -0.552       ood
yaml - toml                   0.876        0.077    -0.799 in_training
yaml - inline_kv              0.896        0.030    -0.866 in_training
yaml - markdown               0.076        0.012    -0.064 in_training
json - toml                   0.079        0.139    +0.060       ood
json - inline_kv              0.101        0.091    -0.010       ood
json - markdown               0.648        0.093    -0.555       ood
toml - inline_kv              0.058        0.048    -0.010 in_training
toml - markdown               0.763        0.060    -0.703 in_training
inline_kv - markdown          0.662        0.011    -0.651 in_training

subset                     baseline              trained    change             interval
----------------------------------------------------------------------------------------------------
all_formats           0.896 (large)      0.139 (trivial)    -0.757     [-0.869, -0.669]
in_training           0.896 (large)      0.077 (trivial)    -0.819     [-0.919, -0.722]
ood                  0.648 (medium)      0.139 (trivial)    -0.509     [-0.628, -0.408]

In-training thresholds, trained max |d| = 0.077
  below 0.5:  pass
  below 0.2:  pass
  interval upper below zero: pass

Held-out pairs, reported without a threshold
  bands moved: -2
  relative change: -78.6%

Ranking guardrail, margin 0.03
  baseline MRR: 0.9458
  trained MRR:  0.9728
  change: +0.0270  [+0.0173, +0.0369]  pass

Transfer to json
  MRR: 0.9469 -> 0.9725
  change: +0.0256  [+0.0147, +0.0368]
  training formats changed by +0.0274 on average, a ratio of 0.93

Metadata-only records: 228
  in_training  max |d|: 0.781 (medium) -> 0.224 (small)
  ood          max |d|: 0.515 (medium) -> 0.172 (trivial)

Answer axis, held out json, 715 of 767 queries answerable under the untrained model
subset                 baseline          trained    change             interval
----------------------------------------------------------------------------------------------------
all_formats           35 (4.9%)        16 (2.2%)       -19       [-4.34, -0.98]
in_training           28 (3.9%)        13 (1.8%)       -15       [-3.64, -0.70]
ood                    7 (1.0%)         3 (0.4%)        -4       [-1.40, +0.28]

Saved json_lam0.1 results -> data/nq/h2/comparison/jina_v2_json_lam0.1.json  (0.0 MB)
