
======================================================================
COMPARE  MiniLM-L12  yaml_lam0.1  split=test   2026-10-05 20:56:22
======================================================================
records: 770   held out: yaml

pair                       |d| base  |d| trained    change    subset
----------------------------------------------------------------------------------------------------
yaml - json                   0.615        0.006    -0.609       ood
yaml - toml                   0.938        0.007    -0.930       ood
yaml - inline_kv              0.701        0.105    -0.596       ood
yaml - markdown               0.630        0.059    -0.571       ood
json - toml                   0.114        0.011    -0.103 in_training
json - inline_kv              0.203        0.055    -0.147 in_training
json - markdown               0.243        0.070    -0.172 in_training
toml - inline_kv              0.452        0.078    -0.373 in_training
toml - markdown               0.390        0.060    -0.331 in_training
inline_kv - markdown          0.049        0.008    -0.040 in_training

subset                     baseline              trained    change             interval
----------------------------------------------------------------------------------------------------
all_formats           0.938 (large)      0.105 (trivial)    -0.833     [-0.931, -0.721]
in_training           0.452 (small)      0.078 (trivial)    -0.373     [-0.456, -0.260]
ood                   0.938 (large)      0.105 (trivial)    -0.833     [-0.942, -0.730]

In-training thresholds, trained max |d| = 0.078
  below 0.5:  pass
  below 0.2:  pass
  interval upper below zero: pass

Held-out pairs, reported without a threshold
  bands moved: -3
  relative change: -88.8%

Ranking guardrail, margin 0.03
  baseline MRR: 0.9120
  trained MRR:  0.9595
  change: +0.0475  [+0.0364, +0.0590]  pass

Transfer to yaml
  MRR: 0.9221 -> 0.9578
  change: +0.0357  [+0.0239, +0.0478]
  training formats changed by +0.0504 on average, a ratio of 0.71

Metadata-only records: 228
  in_training  max |d|: 0.535 (medium) -> 0.190 (trivial)
  ood          max |d|: 1.016 (large) -> 0.167 (trivial)

Answer axis, held out yaml, 687 of 767 queries answerable under the untrained model
subset                 baseline          trained    change             interval
----------------------------------------------------------------------------------------------------
all_formats          82 (11.9%)        25 (3.6%)       -57      [-10.77, -5.82]
in_training          77 (11.2%)        22 (3.2%)       -55      [-10.33, -5.68]
ood                    5 (0.7%)         3 (0.4%)        -2       [-1.16, +0.44]

Saved yaml_lam0.1 results -> data/nq/h2/comparison/minilm_l12_yaml_lam0.1.json  (0.0 MB)
