
======================================================================
COMPARE  mxbai-v1-tanh  json_lam0.1  split=test   2026-10-06 08:06:02
======================================================================
records: 770   held out: json

pair                       |d| base  |d| trained    change    subset
----------------------------------------------------------------------------------------------------
yaml - json                   0.001        0.093    +0.092       ood
yaml - toml                   0.159        0.122    -0.037 in_training
yaml - inline_kv              0.101        0.072    -0.029 in_training
yaml - markdown               0.156        0.034    -0.122 in_training
json - toml                   0.078        0.010    -0.069       ood
json - inline_kv              0.037        0.042    +0.005       ood
json - markdown               0.085        0.082    -0.004       ood
toml - inline_kv              0.091        0.056    -0.034 in_training
toml - markdown               0.013        0.078    +0.065 in_training
inline_kv - markdown          0.080        0.030    -0.049 in_training

subset                     baseline              trained    change             interval
----------------------------------------------------------------------------------------------------
all_formats         0.159 (trivial)      0.122 (trivial)    -0.037     [-0.134, +0.042]
in_training         0.159 (trivial)      0.122 (trivial)    -0.037     [-0.139, +0.047]
ood                 0.085 (trivial)      0.093 (trivial)    +0.007     [-0.086, +0.086]

In-training thresholds, trained max |d| = 0.122
  below 0.5:  pass
  below 0.2:  pass
  interval upper below zero: fail

Held-out pairs, reported without a threshold
  bands moved: 0
  relative change: +8.8%

Ranking guardrail, margin 0.03
  baseline MRR: 0.3383
  trained MRR:  0.9669
  change: +0.6286  [+0.6023, +0.6542]  pass

Transfer to json
  MRR: 0.3144 -> 0.9660
  change: +0.6516  [+0.6247, +0.6780]
  training formats changed by +0.6229 on average, a ratio of 1.05

Metadata-only records: 228
  in_training  max |d|: 0.275 (small) -> 0.192 (trivial)
  ood          max |d|: 0.094 (trivial) -> 0.103 (trivial)

Answer axis, held out json, 2 of 767 queries answerable under the untrained model
subset                 baseline          trained    change             interval
----------------------------------------------------------------------------------------------------
all_formats           1 (50.0%)         0 (0.0%)        -1     [-100.00, +0.00]
in_training            0 (0.0%)         0 (0.0%)        +0       [+0.00, +0.00]
ood                   1 (50.0%)         0 (0.0%)        -1     [-100.00, +0.00]

Saved json_lam0.1 results -> data/nq/h2/comparison/mxbai_v1_tanh_json_lam0.1.json  (0.0 MB)
