
======================================================================
COMPARE  mxbai-v1-tanh  markdown_lam0  split=test   2026-10-06 08:06:47
======================================================================
records: 770   held out: markdown

pair                       |d| base  |d| trained    change    subset
----------------------------------------------------------------------------------------------------
yaml - json                   0.001        0.138    +0.137 in_training
yaml - toml                   0.159        0.241    +0.082 in_training
yaml - inline_kv              0.101        0.226    +0.124 in_training
yaml - markdown               0.156        0.078    -0.077       ood
json - toml                   0.078        0.014    -0.064 in_training
json - inline_kv              0.037        0.005    -0.032 in_training
json - markdown               0.085        0.096    +0.011       ood
toml - inline_kv              0.091        0.032    -0.059 in_training
toml - markdown               0.013        0.124    +0.111       ood
inline_kv - markdown          0.080        0.102    +0.022       ood

subset                     baseline              trained    change             interval
----------------------------------------------------------------------------------------------------
all_formats         0.159 (trivial)        0.241 (small)    +0.082     [-0.021, +0.170]
in_training         0.159 (trivial)        0.241 (small)    +0.082     [-0.010, +0.183]
ood                 0.156 (trivial)      0.124 (trivial)    -0.032     [-0.106, +0.074]

In-training thresholds, trained max |d| = 0.241
  below 0.5:  pass
  below 0.2:  fail
  interval upper below zero: fail

Held-out pairs, reported without a threshold
  bands moved: 0
  relative change: -20.6%

Ranking guardrail, margin 0.03
  baseline MRR: 0.3383
  trained MRR:  0.9673
  change: +0.6290  [+0.6025, +0.6544]  pass

Transfer to markdown
  MRR: 0.3309 -> 0.9672
  change: +0.6363  [+0.6087, +0.6626]
  training formats changed by +0.6272 on average, a ratio of 1.01

Metadata-only records: 228
  in_training  max |d|: 0.275 (small) -> 0.324 (small)
  ood          max |d|: 0.188 (trivial) -> 0.159 (trivial)

Answer axis, held out markdown, 2 of 767 queries answerable under the untrained model
subset                 baseline          trained    change             interval
----------------------------------------------------------------------------------------------------
all_formats           1 (50.0%)         0 (0.0%)        -1     [-100.00, +0.00]
in_training           1 (50.0%)         0 (0.0%)        -1     [-100.00, +0.00]
ood                    0 (0.0%)         0 (0.0%)        +0       [+0.00, +0.00]

Saved markdown_lam0 results -> data/nq/h2/comparison/mxbai_v1_tanh_markdown_lam0.json  (0.0 MB)
