
======================================================================
COMPARE  jina-v2  yaml_lam0.1  split=test   2026-10-05 21:22:04
======================================================================
records: 770   held out: yaml

pair                       |d| base  |d| trained    change    subset
----------------------------------------------------------------------------------------------------
yaml - json                   0.634        0.022    -0.612       ood
yaml - toml                   0.876        0.058    -0.817       ood
yaml - inline_kv              0.896        0.031    -0.865       ood
yaml - markdown               0.076        0.086    +0.010       ood
json - toml                   0.079        0.022    -0.057 in_training
json - inline_kv              0.101        0.002    -0.099 in_training
json - markdown               0.648        0.050    -0.599 in_training
toml - inline_kv              0.058        0.039    -0.019 in_training
toml - markdown               0.763        0.045    -0.718 in_training
inline_kv - markdown          0.662        0.071    -0.591 in_training

subset                     baseline              trained    change             interval
----------------------------------------------------------------------------------------------------
all_formats           0.896 (large)      0.086 (trivial)    -0.810     [-0.906, -0.705]
in_training          0.763 (medium)      0.071 (trivial)    -0.692     [-0.782, -0.571]
ood                   0.896 (large)      0.086 (trivial)    -0.810     [-0.916, -0.711]

In-training thresholds, trained max |d| = 0.071
  below 0.5:  pass
  below 0.2:  pass
  interval upper below zero: pass

Held-out pairs, reported without a threshold
  bands moved: -3
  relative change: -90.4%

Ranking guardrail, margin 0.03
  baseline MRR: 0.9458
  trained MRR:  0.9749
  change: +0.0291  [+0.0197, +0.0387]  pass

Transfer to yaml
  MRR: 0.9401 -> 0.9754
  change: +0.0353  [+0.0244, +0.0464]
  training formats changed by +0.0275 on average, a ratio of 1.28

Metadata-only records: 228
  in_training  max |d|: 0.604 (medium) -> 0.144 (trivial)
  ood          max |d|: 0.781 (medium) -> 0.267 (small)

Answer axis, held out yaml, 715 of 767 queries answerable under the untrained model
subset                 baseline          trained    change             interval
----------------------------------------------------------------------------------------------------
all_formats           35 (4.9%)        20 (2.8%)       -15       [-3.92, -0.42]
in_training           33 (4.6%)        18 (2.5%)       -15       [-3.78, -0.42]
ood                    2 (0.3%)         2 (0.3%)        +0       [-0.56, +0.56]

Saved yaml_lam0.1 results -> data/nq/h2/comparison/jina_v2_yaml_lam0.1.json  (0.0 MB)
