
======================================================================
COMPARE  mxbai-v1-tanh  toml_lam0  split=test   2026-10-06 08:06:12
======================================================================
records: 770   held out: toml

pair                       |d| base  |d| trained    change    subset
----------------------------------------------------------------------------------------------------
yaml - json                   0.001        0.121    +0.120 in_training
yaml - toml                   0.159        0.281    +0.122       ood
yaml - inline_kv              0.101        0.262    +0.161 in_training
yaml - markdown               0.156        0.063    -0.093 in_training
json - toml                   0.078        0.070    -0.009       ood
json - inline_kv              0.037        0.037    -0.000 in_training
json - markdown               0.085        0.088    +0.002 in_training
toml - inline_kv              0.091        0.037    -0.054       ood
toml - markdown               0.013        0.170    +0.157       ood
inline_kv - markdown          0.080        0.143    +0.064 in_training

subset                     baseline              trained    change             interval
----------------------------------------------------------------------------------------------------
all_formats         0.159 (trivial)        0.281 (small)    +0.122     [+0.019, +0.208]
in_training         0.156 (trivial)        0.262 (small)    +0.106     [+0.001, +0.203]
ood                 0.159 (trivial)        0.281 (small)    +0.122     [+0.020, +0.222]

In-training thresholds, trained max |d| = 0.262
  below 0.5:  pass
  below 0.2:  fail
  interval upper below zero: fail

Held-out pairs, reported without a threshold
  bands moved: 1
  relative change: +77.0%

Ranking guardrail, margin 0.03
  baseline MRR: 0.3383
  trained MRR:  0.9655
  change: +0.6272  [+0.6007, +0.6527]  pass

Transfer to toml
  MRR: 0.3337 -> 0.9657
  change: +0.6320  [+0.6039, +0.6587]
  training formats changed by +0.6260 on average, a ratio of 1.01

Metadata-only records: 228
  in_training  max |d|: 0.188 (trivial) -> 0.356 (small)
  ood          max |d|: 0.275 (small) -> 0.224 (small)

Answer axis, held out toml, 2 of 767 queries answerable under the untrained model
subset                 baseline          trained    change             interval
----------------------------------------------------------------------------------------------------
all_formats           1 (50.0%)         0 (0.0%)        -1     [-100.00, +0.00]
in_training           1 (50.0%)         0 (0.0%)        -1     [-100.00, +0.00]
ood                    0 (0.0%)         0 (0.0%)        +0       [+0.00, +0.00]

Saved toml_lam0 results -> data/nq/h2/comparison/mxbai_v1_tanh_toml_lam0.json  (0.0 MB)
