
======================================================================
COMPARE  mxbai-v1-tanh  yaml_lam0  split=test   2026-10-06 08:05:36
======================================================================
records: 770   held out: yaml

pair                       |d| base  |d| trained    change    subset
----------------------------------------------------------------------------------------------------
yaml - json                   0.001        0.154    +0.153       ood
yaml - toml                   0.159        0.235    +0.077       ood
yaml - inline_kv              0.101        0.128    +0.026       ood
yaml - markdown               0.156        0.013    -0.143       ood
json - toml                   0.078        0.007    -0.071 in_training
json - inline_kv              0.037        0.076    +0.039 in_training
json - markdown               0.085        0.190    +0.104 in_training
toml - inline_kv              0.091        0.129    +0.038 in_training
toml - markdown               0.013        0.199    +0.186 in_training
inline_kv - markdown          0.080        0.106    +0.026 in_training

subset                     baseline              trained    change             interval
----------------------------------------------------------------------------------------------------
all_formats         0.159 (trivial)        0.235 (small)    +0.077     [-0.023, +0.162]
in_training         0.091 (trivial)      0.199 (trivial)    +0.108     [+0.005, +0.196]
ood                 0.159 (trivial)        0.235 (small)    +0.077     [-0.032, +0.161]

In-training thresholds, trained max |d| = 0.199
  below 0.5:  pass
  below 0.2:  pass
  interval upper below zero: fail

Held-out pairs, reported without a threshold
  bands moved: 1
  relative change: +48.3%

Ranking guardrail, margin 0.03
  baseline MRR: 0.3383
  trained MRR:  0.9668
  change: +0.6286  [+0.6020, +0.6539]  pass

Transfer to yaml
  MRR: 0.3544 -> 0.9665
  change: +0.6121  [+0.5843, +0.6387]
  training formats changed by +0.6327 on average, a ratio of 0.97

Metadata-only records: 228
  in_training  max |d|: 0.185 (trivial) -> 0.176 (trivial)
  ood          max |d|: 0.275 (small) -> 0.229 (small)

Answer axis, held out yaml, 2 of 767 queries answerable under the untrained model
subset                 baseline          trained    change             interval
----------------------------------------------------------------------------------------------------
all_formats           1 (50.0%)         0 (0.0%)        -1     [-100.00, +0.00]
in_training           1 (50.0%)         0 (0.0%)        -1     [-100.00, +0.00]
ood                    0 (0.0%)         0 (0.0%)        +0       [+0.00, +0.00]

Saved yaml_lam0 results -> data/nq/h2/comparison/mxbai_v1_tanh_yaml_lam0.json  (0.0 MB)
