
======================================================================
COMPARE  mxbai-v1-tanh  inline_kv_lam0  split=test   2026-10-06 08:06:30
======================================================================
records: 770   held out: inline_kv

pair                       |d| base  |d| trained    change    subset
----------------------------------------------------------------------------------------------------
yaml - json                   0.001        0.164    +0.163 in_training
yaml - toml                   0.159        0.325    +0.166 in_training
yaml - inline_kv              0.101        0.239    +0.137       ood
yaml - markdown               0.156        0.071    -0.085 in_training
json - toml                   0.078        0.052    -0.026 in_training
json - inline_kv              0.037        0.017    -0.021       ood
json - markdown               0.085        0.133    +0.048 in_training
toml - inline_kv              0.091        0.106    +0.015       ood
toml - markdown               0.013        0.205    +0.192 in_training
inline_kv - markdown          0.080        0.125    +0.045       ood

subset                     baseline              trained    change             interval
----------------------------------------------------------------------------------------------------
all_formats         0.159 (trivial)        0.325 (small)    +0.166     [+0.053, +0.251]
in_training         0.159 (trivial)        0.325 (small)    +0.166     [+0.053, +0.252]
ood                 0.101 (trivial)        0.239 (small)    +0.137     [+0.026, +0.205]

In-training thresholds, trained max |d| = 0.325
  below 0.5:  pass
  below 0.2:  fail
  interval upper below zero: fail

Held-out pairs, reported without a threshold
  bands moved: 1
  relative change: +135.1%

Ranking guardrail, margin 0.03
  baseline MRR: 0.3383
  trained MRR:  0.9662
  change: +0.6280  [+0.6012, +0.6533]  pass

Transfer to inline_kv
  MRR: 0.3579 -> 0.9662
  change: +0.6084  [+0.5808, +0.6353]
  training formats changed by +0.6328 on average, a ratio of 0.96

Metadata-only records: 228
  in_training  max |d|: 0.275 (small) -> 0.290 (small)
  ood          max |d|: 0.185 (trivial) -> 0.354 (small)

Answer axis, held out inline_kv, 2 of 767 queries answerable under the untrained model
subset                 baseline          trained    change             interval
----------------------------------------------------------------------------------------------------
all_formats           1 (50.0%)         0 (0.0%)        -1     [-100.00, +0.00]
in_training           1 (50.0%)         0 (0.0%)        -1     [-100.00, +0.00]
ood                    0 (0.0%)         0 (0.0%)        +0       [+0.00, +0.00]

Saved inline_kv_lam0 results -> data/nq/h2/comparison/mxbai_v1_tanh_inline_kv_lam0.json  (0.0 MB)
