
======================================================================
COMPARE  MiniLM-L6  markdown_lam0  split=test   2026-10-05 19:19:18
======================================================================
records: 770   held out: markdown

pair                       |d| base  |d| trained    change    subset
----------------------------------------------------------------------------------------------------
yaml - json                   0.718        0.343    -0.375 in_training
yaml - toml                   0.903        0.373    -0.530 in_training
yaml - inline_kv              0.733        0.368    -0.365 in_training
yaml - markdown               0.522        0.568    +0.046       ood
json - toml                   0.091        0.143    +0.052 in_training
json - inline_kv              0.448        0.177    -0.270 in_training
json - markdown               0.527        0.141    -0.386       ood
toml - inline_kv              0.535        0.092    -0.443 in_training
toml - markdown               0.307        0.353    +0.046       ood
inline_kv - markdown          0.179        0.347    +0.168       ood

subset                     baseline              trained    change             interval
----------------------------------------------------------------------------------------------------
all_formats           0.903 (large)       0.568 (medium)    -0.335     [-0.495, -0.216]
in_training           0.903 (large)        0.373 (small)    -0.530     [-0.673, -0.398]
ood                  0.527 (medium)       0.568 (medium)    +0.041     [-0.084, +0.102]

In-training thresholds, trained max |d| = 0.373
  below 0.5:  pass
  below 0.2:  fail
  interval upper below zero: pass

Held-out pairs, reported without a threshold
  bands moved: 0
  relative change: +7.8%

Ranking guardrail, margin 0.03
  baseline MRR: 0.8904
  trained MRR:  0.9512
  change: +0.0607  [+0.0487, +0.0728]  pass

Transfer to markdown
  MRR: 0.8827 -> 0.9407
  change: +0.0580  [+0.0436, +0.0726]
  training formats changed by +0.0614 on average, a ratio of 0.95

Metadata-only records: 228
  in_training  max |d|: 0.899 (large) -> 0.440 (small)
  ood          max |d|: 0.699 (medium) -> 0.599 (medium)

Answer axis, held out markdown, 674 of 767 queries answerable under the untrained model
subset                 baseline          trained    change             interval
----------------------------------------------------------------------------------------------------
all_formats          97 (14.4%)        45 (6.7%)       -52      [-10.68, -4.90]
in_training          90 (13.4%)        36 (5.3%)       -54      [-10.83, -5.34]
ood                    7 (1.0%)         9 (1.3%)        +2       [-0.59, +1.19]

Saved markdown_lam0 results -> data/nq/h2/comparison/minilm_l6_markdown_lam0.json  (0.0 MB)
