
======================================================================
COMPARE  jina-v2  inline_kv_lam0.1  split=test   2026-10-05 21:23:01
======================================================================
records: 770   held out: inline_kv

pair                       |d| base  |d| trained    change    subset
----------------------------------------------------------------------------------------------------
yaml - json                   0.634        0.102    -0.532 in_training
yaml - toml                   0.876        0.125    -0.750 in_training
yaml - inline_kv              0.896        0.003    -0.893       ood
yaml - markdown               0.076        0.104    +0.028 in_training
json - toml                   0.079        0.009    -0.070 in_training
json - inline_kv              0.101        0.086    -0.015       ood
json - markdown               0.648        0.009    -0.640 in_training
toml - inline_kv              0.058        0.113    +0.056       ood
toml - markdown               0.763        0.000    -0.763 in_training
inline_kv - markdown          0.662        0.101    -0.561       ood

subset                     baseline              trained    change             interval
----------------------------------------------------------------------------------------------------
all_formats           0.896 (large)      0.125 (trivial)    -0.771     [-0.866, -0.667]
in_training           0.876 (large)      0.125 (trivial)    -0.750     [-0.826, -0.651]
ood                   0.896 (large)      0.113 (trivial)    -0.783     [-0.898, -0.645]

In-training thresholds, trained max |d| = 0.125
  below 0.5:  pass
  below 0.2:  pass
  interval upper below zero: pass

Held-out pairs, reported without a threshold
  bands moved: -3
  relative change: -87.3%

Ranking guardrail, margin 0.03
  baseline MRR: 0.9458
  trained MRR:  0.9736
  change: +0.0278  [+0.0182, +0.0375]  pass

Transfer to inline_kv
  MRR: 0.9411 -> 0.9724
  change: +0.0313  [+0.0208, +0.0419]
  training formats changed by +0.0269 on average, a ratio of 1.16

Metadata-only records: 228
  in_training  max |d|: 0.781 (medium) -> 0.232 (small)
  ood          max |d|: 0.762 (medium) -> 0.219 (small)

Answer axis, held out inline_kv, 715 of 767 queries answerable under the untrained model
subset                 baseline          trained    change             interval
----------------------------------------------------------------------------------------------------
all_formats           35 (4.9%)        18 (2.5%)       -17       [-4.06, -0.84]
in_training           30 (4.2%)        17 (2.4%)       -13       [-3.50, -0.28]
ood                    5 (0.7%)         1 (0.1%)        -4       [-1.26, +0.00]

Saved inline_kv_lam0.1 results -> data/nq/h2/comparison/jina_v2_inline_kv_lam0.1.json  (0.0 MB)
