
======================================================================
COMPARE  bge-base  json_lam0  split=test   2026-10-05 20:58:16
======================================================================
records: 770   held out: json

pair                       |d| base  |d| trained    change    subset
----------------------------------------------------------------------------------------------------
yaml - json                   0.275        0.073    -0.202       ood
yaml - toml                   0.088        0.319    +0.231 in_training
yaml - inline_kv              0.102        0.452    +0.350 in_training
yaml - markdown               0.024        0.260    +0.235 in_training
json - toml                   0.250        0.205    -0.046       ood
json - inline_kv              0.383        0.203    -0.179       ood
json - markdown               0.360        0.161    -0.199       ood
toml - inline_kv              0.218        0.017    -0.201 in_training
toml - markdown               0.135        0.055    -0.080 in_training
inline_kv - markdown          0.069        0.064    -0.006 in_training

subset                     baseline              trained    change             interval
----------------------------------------------------------------------------------------------------
all_formats           0.383 (small)        0.452 (small)    +0.070     [-0.034, +0.178]
in_training           0.218 (small)        0.452 (small)    +0.234     [+0.115, +0.355]
ood                   0.383 (small)        0.205 (small)    -0.178     [-0.229, -0.109]

In-training thresholds, trained max |d| = 0.452
  below 0.5:  pass
  below 0.2:  fail
  interval upper below zero: fail

Held-out pairs, reported without a threshold
  bands moved: 0
  relative change: -46.5%

Ranking guardrail, margin 0.03
  baseline MRR: 0.8941
  trained MRR:  0.9576
  change: +0.0636  [+0.0522, +0.0754]  pass

Transfer to json
  MRR: 0.8856 -> 0.9555
  change: +0.0700  [+0.0556, +0.0851]
  training formats changed by +0.0620 on average, a ratio of 1.13

Metadata-only records: 228
  in_training  max |d|: 0.202 (small) -> 0.386 (small)
  ood          max |d|: 0.506 (medium) -> 0.341 (small)

Answer axis, held out json, 696 of 767 queries answerable under the untrained model
subset                 baseline          trained    change             interval
----------------------------------------------------------------------------------------------------
all_formats         123 (17.7%)        44 (6.3%)       -79      [-14.08, -8.62]
in_training          95 (13.6%)        35 (5.0%)       -60      [-11.21, -6.03]
ood                   28 (4.0%)         9 (1.3%)       -19       [-4.17, -1.29]

Saved json_lam0 results -> data/nq/h2/comparison/bge_base_json_lam0.json  (0.0 MB)
