
======================================================================
COMPARE  mxbai-v1  json_lam0  split=test   2026-10-06 01:10:06
======================================================================
records: 770   held out: json

pair                       |d| base  |d| trained    change    subset
----------------------------------------------------------------------------------------------------
yaml - json                   0.645        0.246    -0.399       ood
yaml - toml                   0.651        0.305    -0.345 in_training
yaml - inline_kv              0.154        0.089    -0.064 in_training
yaml - markdown               0.271        0.177    -0.093 in_training
json - toml                   0.297        0.062    -0.236       ood
json - inline_kv              0.555        0.188    -0.367       ood
json - markdown               0.553        0.138    -0.415       ood
toml - inline_kv              0.598        0.249    -0.349 in_training
toml - markdown               0.167        0.093    -0.074 in_training
inline_kv - markdown          0.150        0.084    -0.066 in_training

subset                     baseline              trained    change             interval
----------------------------------------------------------------------------------------------------
all_formats          0.651 (medium)        0.305 (small)    -0.345     [-0.438, -0.296]
in_training          0.651 (medium)        0.305 (small)    -0.345     [-0.414, -0.283]
ood                  0.645 (medium)        0.246 (small)    -0.399     [-0.486, -0.323]

In-training thresholds, trained max |d| = 0.305
  below 0.5:  pass
  below 0.2:  fail
  interval upper below zero: pass

Held-out pairs, reported without a threshold
  bands moved: -1
  relative change: -61.9%

Ranking guardrail, margin 0.03
  baseline MRR: 0.9332
  trained MRR:  0.9671
  change: +0.0339  [+0.0237, +0.0443]  pass

Transfer to json
  MRR: 0.9371 -> 0.9672
  change: +0.0301  [+0.0198, +0.0405]
  training formats changed by +0.0348 on average, a ratio of 0.87

Metadata-only records: 228
  in_training  max |d|: 0.649 (medium) -> 0.265 (small)
  ood          max |d|: 0.564 (medium) -> 0.165 (trivial)

Answer axis, held out json, 693 of 767 queries answerable under the untrained model
subset                 baseline          trained    change             interval
----------------------------------------------------------------------------------------------------
all_formats           26 (3.8%)         7 (1.0%)       -19       [-4.33, -1.30]
in_training           21 (3.0%)         5 (0.7%)       -16       [-3.61, -1.01]
ood                    5 (0.7%)         2 (0.3%)        -3       [-1.15, +0.29]

Saved json_lam0 results -> data/nq/h2/comparison/mxbai_v1_json_lam0.json  (0.0 MB)
