
======================================================================
COMPARE  mxbai-v1-tanh  json_lam0  split=test   2026-10-06 08:05:54
======================================================================
records: 770   held out: json

pair                       |d| base  |d| trained    change    subset
----------------------------------------------------------------------------------------------------
yaml - json                   0.001        0.213    +0.212       ood
yaml - toml                   0.159        0.318    +0.159 in_training
yaml - inline_kv              0.101        0.212    +0.110 in_training
yaml - markdown               0.156        0.103    -0.053 in_training
json - toml                   0.078        0.002    -0.076       ood
json - inline_kv              0.037        0.082    +0.045       ood
json - markdown               0.085        0.165    +0.080       ood
toml - inline_kv              0.091        0.141    +0.050 in_training
toml - markdown               0.013        0.181    +0.168 in_training
inline_kv - markdown          0.080        0.077    -0.002 in_training

subset                     baseline              trained    change             interval
----------------------------------------------------------------------------------------------------
all_formats         0.159 (trivial)        0.318 (small)    +0.159     [+0.050, +0.242]
in_training         0.159 (trivial)        0.318 (small)    +0.159     [+0.050, +0.247]
ood                 0.085 (trivial)        0.213 (small)    +0.128     [+0.029, +0.201]

In-training thresholds, trained max |d| = 0.318
  below 0.5:  pass
  below 0.2:  fail
  interval upper below zero: fail

Held-out pairs, reported without a threshold
  bands moved: 1
  relative change: +149.9%

Ranking guardrail, margin 0.03
  baseline MRR: 0.3383
  trained MRR:  0.9663
  change: +0.6280  [+0.6014, +0.6535]  pass

Transfer to json
  MRR: 0.3144 -> 0.9656
  change: +0.6513  [+0.6242, +0.6773]
  training formats changed by +0.6222 on average, a ratio of 1.05

Metadata-only records: 228
  in_training  max |d|: 0.275 (small) -> 0.299 (small)
  ood          max |d|: 0.094 (trivial) -> 0.148 (trivial)

Answer axis, held out json, 2 of 767 queries answerable under the untrained model
subset                 baseline          trained    change             interval
----------------------------------------------------------------------------------------------------
all_formats           1 (50.0%)         0 (0.0%)        -1     [-100.00, +0.00]
in_training            0 (0.0%)         0 (0.0%)        +0       [+0.00, +0.00]
ood                   1 (50.0%)         0 (0.0%)        -1     [-100.00, +0.00]

Saved json_lam0 results -> data/nq/h2/comparison/mxbai_v1_tanh_json_lam0.json  (0.0 MB)
