
======================================================================
COMPARE  jina-v2  toml_lam0  split=test   2026-10-05 21:22:30
======================================================================
records: 770   held out: toml

pair                       |d| base  |d| trained    change    subset
----------------------------------------------------------------------------------------------------
yaml - json                   0.634        0.120    -0.513 in_training
yaml - toml                   0.876        0.237    -0.638       ood
yaml - inline_kv              0.896        0.091    -0.806 in_training
yaml - markdown               0.076        0.284    +0.209 in_training
json - toml                   0.079        0.065    -0.013       ood
json - inline_kv              0.101        0.068    -0.033 in_training
json - markdown               0.648        0.125    -0.523 in_training
toml - inline_kv              0.058        0.194    +0.136       ood
toml - markdown               0.763        0.094    -0.668       ood
inline_kv - markdown          0.662        0.254    -0.407 in_training

subset                     baseline              trained    change             interval
----------------------------------------------------------------------------------------------------
all_formats           0.896 (large)        0.284 (small)    -0.612     [-0.722, -0.507]
in_training           0.896 (large)        0.284 (small)    -0.612     [-0.720, -0.494]
ood                   0.876 (large)        0.237 (small)    -0.638     [-0.740, -0.527]

In-training thresholds, trained max |d| = 0.284
  below 0.5:  pass
  below 0.2:  fail
  interval upper below zero: pass

Held-out pairs, reported without a threshold
  bands moved: -2
  relative change: -72.9%

Ranking guardrail, margin 0.03
  baseline MRR: 0.9458
  trained MRR:  0.9740
  change: +0.0282  [+0.0189, +0.0378]  pass

Transfer to toml
  MRR: 0.9476 -> 0.9763
  change: +0.0287  [+0.0179, +0.0401]
  training formats changed by +0.0281 on average, a ratio of 1.02

Metadata-only records: 228
  in_training  max |d|: 0.762 (medium) -> 0.274 (small)
  ood          max |d|: 0.781 (medium) -> 0.435 (small)

Answer axis, held out toml, 715 of 767 queries answerable under the untrained model
subset                 baseline          trained    change             interval
----------------------------------------------------------------------------------------------------
all_formats           35 (4.9%)        28 (3.9%)        -7       [-2.66, +0.56]
in_training           34 (4.8%)        26 (3.6%)        -8       [-2.80, +0.42]
ood                    1 (0.1%)         2 (0.3%)        +1       [-0.28, +0.70]

Saved toml_lam0 results -> data/nq/h2/comparison/jina_v2_toml_lam0.json  (0.0 MB)
