
======================================================================
COMPARE  MiniLM-L6  markdown_lam1  split=test   2026-10-05 19:19:57
======================================================================
records: 770   held out: markdown

pair                       |d| base  |d| trained    change    subset
----------------------------------------------------------------------------------------------------
yaml - json                   0.718        0.019    -0.699 in_training
yaml - toml                   0.903        0.038    -0.864 in_training
yaml - inline_kv              0.733        0.081    -0.653 in_training
yaml - markdown               0.522        0.588    +0.066       ood
json - toml                   0.091        0.007    -0.084 in_training
json - inline_kv              0.448        0.021    -0.427 in_training
json - markdown               0.527        0.695    +0.168       ood
toml - inline_kv              0.535        0.022    -0.513 in_training
toml - markdown               0.307        0.634    +0.327       ood
inline_kv - markdown          0.179        0.545    +0.366       ood

subset                     baseline              trained    change             interval
----------------------------------------------------------------------------------------------------
all_formats           0.903 (large)       0.695 (medium)    -0.208     [-0.374, -0.066]
in_training           0.903 (large)      0.081 (trivial)    -0.822     [-0.976, -0.701]
ood                  0.527 (medium)       0.695 (medium)    +0.168     [+0.022, +0.268]

In-training thresholds, trained max |d| = 0.081
  below 0.5:  pass
  below 0.2:  pass
  interval upper below zero: pass

Held-out pairs, reported without a threshold
  bands moved: 0
  relative change: +31.8%

Ranking guardrail, margin 0.03
  baseline MRR: 0.8904
  trained MRR:  0.9425
  change: +0.0520  [+0.0407, +0.0633]  pass

Transfer to markdown
  MRR: 0.8827 -> 0.9352
  change: +0.0525  [+0.0389, +0.0660]
  training formats changed by +0.0519 on average, a ratio of 1.01

Metadata-only records: 228
  in_training  max |d|: 0.899 (large) -> 0.171 (trivial)
  ood          max |d|: 0.699 (medium) -> 0.700 (medium)

Answer axis, held out markdown, 674 of 767 queries answerable under the untrained model
subset                 baseline          trained    change             interval
----------------------------------------------------------------------------------------------------
all_formats          97 (14.4%)        42 (6.2%)       -55      [-10.83, -5.49]
in_training          90 (13.4%)        39 (5.8%)       -51      [-10.24, -5.04]
ood                    7 (1.0%)         3 (0.4%)        -4       [-1.34, +0.00]

Saved markdown_lam1 results -> data/nq/h2/comparison/minilm_l6_markdown_lam1.json  (0.0 MB)
