
======================================================================
COMPARE  mxbai-v1-tanh  toml_lam0.1  split=test   2026-10-06 08:06:21
======================================================================
records: 770   held out: toml

pair                       |d| base  |d| trained    change    subset
----------------------------------------------------------------------------------------------------
yaml - json                   0.001        0.202    +0.201 in_training
yaml - toml                   0.159        0.209    +0.050       ood
yaml - inline_kv              0.101        0.096    -0.006 in_training
yaml - markdown               0.156        0.089    -0.066 in_training
json - toml                   0.078        0.061    -0.017       ood
json - inline_kv              0.037        0.132    +0.095 in_training
json - markdown               0.085        0.169    +0.084 in_training
toml - inline_kv              0.091        0.132    +0.041       ood
toml - markdown               0.013        0.106    +0.093       ood
inline_kv - markdown          0.080        0.002    -0.077 in_training

subset                     baseline              trained    change             interval
----------------------------------------------------------------------------------------------------
all_formats         0.159 (trivial)        0.209 (small)    +0.050     [-0.044, +0.134]
in_training         0.156 (trivial)        0.202 (small)    +0.046     [-0.048, +0.131]
ood                 0.159 (trivial)        0.209 (small)    +0.050     [-0.050, +0.145]

In-training thresholds, trained max |d| = 0.202
  below 0.5:  pass
  below 0.2:  fail
  interval upper below zero: fail

Held-out pairs, reported without a threshold
  bands moved: 1
  relative change: +31.6%

Ranking guardrail, margin 0.03
  baseline MRR: 0.3383
  trained MRR:  0.9658
  change: +0.6275  [+0.6008, +0.6533]  pass

Transfer to toml
  MRR: 0.3337 -> 0.9666
  change: +0.6329  [+0.6049, +0.6596]
  training formats changed by +0.6261 on average, a ratio of 1.01

Metadata-only records: 228
  in_training  max |d|: 0.188 (trivial) -> 0.205 (small)
  ood          max |d|: 0.275 (small) -> 0.201 (small)

Answer axis, held out toml, 2 of 767 queries answerable under the untrained model
subset                 baseline          trained    change             interval
----------------------------------------------------------------------------------------------------
all_formats           1 (50.0%)         0 (0.0%)        -1     [-100.00, +0.00]
in_training           1 (50.0%)         0 (0.0%)        -1     [-100.00, +0.00]
ood                    0 (0.0%)         0 (0.0%)        +0       [+0.00, +0.00]

Saved toml_lam0.1 results -> data/nq/h2/comparison/mxbai_v1_tanh_toml_lam0.1.json  (0.0 MB)
