
======================================================================
COMPARE  bge-base  markdown_lam1  split=test   2026-10-05 21:00:17
======================================================================
records: 770   held out: markdown

pair                       |d| base  |d| trained    change    subset
----------------------------------------------------------------------------------------------------
yaml - json                   0.275        0.124    -0.151 in_training
yaml - toml                   0.088        0.152    +0.064 in_training
yaml - inline_kv              0.102        0.137    +0.034 in_training
yaml - markdown               0.024        0.038    +0.013       ood
json - toml                   0.250        0.002    -0.248 in_training
json - inline_kv              0.383        0.023    -0.360 in_training
json - markdown               0.360        0.075    -0.285       ood
toml - inline_kv              0.218        0.035    -0.183 in_training
toml - markdown               0.135        0.100    -0.036       ood
inline_kv - markdown          0.069        0.064    -0.005       ood

subset                     baseline              trained    change             interval
----------------------------------------------------------------------------------------------------
all_formats           0.383 (small)      0.152 (trivial)    -0.231     [-0.305, -0.125]
in_training           0.383 (small)      0.152 (trivial)    -0.231     [-0.308, -0.120]
ood                   0.360 (small)      0.100 (trivial)    -0.260     [-0.336, -0.152]

In-training thresholds, trained max |d| = 0.152
  below 0.5:  pass
  below 0.2:  pass
  interval upper below zero: pass

Held-out pairs, reported without a threshold
  bands moved: -1
  relative change: -72.2%

Ranking guardrail, margin 0.03
  baseline MRR: 0.8941
  trained MRR:  0.9608
  change: +0.0667  [+0.0546, +0.0793]  pass

Transfer to markdown
  MRR: 0.8977 -> 0.9614
  change: +0.0637  [+0.0493, +0.0787]
  training formats changed by +0.0675 on average, a ratio of 0.94

Metadata-only records: 228
  in_training  max |d|: 0.489 (small) -> 0.116 (trivial)
  ood          max |d|: 0.506 (medium) -> 0.109 (trivial)

Answer axis, held out markdown, 696 of 767 queries answerable under the untrained model
subset                 baseline          trained    change             interval
----------------------------------------------------------------------------------------------------
all_formats         123 (17.7%)        23 (3.3%)      -100     [-17.24, -11.49]
in_training         116 (16.7%)        22 (3.2%)       -94     [-16.24, -10.78]
ood                    7 (1.0%)         1 (0.1%)        -6       [-1.72, -0.14]

Saved markdown_lam1 results -> data/nq/h2/comparison/bge_base_markdown_lam1.json  (0.0 MB)
