
======================================================================
COMPARE  MiniLM-L12  yaml_lam0  split=test   2026-10-05 20:55:44
======================================================================
records: 770   held out: yaml

pair                       |d| base  |d| trained    change    subset
----------------------------------------------------------------------------------------------------
yaml - json                   0.615        0.067    -0.548       ood
yaml - toml                   0.938        0.073    -0.865       ood
yaml - inline_kv              0.701        0.208    -0.493       ood
yaml - markdown               0.630        0.087    -0.543       ood
json - toml                   0.114        0.032    -0.082 in_training
json - inline_kv              0.203        0.023    -0.179 in_training
json - markdown               0.243        0.001    -0.242 in_training
toml - inline_kv              0.452        0.094    -0.358 in_training
toml - markdown               0.390        0.043    -0.348 in_training
inline_kv - markdown          0.049        0.029    -0.020 in_training

subset                     baseline              trained    change             interval
----------------------------------------------------------------------------------------------------
all_formats           0.938 (large)        0.208 (small)    -0.730     [-0.844, -0.633]
in_training           0.452 (small)      0.094 (trivial)    -0.358     [-0.463, -0.249]
ood                   0.938 (large)        0.208 (small)    -0.730     [-0.844, -0.633]

In-training thresholds, trained max |d| = 0.094
  below 0.5:  pass
  below 0.2:  pass
  interval upper below zero: pass

Held-out pairs, reported without a threshold
  bands moved: -2
  relative change: -77.9%

Ranking guardrail, margin 0.03
  baseline MRR: 0.9120
  trained MRR:  0.9633
  change: +0.0513  [+0.0402, +0.0629]  pass

Transfer to yaml
  MRR: 0.9221 -> 0.9639
  change: +0.0418  [+0.0297, +0.0541]
  training formats changed by +0.0537 on average, a ratio of 0.78

Metadata-only records: 228
  in_training  max |d|: 0.535 (medium) -> 0.112 (trivial)
  ood          max |d|: 1.016 (large) -> 0.215 (small)

Answer axis, held out yaml, 687 of 767 queries answerable under the untrained model
subset                 baseline          trained    change             interval
----------------------------------------------------------------------------------------------------
all_formats          82 (11.9%)        33 (4.8%)       -49       [-9.61, -4.66]
in_training          77 (11.2%)        30 (4.4%)       -47       [-9.32, -4.37]
ood                    5 (0.7%)         3 (0.4%)        -2       [-1.16, +0.44]

Saved yaml_lam0 results -> data/nq/h2/comparison/minilm_l12_yaml_lam0.json  (0.0 MB)
