
======================================================================
SELECT lambda  MiniLM-L12   2026-10-05 18:47:03
======================================================================
  baseline:   dev_cross_minilm_l12_base.json
  candidates: 5
    dev_cross_minilm_l12_5fmt_lam0.json
    dev_cross_minilm_l12_5fmt_lam0.01.json
    dev_cross_minilm_l12_5fmt_lam0.1.json
    dev_cross_minilm_l12_5fmt_lam1.json
    dev_cross_minilm_l12_5fmt_lam10.json

baseline mean MRR: 0.8824
baseline max |d|:  0.9184

lambda      dev max|d|    dev MRR   delta MRR         delta interval  keeps MRR
----------------------------------------------------------------------------------------------------
0               0.2843     0.9511     +0.0687     [+0.0547, +0.0834]        yes
0.01            0.2658     0.9509     +0.0685     [+0.0547, +0.0833]        yes
0.1             0.2387     0.9510     +0.0686     [+0.0545, +0.0835]        yes
1               0.2254     0.9452     +0.0629     [+0.0495, +0.0774]        yes
10              0.1260     0.9412     +0.0588     [+0.0461, +0.0725]        yes

5 candidates tie: both intervals meet the leader's.
  tied: 0, 0.01, 0.1, 1, 10
  the sweep takes 0.1

Winner: lambda = 0.1
  dev max |d|:  0.2387
  dev mean MRR: 0.9510
  delta MRR:    +0.0686  [+0.0545, +0.0835]

Saved lambda results -> data/nq/h2/selection/minilm_l12_lambda.json  (0.0 MB)
