
======================================================================
SELECT lambda  MiniLM-L6   2026-10-05 17:59:48
======================================================================
  baseline:   dev_cross_minilm_l6_base.json
  candidates: 5
    dev_cross_minilm_l6_5fmt_lam0.json
    dev_cross_minilm_l6_5fmt_lam0.01.json
    dev_cross_minilm_l6_5fmt_lam0.1.json
    dev_cross_minilm_l6_5fmt_lam1.json
    dev_cross_minilm_l6_5fmt_lam10.json

baseline mean MRR: 0.8739
baseline max |d|:  0.9364

lambda      dev max|d|    dev MRR   delta MRR         delta interval  keeps MRR
----------------------------------------------------------------------------------------------------
0               0.3797     0.9352     +0.0613     [+0.0476, +0.0757]        yes
0.01            0.3833     0.9348     +0.0608     [+0.0473, +0.0752]        yes
0.1             0.2480     0.9323     +0.0584     [+0.0448, +0.0726]        yes
1               0.2264     0.9245     +0.0506     [+0.0377, +0.0641]        yes
10              0.1870     0.9209     +0.0470     [+0.0343, +0.0602]        yes

3 candidates tie: both intervals meet the leader's.
  tied: 0.1, 1, 10
  the sweep takes 1

Winner: lambda = 1
  dev max |d|:  0.2264
  dev mean MRR: 0.9245
  delta MRR:    +0.0506  [+0.0377, +0.0641]

Saved lambda results -> data/nq/h2/selection/minilm_l6_lambda.json  (0.0 MB)
