
======================================================================
SELECT lambda  bge-base   2026-10-05 19:04:39
======================================================================
  baseline:   dev_cross_bge_base_base.json
  candidates: 5
    dev_cross_bge_base_5fmt_lam0.json
    dev_cross_bge_base_5fmt_lam0.01.json
    dev_cross_bge_base_5fmt_lam0.1.json
    dev_cross_bge_base_5fmt_lam1.json
    dev_cross_bge_base_5fmt_lam10.json

baseline mean MRR: 0.8794
baseline max |d|:  0.2947

lambda      dev max|d|    dev MRR   delta MRR         delta interval  keeps MRR
----------------------------------------------------------------------------------------------------
0               0.3512     0.9389     +0.0595     [+0.0482, +0.0712]        yes
0.01            0.3102     0.9395     +0.0601     [+0.0490, +0.0720]        yes
0.1             0.1852     0.9431     +0.0637     [+0.0519, +0.0761]        yes
1               0.1453     0.9403     +0.0610     [+0.0483, +0.0739]        yes
10              0.0779     0.9364     +0.0570     [+0.0453, +0.0691]        yes

3 candidates tie: both intervals meet the leader's.
  tied: 0.1, 1, 10
  the sweep takes 1

Winner: lambda = 1
  dev max |d|:  0.1453
  dev mean MRR: 0.9403
  delta MRR:    +0.0610  [+0.0483, +0.0739]

Saved lambda results -> data/nq/h2/selection/bge_base_lambda.json  (0.0 MB)
