
======================================================================
TRAIN  bge-v2-m3  arm=toml_lam1   2026-10-05 13:21:14
======================================================================
  identifier:  BAAI/bge-reranker-v2-m3
  formats:     4 of 5  ['yaml', 'json', 'inline_kv', 'markdown']
  held out:    toml
  lambda_inv:  1.0
  batch:       2 x 8
  steps:       500, warmup 30
  output:      data/nq/h2/train/bge_v2_m3_toml_lam1
  device:      cuda
Warning: You are sending unauthenticated requests to the HF Hub. Please set a HF_TOKEN to enable higher rate limits and faster downloads.
[transformers] `torch_dtype` is deprecated! Use `dtype` instead!
Loading weights:   0%|          | 0/393 [00:00<?, ?it/s]Loading weights: 100%|██████████| 393/393 [00:00<00:00, 9212.43it/s]
  trainable:   3,409,921 / 571,165,698 (0.60%)

Loading the corpus...
[transformers] Token indices sequence length is longer than the specified maximum sequence length for this model (970 > 512). Running this sequence through the model will result in indexing errors
[transformers] Token indices sequence length is longer than the specified maximum sequence length for this model (970 > 512). Running this sequence through the model will result in indexing errors
[transformers] Token indices sequence length is longer than the specified maximum sequence length for this model (963 > 512). Running this sequence through the model will result in indexing errors
[transformers] Token indices sequence length is longer than the specified maximum sequence length for this model (928 > 512). Running this sequence through the model will result in indexing errors
[transformers] Token indices sequence length is longer than the specified maximum sequence length for this model (1154 > 1024). Running this sequence through the model will result in indexing errors
  train: 6,131 kept, 449 dropped
  dev:   758 kept
  corpus loading in 0:02:10

Training bge_v2_m3 toml_lam1
[transformers] `use_return_dict` is deprecated! Use `return_dict` instead!
[transformers] `use_cache=True` is incompatible with gradient checkpointing. Setting `use_cache=False`.
step     1/500  loss=0.4873  rank=0.0988  inv=0.3885  lr=6.67e-06  16.92s/step  eta 2:20:41
step    20/500  loss=0.0810  rank=0.0635  inv=0.0174  lr=1.33e-04  17.18s/step  eta 2:17:26
step    40/500  loss=0.0338  rank=0.0123  inv=0.0215  lr=2.00e-04  17.22s/step  eta 2:12:00
  dev max|d|=0.3719  (pair=json - markdown)
step    60/500  loss=0.0297  rank=0.0186  inv=0.0111  lr=1.98e-04  18.74s/step  eta 2:17:26
step    80/500  loss=0.0786  rank=0.0621  inv=0.0165  lr=1.94e-04  18.44s/step  eta 2:09:03
step   100/500  loss=0.0416  rank=0.0223  inv=0.0193  lr=1.89e-04  18.24s/step  eta 2:01:34
  dev max|d|=0.2265  (pair=json - markdown)
step   120/500  loss=0.0389  rank=0.0173  inv=0.0216  lr=1.82e-04  18.85s/step  eta 1:59:23
step   140/500  loss=0.0398  rank=0.0321  inv=0.0077  lr=1.74e-04  18.64s/step  eta 1:51:50
  dev max|d|=0.1632  (pair=json - markdown)
step   160/500  loss=0.0376  rank=0.0313  inv=0.0062  lr=1.65e-04  19.04s/step  eta 1:47:51
step   180/500  loss=0.0334  rank=0.0209  inv=0.0125  lr=1.54e-04  18.84s/step  eta 1:40:28
step   200/500  loss=0.0292  rank=0.0134  inv=0.0157  lr=1.42e-04  18.69s/step  eta 1:33:26
  dev max|d|=0.2005  (pair=yaml - inline_kv)
step   220/500  loss=0.0286  rank=0.0182  inv=0.0104  lr=1.30e-04  18.98s/step  eta 1:28:33
step   240/500  loss=0.0271  rank=0.0153  inv=0.0118  lr=1.17e-04  18.84s/step  eta 1:21:39
  dev max|d|=0.2029  (pair=yaml - json)
step   260/500  loss=0.0649  rank=0.0307  inv=0.0342  lr=1.03e-04  19.08s/step  eta 1:16:18
step   280/500  loss=0.0423  rank=0.0317  inv=0.0105  lr=9.00e-05  18.95s/step  eta 1:09:29
step   300/500  loss=0.0625  rank=0.0510  inv=0.0114  lr=7.68e-05  18.85s/step  eta 1:02:50
  dev max|d|=0.1535  (pair=yaml - json)
step   320/500  loss=0.0721  rank=0.0320  inv=0.0402  lr=6.41e-05  19.03s/step  eta 0:57:05
step   340/500  loss=0.0384  rank=0.0268  inv=0.0116  lr=5.19e-05  18.95s/step  eta 0:50:31
  dev max|d|=0.1475  (pair=yaml - json)
step   360/500  loss=0.0582  rank=0.0486  inv=0.0096  lr=4.07e-05  19.10s/step  eta 0:44:34
step   380/500  loss=0.0312  rank=0.0143  inv=0.0169  lr=3.05e-05  19.01s/step  eta 0:38:01
step   400/500  loss=0.0386  rank=0.0332  inv=0.0054  lr=2.15e-05  18.93s/step  eta 0:31:32
  dev max|d|=0.1287  (pair=yaml - json)
step   420/500  loss=0.1224  rank=0.0346  inv=0.0878  lr=1.40e-05  19.08s/step  eta 0:25:26
step   440/500  loss=0.0314  rank=0.0208  inv=0.0105  lr=7.94e-06  19.00s/step  eta 0:19:00
  dev max|d|=0.1300  (pair=yaml - json)
step   460/500  loss=0.0198  rank=0.0098  inv=0.0100  lr=3.55e-06  19.12s/step  eta 0:12:44
step   480/500  loss=0.0233  rank=0.0098  inv=0.0134  lr=8.92e-07  19.05s/step  eta 0:06:21
step   500/500  loss=0.0436  rank=0.0303  inv=0.0133  lr=0.00e+00  18.98s/step  eta 0:00:00
  dev max|d|=0.1275  (pair=yaml - json)

Finished at step 500 in 9581s, dev max|d|=0.1275
Saved adapter -> data/nq/h2/train/bge_v2_m3_toml_lam1/adapter
