
======================================================================
TRAIN  jina-v2  arm=5fmt_lam0.01   2026-10-05 05:55:05
======================================================================
  identifier:  jinaai/jina-reranker-v2-base-multilingual
  formats:     5 of 5  ['yaml', 'json', 'toml', 'inline_kv', 'markdown']
  lambda_inv:  0.01
  batch:       2 x 8
  steps:       500, warmup 30
  output:      data/nq/h2/train/jina_v2_5fmt_lam0.01
  device:      cuda
Warning: You are sending unauthenticated requests to the HF Hub. Please set a HF_TOKEN to enable higher rate limits and faster downloads.
[transformers] `torch_dtype` is deprecated! Use `dtype` instead!
flash_attn is not installed. Using PyTorch native attention implementation.
flash_attn is not installed. Using PyTorch native attention implementation.
flash_attn is not installed. Using PyTorch native attention implementation.
flash_attn is not installed. Using PyTorch native attention implementation.
flash_attn is not installed. Using PyTorch native attention implementation.
flash_attn is not installed. Using PyTorch native attention implementation.
flash_attn is not installed. Using PyTorch native attention implementation.
flash_attn is not installed. Using PyTorch native attention implementation.
flash_attn is not installed. Using PyTorch native attention implementation.
flash_attn is not installed. Using PyTorch native attention implementation.
flash_attn is not installed. Using PyTorch native attention implementation.
flash_attn is not installed. Using PyTorch native attention implementation.
flash_attn is not installed. Using PyTorch native attention implementation.
Loading weights:   0%|          | 0/153 [00:00<?, ?it/s]Loading weights:   6%|▌         | 9/153 [00:00<00:04, 33.22it/s]Loading weights: 100%|██████████| 153/153 [00:00<00:00, 527.01it/s]
[transformers] XLMRobertaForSequenceClassification does not expose input embeddings. Gradients cannot flow back to the token embeddings when using adapters or gradient checkpointing. Override `get_input_embeddings` to fully support those features, or set `_input_embed_layer` to the attribute name that holds the embeddings.
[transformers] You are using an old version of the checkpointing format that is deprecated (We will also silently ignore `gradient_checkpointing_kwargs` in case you passed it).Please update to the new format on your modeling file. To use the new format, you need to completely remove the definition of the method `_set_gradient_checkpointing` in your model.
  fused projections patched: 12
  trainable:   1,181,185 / 279,618,818 (0.42%)

Loading the corpus...
[transformers] Token indices sequence length is longer than the specified maximum sequence length for this model (970 > 512). Running this sequence through the model will result in indexing errors
[transformers] Token indices sequence length is longer than the specified maximum sequence length for this model (970 > 512). Running this sequence through the model will result in indexing errors
[transformers] Token indices sequence length is longer than the specified maximum sequence length for this model (963 > 512). Running this sequence through the model will result in indexing errors
[transformers] Token indices sequence length is longer than the specified maximum sequence length for this model (928 > 512). Running this sequence through the model will result in indexing errors
[transformers] Token indices sequence length is longer than the specified maximum sequence length for this model (1154 > 1024). Running this sequence through the model will result in indexing errors
  train: 6,131 kept, 449 dropped
  dev:   758 kept
  corpus loading in 0:13:20

Training jina_v2 5fmt_lam0.01
[transformers] `use_return_dict` is deprecated! Use `return_dict` instead!
step     1/500  loss=0.1895  rank=0.1892  inv=0.0298  lr=6.67e-06  23.00s/step  eta 3:11:14
step    20/500  loss=0.0632  rank=0.0628  inv=0.0389  lr=1.33e-04  22.79s/step  eta 3:02:16
step    40/500  loss=0.0108  rank=0.0089  inv=0.1945  lr=2.00e-04  22.56s/step  eta 2:52:56
  dev max|d|=0.3780  (pair=yaml - toml)
step    60/500  loss=0.0149  rank=0.0143  inv=0.0584  lr=1.98e-04  23.49s/step  eta 2:52:14
step    80/500  loss=0.0338  rank=0.0326  inv=0.1202  lr=1.94e-04  23.24s/step  eta 2:42:41
step   100/500  loss=0.0253  rank=0.0233  inv=0.1958  lr=1.89e-04  23.06s/step  eta 2:33:45
  dev max|d|=0.2497  (pair=yaml - toml)
step   120/500  loss=0.0177  rank=0.0160  inv=0.1746  lr=1.82e-04  23.39s/step  eta 2:28:08
step   140/500  loss=0.0327  rank=0.0317  inv=0.1008  lr=1.74e-04  23.25s/step  eta 2:19:29
  dev max|d|=0.2646  (pair=yaml - toml)
step   160/500  loss=0.0137  rank=0.0129  inv=0.0815  lr=1.65e-04  23.49s/step  eta 2:13:06
step   180/500  loss=0.0244  rank=0.0224  inv=0.1987  lr=1.54e-04  23.44s/step  eta 2:05:01
step   200/500  loss=0.0054  rank=0.0046  inv=0.0832  lr=1.42e-04  23.34s/step  eta 1:56:40
  dev max|d|=0.3958  (pair=yaml - toml)
step   220/500  loss=0.0084  rank=0.0062  inv=0.2194  lr=1.30e-04  23.49s/step  eta 1:49:35
step   240/500  loss=0.0058  rank=0.0031  inv=0.2757  lr=1.17e-04  23.41s/step  eta 1:41:25
  dev max|d|=0.3343  (pair=yaml - toml)
step   260/500  loss=0.0215  rank=0.0187  inv=0.2764  lr=1.03e-04  23.53s/step  eta 1:34:06
step   280/500  loss=0.0246  rank=0.0226  inv=0.1972  lr=9.00e-05  23.45s/step  eta 1:25:59
step   300/500  loss=0.0128  rank=0.0114  inv=0.1440  lr=7.68e-05  23.42s/step  eta 1:18:03
  dev max|d|=0.3230  (pair=yaml - toml)
step   320/500  loss=0.0250  rank=0.0227  inv=0.2269  lr=6.41e-05  23.51s/step  eta 1:10:31
step   340/500  loss=0.0099  rank=0.0085  inv=0.1399  lr=5.19e-05  23.49s/step  eta 1:02:37
  dev max|d|=0.2713  (pair=yaml - toml)
step   360/500  loss=0.0653  rank=0.0644  inv=0.0885  lr=4.07e-05  23.57s/step  eta 0:55:00
step   380/500  loss=0.0081  rank=0.0071  inv=0.0974  lr=3.05e-05  23.52s/step  eta 0:47:02
step   400/500  loss=0.0105  rank=0.0090  inv=0.1485  lr=2.15e-05  23.47s/step  eta 0:39:06
  dev max|d|=0.2587  (pair=yaml - toml)
step   420/500  loss=0.0079  rank=0.0061  inv=0.1832  lr=1.40e-05  23.55s/step  eta 0:31:23
step   440/500  loss=0.0104  rank=0.0088  inv=0.1563  lr=7.94e-06  23.51s/step  eta 0:23:30
  dev max|d|=0.2271  (pair=yaml - toml)
step   460/500  loss=0.0065  rank=0.0029  inv=0.3629  lr=3.55e-06  23.58s/step  eta 0:15:43
step   480/500  loss=0.0044  rank=0.0016  inv=0.2738  lr=8.92e-07  23.53s/step  eta 0:07:50
step   500/500  loss=0.0169  rank=0.0156  inv=0.1265  lr=0.00e+00  23.52s/step  eta 0:00:00
  dev max|d|=0.2248  (pair=yaml - toml)

Finished at step 500 in 11810s, dev max|d|=0.2248
Saved adapter -> data/nq/h2/train/jina_v2_5fmt_lam0.01/adapter
