
======================================================================
TRAIN  bge-base  arm=toml_lam1   2026-10-05 14:18:57
======================================================================
  identifier:  BAAI/bge-reranker-base
  formats:     4 of 5  ['yaml', 'json', 'inline_kv', 'markdown']
  held out:    toml
  lambda_inv:  1.0
  batch:       2 x 8
  steps:       500, warmup 30
  output:      data/nq/h2/train/bge_base_toml_lam1
  device:      cuda
Warning: You are sending unauthenticated requests to the HF Hub. Please set a HF_TOKEN to enable higher rate limits and faster downloads.
[transformers] `torch_dtype` is deprecated! Use `dtype` instead!
Loading weights:   0%|          | 0/201 [00:00<?, ?it/s]Loading weights: 100%|██████████| 201/201 [00:00<00:00, 3527.57it/s]
  trainable:   1,476,097 / 279,520,514 (0.53%)

Loading the corpus...
[transformers] Token indices sequence length is longer than the specified maximum sequence length for this model (970 > 512). Running this sequence through the model will result in indexing errors
[transformers] Token indices sequence length is longer than the specified maximum sequence length for this model (970 > 512). Running this sequence through the model will result in indexing errors
[transformers] Token indices sequence length is longer than the specified maximum sequence length for this model (963 > 512). Running this sequence through the model will result in indexing errors
[transformers] Token indices sequence length is longer than the specified maximum sequence length for this model (928 > 512). Running this sequence through the model will result in indexing errors
[transformers] Token indices sequence length is longer than the specified maximum sequence length for this model (1154 > 1024). Running this sequence through the model will result in indexing errors
  train: 6,131 kept, 449 dropped
  dev:   758 kept
  corpus loading in 0:03:38

Training bge_base toml_lam1
[transformers] `use_return_dict` is deprecated! Use `return_dict` instead!
[transformers] `use_cache=True` is incompatible with gradient checkpointing. Setting `use_cache=False`.
step     1/500  loss=0.5724  rank=0.1992  inv=0.3732  lr=6.67e-06  10.13s/step  eta 1:24:16
step    20/500  loss=0.1776  rank=0.0798  inv=0.0978  lr=1.33e-04  10.07s/step  eta 1:20:33
step    40/500  loss=0.0851  rank=0.0606  inv=0.0244  lr=2.00e-04  10.10s/step  eta 1:17:25
  dev max|d|=0.2342  (pair=yaml - json)
step    60/500  loss=0.0623  rank=0.0510  inv=0.0113  lr=1.98e-04  10.88s/step  eta 1:19:45
step    80/500  loss=0.1525  rank=0.1109  inv=0.0416  lr=1.94e-04  10.70s/step  eta 1:14:52
step   100/500  loss=0.0845  rank=0.0490  inv=0.0355  lr=1.89e-04  10.59s/step  eta 1:10:36
  dev max|d|=0.2030  (pair=yaml - inline_kv)
step   120/500  loss=0.0626  rank=0.0410  inv=0.0216  lr=1.82e-04  10.91s/step  eta 1:09:04
step   140/500  loss=0.1071  rank=0.0943  inv=0.0127  lr=1.74e-04  10.82s/step  eta 1:04:53
  dev max|d|=0.1350  (pair=yaml - inline_kv)
step   160/500  loss=0.1452  rank=0.0409  inv=0.1042  lr=1.65e-04  11.02s/step  eta 1:02:28
step   180/500  loss=0.0517  rank=0.0331  inv=0.0186  lr=1.54e-04  10.93s/step  eta 0:58:18
step   200/500  loss=0.0756  rank=0.0669  inv=0.0087  lr=1.42e-04  10.85s/step  eta 0:54:15
  dev max|d|=0.1205  (pair=yaml - inline_kv)
step   220/500  loss=0.0949  rank=0.0498  inv=0.0451  lr=1.30e-04  11.01s/step  eta 0:51:21
step   240/500  loss=0.0789  rank=0.0586  inv=0.0203  lr=1.17e-04  10.95s/step  eta 0:47:26
  dev max|d|=0.1380  (pair=yaml - json)
step   260/500  loss=0.1807  rank=0.0929  inv=0.0879  lr=1.03e-04  11.07s/step  eta 0:44:17
step   280/500  loss=0.0680  rank=0.0527  inv=0.0154  lr=9.00e-05  11.01s/step  eta 0:40:21
step   300/500  loss=0.0680  rank=0.0385  inv=0.0295  lr=7.68e-05  10.95s/step  eta 0:36:30
  dev max|d|=0.1143  (pair=json - markdown)
step   320/500  loss=0.1015  rank=0.0870  inv=0.0145  lr=6.41e-05  11.05s/step  eta 0:33:08
step   340/500  loss=0.1172  rank=0.1037  inv=0.0134  lr=5.19e-05  11.02s/step  eta 0:29:22
  dev max|d|=0.0998  (pair=json - markdown)
step   360/500  loss=0.1047  rank=0.0855  inv=0.0193  lr=4.07e-05  11.10s/step  eta 0:25:53
step   380/500  loss=0.0719  rank=0.0450  inv=0.0269  lr=3.05e-05  11.05s/step  eta 0:22:06
step   400/500  loss=0.0964  rank=0.0829  inv=0.0135  lr=2.15e-05  11.01s/step  eta 0:18:20
  dev max|d|=0.0963  (pair=inline_kv - markdown)
step   420/500  loss=0.0568  rank=0.0431  inv=0.0137  lr=1.40e-05  11.08s/step  eta 0:14:46
step   440/500  loss=0.0696  rank=0.0364  inv=0.0332  lr=7.94e-06  11.04s/step  eta 0:11:02
  dev max|d|=0.0980  (pair=inline_kv - markdown)
step   460/500  loss=0.0597  rank=0.0292  inv=0.0305  lr=3.55e-06  11.11s/step  eta 0:07:24
step   480/500  loss=0.0570  rank=0.0157  inv=0.0414  lr=8.92e-07  11.07s/step  eta 0:03:41
step   500/500  loss=0.1650  rank=0.0798  inv=0.0852  lr=0.00e+00  11.03s/step  eta 0:00:00
  dev max|d|=0.0983  (pair=inline_kv - markdown)

Finished at step 500 in 5564s, dev max|d|=0.0983
Saved adapter -> data/nq/h2/train/bge_base_toml_lam1/adapter
