
======================================================================
TRAIN  MiniLM-L6  arm=yaml_lam1   2026-10-05 10:28:33
======================================================================
  identifier:  cross-encoder/ms-marco-MiniLM-L6-v2
  formats:     4 of 5  ['json', 'toml', 'inline_kv', 'markdown']
  held out:    yaml
  lambda_inv:  1.0
  batch:       4 x 4
  steps:       500, warmup 30
  output:      data/nq/h2/train/minilm_l6_yaml_lam1
  device:      cuda
Warning: You are sending unauthenticated requests to the HF Hub. Please set a HF_TOKEN to enable higher rate limits and faster downloads.
[transformers] `torch_dtype` is deprecated! Use `dtype` instead!
Loading weights:   0%|          | 0/105 [00:00<?, ?it/s]Loading weights: 100%|██████████| 105/105 [00:00<00:00, 4446.84it/s]
  trainable:   221,569 / 22,935,170 (0.97%)

Loading the corpus...
[transformers] Token indices sequence length is longer than the specified maximum sequence length for this model (970 > 512). Running this sequence through the model will result in indexing errors
[transformers] Token indices sequence length is longer than the specified maximum sequence length for this model (970 > 512). Running this sequence through the model will result in indexing errors
[transformers] Token indices sequence length is longer than the specified maximum sequence length for this model (963 > 512). Running this sequence through the model will result in indexing errors
[transformers] Token indices sequence length is longer than the specified maximum sequence length for this model (928 > 512). Running this sequence through the model will result in indexing errors
[transformers] Token indices sequence length is longer than the specified maximum sequence length for this model (1154 > 1024). Running this sequence through the model will result in indexing errors
  train: 6,131 kept, 449 dropped
  dev:   758 kept
  corpus loading in 0:08:55

Training minilm_l6 yaml_lam1
[transformers] `use_return_dict` is deprecated! Use `return_dict` instead!
[transformers] `use_cache=True` is incompatible with gradient checkpointing. Setting `use_cache=False`.
step     1/500  loss=1.2736  rank=0.1280  inv=1.1455  lr=6.67e-06  12.12s/step  eta 1:40:50
step    20/500  loss=1.0841  rank=0.1404  inv=0.9437  lr=1.33e-04  11.92s/step  eta 1:35:19
step    40/500  loss=0.4294  rank=0.1238  inv=0.3056  lr=2.00e-04  11.96s/step  eta 1:31:43
  dev max|d|=0.2446  (pair=toml - inline_kv)
step    60/500  loss=0.3173  rank=0.2253  inv=0.0920  lr=1.98e-04  12.36s/step  eta 1:30:38
step    80/500  loss=0.2334  rank=0.1508  inv=0.0827  lr=1.94e-04  12.21s/step  eta 1:25:27
step   100/500  loss=0.2352  rank=0.1758  inv=0.0594  lr=1.89e-04  12.18s/step  eta 1:21:11
  dev max|d|=0.2247  (pair=json - markdown)
step   120/500  loss=0.1419  rank=0.0986  inv=0.0433  lr=1.82e-04  12.24s/step  eta 1:17:32
step   140/500  loss=0.2833  rank=0.1898  inv=0.0935  lr=1.74e-04  12.18s/step  eta 1:13:04
  dev max|d|=0.1575  (pair=json - markdown)
step   160/500  loss=0.2379  rank=0.1707  inv=0.0672  lr=1.65e-04  12.22s/step  eta 1:09:15
step   180/500  loss=0.1640  rank=0.1039  inv=0.0601  lr=1.54e-04  12.17s/step  eta 1:04:55
step   200/500  loss=0.2092  rank=0.1116  inv=0.0976  lr=1.42e-04  12.16s/step  eta 1:00:49
  dev max|d|=0.1131  (pair=json - inline_kv)
step   220/500  loss=0.1938  rank=0.1357  inv=0.0582  lr=1.30e-04  12.22s/step  eta 0:57:02
step   240/500  loss=0.1933  rank=0.1308  inv=0.0625  lr=1.17e-04  12.21s/step  eta 0:52:53
  dev max|d|=0.2132  (pair=json - inline_kv)
step   260/500  loss=0.1218  rank=0.0489  inv=0.0729  lr=1.03e-04  12.25s/step  eta 0:48:59
step   280/500  loss=0.1708  rank=0.1185  inv=0.0523  lr=9.00e-05  12.25s/step  eta 0:44:54
step   300/500  loss=0.1411  rank=0.0948  inv=0.0463  lr=7.68e-05  12.22s/step  eta 0:40:43
  dev max|d|=0.1580  (pair=json - inline_kv)
step   320/500  loss=0.1482  rank=0.0849  inv=0.0634  lr=6.41e-05  12.24s/step  eta 0:36:43
step   340/500  loss=0.1865  rank=0.0991  inv=0.0874  lr=5.19e-05  12.22s/step  eta 0:32:34
  dev max|d|=0.1589  (pair=json - inline_kv)
step   360/500  loss=0.1336  rank=0.0943  inv=0.0393  lr=4.07e-05  12.24s/step  eta 0:28:33
step   380/500  loss=0.1763  rank=0.1121  inv=0.0642  lr=3.05e-05  12.21s/step  eta 0:24:24
step   400/500  loss=0.1945  rank=0.1312  inv=0.0633  lr=2.15e-05  12.18s/step  eta 0:20:18
  dev max|d|=0.1572  (pair=json - inline_kv)
step   420/500  loss=0.1222  rank=0.0814  inv=0.0408  lr=1.40e-05  12.23s/step  eta 0:16:18
step   440/500  loss=0.1795  rank=0.1283  inv=0.0512  lr=7.94e-06  12.21s/step  eta 0:12:12
  dev max|d|=0.1363  (pair=json - inline_kv)
step   460/500  loss=0.2574  rank=0.1620  inv=0.0954  lr=3.55e-06  12.22s/step  eta 0:08:08
step   480/500  loss=0.1749  rank=0.0869  inv=0.0880  lr=8.92e-07  12.20s/step  eta 0:04:04
step   500/500  loss=0.3580  rank=0.3043  inv=0.0538  lr=0.00e+00  12.19s/step  eta 0:00:00
  dev max|d|=0.1375  (pair=json - inline_kv)

Finished at step 500 in 6113s, dev max|d|=0.1375
Saved adapter -> data/nq/h2/train/minilm_l6_yaml_lam1/adapter
