
======================================================================
TRAIN  MiniLM-L12  arm=inline_kv_lam0.1   2026-10-05 18:47:44
======================================================================
  identifier:  cross-encoder/ms-marco-MiniLM-L12-v2
  formats:     4 of 5  ['yaml', 'json', 'toml', 'markdown']
  held out:    inline_kv
  lambda_inv:  0.1
  batch:       4 x 4
  steps:       500, warmup 30
  output:      data/nq/h2/train/minilm_l12_inline_kv_lam0.1
  device:      cuda
Warning: You are sending unauthenticated requests to the HF Hub. Please set a HF_TOKEN to enable higher rate limits and faster downloads.
[transformers] `torch_dtype` is deprecated! Use `dtype` instead!
Loading weights:   0%|          | 0/201 [00:00<?, ?it/s]Loading weights:  87%|████████▋ | 175/201 [00:00<00:00, 1746.92it/s]Loading weights: 100%|██████████| 201/201 [00:00<00:00, 1923.88it/s]
  trainable:   442,753 / 33,803,138 (1.31%)

Loading the corpus...
[transformers] Token indices sequence length is longer than the specified maximum sequence length for this model (970 > 512). Running this sequence through the model will result in indexing errors
[transformers] Token indices sequence length is longer than the specified maximum sequence length for this model (970 > 512). Running this sequence through the model will result in indexing errors
[transformers] Token indices sequence length is longer than the specified maximum sequence length for this model (963 > 512). Running this sequence through the model will result in indexing errors
[transformers] Token indices sequence length is longer than the specified maximum sequence length for this model (928 > 512). Running this sequence through the model will result in indexing errors
[transformers] Token indices sequence length is longer than the specified maximum sequence length for this model (1154 > 1024). Running this sequence through the model will result in indexing errors
  train: 6,131 kept, 449 dropped
  dev:   758 kept
  corpus loading in 0:08:09

Resuming at step 400; dropped 1 log records past it.

Training minilm_l12 inline_kv_lam0.1
[transformers] `use_return_dict` is deprecated! Use `return_dict` instead!
[transformers] `use_cache=True` is incompatible with gradient checkpointing. Setting `use_cache=False`.
step   401/500  loss=0.0504  rank=0.0417  inv=0.0863  lr=2.11e-05  0.05s/step  eta 0:00:05
step   420/500  loss=0.0229  rank=0.0118  inv=0.1110  lr=1.40e-05  1.01s/step  eta 0:01:20
step   440/500  loss=0.0355  rank=0.0251  inv=0.1043  lr=7.94e-06  1.93s/step  eta 0:01:55
  dev max|d|=0.1850  (pair=yaml - toml)
step   460/500  loss=0.0390  rank=0.0262  inv=0.1279  lr=3.55e-06  2.83s/step  eta 0:01:53
step   480/500  loss=0.0405  rank=0.0244  inv=0.1608  lr=8.92e-07  3.62s/step  eta 0:01:12
step   500/500  loss=0.1674  rank=0.1557  inv=0.1165  lr=0.00e+00  4.33s/step  eta 0:00:00
  dev max|d|=0.1875  (pair=yaml - toml)

Finished at step 500 in 2191s, dev max|d|=0.1875
Saved adapter -> data/nq/h2/train/minilm_l12_inline_kv_lam0.1/adapter
