
======================================================================
TRAIN  MiniLM-L12  arm=5fmt_lam0.01   2026-10-05 05:52:57
======================================================================
  identifier:  cross-encoder/ms-marco-MiniLM-L12-v2
  formats:     5 of 5  ['yaml', 'json', 'toml', 'inline_kv', 'markdown']
  lambda_inv:  0.01
  batch:       4 x 4
  steps:       500, warmup 30
  output:      data/nq/h2/train/minilm_l12_5fmt_lam0.01
  device:      cuda
Warning: You are sending unauthenticated requests to the HF Hub. Please set a HF_TOKEN to enable higher rate limits and faster downloads.
[transformers] `torch_dtype` is deprecated! Use `dtype` instead!
Loading weights:   0%|          | 0/201 [00:00<?, ?it/s]Loading weights: 100%|██████████| 201/201 [00:00<00:00, 2878.35it/s]
  trainable:   442,753 / 33,803,138 (1.31%)

Loading the corpus...
[transformers] Token indices sequence length is longer than the specified maximum sequence length for this model (970 > 512). Running this sequence through the model will result in indexing errors
[transformers] Token indices sequence length is longer than the specified maximum sequence length for this model (970 > 512). Running this sequence through the model will result in indexing errors
[transformers] Token indices sequence length is longer than the specified maximum sequence length for this model (963 > 512). Running this sequence through the model will result in indexing errors
[transformers] Token indices sequence length is longer than the specified maximum sequence length for this model (928 > 512). Running this sequence through the model will result in indexing errors
[transformers] Token indices sequence length is longer than the specified maximum sequence length for this model (1154 > 1024). Running this sequence through the model will result in indexing errors
  train: 6,131 kept, 449 dropped
  dev:   758 kept
  corpus loading in 0:09:42

Training minilm_l12 5fmt_lam0.01
[transformers] `use_return_dict` is deprecated! Use `return_dict` instead!
[transformers] `use_cache=True` is incompatible with gradient checkpointing. Setting `use_cache=False`.
step     1/500  loss=0.1063  rank=0.0872  inv=1.9154  lr=6.67e-06  33.52s/step  eta 4:38:48
step    20/500  loss=0.0640  rank=0.0604  inv=0.3647  lr=1.33e-04  30.33s/step  eta 4:02:37
step    40/500  loss=0.0736  rank=0.0698  inv=0.3738  lr=2.00e-04  29.24s/step  eta 3:44:09
  dev max|d|=0.7306  (pair=yaml - toml)
step    60/500  loss=0.0658  rank=0.0629  inv=0.2876  lr=1.98e-04  30.66s/step  eta 3:44:49
step    80/500  loss=0.0715  rank=0.0674  inv=0.4114  lr=1.94e-04  30.51s/step  eta 3:33:35
step   100/500  loss=0.0545  rank=0.0518  inv=0.2645  lr=1.89e-04  30.38s/step  eta 3:22:31
  dev max|d|=0.4035  (pair=yaml - inline_kv)
step   120/500  loss=0.0246  rank=0.0202  inv=0.4422  lr=1.82e-04  30.41s/step  eta 3:12:33
step   140/500  loss=0.1261  rank=0.1233  inv=0.2839  lr=1.74e-04  30.06s/step  eta 3:00:22
  dev max|d|=0.3680  (pair=yaml - inline_kv)
step   160/500  loss=0.1464  rank=0.1429  inv=0.3504  lr=1.65e-04  30.05s/step  eta 2:50:16
step   180/500  loss=0.0199  rank=0.0171  inv=0.2820  lr=1.54e-04  29.82s/step  eta 2:39:01
step   200/500  loss=0.0518  rank=0.0490  inv=0.2821  lr=1.42e-04  29.66s/step  eta 2:28:16
  dev max|d|=0.2286  (pair=yaml - inline_kv)
step   220/500  loss=0.0972  rank=0.0893  inv=0.7897  lr=1.30e-04  29.71s/step  eta 2:18:39
step   240/500  loss=0.0373  rank=0.0347  inv=0.2594  lr=1.17e-04  29.71s/step  eta 2:08:45
  dev max|d|=0.3058  (pair=yaml - inline_kv)
step   260/500  loss=0.0115  rank=0.0066  inv=0.4910  lr=1.03e-04  29.98s/step  eta 1:59:54
step   280/500  loss=0.0563  rank=0.0512  inv=0.5059  lr=9.00e-05  29.99s/step  eta 1:49:57
step   300/500  loss=0.0223  rank=0.0175  inv=0.4782  lr=7.68e-05  29.90s/step  eta 1:39:39
  dev max|d|=0.2608  (pair=toml - inline_kv)
step   320/500  loss=0.0254  rank=0.0210  inv=0.4414  lr=6.41e-05  29.99s/step  eta 1:29:58
step   340/500  loss=0.0659  rank=0.0607  inv=0.5211  lr=5.19e-05  30.01s/step  eta 1:20:01
  dev max|d|=0.2750  (pair=toml - inline_kv)
step   360/500  loss=0.0131  rank=0.0100  inv=0.3053  lr=4.07e-05  30.05s/step  eta 1:10:07
step   380/500  loss=0.0632  rank=0.0564  inv=0.6812  lr=3.05e-05  29.96s/step  eta 0:59:55
step   400/500  loss=0.0827  rank=0.0790  inv=0.3762  lr=2.15e-05  29.91s/step  eta 0:49:50
  dev max|d|=0.2581  (pair=toml - inline_kv)
step   420/500  loss=0.0149  rank=0.0097  inv=0.5122  lr=1.40e-05  29.98s/step  eta 0:39:58
step   440/500  loss=0.0297  rank=0.0260  inv=0.3658  lr=7.94e-06  29.99s/step  eta 0:29:59
  dev max|d|=0.2631  (pair=toml - inline_kv)
step   460/500  loss=0.0203  rank=0.0160  inv=0.4322  lr=3.55e-06  29.99s/step  eta 0:19:59
step   480/500  loss=0.0237  rank=0.0181  inv=0.5623  lr=8.92e-07  29.95s/step  eta 0:09:59
step   500/500  loss=0.1432  rank=0.1392  inv=0.3994  lr=0.00e+00  30.02s/step  eta 0:00:00
  dev max|d|=0.2658  (pair=toml - inline_kv)

Finished at step 500 in 15050s, dev max|d|=0.2658
Saved adapter -> data/nq/h2/train/minilm_l12_5fmt_lam0.01/adapter
