
======================================================================
TRAIN  mxbai-v1-tanh  arm=yaml_lam0   2026-10-06 02:05:00
======================================================================
  identifier:  mixedbread-ai/mxbai-rerank-base-v1
  formats:     4 of 5  ['json', 'toml', 'inline_kv', 'markdown']
  held out:    yaml
  lambda_inv:  0.0
  batch:       2 x 8
  steps:       500, warmup 30
  output:      data/nq/h2/train/mxbai_v1_tanh_yaml_lam0
  device:      cuda
Warning: You are sending unauthenticated requests to the HF Hub. Please set a HF_TOKEN to enable higher rate limits and faster downloads.
[transformers] `torch_dtype` is deprecated! Use `dtype` instead!
Loading weights:   0%|          | 0/202 [00:00<?, ?it/s]Loading weights: 100%|██████████| 202/202 [00:00<00:00, 4394.81it/s]
  trainable:   1,476,097 / 186,489,602 (0.79%)

Loading the corpus...
[transformers] Token indices sequence length is longer than the specified maximum sequence length for this model (970 > 512). Running this sequence through the model will result in indexing errors
[transformers] Token indices sequence length is longer than the specified maximum sequence length for this model (970 > 512). Running this sequence through the model will result in indexing errors
[transformers] Token indices sequence length is longer than the specified maximum sequence length for this model (963 > 512). Running this sequence through the model will result in indexing errors
[transformers] Token indices sequence length is longer than the specified maximum sequence length for this model (928 > 512). Running this sequence through the model will result in indexing errors
[transformers] Token indices sequence length is longer than the specified maximum sequence length for this model (1154 > 1024). Running this sequence through the model will result in indexing errors
  train: 6,131 kept, 449 dropped
  dev:   758 kept
  corpus loading in 0:02:11

Training mxbai_v1_tanh yaml_lam0
[transformers] `use_return_dict` is deprecated! Use `return_dict` instead!
step     1/500  loss=0.7765  rank=0.7765  inv=0.0017  lr=6.67e-06  15.29s/step  eta 2:07:11
step    20/500  loss=0.0882  rank=0.0882  inv=0.0742  lr=1.33e-04  15.69s/step  eta 2:05:30
step    40/500  loss=0.0098  rank=0.0098  inv=0.3509  lr=2.00e-04  15.66s/step  eta 2:00:01
  dev max|d|=0.1777  (pair=toml - inline_kv)
step    60/500  loss=0.0250  rank=0.0250  inv=0.3534  lr=1.98e-04  16.36s/step  eta 1:59:59
step    80/500  loss=0.0530  rank=0.0530  inv=0.7252  lr=1.94e-04  16.22s/step  eta 1:53:31
step   100/500  loss=0.0312  rank=0.0312  inv=0.5388  lr=1.89e-04  16.14s/step  eta 1:47:35
  dev max|d|=0.0818  (pair=toml - inline_kv)
step   120/500  loss=0.0044  rank=0.0044  inv=0.9685  lr=1.82e-04  16.45s/step  eta 1:44:10
step   140/500  loss=0.0231  rank=0.0231  inv=0.4896  lr=1.74e-04  16.36s/step  eta 1:38:09
  dev max|d|=0.1227  (pair=toml - inline_kv)
step   160/500  loss=0.0318  rank=0.0318  inv=0.4245  lr=1.65e-04  16.55s/step  eta 1:33:47
step   180/500  loss=0.0244  rank=0.0244  inv=0.3663  lr=1.54e-04  16.45s/step  eta 1:27:42
step   200/500  loss=0.0156  rank=0.0156  inv=0.1427  lr=1.42e-04  16.37s/step  eta 1:21:51
  dev max|d|=0.2341  (pair=json - inline_kv)
step   220/500  loss=0.0081  rank=0.0081  inv=0.2630  lr=1.30e-04  16.53s/step  eta 1:17:07
step   240/500  loss=0.0078  rank=0.0078  inv=0.4440  lr=1.17e-04  16.47s/step  eta 1:11:21
  dev max|d|=0.1658  (pair=json - toml)
step   260/500  loss=0.0525  rank=0.0525  inv=0.6893  lr=1.03e-04  16.58s/step  eta 1:06:18
step   280/500  loss=0.0423  rank=0.0423  inv=0.3602  lr=9.00e-05  16.51s/step  eta 1:00:32
step   300/500  loss=0.0366  rank=0.0366  inv=0.9948  lr=7.68e-05  16.47s/step  eta 0:54:54
  dev max|d|=0.1526  (pair=toml - markdown)
step   320/500  loss=0.0276  rank=0.0276  inv=0.3602  lr=6.41e-05  16.55s/step  eta 0:49:39
step   340/500  loss=0.0106  rank=0.0106  inv=0.3174  lr=5.19e-05  16.51s/step  eta 0:44:02
  dev max|d|=0.1852  (pair=toml - markdown)
step   360/500  loss=0.0387  rank=0.0387  inv=0.5809  lr=4.07e-05  16.58s/step  eta 0:38:41
step   380/500  loss=0.0563  rank=0.0563  inv=0.7679  lr=3.05e-05  16.55s/step  eta 0:33:06
step   400/500  loss=0.0160  rank=0.0160  inv=0.2778  lr=2.15e-05  16.51s/step  eta 0:27:31
  dev max|d|=0.1576  (pair=toml - markdown)
step   420/500  loss=0.0057  rank=0.0057  inv=0.2259  lr=1.40e-05  16.59s/step  eta 0:22:07
step   440/500  loss=0.0103  rank=0.0103  inv=0.3071  lr=7.94e-06  16.57s/step  eta 0:16:34
  dev max|d|=0.1595  (pair=toml - markdown)
step   460/500  loss=0.0035  rank=0.0035  inv=0.8882  lr=3.55e-06  16.62s/step  eta 0:11:04
step   480/500  loss=0.0054  rank=0.0054  inv=0.4430  lr=8.92e-07  16.59s/step  eta 0:05:31
step   500/500  loss=0.0222  rank=0.0222  inv=0.6165  lr=0.00e+00  16.56s/step  eta 0:00:00
  dev max|d|=0.1597  (pair=toml - markdown)

Finished at step 500 in 8324s, dev max|d|=0.1597
Saved adapter -> data/nq/h2/train/mxbai_v1_tanh_yaml_lam0/adapter
