
======================================================================
TRAIN  mxbai-v1-tanh  arm=inline_kv_lam0   2026-10-06 02:05:01
======================================================================
  identifier:  mixedbread-ai/mxbai-rerank-base-v1
  formats:     4 of 5  ['yaml', 'json', 'toml', 'markdown']
  held out:    inline_kv
  lambda_inv:  0.0
  batch:       2 x 8
  steps:       500, warmup 30
  output:      data/nq/h2/train/mxbai_v1_tanh_inline_kv_lam0
  device:      cuda
Warning: You are sending unauthenticated requests to the HF Hub. Please set a HF_TOKEN to enable higher rate limits and faster downloads.
[transformers] `torch_dtype` is deprecated! Use `dtype` instead!
Loading weights:   0%|          | 0/202 [00:00<?, ?it/s]Loading weights: 100%|██████████| 202/202 [00:00<00:00, 4168.16it/s]
  trainable:   1,476,097 / 186,489,602 (0.79%)

Loading the corpus...
[transformers] Token indices sequence length is longer than the specified maximum sequence length for this model (970 > 512). Running this sequence through the model will result in indexing errors
[transformers] Token indices sequence length is longer than the specified maximum sequence length for this model (970 > 512). Running this sequence through the model will result in indexing errors
[transformers] Token indices sequence length is longer than the specified maximum sequence length for this model (963 > 512). Running this sequence through the model will result in indexing errors
[transformers] Token indices sequence length is longer than the specified maximum sequence length for this model (928 > 512). Running this sequence through the model will result in indexing errors
[transformers] Token indices sequence length is longer than the specified maximum sequence length for this model (1154 > 1024). Running this sequence through the model will result in indexing errors
  train: 6,131 kept, 449 dropped
  dev:   758 kept
  corpus loading in 0:02:11

Training mxbai_v1_tanh inline_kv_lam0
[transformers] `use_return_dict` is deprecated! Use `return_dict` instead!
step     1/500  loss=0.7855  rank=0.7855  inv=0.0014  lr=6.67e-06  15.23s/step  eta 2:06:38
step    20/500  loss=0.0760  rank=0.0760  inv=0.0673  lr=1.33e-04  15.72s/step  eta 2:05:47
step    40/500  loss=0.0074  rank=0.0074  inv=0.2954  lr=2.00e-04  15.73s/step  eta 2:00:34
  dev max|d|=0.2360  (pair=yaml - toml)
step    60/500  loss=0.0416  rank=0.0416  inv=0.9044  lr=1.98e-04  16.44s/step  eta 2:00:34
step    80/500  loss=0.0524  rank=0.0524  inv=0.6903  lr=1.94e-04  16.31s/step  eta 1:54:08
step   100/500  loss=0.0385  rank=0.0385  inv=0.5072  lr=1.89e-04  16.20s/step  eta 1:47:58
  dev max|d|=0.1974  (pair=yaml - toml)
step   120/500  loss=0.0056  rank=0.0056  inv=0.5176  lr=1.82e-04  16.54s/step  eta 1:44:44
step   140/500  loss=0.0344  rank=0.0344  inv=0.5814  lr=1.74e-04  16.46s/step  eta 1:38:44
  dev max|d|=0.2095  (pair=yaml - toml)
step   160/500  loss=0.0322  rank=0.0322  inv=0.2938  lr=1.65e-04  16.65s/step  eta 1:34:22
step   180/500  loss=0.0245  rank=0.0245  inv=0.3000  lr=1.54e-04  16.55s/step  eta 1:28:15
step   200/500  loss=0.0114  rank=0.0114  inv=0.2663  lr=1.42e-04  16.48s/step  eta 1:22:22
  dev max|d|=0.1681  (pair=json - toml)
step   220/500  loss=0.0145  rank=0.0145  inv=0.4111  lr=1.30e-04  16.63s/step  eta 1:17:35
step   240/500  loss=0.0109  rank=0.0109  inv=0.3280  lr=1.17e-04  16.57s/step  eta 1:11:48
  dev max|d|=0.1720  (pair=json - toml)
step   260/500  loss=0.0376  rank=0.0376  inv=0.9167  lr=1.03e-04  16.68s/step  eta 1:06:43
step   280/500  loss=0.0312  rank=0.0312  inv=0.4817  lr=9.00e-05  16.62s/step  eta 1:00:55
step   300/500  loss=0.0317  rank=0.0317  inv=0.6673  lr=7.68e-05  16.58s/step  eta 0:55:15
  dev max|d|=0.1945  (pair=yaml - toml)
step   320/500  loss=0.0190  rank=0.0190  inv=0.4602  lr=6.41e-05  16.66s/step  eta 0:49:58
step   340/500  loss=0.0096  rank=0.0096  inv=0.3797  lr=5.19e-05  16.62s/step  eta 0:44:18
  dev max|d|=0.1682  (pair=json - toml)
step   360/500  loss=0.0417  rank=0.0417  inv=0.4870  lr=4.07e-05  16.69s/step  eta 0:38:56
step   380/500  loss=0.0602  rank=0.0602  inv=0.5275  lr=3.05e-05  16.65s/step  eta 0:33:17
step   400/500  loss=0.0152  rank=0.0152  inv=0.4112  lr=2.15e-05  16.61s/step  eta 0:27:40
  dev max|d|=0.1803  (pair=yaml - toml)
step   420/500  loss=0.0046  rank=0.0046  inv=0.2277  lr=1.40e-05  16.69s/step  eta 0:22:15
step   440/500  loss=0.0224  rank=0.0224  inv=0.3889  lr=7.94e-06  16.66s/step  eta 0:16:39
  dev max|d|=0.1883  (pair=yaml - toml)
step   460/500  loss=0.0034  rank=0.0034  inv=0.7817  lr=3.55e-06  16.72s/step  eta 0:11:08
step   480/500  loss=0.0035  rank=0.0035  inv=0.4133  lr=8.92e-07  16.69s/step  eta 0:05:33
step   500/500  loss=0.0110  rank=0.0110  inv=0.4385  lr=0.00e+00  16.67s/step  eta 0:00:00
  dev max|d|=0.1889  (pair=yaml - toml)

Finished at step 500 in 8385s, dev max|d|=0.1889
Saved adapter -> data/nq/h2/train/mxbai_v1_tanh_inline_kv_lam0/adapter
