
======================================================================
TRAIN  MiniLM-L6  arm=yaml_lam0   2026-10-05 08:35:37
======================================================================
  identifier:  cross-encoder/ms-marco-MiniLM-L6-v2
  formats:     4 of 5  ['json', 'toml', 'inline_kv', 'markdown']
  held out:    yaml
  lambda_inv:  0.0
  batch:       4 x 4
  steps:       500, warmup 30
  output:      data/nq/h2/train/minilm_l6_yaml_lam0
  device:      cuda
Warning: You are sending unauthenticated requests to the HF Hub. Please set a HF_TOKEN to enable higher rate limits and faster downloads.
[transformers] `torch_dtype` is deprecated! Use `dtype` instead!
Loading weights:   0%|          | 0/105 [00:00<?, ?it/s]Loading weights: 100%|██████████| 105/105 [00:00<00:00, 2247.17it/s]
  trainable:   221,569 / 22,935,170 (0.97%)

Loading the corpus...
[transformers] Token indices sequence length is longer than the specified maximum sequence length for this model (970 > 512). Running this sequence through the model will result in indexing errors
[transformers] Token indices sequence length is longer than the specified maximum sequence length for this model (970 > 512). Running this sequence through the model will result in indexing errors
[transformers] Token indices sequence length is longer than the specified maximum sequence length for this model (963 > 512). Running this sequence through the model will result in indexing errors
[transformers] Token indices sequence length is longer than the specified maximum sequence length for this model (928 > 512). Running this sequence through the model will result in indexing errors
[transformers] Token indices sequence length is longer than the specified maximum sequence length for this model (1154 > 1024). Running this sequence through the model will result in indexing errors
  train: 6,131 kept, 449 dropped
  dev:   758 kept
  corpus loading in 0:08:00

Training minilm_l6 yaml_lam0
[transformers] `use_return_dict` is deprecated! Use `return_dict` instead!
[transformers] `use_cache=True` is incompatible with gradient checkpointing. Setting `use_cache=False`.
step     1/500  loss=0.1280  rank=0.1280  inv=1.1455  lr=6.67e-06  11.84s/step  eta 1:38:28
step    20/500  loss=0.1390  rank=0.1390  inv=1.0036  lr=1.33e-04  11.41s/step  eta 1:31:14
step    40/500  loss=0.1208  rank=0.1208  inv=0.5438  lr=2.00e-04  11.43s/step  eta 1:27:38
  dev max|d|=0.2388  (pair=toml - markdown)
step    60/500  loss=0.1566  rank=0.1566  inv=0.3254  lr=1.98e-04  11.74s/step  eta 1:26:04
step    80/500  loss=0.0726  rank=0.0726  inv=0.3956  lr=1.94e-04  11.67s/step  eta 1:21:39
step   100/500  loss=0.0533  rank=0.0533  inv=0.3450  lr=1.89e-04  11.63s/step  eta 1:17:32
  dev max|d|=0.0989  (pair=inline_kv - markdown)
step   120/500  loss=0.0232  rank=0.0232  inv=0.4218  lr=1.82e-04  11.75s/step  eta 1:14:24
step   140/500  loss=0.0932  rank=0.0932  inv=0.4210  lr=1.74e-04  11.71s/step  eta 1:10:14
  dev max|d|=0.1814  (pair=json - markdown)
step   160/500  loss=0.1444  rank=0.1444  inv=0.6434  lr=1.65e-04  11.79s/step  eta 1:06:48
step   180/500  loss=0.0505  rank=0.0505  inv=0.8524  lr=1.54e-04  11.75s/step  eta 1:02:40
step   200/500  loss=0.0598  rank=0.0598  inv=0.6714  lr=1.42e-04  11.73s/step  eta 0:58:40
  dev max|d|=0.1761  (pair=toml - markdown)
step   220/500  loss=0.0553  rank=0.0553  inv=0.7989  lr=1.30e-04  11.79s/step  eta 0:55:02
step   240/500  loss=0.0501  rank=0.0501  inv=0.5425  lr=1.17e-04  11.76s/step  eta 0:50:58
  dev max|d|=0.1884  (pair=json - markdown)
step   260/500  loss=0.0041  rank=0.0041  inv=0.9714  lr=1.03e-04  11.81s/step  eta 0:47:14
step   280/500  loss=0.0387  rank=0.0387  inv=1.0347  lr=9.00e-05  11.78s/step  eta 0:43:12
step   300/500  loss=0.0216  rank=0.0216  inv=0.6940  lr=7.68e-05  11.76s/step  eta 0:39:12
  dev max|d|=0.1800  (pair=json - markdown)
step   320/500  loss=0.0294  rank=0.0294  inv=1.1115  lr=6.41e-05  11.80s/step  eta 0:35:23
step   340/500  loss=0.0766  rank=0.0766  inv=1.1403  lr=5.19e-05  11.78s/step  eta 0:31:24
  dev max|d|=0.1655  (pair=toml - markdown)
step   360/500  loss=0.0218  rank=0.0218  inv=0.7792  lr=4.07e-05  11.81s/step  eta 0:27:33
step   380/500  loss=0.0566  rank=0.0566  inv=1.2066  lr=3.05e-05  11.79s/step  eta 0:23:34
step   400/500  loss=0.0907  rank=0.0907  inv=1.2677  lr=2.15e-05  11.77s/step  eta 0:19:37
  dev max|d|=0.1805  (pair=toml - markdown)
step   420/500  loss=0.0311  rank=0.0311  inv=0.9598  lr=1.40e-05  11.80s/step  eta 0:15:44
step   440/500  loss=0.0372  rank=0.0372  inv=0.6627  lr=7.94e-06  11.78s/step  eta 0:11:46
  dev max|d|=0.1791  (pair=toml - markdown)
step   460/500  loss=0.0605  rank=0.0605  inv=0.8356  lr=3.55e-06  11.82s/step  eta 0:07:52
step   480/500  loss=0.0409  rank=0.0409  inv=1.1541  lr=8.92e-07  11.81s/step  eta 0:03:56
step   500/500  loss=0.1475  rank=0.1475  inv=0.5292  lr=0.00e+00  11.80s/step  eta 0:00:00
  dev max|d|=0.1767  (pair=toml - markdown)

Finished at step 500 in 5917s, dev max|d|=0.1767
Saved adapter -> data/nq/h2/train/minilm_l6_yaml_lam0/adapter
