
======================================================================
TRAIN  jina-v2  arm=inline_kv_lam0.1   2026-10-05 19:27:26
======================================================================
  identifier:  jinaai/jina-reranker-v2-base-multilingual
  formats:     4 of 5  ['yaml', 'json', 'toml', 'markdown']
  held out:    inline_kv
  lambda_inv:  0.1
  batch:       2 x 8
  steps:       500, warmup 30
  output:      data/nq/h2/train/jina_v2_inline_kv_lam0.1
  device:      cuda
Warning: You are sending unauthenticated requests to the HF Hub. Please set a HF_TOKEN to enable higher rate limits and faster downloads.
[transformers] `torch_dtype` is deprecated! Use `dtype` instead!
flash_attn is not installed. Using PyTorch native attention implementation.
flash_attn is not installed. Using PyTorch native attention implementation.
flash_attn is not installed. Using PyTorch native attention implementation.
flash_attn is not installed. Using PyTorch native attention implementation.
flash_attn is not installed. Using PyTorch native attention implementation.
flash_attn is not installed. Using PyTorch native attention implementation.
flash_attn is not installed. Using PyTorch native attention implementation.
flash_attn is not installed. Using PyTorch native attention implementation.
flash_attn is not installed. Using PyTorch native attention implementation.
flash_attn is not installed. Using PyTorch native attention implementation.
flash_attn is not installed. Using PyTorch native attention implementation.
flash_attn is not installed. Using PyTorch native attention implementation.
flash_attn is not installed. Using PyTorch native attention implementation.
Loading weights:   0%|          | 0/153 [00:00<?, ?it/s]Loading weights: 100%|██████████| 153/153 [00:00<00:00, 2388.29it/s]
[transformers] XLMRobertaForSequenceClassification does not expose input embeddings. Gradients cannot flow back to the token embeddings when using adapters or gradient checkpointing. Override `get_input_embeddings` to fully support those features, or set `_input_embed_layer` to the attribute name that holds the embeddings.
[transformers] You are using an old version of the checkpointing format that is deprecated (We will also silently ignore `gradient_checkpointing_kwargs` in case you passed it).Please update to the new format on your modeling file. To use the new format, you need to completely remove the definition of the method `_set_gradient_checkpointing` in your model.
  fused projections patched: 12
  trainable:   1,181,185 / 279,618,818 (0.42%)

Loading the corpus...
[transformers] Token indices sequence length is longer than the specified maximum sequence length for this model (970 > 512). Running this sequence through the model will result in indexing errors
[transformers] Token indices sequence length is longer than the specified maximum sequence length for this model (970 > 512). Running this sequence through the model will result in indexing errors
[transformers] Token indices sequence length is longer than the specified maximum sequence length for this model (963 > 512). Running this sequence through the model will result in indexing errors
[transformers] Token indices sequence length is longer than the specified maximum sequence length for this model (928 > 512). Running this sequence through the model will result in indexing errors
[transformers] Token indices sequence length is longer than the specified maximum sequence length for this model (1154 > 1024). Running this sequence through the model will result in indexing errors
  train: 6,131 kept, 449 dropped
  dev:   758 kept
  corpus loading in 0:02:12

Training jina_v2 inline_kv_lam0.1
[transformers] `use_return_dict` is deprecated! Use `return_dict` instead!
step     1/500  loss=0.1881  rank=0.1860  inv=0.0208  lr=6.67e-06  6.48s/step  eta 0:53:51
step    20/500  loss=0.0736  rank=0.0693  inv=0.0438  lr=1.33e-04  6.49s/step  eta 0:51:53
step    40/500  loss=0.0228  rank=0.0137  inv=0.0906  lr=2.00e-04  6.46s/step  eta 0:49:30
  dev max|d|=0.2365  (pair=yaml - json)
step    60/500  loss=0.0209  rank=0.0174  inv=0.0349  lr=1.98e-04  6.98s/step  eta 0:51:12
step    80/500  loss=0.0367  rank=0.0326  inv=0.0413  lr=1.94e-04  6.85s/step  eta 0:47:57
step   100/500  loss=0.0270  rank=0.0192  inv=0.0779  lr=1.89e-04  6.78s/step  eta 0:45:10
  dev max|d|=0.1888  (pair=toml - markdown)
step   120/500  loss=0.0219  rank=0.0140  inv=0.0787  lr=1.82e-04  6.99s/step  eta 0:44:16
step   140/500  loss=0.0329  rank=0.0297  inv=0.0329  lr=1.74e-04  6.92s/step  eta 0:41:30
  dev max|d|=0.1668  (pair=toml - markdown)
step   160/500  loss=0.0181  rank=0.0129  inv=0.0513  lr=1.65e-04  7.06s/step  eta 0:40:01
step   180/500  loss=0.0266  rank=0.0206  inv=0.0599  lr=1.54e-04  7.00s/step  eta 0:37:18
step   200/500  loss=0.0100  rank=0.0076  inv=0.0241  lr=1.42e-04  6.94s/step  eta 0:34:42
  dev max|d|=0.1928  (pair=yaml - toml)
step   220/500  loss=0.0158  rank=0.0111  inv=0.0473  lr=1.30e-04  7.06s/step  eta 0:32:58
step   240/500  loss=0.0145  rank=0.0100  inv=0.0453  lr=1.17e-04  7.02s/step  eta 0:30:24
  dev max|d|=0.1631  (pair=json - markdown)
step   260/500  loss=0.0268  rank=0.0211  inv=0.0566  lr=1.03e-04  7.10s/step  eta 0:28:23
step   280/500  loss=0.0299  rank=0.0254  inv=0.0456  lr=9.00e-05  7.05s/step  eta 0:25:51
step   300/500  loss=0.0312  rank=0.0189  inv=0.1235  lr=7.68e-05  7.02s/step  eta 0:23:23
  dev max|d|=0.2117  (pair=json - markdown)
step   320/500  loss=0.0420  rank=0.0366  inv=0.0531  lr=6.41e-05  7.09s/step  eta 0:21:15
step   340/500  loss=0.0153  rank=0.0085  inv=0.0680  lr=5.19e-05  7.05s/step  eta 0:18:47
  dev max|d|=0.1936  (pair=json - markdown)
step   360/500  loss=0.0499  rank=0.0438  inv=0.0610  lr=4.07e-05  7.10s/step  eta 0:16:34
step   380/500  loss=0.0149  rank=0.0087  inv=0.0626  lr=3.05e-05  7.07s/step  eta 0:14:08
step   400/500  loss=0.0188  rank=0.0154  inv=0.0342  lr=2.15e-05  7.04s/step  eta 0:11:43
  dev max|d|=0.1720  (pair=json - markdown)
step   420/500  loss=0.0126  rank=0.0092  inv=0.0336  lr=1.40e-05  7.09s/step  eta 0:09:26
step   440/500  loss=0.0182  rank=0.0137  inv=0.0454  lr=7.94e-06  7.06s/step  eta 0:07:03
  dev max|d|=0.1559  (pair=json - markdown)
step   460/500  loss=0.0123  rank=0.0047  inv=0.0763  lr=3.55e-06  7.10s/step  eta 0:04:44
step   480/500  loss=0.0091  rank=0.0033  inv=0.0576  lr=8.92e-07  7.08s/step  eta 0:02:21
step   500/500  loss=0.0327  rank=0.0248  inv=0.0792  lr=0.00e+00  7.05s/step  eta 0:00:00
  dev max|d|=0.1562  (pair=json - markdown)

Finished at step 500 in 3558s, dev max|d|=0.1562
Saved adapter -> data/nq/h2/train/jina_v2_inline_kv_lam0.1/adapter
