
======================================================================
TRAIN  mxbai-v1-tanh  arm=5fmt_lam10   2026-10-05 22:33:42
======================================================================
  identifier:  mixedbread-ai/mxbai-rerank-base-v1
  formats:     5 of 5  ['yaml', 'json', 'toml', 'inline_kv', 'markdown']
  lambda_inv:  10.0
  batch:       2 x 8
  steps:       500, warmup 30
  output:      data/nq/h2/train/mxbai_v1_tanh_5fmt_lam10
  device:      cuda
Warning: You are sending unauthenticated requests to the HF Hub. Please set a HF_TOKEN to enable higher rate limits and faster downloads.
[transformers] `torch_dtype` is deprecated! Use `dtype` instead!
Loading weights:   0%|          | 0/202 [00:00<?, ?it/s]Loading weights: 100%|██████████| 202/202 [00:00<00:00, 2056.53it/s]
  trainable:   1,476,097 / 186,489,602 (0.79%)

Loading the corpus...
[transformers] Token indices sequence length is longer than the specified maximum sequence length for this model (970 > 512). Running this sequence through the model will result in indexing errors
[transformers] Token indices sequence length is longer than the specified maximum sequence length for this model (970 > 512). Running this sequence through the model will result in indexing errors
[transformers] Token indices sequence length is longer than the specified maximum sequence length for this model (963 > 512). Running this sequence through the model will result in indexing errors
[transformers] Token indices sequence length is longer than the specified maximum sequence length for this model (928 > 512). Running this sequence through the model will result in indexing errors
[transformers] Token indices sequence length is longer than the specified maximum sequence length for this model (1154 > 1024). Running this sequence through the model will result in indexing errors
  train: 6,131 kept, 449 dropped
  dev:   758 kept
  corpus loading in 0:02:11

Training mxbai_v1_tanh 5fmt_lam10
[transformers] `use_return_dict` is deprecated! Use `return_dict` instead!
step     1/500  loss=0.8004  rank=0.7784  inv=0.0022  lr=6.67e-06  18.69s/step  eta 2:35:24
step    20/500  loss=0.3677  rank=0.2293  inv=0.0138  lr=1.33e-04  19.47s/step  eta 2:35:44
step    40/500  loss=0.1686  rank=0.1133  inv=0.0055  lr=2.00e-04  19.46s/step  eta 2:29:11
  dev max|d|=0.2392  (pair=toml - inline_kv)
step    60/500  loss=0.1736  rank=0.1511  inv=0.0023  lr=1.98e-04  20.30s/step  eta 2:28:51
step    80/500  loss=0.2747  rank=0.2363  inv=0.0038  lr=1.94e-04  20.11s/step  eta 2:20:47
step   100/500  loss=0.1247  rank=0.0913  inv=0.0033  lr=1.89e-04  19.98s/step  eta 2:13:11
  dev max|d|=0.1241  (pair=toml - inline_kv)
step   120/500  loss=0.1526  rank=0.0735  inv=0.0079  lr=1.82e-04  20.36s/step  eta 2:08:55
step   140/500  loss=0.2363  rank=0.1635  inv=0.0073  lr=1.74e-04  20.24s/step  eta 2:01:28
  dev max|d|=0.1643  (pair=json - toml)
step   160/500  loss=0.1576  rank=0.1036  inv=0.0054  lr=1.65e-04  20.50s/step  eta 1:56:08
step   180/500  loss=0.0936  rank=0.0833  inv=0.0010  lr=1.54e-04  20.37s/step  eta 1:48:39
step   200/500  loss=0.2079  rank=0.1031  inv=0.0105  lr=1.42e-04  20.31s/step  eta 1:41:32
  dev max|d|=0.1388  (pair=yaml - markdown)
step   220/500  loss=0.1664  rank=0.1492  inv=0.0017  lr=1.30e-04  20.52s/step  eta 1:35:45
step   240/500  loss=0.1247  rank=0.1158  inv=0.0009  lr=1.17e-04  20.45s/step  eta 1:28:35
  dev max|d|=0.1501  (pair=yaml - markdown)
step   260/500  loss=0.4196  rank=0.1705  inv=0.0249  lr=1.03e-04  20.60s/step  eta 1:22:23
step   280/500  loss=0.3144  rank=0.1080  inv=0.0206  lr=9.00e-05  20.52s/step  eta 1:15:13
step   300/500  loss=0.1239  rank=0.0956  inv=0.0028  lr=7.68e-05  20.48s/step  eta 1:08:16
  dev max|d|=0.0816  (pair=inline_kv - markdown)
step   320/500  loss=0.6776  rank=0.1504  inv=0.0527  lr=6.41e-05  20.60s/step  eta 1:01:48
step   340/500  loss=0.2496  rank=0.1130  inv=0.0137  lr=5.19e-05  20.55s/step  eta 0:54:47
  dev max|d|=0.0953  (pair=toml - inline_kv)
step   360/500  loss=0.1279  rank=0.1194  inv=0.0009  lr=4.07e-05  20.64s/step  eta 0:48:09
step   380/500  loss=0.1388  rank=0.1091  inv=0.0030  lr=3.05e-05  20.58s/step  eta 0:41:09
step   400/500  loss=0.1241  rank=0.1188  inv=0.0005  lr=2.15e-05  20.53s/step  eta 0:34:13
  dev max|d|=0.0904  (pair=toml - inline_kv)
step   420/500  loss=0.4087  rank=0.0868  inv=0.0322  lr=1.40e-05  20.61s/step  eta 0:27:28
step   440/500  loss=0.1408  rank=0.1056  inv=0.0035  lr=7.94e-06  20.56s/step  eta 0:20:33
  dev max|d|=0.0913  (pair=toml - inline_kv)
step   460/500  loss=0.1478  rank=0.0742  inv=0.0074  lr=3.55e-06  20.62s/step  eta 0:13:44
step   480/500  loss=0.0750  rank=0.0447  inv=0.0030  lr=8.92e-07  20.59s/step  eta 0:06:51
step   500/500  loss=0.1706  rank=0.1079  inv=0.0063  lr=0.00e+00  20.55s/step  eta 0:00:00
  dev max|d|=0.0920  (pair=toml - inline_kv)

Finished at step 500 in 10329s, dev max|d|=0.0920
Saved adapter -> data/nq/h2/train/mxbai_v1_tanh_5fmt_lam10/adapter
