
======================================================================
TRAIN  jina-v2  arm=markdown_lam0   2026-10-05 18:25:24
======================================================================
  identifier:  jinaai/jina-reranker-v2-base-multilingual
  formats:     4 of 5  ['yaml', 'json', 'toml', 'inline_kv']
  held out:    markdown
  lambda_inv:  0.0
  batch:       2 x 8
  steps:       500, warmup 30
  output:      data/nq/h2/train/jina_v2_markdown_lam0
  device:      cuda
Warning: You are sending unauthenticated requests to the HF Hub. Please set a HF_TOKEN to enable higher rate limits and faster downloads.
[transformers] `torch_dtype` is deprecated! Use `dtype` instead!
flash_attn is not installed. Using PyTorch native attention implementation.
flash_attn is not installed. Using PyTorch native attention implementation.
flash_attn is not installed. Using PyTorch native attention implementation.
flash_attn is not installed. Using PyTorch native attention implementation.
flash_attn is not installed. Using PyTorch native attention implementation.
flash_attn is not installed. Using PyTorch native attention implementation.
flash_attn is not installed. Using PyTorch native attention implementation.
flash_attn is not installed. Using PyTorch native attention implementation.
flash_attn is not installed. Using PyTorch native attention implementation.
flash_attn is not installed. Using PyTorch native attention implementation.
flash_attn is not installed. Using PyTorch native attention implementation.
flash_attn is not installed. Using PyTorch native attention implementation.
flash_attn is not installed. Using PyTorch native attention implementation.
Loading weights:   0%|          | 0/153 [00:00<?, ?it/s]Loading weights: 100%|██████████| 153/153 [00:00<00:00, 2083.91it/s]
[transformers] XLMRobertaForSequenceClassification does not expose input embeddings. Gradients cannot flow back to the token embeddings when using adapters or gradient checkpointing. Override `get_input_embeddings` to fully support those features, or set `_input_embed_layer` to the attribute name that holds the embeddings.
[transformers] You are using an old version of the checkpointing format that is deprecated (We will also silently ignore `gradient_checkpointing_kwargs` in case you passed it).Please update to the new format on your modeling file. To use the new format, you need to completely remove the definition of the method `_set_gradient_checkpointing` in your model.
  fused projections patched: 12
  trainable:   1,181,185 / 279,618,818 (0.42%)

Loading the corpus...
[transformers] Token indices sequence length is longer than the specified maximum sequence length for this model (970 > 512). Running this sequence through the model will result in indexing errors
[transformers] Token indices sequence length is longer than the specified maximum sequence length for this model (970 > 512). Running this sequence through the model will result in indexing errors
[transformers] Token indices sequence length is longer than the specified maximum sequence length for this model (963 > 512). Running this sequence through the model will result in indexing errors
[transformers] Token indices sequence length is longer than the specified maximum sequence length for this model (928 > 512). Running this sequence through the model will result in indexing errors
[transformers] Token indices sequence length is longer than the specified maximum sequence length for this model (1154 > 1024). Running this sequence through the model will result in indexing errors
  train: 6,131 kept, 449 dropped
  dev:   758 kept
  corpus loading in 0:02:09

Training jina_v2 markdown_lam0
[transformers] `use_return_dict` is deprecated! Use `return_dict` instead!
step     1/500  loss=0.1912  rank=0.1912  inv=0.0246  lr=6.67e-06  6.46s/step  eta 0:53:43
step    20/500  loss=0.0659  rank=0.0659  inv=0.0366  lr=1.33e-04  6.32s/step  eta 0:50:33
step    40/500  loss=0.0110  rank=0.0110  inv=0.1163  lr=2.00e-04  6.34s/step  eta 0:48:37
  dev max|d|=0.3433  (pair=yaml - toml)
step    60/500  loss=0.0134  rank=0.0134  inv=0.0598  lr=1.98e-04  6.87s/step  eta 0:50:21
step    80/500  loss=0.0274  rank=0.0274  inv=0.2088  lr=1.94e-04  6.75s/step  eta 0:47:14
step   100/500  loss=0.0315  rank=0.0315  inv=0.2262  lr=1.89e-04  6.78s/step  eta 0:45:11
  dev max|d|=0.2373  (pair=yaml - toml)
step   120/500  loss=0.0149  rank=0.0149  inv=0.4279  lr=1.82e-04  6.98s/step  eta 0:44:10
step   140/500  loss=0.0271  rank=0.0271  inv=0.1335  lr=1.74e-04  6.99s/step  eta 0:41:57
  dev max|d|=0.3581  (pair=yaml - toml)
step   160/500  loss=0.0078  rank=0.0078  inv=0.1931  lr=1.65e-04  7.12s/step  eta 0:40:21
step   180/500  loss=0.0247  rank=0.0247  inv=0.1970  lr=1.54e-04  7.05s/step  eta 0:37:34
step   200/500  loss=0.0066  rank=0.0066  inv=0.1119  lr=1.42e-04  6.98s/step  eta 0:34:54
  dev max|d|=0.5957  (pair=yaml - toml)
step   220/500  loss=0.0032  rank=0.0032  inv=0.1860  lr=1.30e-04  7.07s/step  eta 0:33:00
step   240/500  loss=0.0049  rank=0.0049  inv=0.4706  lr=1.17e-04  7.02s/step  eta 0:30:24
  dev max|d|=0.4445  (pair=yaml - toml)
step   260/500  loss=0.0214  rank=0.0214  inv=0.3701  lr=1.03e-04  7.09s/step  eta 0:28:22
step   280/500  loss=0.0225  rank=0.0225  inv=0.3894  lr=9.00e-05  7.04s/step  eta 0:25:49
step   300/500  loss=0.0095  rank=0.0095  inv=0.3034  lr=7.68e-05  7.01s/step  eta 0:23:21
  dev max|d|=0.2819  (pair=yaml - toml)
step   320/500  loss=0.0344  rank=0.0344  inv=0.4207  lr=6.41e-05  7.07s/step  eta 0:21:11
step   340/500  loss=0.0098  rank=0.0098  inv=0.4065  lr=5.19e-05  7.03s/step  eta 0:18:44
  dev max|d|=0.3122  (pair=yaml - toml)
step   360/500  loss=0.0591  rank=0.0591  inv=0.2590  lr=4.07e-05  7.08s/step  eta 0:16:30
step   380/500  loss=0.0045  rank=0.0045  inv=0.2835  lr=3.05e-05  7.04s/step  eta 0:14:04
step   400/500  loss=0.0044  rank=0.0044  inv=0.1912  lr=2.15e-05  7.01s/step  eta 0:11:40
  dev max|d|=0.1988  (pair=toml - inline_kv)
step   420/500  loss=0.0054  rank=0.0054  inv=0.3153  lr=1.40e-05  7.05s/step  eta 0:09:24
step   440/500  loss=0.0052  rank=0.0052  inv=0.3756  lr=7.94e-06  7.03s/step  eta 0:07:01
  dev max|d|=0.2023  (pair=yaml - toml)
step   460/500  loss=0.0005  rank=0.0005  inv=0.2312  lr=3.55e-06  7.06s/step  eta 0:04:42
step   480/500  loss=0.0014  rank=0.0014  inv=0.6030  lr=8.92e-07  7.04s/step  eta 0:02:20
step   500/500  loss=0.0128  rank=0.0128  inv=0.2230  lr=0.00e+00  7.01s/step  eta 0:00:00
  dev max|d|=0.2103  (pair=yaml - toml)

Finished at step 500 in 3537s, dev max|d|=0.2103
Saved adapter -> data/nq/h2/train/jina_v2_markdown_lam0/adapter
