
======================================================================
TRAIN  jina-v2  arm=yaml_lam0.1   2026-10-05 19:27:26
======================================================================
  identifier:  jinaai/jina-reranker-v2-base-multilingual
  formats:     4 of 5  ['json', 'toml', 'inline_kv', 'markdown']
  held out:    yaml
  lambda_inv:  0.1
  batch:       2 x 8
  steps:       500, warmup 30
  output:      data/nq/h2/train/jina_v2_yaml_lam0.1
  device:      cuda
Warning: You are sending unauthenticated requests to the HF Hub. Please set a HF_TOKEN to enable higher rate limits and faster downloads.
[transformers] `torch_dtype` is deprecated! Use `dtype` instead!
flash_attn is not installed. Using PyTorch native attention implementation.
flash_attn is not installed. Using PyTorch native attention implementation.
flash_attn is not installed. Using PyTorch native attention implementation.
flash_attn is not installed. Using PyTorch native attention implementation.
flash_attn is not installed. Using PyTorch native attention implementation.
flash_attn is not installed. Using PyTorch native attention implementation.
flash_attn is not installed. Using PyTorch native attention implementation.
flash_attn is not installed. Using PyTorch native attention implementation.
flash_attn is not installed. Using PyTorch native attention implementation.
flash_attn is not installed. Using PyTorch native attention implementation.
flash_attn is not installed. Using PyTorch native attention implementation.
flash_attn is not installed. Using PyTorch native attention implementation.
flash_attn is not installed. Using PyTorch native attention implementation.
Loading weights:   0%|          | 0/153 [00:00<?, ?it/s]Loading weights:   6%|▌         | 9/153 [00:00<00:02, 61.36it/s]Loading weights: 100%|██████████| 153/153 [00:00<00:00, 1008.20it/s]
[transformers] XLMRobertaForSequenceClassification does not expose input embeddings. Gradients cannot flow back to the token embeddings when using adapters or gradient checkpointing. Override `get_input_embeddings` to fully support those features, or set `_input_embed_layer` to the attribute name that holds the embeddings.
[transformers] You are using an old version of the checkpointing format that is deprecated (We will also silently ignore `gradient_checkpointing_kwargs` in case you passed it).Please update to the new format on your modeling file. To use the new format, you need to completely remove the definition of the method `_set_gradient_checkpointing` in your model.
  fused projections patched: 12
  trainable:   1,181,185 / 279,618,818 (0.42%)

Loading the corpus...
[transformers] Token indices sequence length is longer than the specified maximum sequence length for this model (970 > 512). Running this sequence through the model will result in indexing errors
[transformers] Token indices sequence length is longer than the specified maximum sequence length for this model (970 > 512). Running this sequence through the model will result in indexing errors
[transformers] Token indices sequence length is longer than the specified maximum sequence length for this model (963 > 512). Running this sequence through the model will result in indexing errors
[transformers] Token indices sequence length is longer than the specified maximum sequence length for this model (928 > 512). Running this sequence through the model will result in indexing errors
[transformers] Token indices sequence length is longer than the specified maximum sequence length for this model (1154 > 1024). Running this sequence through the model will result in indexing errors
  train: 6,131 kept, 449 dropped
  dev:   758 kept
  corpus loading in 0:02:12

Training jina_v2 yaml_lam0.1
[transformers] `use_return_dict` is deprecated! Use `return_dict` instead!
step     1/500  loss=0.2011  rank=0.1973  inv=0.0379  lr=6.67e-06  6.57s/step  eta 0:54:36
step    20/500  loss=0.0693  rank=0.0653  inv=0.0397  lr=1.33e-04  6.50s/step  eta 0:51:58
step    40/500  loss=0.0132  rank=0.0100  inv=0.0324  lr=2.00e-04  6.46s/step  eta 0:49:31
  dev max|d|=0.1226  (pair=toml - inline_kv)
step    60/500  loss=0.0177  rank=0.0145  inv=0.0321  lr=1.98e-04  6.97s/step  eta 0:51:08
step    80/500  loss=0.0434  rank=0.0380  inv=0.0544  lr=1.94e-04  6.84s/step  eta 0:47:51
step   100/500  loss=0.0249  rank=0.0198  inv=0.0509  lr=1.89e-04  6.76s/step  eta 0:45:03
  dev max|d|=0.1430  (pair=toml - markdown)
step   120/500  loss=0.0287  rank=0.0146  inv=0.1410  lr=1.82e-04  6.97s/step  eta 0:44:08
step   140/500  loss=0.0281  rank=0.0256  inv=0.0244  lr=1.74e-04  6.89s/step  eta 0:41:22
  dev max|d|=0.1235  (pair=toml - markdown)
step   160/500  loss=0.0199  rank=0.0151  inv=0.0479  lr=1.65e-04  7.04s/step  eta 0:39:53
step   180/500  loss=0.0272  rank=0.0189  inv=0.0823  lr=1.54e-04  6.97s/step  eta 0:37:10
step   200/500  loss=0.0106  rank=0.0066  inv=0.0405  lr=1.42e-04  6.92s/step  eta 0:34:35
  dev max|d|=0.1528  (pair=toml - markdown)
step   220/500  loss=0.0175  rank=0.0141  inv=0.0338  lr=1.30e-04  7.03s/step  eta 0:32:49
step   240/500  loss=0.0199  rank=0.0103  inv=0.0961  lr=1.17e-04  6.99s/step  eta 0:30:16
  dev max|d|=0.1301  (pair=json - markdown)
step   260/500  loss=0.0257  rank=0.0202  inv=0.0551  lr=1.03e-04  7.07s/step  eta 0:28:15
step   280/500  loss=0.0324  rank=0.0229  inv=0.0953  lr=9.00e-05  7.02s/step  eta 0:25:44
step   300/500  loss=0.0186  rank=0.0150  inv=0.0364  lr=7.68e-05  6.98s/step  eta 0:23:16
  dev max|d|=0.1309  (pair=json - markdown)
step   320/500  loss=0.0488  rank=0.0409  inv=0.0786  lr=6.41e-05  7.05s/step  eta 0:21:09
step   340/500  loss=0.0177  rank=0.0090  inv=0.0873  lr=5.19e-05  7.02s/step  eta 0:18:42
  dev max|d|=0.1155  (pair=json - markdown)
step   360/500  loss=0.0553  rank=0.0485  inv=0.0682  lr=4.07e-05  7.07s/step  eta 0:16:29
step   380/500  loss=0.0108  rank=0.0066  inv=0.0423  lr=3.05e-05  7.04s/step  eta 0:14:04
step   400/500  loss=0.0120  rank=0.0106  inv=0.0146  lr=2.15e-05  7.01s/step  eta 0:11:40
  dev max|d|=0.0927  (pair=json - inline_kv)
step   420/500  loss=0.0099  rank=0.0064  inv=0.0347  lr=1.40e-05  7.06s/step  eta 0:09:24
step   440/500  loss=0.0191  rank=0.0142  inv=0.0491  lr=7.94e-06  7.03s/step  eta 0:07:01
  dev max|d|=0.0892  (pair=json - inline_kv)
step   460/500  loss=0.0116  rank=0.0038  inv=0.0782  lr=3.55e-06  7.07s/step  eta 0:04:42
step   480/500  loss=0.0123  rank=0.0037  inv=0.0859  lr=8.92e-07  7.05s/step  eta 0:02:20
step   500/500  loss=0.0255  rank=0.0191  inv=0.0646  lr=0.00e+00  7.02s/step  eta 0:00:00
  dev max|d|=0.0894  (pair=json - inline_kv)

Finished at step 500 in 3542s, dev max|d|=0.0894
Saved adapter -> data/nq/h2/train/jina_v2_yaml_lam0.1/adapter
