
======================================================================
TRAIN  bge-base  arm=yaml_lam1   2026-10-05 14:18:57
======================================================================
  identifier:  BAAI/bge-reranker-base
  formats:     4 of 5  ['json', 'toml', 'inline_kv', 'markdown']
  held out:    yaml
  lambda_inv:  1.0
  batch:       2 x 8
  steps:       500, warmup 30
  output:      data/nq/h2/train/bge_base_yaml_lam1
  device:      cuda
Warning: You are sending unauthenticated requests to the HF Hub. Please set a HF_TOKEN to enable higher rate limits and faster downloads.
[transformers] `torch_dtype` is deprecated! Use `dtype` instead!
Loading weights:   0%|          | 0/201 [00:00<?, ?it/s]Loading weights: 100%|██████████| 201/201 [00:00<00:00, 3615.52it/s]
  trainable:   1,476,097 / 279,520,514 (0.53%)

Loading the corpus...
[transformers] Token indices sequence length is longer than the specified maximum sequence length for this model (970 > 512). Running this sequence through the model will result in indexing errors
[transformers] Token indices sequence length is longer than the specified maximum sequence length for this model (970 > 512). Running this sequence through the model will result in indexing errors
[transformers] Token indices sequence length is longer than the specified maximum sequence length for this model (963 > 512). Running this sequence through the model will result in indexing errors
[transformers] Token indices sequence length is longer than the specified maximum sequence length for this model (928 > 512). Running this sequence through the model will result in indexing errors
[transformers] Token indices sequence length is longer than the specified maximum sequence length for this model (1154 > 1024). Running this sequence through the model will result in indexing errors
  train: 6,131 kept, 449 dropped
  dev:   758 kept
  corpus loading in 0:03:43

Training bge_base yaml_lam1
[transformers] `use_return_dict` is deprecated! Use `return_dict` instead!
[transformers] `use_cache=True` is incompatible with gradient checkpointing. Setting `use_cache=False`.
step     1/500  loss=0.5849  rank=0.2016  inv=0.3834  lr=6.67e-06  10.15s/step  eta 1:24:25
step    20/500  loss=0.3205  rank=0.0759  inv=0.2445  lr=1.33e-04  10.01s/step  eta 1:20:05
step    40/500  loss=0.0699  rank=0.0539  inv=0.0160  lr=2.00e-04  10.03s/step  eta 1:16:53
  dev max|d|=0.1541  (pair=json - inline_kv)
step    60/500  loss=0.0911  rank=0.0580  inv=0.0331  lr=1.98e-04  10.77s/step  eta 1:19:00
step    80/500  loss=0.1560  rank=0.1094  inv=0.0466  lr=1.94e-04  10.59s/step  eta 1:14:08
step   100/500  loss=0.0847  rank=0.0556  inv=0.0291  lr=1.89e-04  10.49s/step  eta 1:09:55
  dev max|d|=0.0931  (pair=inline_kv - markdown)
step   120/500  loss=0.0595  rank=0.0377  inv=0.0218  lr=1.82e-04  10.79s/step  eta 1:08:21
step   140/500  loss=0.1029  rank=0.0851  inv=0.0179  lr=1.74e-04  10.70s/step  eta 1:04:13
  dev max|d|=0.1459  (pair=inline_kv - markdown)
step   160/500  loss=0.1209  rank=0.0472  inv=0.0737  lr=1.65e-04  10.90s/step  eta 1:01:46
step   180/500  loss=0.0542  rank=0.0369  inv=0.0173  lr=1.54e-04  10.81s/step  eta 0:57:38
step   200/500  loss=0.0643  rank=0.0530  inv=0.0113  lr=1.42e-04  10.73s/step  eta 0:53:38
  dev max|d|=0.1317  (pair=toml - markdown)
step   220/500  loss=0.0890  rank=0.0537  inv=0.0352  lr=1.30e-04  10.88s/step  eta 0:50:46
step   240/500  loss=0.0718  rank=0.0542  inv=0.0177  lr=1.17e-04  10.83s/step  eta 0:46:56
  dev max|d|=0.1422  (pair=json - markdown)
step   260/500  loss=0.1156  rank=0.0798  inv=0.0358  lr=1.03e-04  10.95s/step  eta 0:43:48
step   280/500  loss=0.0770  rank=0.0516  inv=0.0254  lr=9.00e-05  10.89s/step  eta 0:39:56
step   300/500  loss=0.0723  rank=0.0424  inv=0.0299  lr=7.68e-05  10.84s/step  eta 0:36:07
  dev max|d|=0.1511  (pair=json - markdown)
step   320/500  loss=0.1421  rank=0.0848  inv=0.0574  lr=6.41e-05  10.93s/step  eta 0:32:47
step   340/500  loss=0.1354  rank=0.1009  inv=0.0345  lr=5.19e-05  10.89s/step  eta 0:29:02
  dev max|d|=0.1266  (pair=json - markdown)
step   360/500  loss=0.1426  rank=0.0873  inv=0.0553  lr=4.07e-05  10.97s/step  eta 0:25:35
step   380/500  loss=0.0809  rank=0.0438  inv=0.0371  lr=3.05e-05  10.92s/step  eta 0:21:50
step   400/500  loss=0.0934  rank=0.0798  inv=0.0136  lr=2.15e-05  10.88s/step  eta 0:18:07
  dev max|d|=0.1151  (pair=inline_kv - markdown)
step   420/500  loss=0.0557  rank=0.0442  inv=0.0114  lr=1.40e-05  10.96s/step  eta 0:14:36
step   440/500  loss=0.0645  rank=0.0376  inv=0.0270  lr=7.94e-06  10.92s/step  eta 0:10:55
  dev max|d|=0.1167  (pair=inline_kv - markdown)
step   460/500  loss=0.1067  rank=0.0326  inv=0.0741  lr=3.55e-06  10.98s/step  eta 0:07:19
step   480/500  loss=0.0361  rank=0.0171  inv=0.0190  lr=8.92e-07  10.94s/step  eta 0:03:38
step   500/500  loss=0.1359  rank=0.0864  inv=0.0494  lr=0.00e+00  10.91s/step  eta 0:00:00
  dev max|d|=0.1178  (pair=inline_kv - markdown)

Finished at step 500 in 5500s, dev max|d|=0.1178
Saved adapter -> data/nq/h2/train/bge_base_yaml_lam1/adapter
