
======================================================================
TRAIN  bge-v2-m3  arm=toml_lam0   2026-10-05 10:37:00
======================================================================
  identifier:  BAAI/bge-reranker-v2-m3
  formats:     4 of 5  ['yaml', 'json', 'inline_kv', 'markdown']
  held out:    toml
  lambda_inv:  0.0
  batch:       2 x 8
  steps:       500, warmup 30
  output:      data/nq/h2/train/bge_v2_m3_toml_lam0
  device:      cuda
Warning: You are sending unauthenticated requests to the HF Hub. Please set a HF_TOKEN to enable higher rate limits and faster downloads.
[transformers] `torch_dtype` is deprecated! Use `dtype` instead!
Loading weights:   0%|          | 0/393 [00:00<?, ?it/s]Loading weights: 100%|██████████| 393/393 [00:00<00:00, 5560.45it/s]
  trainable:   3,409,921 / 571,165,698 (0.60%)

Loading the corpus...
[transformers] Token indices sequence length is longer than the specified maximum sequence length for this model (970 > 512). Running this sequence through the model will result in indexing errors
[transformers] Token indices sequence length is longer than the specified maximum sequence length for this model (970 > 512). Running this sequence through the model will result in indexing errors
[transformers] Token indices sequence length is longer than the specified maximum sequence length for this model (963 > 512). Running this sequence through the model will result in indexing errors
[transformers] Token indices sequence length is longer than the specified maximum sequence length for this model (928 > 512). Running this sequence through the model will result in indexing errors
[transformers] Token indices sequence length is longer than the specified maximum sequence length for this model (1154 > 1024). Running this sequence through the model will result in indexing errors
  train: 6,131 kept, 449 dropped
  dev:   758 kept
  corpus loading in 0:02:10

Training bge_v2_m3 toml_lam0
[transformers] `use_return_dict` is deprecated! Use `return_dict` instead!
[transformers] `use_cache=True` is incompatible with gradient checkpointing. Setting `use_cache=False`.
step     1/500  loss=0.0988  rank=0.0988  inv=0.3885  lr=6.67e-06  17.01s/step  eta 2:21:25
step    20/500  loss=0.0176  rank=0.0176  inv=0.1877  lr=1.33e-04  17.28s/step  eta 2:18:14
step    40/500  loss=0.0007  rank=0.0007  inv=0.2669  lr=2.00e-04  17.28s/step  eta 2:12:26
  dev max|d|=0.5239  (pair=json - markdown)
step    60/500  loss=0.0076  rank=0.0076  inv=0.1626  lr=1.98e-04  18.77s/step  eta 2:17:40
step    80/500  loss=0.0326  rank=0.0326  inv=0.3970  lr=1.94e-04  18.41s/step  eta 2:08:51
step   100/500  loss=0.0028  rank=0.0028  inv=0.4674  lr=1.89e-04  18.20s/step  eta 2:01:20
  dev max|d|=0.4643  (pair=json - markdown)
step   120/500  loss=0.0060  rank=0.0060  inv=0.2876  lr=1.82e-04  18.81s/step  eta 1:59:08
step   140/500  loss=0.0237  rank=0.0237  inv=0.2321  lr=1.74e-04  18.62s/step  eta 1:51:42
  dev max|d|=0.4217  (pair=json - markdown)
step   160/500  loss=0.0073  rank=0.0073  inv=0.2176  lr=1.65e-04  19.04s/step  eta 1:47:53
step   180/500  loss=0.0309  rank=0.0309  inv=0.2849  lr=1.54e-04  18.85s/step  eta 1:40:30
step   200/500  loss=0.0032  rank=0.0032  inv=0.1398  lr=1.42e-04  18.69s/step  eta 1:33:27
  dev max|d|=0.3435  (pair=json - markdown)
step   220/500  loss=0.0006  rank=0.0006  inv=0.4021  lr=1.30e-04  18.98s/step  eta 1:28:34
step   240/500  loss=0.0005  rank=0.0005  inv=0.2988  lr=1.17e-04  18.86s/step  eta 1:21:43
  dev max|d|=0.3780  (pair=json - markdown)
step   260/500  loss=0.0096  rank=0.0096  inv=0.3759  lr=1.03e-04  19.09s/step  eta 1:16:20
step   280/500  loss=0.0448  rank=0.0448  inv=0.3161  lr=9.00e-05  18.96s/step  eta 1:09:31
step   300/500  loss=0.0651  rank=0.0651  inv=0.3290  lr=7.68e-05  18.86s/step  eta 1:02:51
  dev max|d|=0.3483  (pair=yaml - json)
step   320/500  loss=0.0039  rank=0.0039  inv=0.6201  lr=6.41e-05  19.04s/step  eta 0:57:06
step   340/500  loss=0.0019  rank=0.0019  inv=0.4245  lr=5.19e-05  18.94s/step  eta 0:50:30
  dev max|d|=0.2884  (pair=json - markdown)
step   360/500  loss=0.0686  rank=0.0686  inv=0.5253  lr=4.07e-05  19.10s/step  eta 0:44:34
step   380/500  loss=0.0118  rank=0.0118  inv=0.3364  lr=3.05e-05  19.01s/step  eta 0:38:01
step   400/500  loss=0.0038  rank=0.0038  inv=0.2476  lr=2.15e-05  18.92s/step  eta 0:31:32
  dev max|d|=0.2573  (pair=json - markdown)
step   420/500  loss=0.0072  rank=0.0072  inv=0.5653  lr=1.40e-05  19.06s/step  eta 0:25:24
step   440/500  loss=0.0021  rank=0.0021  inv=0.3687  lr=7.94e-06  18.98s/step  eta 0:18:59
  dev max|d|=0.2436  (pair=yaml - json)
step   460/500  loss=0.0008  rank=0.0008  inv=0.3416  lr=3.55e-06  19.11s/step  eta 0:12:44
step   480/500  loss=0.0004  rank=0.0004  inv=0.3628  lr=8.92e-07  19.04s/step  eta 0:06:20
step   500/500  loss=0.0048  rank=0.0048  inv=0.2240  lr=0.00e+00  18.97s/step  eta 0:00:00
  dev max|d|=0.2402  (pair=json - markdown)

Finished at step 500 in 9575s, dev max|d|=0.2402
Saved adapter -> data/nq/h2/train/bge_v2_m3_toml_lam0/adapter
