
======================================================================
TRAIN  mxbai-v1  arm=toml_lam0.1   2026-10-05 18:51:46
======================================================================
  identifier:  mixedbread-ai/mxbai-rerank-base-v1
  formats:     4 of 5  ['yaml', 'json', 'inline_kv', 'markdown']
  held out:    toml
  lambda_inv:  0.1
  batch:       2 x 8
  steps:       500, warmup 30
  output:      data/nq/h2/train/mxbai_v1_toml_lam0.1
  device:      cuda
Warning: You are sending unauthenticated requests to the HF Hub. Please set a HF_TOKEN to enable higher rate limits and faster downloads.
[transformers] `torch_dtype` is deprecated! Use `dtype` instead!
Loading weights:   0%|          | 0/202 [00:00<?, ?it/s]Loading weights: 100%|██████████| 202/202 [00:00<00:00, 2269.94it/s]
  trainable:   885,505 / 185,308,418 (0.48%)

Loading the corpus...
[transformers] Token indices sequence length is longer than the specified maximum sequence length for this model (970 > 512). Running this sequence through the model will result in indexing errors
[transformers] Token indices sequence length is longer than the specified maximum sequence length for this model (970 > 512). Running this sequence through the model will result in indexing errors
[transformers] Token indices sequence length is longer than the specified maximum sequence length for this model (963 > 512). Running this sequence through the model will result in indexing errors
[transformers] Token indices sequence length is longer than the specified maximum sequence length for this model (928 > 512). Running this sequence through the model will result in indexing errors
[transformers] Token indices sequence length is longer than the specified maximum sequence length for this model (1154 > 1024). Running this sequence through the model will result in indexing errors
  train: 6,131 kept, 449 dropped
  dev:   758 kept
  corpus loading in 0:03:53

Training mxbai_v1 toml_lam0.1
[transformers] `use_return_dict` is deprecated! Use `return_dict` instead!
step     1/500  loss=0.0610  rank=0.0347  inv=0.2630  lr=6.67e-06  16.18s/step  eta 2:14:31
step    20/500  loss=0.0656  rank=0.0546  inv=0.1097  lr=1.33e-04  15.85s/step  eta 2:06:45
step    40/500  loss=0.0284  rank=0.0217  inv=0.0674  lr=2.00e-04  15.83s/step  eta 2:01:24
  dev max|d|=0.1441  (pair=json - inline_kv)
step    60/500  loss=0.0830  rank=0.0503  inv=0.3268  lr=1.98e-04  16.49s/step  eta 2:00:54
step    80/500  loss=0.0639  rank=0.0533  inv=0.1059  lr=1.94e-04  16.38s/step  eta 1:54:39
step   100/500  loss=0.0528  rank=0.0456  inv=0.0720  lr=1.89e-04  16.29s/step  eta 1:48:34
  dev max|d|=0.2865  (pair=yaml - markdown)
step   120/500  loss=0.0348  rank=0.0085  inv=0.2625  lr=1.82e-04  16.54s/step  eta 1:44:46
step   140/500  loss=0.0515  rank=0.0429  inv=0.0860  lr=1.74e-04  16.48s/step  eta 1:38:52
  dev max|d|=0.0875  (pair=inline_kv - markdown)
step   160/500  loss=0.0389  rank=0.0306  inv=0.0829  lr=1.65e-04  16.67s/step  eta 1:34:28
step   180/500  loss=0.0355  rank=0.0276  inv=0.0794  lr=1.54e-04  16.59s/step  eta 1:28:28
step   200/500  loss=0.0256  rank=0.0188  inv=0.0674  lr=1.42e-04  16.55s/step  eta 1:22:43
  dev max|d|=0.0739  (pair=yaml - inline_kv)
step   220/500  loss=0.0263  rank=0.0208  inv=0.0545  lr=1.30e-04  16.68s/step  eta 1:17:50
step   240/500  loss=0.0195  rank=0.0140  inv=0.0545  lr=1.17e-04  16.62s/step  eta 1:12:01
  dev max|d|=0.0661  (pair=yaml - inline_kv)
step   260/500  loss=0.0747  rank=0.0500  inv=0.2468  lr=1.03e-04  16.73s/step  eta 1:06:54
step   280/500  loss=0.0469  rank=0.0325  inv=0.1434  lr=9.00e-05  16.66s/step  eta 1:01:06
step   300/500  loss=0.0479  rank=0.0337  inv=0.1428  lr=7.68e-05  16.64s/step  eta 0:55:27
  dev max|d|=0.0577  (pair=yaml - json)
step   320/500  loss=0.0534  rank=0.0448  inv=0.0865  lr=6.41e-05  16.70s/step  eta 0:50:05
step   340/500  loss=0.0241  rank=0.0157  inv=0.0836  lr=5.19e-05  16.66s/step  eta 0:44:26
  dev max|d|=0.0535  (pair=inline_kv - markdown)
step   360/500  loss=0.0473  rank=0.0414  inv=0.0582  lr=4.07e-05  16.71s/step  eta 0:38:59
step   380/500  loss=0.0526  rank=0.0390  inv=0.1355  lr=3.05e-05  16.67s/step  eta 0:33:20
step   400/500  loss=0.0240  rank=0.0204  inv=0.0358  lr=2.15e-05  16.64s/step  eta 0:27:44
  dev max|d|=0.0769  (pair=json - markdown)
step   420/500  loss=0.0189  rank=0.0128  inv=0.0614  lr=1.40e-05  16.74s/step  eta 0:22:19
step   440/500  loss=0.0307  rank=0.0244  inv=0.0631  lr=7.94e-06  16.73s/step  eta 0:16:43
  dev max|d|=0.0786  (pair=yaml - json)
step   460/500  loss=0.0231  rank=0.0090  inv=0.1406  lr=3.55e-06  16.79s/step  eta 0:11:11
step   480/500  loss=0.0097  rank=0.0045  inv=0.0525  lr=8.92e-07  16.79s/step  eta 0:05:35
step   500/500  loss=0.0388  rank=0.0285  inv=0.1030  lr=0.00e+00  16.76s/step  eta 0:00:00
  dev max|d|=0.0778  (pair=yaml - json)

Finished at step 500 in 8415s, dev max|d|=0.0778
Saved adapter -> data/nq/h2/train/mxbai_v1_toml_lam0.1/adapter
