
======================================================================
TRAIN  mxbai-v1-tanh  arm=json_lam0   2026-10-06 02:05:01
======================================================================
  identifier:  mixedbread-ai/mxbai-rerank-base-v1
  formats:     4 of 5  ['yaml', 'toml', 'inline_kv', 'markdown']
  held out:    json
  lambda_inv:  0.0
  batch:       2 x 8
  steps:       500, warmup 30
  output:      data/nq/h2/train/mxbai_v1_tanh_json_lam0
  device:      cuda
Warning: You are sending unauthenticated requests to the HF Hub. Please set a HF_TOKEN to enable higher rate limits and faster downloads.
[transformers] `torch_dtype` is deprecated! Use `dtype` instead!
Loading weights:   0%|          | 0/202 [00:00<?, ?it/s]Loading weights: 100%|██████████| 202/202 [00:00<00:00, 2020.17it/s]
  trainable:   1,476,097 / 186,489,602 (0.79%)

Loading the corpus...
[transformers] Token indices sequence length is longer than the specified maximum sequence length for this model (970 > 512). Running this sequence through the model will result in indexing errors
[transformers] Token indices sequence length is longer than the specified maximum sequence length for this model (970 > 512). Running this sequence through the model will result in indexing errors
[transformers] Token indices sequence length is longer than the specified maximum sequence length for this model (963 > 512). Running this sequence through the model will result in indexing errors
[transformers] Token indices sequence length is longer than the specified maximum sequence length for this model (928 > 512). Running this sequence through the model will result in indexing errors
[transformers] Token indices sequence length is longer than the specified maximum sequence length for this model (1154 > 1024). Running this sequence through the model will result in indexing errors
  train: 6,131 kept, 449 dropped
  dev:   758 kept
  corpus loading in 0:02:11

Training mxbai_v1_tanh json_lam0
[transformers] `use_return_dict` is deprecated! Use `return_dict` instead!
step     1/500  loss=0.7829  rank=0.7829  inv=0.0020  lr=6.67e-06  14.68s/step  eta 2:02:06
step    20/500  loss=0.0908  rank=0.0908  inv=0.0468  lr=1.33e-04  15.30s/step  eta 2:02:24
step    40/500  loss=0.0099  rank=0.0099  inv=0.2344  lr=2.00e-04  15.29s/step  eta 1:57:13
  dev max|d|=0.2391  (pair=yaml - toml)
step    60/500  loss=0.0307  rank=0.0307  inv=1.2600  lr=1.98e-04  15.95s/step  eta 1:56:58
step    80/500  loss=0.0318  rank=0.0318  inv=0.5400  lr=1.94e-04  15.84s/step  eta 1:50:53
step   100/500  loss=0.0351  rank=0.0351  inv=0.2836  lr=1.89e-04  15.73s/step  eta 1:44:52
  dev max|d|=0.2642  (pair=yaml - toml)
step   120/500  loss=0.0033  rank=0.0033  inv=0.9106  lr=1.82e-04  16.03s/step  eta 1:41:31
step   140/500  loss=0.0228  rank=0.0228  inv=0.3937  lr=1.74e-04  15.95s/step  eta 1:35:41
  dev max|d|=0.2382  (pair=yaml - toml)
step   160/500  loss=0.0274  rank=0.0274  inv=0.3277  lr=1.65e-04  16.16s/step  eta 1:31:34
step   180/500  loss=0.0232  rank=0.0232  inv=0.2925  lr=1.54e-04  16.05s/step  eta 1:25:36
step   200/500  loss=0.0115  rank=0.0115  inv=0.3321  lr=1.42e-04  15.97s/step  eta 1:19:51
  dev max|d|=0.1887  (pair=toml - markdown)
step   220/500  loss=0.0088  rank=0.0088  inv=0.3561  lr=1.30e-04  16.12s/step  eta 1:15:13
step   240/500  loss=0.0046  rank=0.0046  inv=0.4263  lr=1.17e-04  16.07s/step  eta 1:09:37
  dev max|d|=0.1956  (pair=yaml - toml)
step   260/500  loss=0.0469  rank=0.0469  inv=1.1132  lr=1.03e-04  16.17s/step  eta 1:04:40
step   280/500  loss=0.0361  rank=0.0361  inv=0.5937  lr=9.00e-05  16.11s/step  eta 0:59:04
step   300/500  loss=0.0301  rank=0.0301  inv=0.5020  lr=7.68e-05  16.08s/step  eta 0:53:35
  dev max|d|=0.1977  (pair=yaml - toml)
step   320/500  loss=0.0247  rank=0.0247  inv=0.3870  lr=6.41e-05  16.15s/step  eta 0:48:26
step   340/500  loss=0.0062  rank=0.0062  inv=0.3646  lr=5.19e-05  16.11s/step  eta 0:42:57
  dev max|d|=0.1726  (pair=yaml - toml)
step   360/500  loss=0.0455  rank=0.0455  inv=0.5079  lr=4.07e-05  16.18s/step  eta 0:37:44
step   380/500  loss=0.0662  rank=0.0662  inv=0.8745  lr=3.05e-05  16.14s/step  eta 0:32:16
step   400/500  loss=0.0109  rank=0.0109  inv=0.1999  lr=2.15e-05  16.10s/step  eta 0:26:50
  dev max|d|=0.1813  (pair=yaml - toml)
step   420/500  loss=0.0056  rank=0.0056  inv=0.2996  lr=1.40e-05  16.16s/step  eta 0:21:32
step   440/500  loss=0.0152  rank=0.0152  inv=0.4980  lr=7.94e-06  16.16s/step  eta 0:16:09
  dev max|d|=0.1932  (pair=yaml - toml)
step   460/500  loss=0.0047  rank=0.0047  inv=0.5903  lr=3.55e-06  16.21s/step  eta 0:10:48
step   480/500  loss=0.0030  rank=0.0030  inv=0.8102  lr=8.92e-07  16.19s/step  eta 0:05:23
step   500/500  loss=0.0142  rank=0.0142  inv=0.4462  lr=0.00e+00  16.17s/step  eta 0:00:00
  dev max|d|=0.1944  (pair=yaml - toml)

Finished at step 500 in 8124s, dev max|d|=0.1944
Saved adapter -> data/nq/h2/train/mxbai_v1_tanh_json_lam0/adapter
