
======================================================================
TRAIN  jina-v2  arm=yaml_lam0   2026-10-05 14:40:21
======================================================================
  identifier:  jinaai/jina-reranker-v2-base-multilingual
  formats:     4 of 5  ['json', 'toml', 'inline_kv', 'markdown']
  held out:    yaml
  lambda_inv:  0.0
  batch:       2 x 8
  steps:       500, warmup 30
  output:      data/nq/h2/train/jina_v2_yaml_lam0
  device:      cuda
Warning: You are sending unauthenticated requests to the HF Hub. Please set a HF_TOKEN to enable higher rate limits and faster downloads.
[transformers] `torch_dtype` is deprecated! Use `dtype` instead!
flash_attn is not installed. Using PyTorch native attention implementation.
flash_attn is not installed. Using PyTorch native attention implementation.
flash_attn is not installed. Using PyTorch native attention implementation.
flash_attn is not installed. Using PyTorch native attention implementation.
flash_attn is not installed. Using PyTorch native attention implementation.
flash_attn is not installed. Using PyTorch native attention implementation.
flash_attn is not installed. Using PyTorch native attention implementation.
flash_attn is not installed. Using PyTorch native attention implementation.
flash_attn is not installed. Using PyTorch native attention implementation.
flash_attn is not installed. Using PyTorch native attention implementation.
flash_attn is not installed. Using PyTorch native attention implementation.
flash_attn is not installed. Using PyTorch native attention implementation.
flash_attn is not installed. Using PyTorch native attention implementation.
Loading weights:   0%|          | 0/153 [00:00<?, ?it/s]Loading weights:   6%|▌         | 9/153 [00:00<00:08, 17.26it/s]Loading weights: 100%|██████████| 153/153 [00:00<00:00, 281.01it/s]
[transformers] XLMRobertaForSequenceClassification does not expose input embeddings. Gradients cannot flow back to the token embeddings when using adapters or gradient checkpointing. Override `get_input_embeddings` to fully support those features, or set `_input_embed_layer` to the attribute name that holds the embeddings.
[transformers] You are using an old version of the checkpointing format that is deprecated (We will also silently ignore `gradient_checkpointing_kwargs` in case you passed it).Please update to the new format on your modeling file. To use the new format, you need to completely remove the definition of the method `_set_gradient_checkpointing` in your model.
  fused projections patched: 12
  trainable:   1,181,185 / 279,618,818 (0.42%)

Loading the corpus...
[transformers] Token indices sequence length is longer than the specified maximum sequence length for this model (970 > 512). Running this sequence through the model will result in indexing errors
[transformers] Token indices sequence length is longer than the specified maximum sequence length for this model (970 > 512). Running this sequence through the model will result in indexing errors
[transformers] Token indices sequence length is longer than the specified maximum sequence length for this model (963 > 512). Running this sequence through the model will result in indexing errors
[transformers] Token indices sequence length is longer than the specified maximum sequence length for this model (928 > 512). Running this sequence through the model will result in indexing errors
[transformers] Token indices sequence length is longer than the specified maximum sequence length for this model (1154 > 1024). Running this sequence through the model will result in indexing errors
  train: 6,131 kept, 449 dropped
  dev:   758 kept
  corpus loading in 0:13:35

Training jina_v2 yaml_lam0
[transformers] `use_return_dict` is deprecated! Use `return_dict` instead!
step     1/500  loss=0.1978  rank=0.1978  inv=0.0238  lr=6.67e-06  19.57s/step  eta 2:42:47
step    20/500  loss=0.0647  rank=0.0647  inv=0.0328  lr=1.33e-04  18.59s/step  eta 2:28:41
step    40/500  loss=0.0128  rank=0.0128  inv=0.2545  lr=2.00e-04  18.63s/step  eta 2:22:49
  dev max|d|=0.1670  (pair=toml - inline_kv)
step    60/500  loss=0.0109  rank=0.0109  inv=0.0862  lr=1.98e-04  19.42s/step  eta 2:22:22
step    80/500  loss=0.0283  rank=0.0283  inv=0.1708  lr=1.94e-04  19.26s/step  eta 2:14:50
step   100/500  loss=0.0227  rank=0.0227  inv=0.2459  lr=1.89e-04  19.21s/step  eta 2:08:02
  dev max|d|=0.1709  (pair=toml - inline_kv)
step   120/500  loss=0.0147  rank=0.0147  inv=0.2249  lr=1.82e-04  19.50s/step  eta 2:03:31
step   140/500  loss=0.0204  rank=0.0204  inv=0.2244  lr=1.74e-04  19.40s/step  eta 1:56:25
  dev max|d|=0.2299  (pair=toml - inline_kv)
step   160/500  loss=0.0113  rank=0.0113  inv=0.1777  lr=1.65e-04  19.57s/step  eta 1:50:53
step   180/500  loss=0.0197  rank=0.0197  inv=0.3052  lr=1.54e-04  19.48s/step  eta 1:43:53
step   200/500  loss=0.0036  rank=0.0036  inv=0.0958  lr=1.42e-04  19.41s/step  eta 1:37:03
  dev max|d|=0.3606  (pair=toml - markdown)
step   220/500  loss=0.0050  rank=0.0050  inv=0.1309  lr=1.30e-04  19.57s/step  eta 1:31:20
step   240/500  loss=0.0081  rank=0.0081  inv=0.3301  lr=1.17e-04  19.50s/step  eta 1:24:30
  dev max|d|=0.3532  (pair=toml - inline_kv)
step   260/500  loss=0.0245  rank=0.0245  inv=0.3987  lr=1.03e-04  19.58s/step  eta 1:18:19
step   280/500  loss=0.0221  rank=0.0221  inv=0.3528  lr=9.00e-05  19.53s/step  eta 1:11:37
step   300/500  loss=0.0134  rank=0.0134  inv=0.3020  lr=7.68e-05  19.49s/step  eta 1:04:57
  dev max|d|=0.3479  (pair=toml - inline_kv)
step   320/500  loss=0.0169  rank=0.0169  inv=0.3895  lr=6.41e-05  19.56s/step  eta 0:58:40
step   340/500  loss=0.0081  rank=0.0081  inv=0.4992  lr=5.19e-05  19.51s/step  eta 0:52:01
  dev max|d|=0.3230  (pair=toml - inline_kv)
step   360/500  loss=0.0618  rank=0.0618  inv=0.2321  lr=4.07e-05  19.56s/step  eta 0:45:38
step   380/500  loss=0.0059  rank=0.0059  inv=0.2148  lr=3.05e-05  19.51s/step  eta 0:39:01
step   400/500  loss=0.0039  rank=0.0039  inv=0.1946  lr=2.15e-05  19.47s/step  eta 0:32:27
  dev max|d|=0.2409  (pair=toml - inline_kv)
step   420/500  loss=0.0049  rank=0.0049  inv=0.3033  lr=1.40e-05  19.54s/step  eta 0:26:03
step   440/500  loss=0.0066  rank=0.0066  inv=0.3845  lr=7.94e-06  19.51s/step  eta 0:19:30
  dev max|d|=0.3005  (pair=toml - inline_kv)
step   460/500  loss=0.0016  rank=0.0016  inv=0.4975  lr=3.55e-06  19.56s/step  eta 0:13:02
step   480/500  loss=0.0017  rank=0.0017  inv=0.5441  lr=8.92e-07  19.52s/step  eta 0:06:30
step   500/500  loss=0.0234  rank=0.0234  inv=0.3176  lr=0.00e+00  19.49s/step  eta 0:00:00
  dev max|d|=0.2990  (pair=toml - inline_kv)

Finished at step 500 in 9785s, dev max|d|=0.2990
Saved adapter -> data/nq/h2/train/jina_v2_yaml_lam0/adapter
