
======================================================================
TRAIN  bge-base  arm=5fmt_lam1   2026-10-05 07:50:24
======================================================================
  identifier:  BAAI/bge-reranker-base
  formats:     5 of 5  ['yaml', 'json', 'toml', 'inline_kv', 'markdown']
  lambda_inv:  1.0
  batch:       2 x 8
  steps:       500, warmup 30
  output:      data/nq/h2/train/bge_base_5fmt_lam1
  device:      cuda
Warning: You are sending unauthenticated requests to the HF Hub. Please set a HF_TOKEN to enable higher rate limits and faster downloads.
[transformers] `torch_dtype` is deprecated! Use `dtype` instead!
Loading weights:   0%|          | 0/201 [00:00<?, ?it/s]Loading weights: 100%|██████████| 201/201 [00:00<00:00, 3490.71it/s]
  trainable:   1,476,097 / 279,520,514 (0.53%)

Loading the corpus...
[transformers] Token indices sequence length is longer than the specified maximum sequence length for this model (970 > 512). Running this sequence through the model will result in indexing errors
[transformers] Token indices sequence length is longer than the specified maximum sequence length for this model (970 > 512). Running this sequence through the model will result in indexing errors
[transformers] Token indices sequence length is longer than the specified maximum sequence length for this model (963 > 512). Running this sequence through the model will result in indexing errors
[transformers] Token indices sequence length is longer than the specified maximum sequence length for this model (928 > 512). Running this sequence through the model will result in indexing errors
[transformers] Token indices sequence length is longer than the specified maximum sequence length for this model (1154 > 1024). Running this sequence through the model will result in indexing errors
  train: 6,131 kept, 449 dropped
  dev:   758 kept
  corpus loading in 0:03:27

Training bge_base 5fmt_lam1
[transformers] `use_return_dict` is deprecated! Use `return_dict` instead!
[transformers] `use_cache=True` is incompatible with gradient checkpointing. Setting `use_cache=False`.
step     1/500  loss=0.4740  rank=0.1852  inv=0.2889  lr=6.67e-06  12.34s/step  eta 1:42:37
step    20/500  loss=0.2927  rank=0.0738  inv=0.2189  lr=1.33e-04  12.52s/step  eta 1:40:09
step    40/500  loss=0.0759  rank=0.0613  inv=0.0146  lr=2.00e-04  12.91s/step  eta 1:38:58
  dev max|d|=0.2261  (pair=yaml - json)
step    60/500  loss=0.0831  rank=0.0563  inv=0.0269  lr=1.98e-04  13.81s/step  eta 1:41:17
step    80/500  loss=0.1483  rank=0.1144  inv=0.0339  lr=1.94e-04  13.51s/step  eta 1:34:32
step   100/500  loss=0.0857  rank=0.0490  inv=0.0366  lr=1.89e-04  13.40s/step  eta 1:29:18
  dev max|d|=0.2374  (pair=yaml - inline_kv)
step   120/500  loss=0.0608  rank=0.0433  inv=0.0175  lr=1.82e-04  13.76s/step  eta 1:27:08
step   140/500  loss=0.1027  rank=0.0874  inv=0.0153  lr=1.74e-04  13.62s/step  eta 1:21:41
  dev max|d|=0.1840  (pair=yaml - inline_kv)
step   160/500  loss=0.1148  rank=0.0432  inv=0.0716  lr=1.65e-04  13.85s/step  eta 1:18:29
step   180/500  loss=0.0695  rank=0.0406  inv=0.0289  lr=1.54e-04  13.72s/step  eta 1:13:11
step   200/500  loss=0.0725  rank=0.0575  inv=0.0150  lr=1.42e-04  13.61s/step  eta 1:08:03
  dev max|d|=0.1931  (pair=yaml - inline_kv)
step   220/500  loss=0.0740  rank=0.0556  inv=0.0184  lr=1.30e-04  13.81s/step  eta 1:04:25
step   240/500  loss=0.0698  rank=0.0501  inv=0.0197  lr=1.17e-04  13.71s/step  eta 0:59:24
  dev max|d|=0.2047  (pair=yaml - inline_kv)
step   260/500  loss=0.1279  rank=0.0818  inv=0.0461  lr=1.03e-04  13.84s/step  eta 0:55:20
step   280/500  loss=0.0682  rank=0.0523  inv=0.0159  lr=9.00e-05  13.74s/step  eta 0:50:23
step   300/500  loss=0.0592  rank=0.0392  inv=0.0200  lr=7.68e-05  13.67s/step  eta 0:45:33
  dev max|d|=0.1424  (pair=yaml - inline_kv)
step   320/500  loss=0.1278  rank=0.0942  inv=0.0335  lr=6.41e-05  13.78s/step  eta 0:41:19
step   340/500  loss=0.1397  rank=0.1171  inv=0.0226  lr=5.19e-05  13.71s/step  eta 0:36:33
  dev max|d|=0.1394  (pair=yaml - inline_kv)
step   360/500  loss=0.0965  rank=0.0842  inv=0.0123  lr=4.07e-05  13.80s/step  eta 0:32:12
step   380/500  loss=0.0806  rank=0.0497  inv=0.0309  lr=3.05e-05  13.74s/step  eta 0:27:28
step   400/500  loss=0.0907  rank=0.0812  inv=0.0095  lr=2.15e-05  13.68s/step  eta 0:22:48
  dev max|d|=0.1432  (pair=inline_kv - markdown)
step   420/500  loss=0.0605  rank=0.0437  inv=0.0168  lr=1.40e-05  13.76s/step  eta 0:18:20
step   440/500  loss=0.0631  rank=0.0351  inv=0.0280  lr=7.94e-06  13.71s/step  eta 0:13:42
  dev max|d|=0.1454  (pair=inline_kv - markdown)
step   460/500  loss=0.0623  rank=0.0337  inv=0.0286  lr=3.55e-06  13.79s/step  eta 0:09:11
step   480/500  loss=0.0439  rank=0.0180  inv=0.0259  lr=8.92e-07  13.75s/step  eta 0:04:34
step   500/500  loss=0.1424  rank=0.0905  inv=0.0519  lr=0.00e+00  13.71s/step  eta 0:00:00
  dev max|d|=0.1453  (pair=inline_kv - markdown)

Finished at step 500 in 6912s, dev max|d|=0.1453
Saved adapter -> data/nq/h2/train/bge_base_5fmt_lam1/adapter
