
======================================================================
TRAIN  MiniLM-L6  arm=markdown_lam0   2026-10-05 08:35:38
======================================================================
  identifier:  cross-encoder/ms-marco-MiniLM-L6-v2
  formats:     4 of 5  ['yaml', 'json', 'toml', 'inline_kv']
  held out:    markdown
  lambda_inv:  0.0
  batch:       4 x 4
  steps:       500, warmup 30
  output:      data/nq/h2/train/minilm_l6_markdown_lam0
  device:      cuda
Warning: You are sending unauthenticated requests to the HF Hub. Please set a HF_TOKEN to enable higher rate limits and faster downloads.
[transformers] `torch_dtype` is deprecated! Use `dtype` instead!
Loading weights:   0%|          | 0/105 [00:00<?, ?it/s]Loading weights: 100%|██████████| 105/105 [00:00<00:00, 4498.90it/s]
  trainable:   221,569 / 22,935,170 (0.97%)

Loading the corpus...
[transformers] Token indices sequence length is longer than the specified maximum sequence length for this model (970 > 512). Running this sequence through the model will result in indexing errors
[transformers] Token indices sequence length is longer than the specified maximum sequence length for this model (970 > 512). Running this sequence through the model will result in indexing errors
[transformers] Token indices sequence length is longer than the specified maximum sequence length for this model (963 > 512). Running this sequence through the model will result in indexing errors
[transformers] Token indices sequence length is longer than the specified maximum sequence length for this model (928 > 512). Running this sequence through the model will result in indexing errors
[transformers] Token indices sequence length is longer than the specified maximum sequence length for this model (1154 > 1024). Running this sequence through the model will result in indexing errors
  train: 6,131 kept, 449 dropped
  dev:   758 kept
  corpus loading in 0:08:44

Training minilm_l6 markdown_lam0
[transformers] `use_return_dict` is deprecated! Use `return_dict` instead!
[transformers] `use_cache=True` is incompatible with gradient checkpointing. Setting `use_cache=False`.
step     1/500  loss=0.1066  rank=0.1066  inv=1.2050  lr=6.67e-06  11.88s/step  eta 1:38:48
step    20/500  loss=0.1885  rank=0.1885  inv=1.0078  lr=1.33e-04  11.55s/step  eta 1:32:24
step    40/500  loss=0.1126  rank=0.1126  inv=0.7411  lr=2.00e-04  11.70s/step  eta 1:29:43
  dev max|d|=0.8682  (pair=yaml - toml)
step    60/500  loss=0.1046  rank=0.1046  inv=0.2870  lr=1.98e-04  12.27s/step  eta 1:29:58
step    80/500  loss=0.1005  rank=0.1005  inv=0.5059  lr=1.94e-04  12.21s/step  eta 1:25:29
step   100/500  loss=0.0454  rank=0.0454  inv=0.5094  lr=1.89e-04  12.22s/step  eta 1:21:29
  dev max|d|=0.7013  (pair=yaml - inline_kv)
step   120/500  loss=0.0223  rank=0.0223  inv=0.5872  lr=1.82e-04  12.31s/step  eta 1:17:59
step   140/500  loss=0.1141  rank=0.1141  inv=0.3910  lr=1.74e-04  12.23s/step  eta 1:13:24
  dev max|d|=0.5801  (pair=yaml - inline_kv)
step   160/500  loss=0.1501  rank=0.1501  inv=0.5519  lr=1.65e-04  12.26s/step  eta 1:09:28
step   180/500  loss=0.0586  rank=0.0586  inv=0.9635  lr=1.54e-04  12.29s/step  eta 1:05:32
step   200/500  loss=0.0447  rank=0.0447  inv=0.8263  lr=1.42e-04  12.28s/step  eta 1:01:22
  dev max|d|=0.4829  (pair=yaml - inline_kv)
step   220/500  loss=0.0724  rank=0.0724  inv=0.5929  lr=1.30e-04  12.32s/step  eta 0:57:30
step   240/500  loss=0.0447  rank=0.0447  inv=0.6636  lr=1.17e-04  12.30s/step  eta 0:53:17
  dev max|d|=0.4267  (pair=yaml - inline_kv)
step   260/500  loss=0.0065  rank=0.0065  inv=0.7624  lr=1.03e-04  12.34s/step  eta 0:49:22
step   280/500  loss=0.0591  rank=0.0591  inv=1.0363  lr=9.00e-05  12.30s/step  eta 0:45:05
step   300/500  loss=0.0268  rank=0.0268  inv=0.6526  lr=7.68e-05  12.25s/step  eta 0:40:50
  dev max|d|=0.3817  (pair=yaml - inline_kv)
step   320/500  loss=0.0389  rank=0.0389  inv=1.0666  lr=6.41e-05  12.37s/step  eta 0:37:06
step   340/500  loss=0.0593  rank=0.0593  inv=0.9700  lr=5.19e-05  12.41s/step  eta 0:33:05
  dev max|d|=0.3724  (pair=yaml - inline_kv)
step   360/500  loss=0.0257  rank=0.0257  inv=1.1009  lr=4.07e-05  12.44s/step  eta 0:29:01
step   380/500  loss=0.0335  rank=0.0335  inv=1.4109  lr=3.05e-05  12.40s/step  eta 0:24:48
step   400/500  loss=0.1332  rank=0.1332  inv=0.8828  lr=2.15e-05  12.36s/step  eta 0:20:35
  dev max|d|=0.3567  (pair=yaml - inline_kv)
step   420/500  loss=0.0319  rank=0.0319  inv=0.9607  lr=1.40e-05  12.43s/step  eta 0:16:34
step   440/500  loss=0.0405  rank=0.0405  inv=0.6536  lr=7.94e-06  12.41s/step  eta 0:12:24
  dev max|d|=0.3506  (pair=yaml - inline_kv)
step   460/500  loss=0.0382  rank=0.0382  inv=1.0349  lr=3.55e-06  12.41s/step  eta 0:08:16
step   480/500  loss=0.0432  rank=0.0432  inv=0.9275  lr=8.92e-07  12.40s/step  eta 0:04:07
step   500/500  loss=0.2142  rank=0.2142  inv=0.7159  lr=0.00e+00  12.38s/step  eta 0:00:00
  dev max|d|=0.3497  (pair=yaml - inline_kv)

Finished at step 500 in 6208s, dev max|d|=0.3497
Saved adapter -> data/nq/h2/train/minilm_l6_markdown_lam0/adapter
