
======================================================================
TRAIN  MiniLM-L6  arm=json_lam0   2026-10-05 08:35:38
======================================================================
  identifier:  cross-encoder/ms-marco-MiniLM-L6-v2
  formats:     4 of 5  ['yaml', 'toml', 'inline_kv', 'markdown']
  held out:    json
  lambda_inv:  0.0
  batch:       4 x 4
  steps:       500, warmup 30
  output:      data/nq/h2/train/minilm_l6_json_lam0
  device:      cuda
Warning: You are sending unauthenticated requests to the HF Hub. Please set a HF_TOKEN to enable higher rate limits and faster downloads.
[transformers] `torch_dtype` is deprecated! Use `dtype` instead!
Loading weights:   0%|          | 0/105 [00:00<?, ?it/s]Loading weights: 100%|██████████| 105/105 [00:00<00:00, 4518.47it/s]
  trainable:   221,569 / 22,935,170 (0.97%)

Loading the corpus...
[transformers] Token indices sequence length is longer than the specified maximum sequence length for this model (970 > 512). Running this sequence through the model will result in indexing errors
[transformers] Token indices sequence length is longer than the specified maximum sequence length for this model (970 > 512). Running this sequence through the model will result in indexing errors
[transformers] Token indices sequence length is longer than the specified maximum sequence length for this model (963 > 512). Running this sequence through the model will result in indexing errors
[transformers] Token indices sequence length is longer than the specified maximum sequence length for this model (928 > 512). Running this sequence through the model will result in indexing errors
[transformers] Token indices sequence length is longer than the specified maximum sequence length for this model (1154 > 1024). Running this sequence through the model will result in indexing errors
  train: 6,131 kept, 449 dropped
  dev:   758 kept
  corpus loading in 0:08:24

Training minilm_l6 json_lam0
[transformers] `use_return_dict` is deprecated! Use `return_dict` instead!
[transformers] `use_cache=True` is incompatible with gradient checkpointing. Setting `use_cache=False`.
step     1/500  loss=0.1283  rank=0.1283  inv=2.0995  lr=6.67e-06  11.83s/step  eta 1:38:21
step    20/500  loss=0.1310  rank=0.1310  inv=0.5728  lr=1.33e-04  11.65s/step  eta 1:33:13
step    40/500  loss=0.0897  rank=0.0897  inv=0.5193  lr=2.00e-04  11.79s/step  eta 1:30:23
  dev max|d|=0.8713  (pair=yaml - toml)
step    60/500  loss=0.1296  rank=0.1296  inv=0.4113  lr=1.98e-04  11.99s/step  eta 1:27:55
step    80/500  loss=0.0811  rank=0.0811  inv=0.4596  lr=1.94e-04  11.88s/step  eta 1:23:10
step   100/500  loss=0.0512  rank=0.0512  inv=0.5853  lr=1.89e-04  11.80s/step  eta 1:18:38
  dev max|d|=0.6807  (pair=yaml - inline_kv)
step   120/500  loss=0.0137  rank=0.0137  inv=0.3402  lr=1.82e-04  11.89s/step  eta 1:15:17
step   140/500  loss=0.1500  rank=0.1500  inv=0.4418  lr=1.74e-04  11.86s/step  eta 1:11:11
  dev max|d|=0.5532  (pair=yaml - inline_kv)
step   160/500  loss=0.2222  rank=0.2222  inv=1.1932  lr=1.65e-04  11.95s/step  eta 1:07:42
step   180/500  loss=0.0743  rank=0.0743  inv=0.7924  lr=1.54e-04  11.92s/step  eta 1:03:33
step   200/500  loss=0.0334  rank=0.0334  inv=0.4172  lr=1.42e-04  11.93s/step  eta 0:59:37
  dev max|d|=0.4965  (pair=yaml - markdown)
step   220/500  loss=0.0775  rank=0.0775  inv=0.6106  lr=1.30e-04  11.97s/step  eta 0:55:51
step   240/500  loss=0.0345  rank=0.0345  inv=0.5409  lr=1.17e-04  11.92s/step  eta 0:51:39
  dev max|d|=0.3712  (pair=yaml - inline_kv)
step   260/500  loss=0.0103  rank=0.0103  inv=1.4218  lr=1.03e-04  12.07s/step  eta 0:48:15
step   280/500  loss=0.0473  rank=0.0473  inv=0.3320  lr=9.00e-05  12.05s/step  eta 0:44:10
step   300/500  loss=0.0147  rank=0.0147  inv=0.7136  lr=7.68e-05  12.02s/step  eta 0:40:04
  dev max|d|=0.3378  (pair=yaml - inline_kv)
step   320/500  loss=0.0265  rank=0.0265  inv=0.6125  lr=6.41e-05  12.08s/step  eta 0:36:14
step   340/500  loss=0.0704  rank=0.0704  inv=0.7264  lr=5.19e-05  12.05s/step  eta 0:32:07
  dev max|d|=0.3592  (pair=yaml - markdown)
step   360/500  loss=0.0205  rank=0.0205  inv=0.9852  lr=4.07e-05  12.10s/step  eta 0:28:13
step   380/500  loss=0.0546  rank=0.0546  inv=1.5460  lr=3.05e-05  12.10s/step  eta 0:24:11
step   400/500  loss=0.1085  rank=0.1085  inv=1.1466  lr=2.15e-05  12.09s/step  eta 0:20:08
  dev max|d|=0.3521  (pair=yaml - markdown)
step   420/500  loss=0.0275  rank=0.0275  inv=1.0526  lr=1.40e-05  12.12s/step  eta 0:16:09
step   440/500  loss=0.0248  rank=0.0248  inv=0.6691  lr=7.94e-06  12.12s/step  eta 0:12:07
  dev max|d|=0.3640  (pair=yaml - markdown)
step   460/500  loss=0.0668  rank=0.0668  inv=0.9882  lr=3.55e-06  12.15s/step  eta 0:08:06
step   480/500  loss=0.0302  rank=0.0302  inv=0.7600  lr=8.92e-07  12.13s/step  eta 0:04:02
step   500/500  loss=0.1611  rank=0.1611  inv=0.7709  lr=0.00e+00  12.11s/step  eta 0:00:00
  dev max|d|=0.3590  (pair=yaml - markdown)

Finished at step 500 in 6075s, dev max|d|=0.3590
Saved adapter -> data/nq/h2/train/minilm_l6_json_lam0/adapter
