
======================================================================
TRAIN  MiniLM-L6  arm=5fmt_lam0   2026-10-05 05:43:57
======================================================================
  identifier:  cross-encoder/ms-marco-MiniLM-L6-v2
  formats:     5 of 5  ['yaml', 'json', 'toml', 'inline_kv', 'markdown']
  lambda_inv:  0.0
  batch:       4 x 4
  steps:       500, warmup 30
  output:      data/nq/h2/train/minilm_l6_5fmt_lam0
  device:      cuda
Warning: You are sending unauthenticated requests to the HF Hub. Please set a HF_TOKEN to enable higher rate limits and faster downloads.
[transformers] `torch_dtype` is deprecated! Use `dtype` instead!
Loading weights:   0%|          | 0/105 [00:00<?, ?it/s]Loading weights: 100%|██████████| 105/105 [00:00<00:00, 4506.77it/s]
  trainable:   221,569 / 22,935,170 (0.97%)

Loading the corpus...
[transformers] Token indices sequence length is longer than the specified maximum sequence length for this model (970 > 512). Running this sequence through the model will result in indexing errors
[transformers] Token indices sequence length is longer than the specified maximum sequence length for this model (970 > 512). Running this sequence through the model will result in indexing errors
[transformers] Token indices sequence length is longer than the specified maximum sequence length for this model (963 > 512). Running this sequence through the model will result in indexing errors
[transformers] Token indices sequence length is longer than the specified maximum sequence length for this model (928 > 512). Running this sequence through the model will result in indexing errors
[transformers] Token indices sequence length is longer than the specified maximum sequence length for this model (1154 > 1024). Running this sequence through the model will result in indexing errors
  train: 6,131 kept, 449 dropped
  dev:   758 kept
  corpus loading in 0:09:26

Training minilm_l6 5fmt_lam0
[transformers] `use_return_dict` is deprecated! Use `return_dict` instead!
[transformers] `use_cache=True` is incompatible with gradient checkpointing. Setting `use_cache=False`.
step     1/500  loss=0.0927  rank=0.0927  inv=1.4970  lr=6.67e-06  14.53s/step  eta 2:00:50
step    20/500  loss=0.1734  rank=0.1734  inv=1.1229  lr=1.33e-04  14.31s/step  eta 1:54:28
step    40/500  loss=0.1282  rank=0.1282  inv=0.6839  lr=2.00e-04  14.39s/step  eta 1:50:20
  dev max|d|=0.8628  (pair=yaml - toml)
step    60/500  loss=0.0914  rank=0.0914  inv=0.4375  lr=1.98e-04  14.90s/step  eta 1:49:17
step    80/500  loss=0.0887  rank=0.0887  inv=0.4971  lr=1.94e-04  14.90s/step  eta 1:44:17
step   100/500  loss=0.0480  rank=0.0480  inv=0.6050  lr=1.89e-04  14.88s/step  eta 1:39:10
  dev max|d|=0.6825  (pair=yaml - inline_kv)
step   120/500  loss=0.0154  rank=0.0154  inv=0.5553  lr=1.82e-04  14.98s/step  eta 1:34:53
step   140/500  loss=0.1164  rank=0.1164  inv=0.3249  lr=1.74e-04  15.15s/step  eta 1:30:54
  dev max|d|=0.5718  (pair=yaml - inline_kv)
step   160/500  loss=0.1700  rank=0.1700  inv=0.7291  lr=1.65e-04  15.32s/step  eta 1:26:47
step   180/500  loss=0.0480  rank=0.0480  inv=0.7385  lr=1.54e-04  15.28s/step  eta 1:21:28
step   200/500  loss=0.0432  rank=0.0432  inv=0.7370  lr=1.42e-04  15.19s/step  eta 1:15:56
  dev max|d|=0.4503  (pair=yaml - markdown)
step   220/500  loss=0.0834  rank=0.0834  inv=0.8602  lr=1.30e-04  15.24s/step  eta 1:11:06
step   240/500  loss=0.0432  rank=0.0432  inv=0.4722  lr=1.17e-04  15.16s/step  eta 1:05:42
  dev max|d|=0.4324  (pair=yaml - inline_kv)
step   260/500  loss=0.0062  rank=0.0062  inv=0.7415  lr=1.03e-04  15.21s/step  eta 1:00:50
step   280/500  loss=0.0647  rank=0.0647  inv=0.8740  lr=9.00e-05  15.18s/step  eta 0:55:38
step   300/500  loss=0.0241  rank=0.0241  inv=0.6052  lr=7.68e-05  15.18s/step  eta 0:50:35
  dev max|d|=0.4112  (pair=yaml - inline_kv)
step   320/500  loss=0.0256  rank=0.0256  inv=0.8724  lr=6.41e-05  15.22s/step  eta 0:45:39
step   340/500  loss=0.0690  rank=0.0690  inv=1.1817  lr=5.19e-05  15.16s/step  eta 0:40:26
  dev max|d|=0.4033  (pair=yaml - inline_kv)
step   360/500  loss=0.0246  rank=0.0246  inv=0.6314  lr=4.07e-05  15.21s/step  eta 0:35:29
step   380/500  loss=0.0630  rank=0.0630  inv=1.8265  lr=3.05e-05  15.17s/step  eta 0:30:20
step   400/500  loss=0.0882  rank=0.0882  inv=1.0554  lr=2.15e-05  15.14s/step  eta 0:25:14
  dev max|d|=0.3844  (pair=yaml - inline_kv)
step   420/500  loss=0.0355  rank=0.0355  inv=0.6014  lr=1.40e-05  15.20s/step  eta 0:20:15
step   440/500  loss=0.0407  rank=0.0407  inv=0.8515  lr=7.94e-06  15.18s/step  eta 0:15:10
  dev max|d|=0.3801  (pair=yaml - inline_kv)
step   460/500  loss=0.0627  rank=0.0627  inv=1.3915  lr=3.55e-06  15.23s/step  eta 0:10:09
step   480/500  loss=0.0379  rank=0.0379  inv=0.9239  lr=8.92e-07  15.25s/step  eta 0:05:05
step   500/500  loss=0.1748  rank=0.1748  inv=0.5983  lr=0.00e+00  15.23s/step  eta 0:00:00
  dev max|d|=0.3797  (pair=yaml - inline_kv)

Finished at step 500 in 7640s, dev max|d|=0.3797
Saved adapter -> data/nq/h2/train/minilm_l6_5fmt_lam0/adapter
