
======================================================================
TRAIN  bge-base  arm=5fmt_lam10   2026-10-05 07:50:24
======================================================================
  identifier:  BAAI/bge-reranker-base
  formats:     5 of 5  ['yaml', 'json', 'toml', 'inline_kv', 'markdown']
  lambda_inv:  10.0
  batch:       2 x 8
  steps:       500, warmup 30
  output:      data/nq/h2/train/bge_base_5fmt_lam10
  device:      cuda
Warning: You are sending unauthenticated requests to the HF Hub. Please set a HF_TOKEN to enable higher rate limits and faster downloads.
[transformers] `torch_dtype` is deprecated! Use `dtype` instead!
Loading weights:   0%|          | 0/201 [00:00<?, ?it/s]Loading weights: 100%|██████████| 201/201 [00:00<00:00, 3463.65it/s]
  trainable:   1,476,097 / 279,520,514 (0.53%)

Loading the corpus...
[transformers] Token indices sequence length is longer than the specified maximum sequence length for this model (970 > 512). Running this sequence through the model will result in indexing errors
[transformers] Token indices sequence length is longer than the specified maximum sequence length for this model (970 > 512). Running this sequence through the model will result in indexing errors
[transformers] Token indices sequence length is longer than the specified maximum sequence length for this model (963 > 512). Running this sequence through the model will result in indexing errors
[transformers] Token indices sequence length is longer than the specified maximum sequence length for this model (928 > 512). Running this sequence through the model will result in indexing errors
[transformers] Token indices sequence length is longer than the specified maximum sequence length for this model (1154 > 1024). Running this sequence through the model will result in indexing errors
  train: 6,131 kept, 449 dropped
  dev:   758 kept
  corpus loading in 0:03:36

Training bge_base 5fmt_lam10
[transformers] `use_return_dict` is deprecated! Use `return_dict` instead!
[transformers] `use_cache=True` is incompatible with gradient checkpointing. Setting `use_cache=False`.
step     1/500  loss=3.0738  rank=0.1852  inv=0.2889  lr=6.67e-06  12.57s/step  eta 1:44:32
step    20/500  loss=2.2615  rank=0.0755  inv=0.2186  lr=1.33e-04  12.67s/step  eta 1:41:23
step    40/500  loss=0.2529  rank=0.1927  inv=0.0060  lr=2.00e-04  12.99s/step  eta 1:39:33
  dev max|d|=0.1715  (pair=json - inline_kv)
step    60/500  loss=0.1901  rank=0.1325  inv=0.0058  lr=1.98e-04  13.87s/step  eta 1:41:44
step    80/500  loss=0.3141  rank=0.2202  inv=0.0094  lr=1.94e-04  13.57s/step  eta 1:35:01
step   100/500  loss=0.1933  rank=0.0858  inv=0.0108  lr=1.89e-04  13.49s/step  eta 1:29:55
  dev max|d|=0.1485  (pair=yaml - json)
step   120/500  loss=0.1600  rank=0.1199  inv=0.0040  lr=1.82e-04  13.87s/step  eta 1:27:52
step   140/500  loss=0.2202  rank=0.1890  inv=0.0031  lr=1.74e-04  13.72s/step  eta 1:22:20
  dev max|d|=0.1179  (pair=yaml - json)
step   160/500  loss=0.1909  rank=0.0644  inv=0.0127  lr=1.65e-04  13.95s/step  eta 1:19:03
step   180/500  loss=0.1435  rank=0.1029  inv=0.0041  lr=1.54e-04  13.80s/step  eta 1:13:36
step   200/500  loss=0.1563  rank=0.1273  inv=0.0029  lr=1.42e-04  13.69s/step  eta 1:08:26
  dev max|d|=0.1142  (pair=yaml - json)
step   220/500  loss=0.1688  rank=0.1404  inv=0.0028  lr=1.30e-04  13.87s/step  eta 1:04:42
step   240/500  loss=0.1560  rank=0.1205  inv=0.0035  lr=1.17e-04  13.77s/step  eta 0:59:40
  dev max|d|=0.1008  (pair=yaml - json)
step   260/500  loss=0.2476  rank=0.1777  inv=0.0070  lr=1.03e-04  13.92s/step  eta 0:55:39
step   280/500  loss=0.1198  rank=0.0998  inv=0.0020  lr=9.00e-05  13.83s/step  eta 0:50:42
step   300/500  loss=0.1137  rank=0.0556  inv=0.0058  lr=7.68e-05  13.76s/step  eta 0:45:52
  dev max|d|=0.0775  (pair=json - markdown)
step   320/500  loss=0.2508  rank=0.1708  inv=0.0080  lr=6.41e-05  13.87s/step  eta 0:41:37
step   340/500  loss=0.2224  rank=0.1818  inv=0.0041  lr=5.19e-05  13.81s/step  eta 0:36:49
  dev max|d|=0.0848  (pair=inline_kv - markdown)
step   360/500  loss=0.1388  rank=0.1183  inv=0.0021  lr=4.07e-05  13.90s/step  eta 0:32:26
step   380/500  loss=0.1687  rank=0.0955  inv=0.0073  lr=3.05e-05  13.85s/step  eta 0:27:41
step   400/500  loss=0.1908  rank=0.1791  inv=0.0012  lr=2.15e-05  13.79s/step  eta 0:22:58
  dev max|d|=0.1000  (pair=inline_kv - markdown)
step   420/500  loss=0.0976  rank=0.0816  inv=0.0016  lr=1.40e-05  13.88s/step  eta 0:18:30
step   440/500  loss=0.1127  rank=0.0674  inv=0.0045  lr=7.94e-06  13.82s/step  eta 0:13:49
  dev max|d|=0.0796  (pair=inline_kv - markdown)
step   460/500  loss=0.1015  rank=0.0669  inv=0.0035  lr=3.55e-06  13.90s/step  eta 0:09:16
step   480/500  loss=0.0692  rank=0.0398  inv=0.0029  lr=8.92e-07  13.86s/step  eta 0:04:37
step   500/500  loss=0.5072  rank=0.1407  inv=0.0366  lr=0.00e+00  13.81s/step  eta 0:00:00
  dev max|d|=0.0779  (pair=inline_kv - markdown)

Finished at step 500 in 6962s, dev max|d|=0.0779
Saved adapter -> data/nq/h2/train/bge_base_5fmt_lam10/adapter
