
======================================================================
TRAIN  mxbai-v1  arm=5fmt_lam0.1   2026-10-05 05:46:00
======================================================================
  identifier:  mixedbread-ai/mxbai-rerank-base-v1
  formats:     5 of 5  ['yaml', 'json', 'toml', 'inline_kv', 'markdown']
  lambda_inv:  0.1
  batch:       2 x 8
  steps:       500, warmup 30
  output:      data/nq/h2/train/mxbai_v1_5fmt_lam0.1
  device:      cuda
Warning: You are sending unauthenticated requests to the HF Hub. Please set a HF_TOKEN to enable higher rate limits and faster downloads.
[transformers] `torch_dtype` is deprecated! Use `dtype` instead!
Loading weights:   0%|          | 0/202 [00:00<?, ?it/s]Loading weights: 100%|██████████| 202/202 [00:00<00:00, 2251.02it/s]
  trainable:   885,505 / 185,308,418 (0.48%)

Loading the corpus...
[transformers] Token indices sequence length is longer than the specified maximum sequence length for this model (970 > 512). Running this sequence through the model will result in indexing errors
[transformers] Token indices sequence length is longer than the specified maximum sequence length for this model (970 > 512). Running this sequence through the model will result in indexing errors
[transformers] Token indices sequence length is longer than the specified maximum sequence length for this model (963 > 512). Running this sequence through the model will result in indexing errors
[transformers] Token indices sequence length is longer than the specified maximum sequence length for this model (928 > 512). Running this sequence through the model will result in indexing errors
[transformers] Token indices sequence length is longer than the specified maximum sequence length for this model (1154 > 1024). Running this sequence through the model will result in indexing errors
  train: 6,131 kept, 449 dropped
  dev:   758 kept
  corpus loading in 0:03:46

Training mxbai_v1 5fmt_lam0.1
[transformers] `use_return_dict` is deprecated! Use `return_dict` instead!
step     1/500  loss=0.0762  rank=0.0498  inv=0.2632  lr=6.67e-06  19.65s/step  eta 2:43:27
step    20/500  loss=0.0750  rank=0.0644  inv=0.1058  lr=1.33e-04  19.78s/step  eta 2:38:12
step    40/500  loss=0.0277  rank=0.0211  inv=0.0660  lr=2.00e-04  19.68s/step  eta 2:30:54
  dev max|d|=0.1918  (pair=yaml - toml)
step    60/500  loss=0.0457  rank=0.0306  inv=0.1514  lr=1.98e-04  20.42s/step  eta 2:29:43
step    80/500  loss=0.0664  rank=0.0514  inv=0.1504  lr=1.94e-04  20.28s/step  eta 2:21:59
step   100/500  loss=0.0467  rank=0.0392  inv=0.0749  lr=1.89e-04  20.15s/step  eta 2:14:20
  dev max|d|=0.2997  (pair=yaml - markdown)
step   120/500  loss=0.0214  rank=0.0054  inv=0.1604  lr=1.82e-04  20.45s/step  eta 2:09:32
step   140/500  loss=0.0528  rank=0.0465  inv=0.0633  lr=1.74e-04  20.35s/step  eta 2:02:06
  dev max|d|=0.1118  (pair=yaml - json)
step   160/500  loss=0.0388  rank=0.0275  inv=0.1124  lr=1.65e-04  20.55s/step  eta 1:56:25
step   180/500  loss=0.0266  rank=0.0210  inv=0.0557  lr=1.54e-04  20.43s/step  eta 1:48:56
step   200/500  loss=0.0196  rank=0.0153  inv=0.0428  lr=1.42e-04  20.35s/step  eta 1:41:43
  dev max|d|=0.1664  (pair=json - inline_kv)
step   220/500  loss=0.0307  rank=0.0227  inv=0.0803  lr=1.30e-04  20.50s/step  eta 1:35:39
step   240/500  loss=0.0231  rank=0.0163  inv=0.0688  lr=1.17e-04  20.45s/step  eta 1:28:37
  dev max|d|=0.1358  (pair=json - toml)
step   260/500  loss=0.0638  rank=0.0510  inv=0.1281  lr=1.03e-04  20.59s/step  eta 1:22:20
step   280/500  loss=0.0670  rank=0.0390  inv=0.2804  lr=9.00e-05  20.52s/step  eta 1:15:14
step   300/500  loss=0.0464  rank=0.0361  inv=0.1029  lr=7.68e-05  20.48s/step  eta 1:08:16
  dev max|d|=0.0751  (pair=json - toml)
step   320/500  loss=0.0404  rank=0.0332  inv=0.0724  lr=6.41e-05  20.56s/step  eta 1:01:41
step   340/500  loss=0.0180  rank=0.0121  inv=0.0593  lr=5.19e-05  20.52s/step  eta 0:54:43
  dev max|d|=0.0894  (pair=yaml - markdown)
step   360/500  loss=0.0529  rank=0.0461  inv=0.0687  lr=4.07e-05  20.59s/step  eta 0:48:03
step   380/500  loss=0.0551  rank=0.0445  inv=0.1061  lr=3.05e-05  20.56s/step  eta 0:41:07
step   400/500  loss=0.0254  rank=0.0198  inv=0.0568  lr=2.15e-05  20.55s/step  eta 0:34:15
  dev max|d|=0.0784  (pair=json - markdown)
step   420/500  loss=0.0195  rank=0.0128  inv=0.0669  lr=1.40e-05  20.61s/step  eta 0:27:29
step   440/500  loss=0.0338  rank=0.0264  inv=0.0744  lr=7.94e-06  20.59s/step  eta 0:20:35
  dev max|d|=0.0809  (pair=json - markdown)
step   460/500  loss=0.0209  rank=0.0079  inv=0.1294  lr=3.55e-06  20.65s/step  eta 0:13:45
step   480/500  loss=0.0094  rank=0.0032  inv=0.0613  lr=8.92e-07  20.62s/step  eta 0:06:52
step   500/500  loss=0.0464  rank=0.0343  inv=0.1210  lr=0.00e+00  20.59s/step  eta 0:00:00
  dev max|d|=0.0807  (pair=json - markdown)

Finished at step 500 in 10341s, dev max|d|=0.0807
Saved adapter -> data/nq/h2/train/mxbai_v1_5fmt_lam0.1/adapter
