
======================================================================
TRAIN  bge-base  arm=inline_kv_lam1   2026-10-05 15:55:46
======================================================================
  identifier:  BAAI/bge-reranker-base
  formats:     4 of 5  ['yaml', 'json', 'toml', 'markdown']
  held out:    inline_kv
  lambda_inv:  1.0
  batch:       2 x 8
  steps:       500, warmup 30
  output:      data/nq/h2/train/bge_base_inline_kv_lam1
  device:      cuda
Warning: You are sending unauthenticated requests to the HF Hub. Please set a HF_TOKEN to enable higher rate limits and faster downloads.
[transformers] `torch_dtype` is deprecated! Use `dtype` instead!
Loading weights:   0%|          | 0/201 [00:00<?, ?it/s]Loading weights: 100%|██████████| 201/201 [00:00<00:00, 3303.44it/s]
  trainable:   1,476,097 / 279,520,514 (0.53%)

Loading the corpus...
[transformers] Token indices sequence length is longer than the specified maximum sequence length for this model (970 > 512). Running this sequence through the model will result in indexing errors
[transformers] Token indices sequence length is longer than the specified maximum sequence length for this model (970 > 512). Running this sequence through the model will result in indexing errors
[transformers] Token indices sequence length is longer than the specified maximum sequence length for this model (963 > 512). Running this sequence through the model will result in indexing errors
[transformers] Token indices sequence length is longer than the specified maximum sequence length for this model (928 > 512). Running this sequence through the model will result in indexing errors
[transformers] Token indices sequence length is longer than the specified maximum sequence length for this model (1154 > 1024). Running this sequence through the model will result in indexing errors
  train: 6,131 kept, 449 dropped
  dev:   758 kept
  corpus loading in 0:03:42

Training bge_base inline_kv_lam1
[transformers] `use_return_dict` is deprecated! Use `return_dict` instead!
[transformers] `use_cache=True` is incompatible with gradient checkpointing. Setting `use_cache=False`.
step     1/500  loss=0.4458  rank=0.1541  inv=0.2917  lr=6.67e-06  10.20s/step  eta 1:24:51
step    20/500  loss=0.3162  rank=0.0846  inv=0.2317  lr=1.33e-04  10.00s/step  eta 1:19:57
step    40/500  loss=0.0778  rank=0.0586  inv=0.0191  lr=2.00e-04  10.33s/step  eta 1:19:13
  dev max|d|=0.2196  (pair=yaml - json)
step    60/500  loss=0.0777  rank=0.0522  inv=0.0255  lr=1.98e-04  11.01s/step  eta 1:20:42
step    80/500  loss=0.1454  rank=0.1176  inv=0.0278  lr=1.94e-04  10.78s/step  eta 1:15:28
step   100/500  loss=0.0831  rank=0.0508  inv=0.0323  lr=1.89e-04  10.64s/step  eta 1:10:57
  dev max|d|=0.1190  (pair=yaml - toml)
step   120/500  loss=0.0578  rank=0.0362  inv=0.0217  lr=1.82e-04  10.94s/step  eta 1:09:16
step   140/500  loss=0.1018  rank=0.0927  inv=0.0091  lr=1.74e-04  10.83s/step  eta 1:04:58
  dev max|d|=0.1464  (pair=yaml - toml)
step   160/500  loss=0.1124  rank=0.0408  inv=0.0715  lr=1.65e-04  11.02s/step  eta 1:02:25
step   180/500  loss=0.0475  rank=0.0301  inv=0.0175  lr=1.54e-04  10.91s/step  eta 0:58:10
step   200/500  loss=0.0770  rank=0.0649  inv=0.0120  lr=1.42e-04  10.83s/step  eta 0:54:07
  dev max|d|=0.0838  (pair=yaml - toml)
step   220/500  loss=0.0888  rank=0.0581  inv=0.0307  lr=1.30e-04  10.97s/step  eta 0:51:10
step   240/500  loss=0.0749  rank=0.0498  inv=0.0251  lr=1.17e-04  10.90s/step  eta 0:47:14
  dev max|d|=0.0857  (pair=yaml - toml)
step   260/500  loss=0.1377  rank=0.0890  inv=0.0487  lr=1.03e-04  11.01s/step  eta 0:44:03
step   280/500  loss=0.0630  rank=0.0456  inv=0.0175  lr=9.00e-05  10.96s/step  eta 0:40:10
step   300/500  loss=0.0840  rank=0.0377  inv=0.0463  lr=7.68e-05  10.90s/step  eta 0:36:20
  dev max|d|=0.1066  (pair=toml - markdown)
step   320/500  loss=0.1030  rank=0.0876  inv=0.0153  lr=6.41e-05  10.99s/step  eta 0:32:57
step   340/500  loss=0.1381  rank=0.1176  inv=0.0205  lr=5.19e-05  10.94s/step  eta 0:29:10
  dev max|d|=0.1077  (pair=toml - markdown)
step   360/500  loss=0.0911  rank=0.0781  inv=0.0130  lr=4.07e-05  11.02s/step  eta 0:25:42
step   380/500  loss=0.1018  rank=0.0640  inv=0.0378  lr=3.05e-05  10.97s/step  eta 0:21:56
step   400/500  loss=0.0871  rank=0.0787  inv=0.0084  lr=2.15e-05  10.92s/step  eta 0:18:12
  dev max|d|=0.1034  (pair=toml - markdown)
step   420/500  loss=0.0591  rank=0.0447  inv=0.0144  lr=1.40e-05  10.99s/step  eta 0:14:39
step   440/500  loss=0.0591  rank=0.0375  inv=0.0216  lr=7.94e-06  10.96s/step  eta 0:10:57
  dev max|d|=0.1013  (pair=toml - markdown)
step   460/500  loss=0.0584  rank=0.0311  inv=0.0272  lr=3.55e-06  11.02s/step  eta 0:07:20
step   480/500  loss=0.0346  rank=0.0151  inv=0.0195  lr=8.92e-07  10.98s/step  eta 0:03:39
step   500/500  loss=0.1459  rank=0.0789  inv=0.0671  lr=0.00e+00  10.95s/step  eta 0:00:00
  dev max|d|=0.1012  (pair=toml - markdown)

Finished at step 500 in 5519s, dev max|d|=0.1012
Saved adapter -> data/nq/h2/train/bge_base_inline_kv_lam1/adapter
