
======================================================================
TRAIN  jina-v2  arm=5fmt_lam1   2026-10-05 09:32:56
======================================================================
  identifier:  jinaai/jina-reranker-v2-base-multilingual
  formats:     5 of 5  ['yaml', 'json', 'toml', 'inline_kv', 'markdown']
  lambda_inv:  1.0
  batch:       2 x 8
  steps:       500, warmup 30
  output:      data/nq/h2/train/jina_v2_5fmt_lam1
  device:      cuda
Warning: You are sending unauthenticated requests to the HF Hub. Please set a HF_TOKEN to enable higher rate limits and faster downloads.
[transformers] `torch_dtype` is deprecated! Use `dtype` instead!
flash_attn is not installed. Using PyTorch native attention implementation.
flash_attn is not installed. Using PyTorch native attention implementation.
flash_attn is not installed. Using PyTorch native attention implementation.
flash_attn is not installed. Using PyTorch native attention implementation.
flash_attn is not installed. Using PyTorch native attention implementation.
flash_attn is not installed. Using PyTorch native attention implementation.
flash_attn is not installed. Using PyTorch native attention implementation.
flash_attn is not installed. Using PyTorch native attention implementation.
flash_attn is not installed. Using PyTorch native attention implementation.
flash_attn is not installed. Using PyTorch native attention implementation.
flash_attn is not installed. Using PyTorch native attention implementation.
flash_attn is not installed. Using PyTorch native attention implementation.
flash_attn is not installed. Using PyTorch native attention implementation.
Loading weights:   0%|          | 0/153 [00:00<?, ?it/s]Loading weights:   6%|▌         | 9/153 [00:00<00:05, 24.89it/s]Loading weights: 100%|██████████| 153/153 [00:00<00:00, 400.73it/s]
[transformers] XLMRobertaForSequenceClassification does not expose input embeddings. Gradients cannot flow back to the token embeddings when using adapters or gradient checkpointing. Override `get_input_embeddings` to fully support those features, or set `_input_embed_layer` to the attribute name that holds the embeddings.
[transformers] You are using an old version of the checkpointing format that is deprecated (We will also silently ignore `gradient_checkpointing_kwargs` in case you passed it).Please update to the new format on your modeling file. To use the new format, you need to completely remove the definition of the method `_set_gradient_checkpointing` in your model.
  fused projections patched: 12
  trainable:   1,181,185 / 279,618,818 (0.42%)

Loading the corpus...
[transformers] Token indices sequence length is longer than the specified maximum sequence length for this model (970 > 512). Running this sequence through the model will result in indexing errors
[transformers] Token indices sequence length is longer than the specified maximum sequence length for this model (970 > 512). Running this sequence through the model will result in indexing errors
[transformers] Token indices sequence length is longer than the specified maximum sequence length for this model (963 > 512). Running this sequence through the model will result in indexing errors
[transformers] Token indices sequence length is longer than the specified maximum sequence length for this model (928 > 512). Running this sequence through the model will result in indexing errors
[transformers] Token indices sequence length is longer than the specified maximum sequence length for this model (1154 > 1024). Running this sequence through the model will result in indexing errors
  train: 6,131 kept, 449 dropped
  dev:   758 kept
  corpus loading in 0:13:31

Training jina_v2 5fmt_lam1
[transformers] `use_return_dict` is deprecated! Use `return_dict` instead!
step     1/500  loss=0.2189  rank=0.1892  inv=0.0298  lr=6.67e-06  23.76s/step  eta 3:17:35
step    20/500  loss=0.1010  rank=0.0756  inv=0.0254  lr=1.33e-04  23.42s/step  eta 3:07:21
step    40/500  loss=0.0356  rank=0.0224  inv=0.0132  lr=2.00e-04  23.28s/step  eta 2:58:27
  dev max|d|=0.1011  (pair=toml - markdown)
step    60/500  loss=0.0308  rank=0.0219  inv=0.0089  lr=1.98e-04  24.04s/step  eta 2:56:16
step    80/500  loss=0.0881  rank=0.0777  inv=0.0104  lr=1.94e-04  23.84s/step  eta 2:46:54
step   100/500  loss=0.0485  rank=0.0274  inv=0.0211  lr=1.89e-04  23.67s/step  eta 2:37:49
  dev max|d|=0.1744  (pair=json - markdown)
step   120/500  loss=0.0404  rank=0.0236  inv=0.0168  lr=1.82e-04  24.03s/step  eta 2:32:12
step   140/500  loss=0.0592  rank=0.0526  inv=0.0066  lr=1.74e-04  23.93s/step  eta 2:23:35
  dev max|d|=0.1635  (pair=json - markdown)
step   160/500  loss=0.0450  rank=0.0265  inv=0.0185  lr=1.65e-04  24.14s/step  eta 2:16:47
step   180/500  loss=0.0390  rank=0.0260  inv=0.0130  lr=1.54e-04  24.02s/step  eta 2:08:06
step   200/500  loss=0.0361  rank=0.0209  inv=0.0152  lr=1.42e-04  23.91s/step  eta 1:59:32
  dev max|d|=0.1450  (pair=json - markdown)
step   220/500  loss=0.0540  rank=0.0281  inv=0.0258  lr=1.30e-04  24.05s/step  eta 1:52:14
step   240/500  loss=0.0426  rank=0.0306  inv=0.0120  lr=1.17e-04  23.97s/step  eta 1:43:52
  dev max|d|=0.1660  (pair=json - markdown)
step   260/500  loss=0.0621  rank=0.0409  inv=0.0212  lr=1.03e-04  24.11s/step  eta 1:36:25
step   280/500  loss=0.0519  rank=0.0375  inv=0.0143  lr=9.00e-05  24.02s/step  eta 1:28:05
step   300/500  loss=0.0416  rank=0.0241  inv=0.0175  lr=7.68e-05  23.96s/step  eta 1:19:52
  dev max|d|=0.1651  (pair=json - markdown)
step   320/500  loss=0.0746  rank=0.0587  inv=0.0159  lr=6.41e-05  24.06s/step  eta 1:12:11
step   340/500  loss=0.0714  rank=0.0457  inv=0.0257  lr=5.19e-05  24.01s/step  eta 1:04:00
  dev max|d|=0.1569  (pair=yaml - markdown)
step   360/500  loss=0.0826  rank=0.0673  inv=0.0153  lr=4.07e-05  24.09s/step  eta 0:56:12
step   380/500  loss=0.0370  rank=0.0226  inv=0.0144  lr=3.05e-05  24.04s/step  eta 0:48:04
step   400/500  loss=0.0439  rank=0.0365  inv=0.0073  lr=2.15e-05  23.99s/step  eta 0:39:59
  dev max|d|=0.1718  (pair=yaml - markdown)
step   420/500  loss=0.0301  rank=0.0210  inv=0.0091  lr=1.40e-05  24.08s/step  eta 0:32:06
step   440/500  loss=0.0461  rank=0.0257  inv=0.0204  lr=7.94e-06  24.03s/step  eta 0:24:01
  dev max|d|=0.1651  (pair=yaml - markdown)
step   460/500  loss=0.0270  rank=0.0141  inv=0.0129  lr=3.55e-06  24.10s/step  eta 0:16:04
step   480/500  loss=0.0319  rank=0.0108  inv=0.0211  lr=8.92e-07  24.06s/step  eta 0:08:01
step   500/500  loss=0.0516  rank=0.0347  inv=0.0169  lr=0.00e+00  24.02s/step  eta 0:00:00
  dev max|d|=0.1646  (pair=yaml - markdown)

Finished at step 500 in 12063s, dev max|d|=0.1646
Saved adapter -> data/nq/h2/train/jina_v2_5fmt_lam1/adapter
