
======================================================================
TRAIN  MiniLM-L6  arm=inline_kv_lam1   2026-10-05 10:28:32
======================================================================
  identifier:  cross-encoder/ms-marco-MiniLM-L6-v2
  formats:     4 of 5  ['yaml', 'json', 'toml', 'markdown']
  held out:    inline_kv
  lambda_inv:  1.0
  batch:       4 x 4
  steps:       500, warmup 30
  output:      data/nq/h2/train/minilm_l6_inline_kv_lam1
  device:      cuda
Warning: You are sending unauthenticated requests to the HF Hub. Please set a HF_TOKEN to enable higher rate limits and faster downloads.
[transformers] `torch_dtype` is deprecated! Use `dtype` instead!
Loading weights:   0%|          | 0/105 [00:00<?, ?it/s]Loading weights: 100%|██████████| 105/105 [00:00<00:00, 5431.70it/s]
  trainable:   221,569 / 22,935,170 (0.97%)

Loading the corpus...
[transformers] Token indices sequence length is longer than the specified maximum sequence length for this model (970 > 512). Running this sequence through the model will result in indexing errors
[transformers] Token indices sequence length is longer than the specified maximum sequence length for this model (970 > 512). Running this sequence through the model will result in indexing errors
[transformers] Token indices sequence length is longer than the specified maximum sequence length for this model (963 > 512). Running this sequence through the model will result in indexing errors
[transformers] Token indices sequence length is longer than the specified maximum sequence length for this model (928 > 512). Running this sequence through the model will result in indexing errors
[transformers] Token indices sequence length is longer than the specified maximum sequence length for this model (1154 > 1024). Running this sequence through the model will result in indexing errors
  train: 6,131 kept, 449 dropped
  dev:   758 kept
  corpus loading in 0:09:46

Training minilm_l6 inline_kv_lam1
[transformers] `use_return_dict` is deprecated! Use `return_dict` instead!
[transformers] `use_cache=True` is incompatible with gradient checkpointing. Setting `use_cache=False`.
step     1/500  loss=1.5523  rank=0.1050  inv=1.4474  lr=6.67e-06  11.80s/step  eta 1:38:09
step    20/500  loss=1.1521  rank=0.1577  inv=0.9943  lr=1.33e-04  11.70s/step  eta 1:33:37
step    40/500  loss=0.4190  rank=0.1206  inv=0.2984  lr=2.00e-04  11.66s/step  eta 1:29:24
  dev max|d|=0.6884  (pair=yaml - toml)
step    60/500  loss=0.2775  rank=0.1882  inv=0.0893  lr=1.98e-04  12.09s/step  eta 1:28:40
step    80/500  loss=0.3096  rank=0.1882  inv=0.1214  lr=1.94e-04  12.02s/step  eta 1:24:10
step   100/500  loss=0.2140  rank=0.1527  inv=0.0613  lr=1.89e-04  11.92s/step  eta 1:19:26
  dev max|d|=0.2040  (pair=json - toml)
step   120/500  loss=0.1407  rank=0.0956  inv=0.0452  lr=1.82e-04  12.07s/step  eta 1:16:26
step   140/500  loss=0.3333  rank=0.2599  inv=0.0734  lr=1.74e-04  12.08s/step  eta 1:12:27
  dev max|d|=0.1449  (pair=yaml - markdown)
step   160/500  loss=0.2469  rank=0.1722  inv=0.0747  lr=1.65e-04  12.16s/step  eta 1:08:55
step   180/500  loss=0.1625  rank=0.1003  inv=0.0623  lr=1.54e-04  12.16s/step  eta 1:04:50
step   200/500  loss=0.1417  rank=0.1090  inv=0.0327  lr=1.42e-04  12.16s/step  eta 1:00:47
  dev max|d|=0.0894  (pair=json - markdown)
step   220/500  loss=0.1870  rank=0.1367  inv=0.0502  lr=1.30e-04  12.24s/step  eta 0:57:07
step   240/500  loss=0.1720  rank=0.1307  inv=0.0412  lr=1.17e-04  12.20s/step  eta 0:52:53
  dev max|d|=0.1019  (pair=json - markdown)
step   260/500  loss=0.1236  rank=0.0567  inv=0.0669  lr=1.03e-04  12.24s/step  eta 0:48:58
step   280/500  loss=0.1810  rank=0.1184  inv=0.0626  lr=9.00e-05  12.24s/step  eta 0:44:52
step   300/500  loss=0.1508  rank=0.0972  inv=0.0536  lr=7.68e-05  12.21s/step  eta 0:40:41
  dev max|d|=0.1805  (pair=json - markdown)
step   320/500  loss=0.1945  rank=0.0967  inv=0.0979  lr=6.41e-05  12.24s/step  eta 0:36:43
step   340/500  loss=0.1546  rank=0.0921  inv=0.0625  lr=5.19e-05  12.23s/step  eta 0:32:36
  dev max|d|=0.1591  (pair=json - markdown)
step   360/500  loss=0.1856  rank=0.0854  inv=0.1002  lr=4.07e-05  12.26s/step  eta 0:28:36
step   380/500  loss=0.1530  rank=0.1001  inv=0.0529  lr=3.05e-05  12.23s/step  eta 0:24:28
step   400/500  loss=0.2462  rank=0.1467  inv=0.0995  lr=2.15e-05  12.22s/step  eta 0:20:21
  dev max|d|=0.1803  (pair=json - markdown)
step   420/500  loss=0.1430  rank=0.0753  inv=0.0678  lr=1.40e-05  12.25s/step  eta 0:16:19
step   440/500  loss=0.1640  rank=0.1238  inv=0.0402  lr=7.94e-06  12.22s/step  eta 0:12:12
  dev max|d|=0.1814  (pair=json - markdown)
step   460/500  loss=0.2060  rank=0.1373  inv=0.0687  lr=3.55e-06  12.23s/step  eta 0:08:09
step   480/500  loss=0.1650  rank=0.0758  inv=0.0892  lr=8.92e-07  12.21s/step  eta 0:04:04
step   500/500  loss=0.4350  rank=0.3155  inv=0.1196  lr=0.00e+00  12.20s/step  eta 0:00:00
  dev max|d|=0.1814  (pair=json - markdown)

Finished at step 500 in 6135s, dev max|d|=0.1814
Saved adapter -> data/nq/h2/train/minilm_l6_inline_kv_lam1/adapter
