
======================================================================
TRAIN  bge-v2-m3  arm=inline_kv_lam1   2026-10-05 13:21:14
======================================================================
  identifier:  BAAI/bge-reranker-v2-m3
  formats:     4 of 5  ['yaml', 'json', 'toml', 'markdown']
  held out:    inline_kv
  lambda_inv:  1.0
  batch:       2 x 8
  steps:       500, warmup 30
  output:      data/nq/h2/train/bge_v2_m3_inline_kv_lam1
  device:      cuda
Warning: You are sending unauthenticated requests to the HF Hub. Please set a HF_TOKEN to enable higher rate limits and faster downloads.
[transformers] `torch_dtype` is deprecated! Use `dtype` instead!
Loading weights:   0%|          | 0/393 [00:00<?, ?it/s]Loading weights: 100%|██████████| 393/393 [00:00<00:00, 7621.25it/s]
  trainable:   3,409,921 / 571,165,698 (0.60%)

Loading the corpus...
[transformers] Token indices sequence length is longer than the specified maximum sequence length for this model (970 > 512). Running this sequence through the model will result in indexing errors
[transformers] Token indices sequence length is longer than the specified maximum sequence length for this model (970 > 512). Running this sequence through the model will result in indexing errors
[transformers] Token indices sequence length is longer than the specified maximum sequence length for this model (963 > 512). Running this sequence through the model will result in indexing errors
[transformers] Token indices sequence length is longer than the specified maximum sequence length for this model (928 > 512). Running this sequence through the model will result in indexing errors
[transformers] Token indices sequence length is longer than the specified maximum sequence length for this model (1154 > 1024). Running this sequence through the model will result in indexing errors
  train: 6,131 kept, 449 dropped
  dev:   758 kept
  corpus loading in 0:02:10

Training bge_v2_m3 inline_kv_lam1
[transformers] `use_return_dict` is deprecated! Use `return_dict` instead!
[transformers] `use_cache=True` is incompatible with gradient checkpointing. Setting `use_cache=False`.
step     1/500  loss=0.3988  rank=0.0914  inv=0.3073  lr=6.67e-06  17.03s/step  eta 2:21:36
step    20/500  loss=0.0893  rank=0.0634  inv=0.0259  lr=1.33e-04  17.16s/step  eta 2:17:16
step    40/500  loss=0.0438  rank=0.0161  inv=0.0277  lr=2.00e-04  17.17s/step  eta 2:11:36
  dev max|d|=0.3857  (pair=json - markdown)
step    60/500  loss=0.0275  rank=0.0168  inv=0.0107  lr=1.98e-04  18.66s/step  eta 2:16:50
step    80/500  loss=0.0769  rank=0.0619  inv=0.0150  lr=1.94e-04  18.33s/step  eta 2:08:18
step   100/500  loss=0.0332  rank=0.0172  inv=0.0160  lr=1.89e-04  18.11s/step  eta 2:00:44
  dev max|d|=0.1874  (pair=toml - markdown)
step   120/500  loss=0.0275  rank=0.0145  inv=0.0130  lr=1.82e-04  18.72s/step  eta 1:58:32
step   140/500  loss=0.0372  rank=0.0293  inv=0.0079  lr=1.74e-04  18.51s/step  eta 1:51:03
  dev max|d|=0.1383  (pair=yaml - json)
step   160/500  loss=0.0364  rank=0.0274  inv=0.0090  lr=1.65e-04  18.90s/step  eta 1:47:07
step   180/500  loss=0.0385  rank=0.0195  inv=0.0190  lr=1.54e-04  18.71s/step  eta 1:39:46
step   200/500  loss=0.0281  rank=0.0197  inv=0.0084  lr=1.42e-04  18.56s/step  eta 1:32:47
  dev max|d|=0.1874  (pair=yaml - markdown)
step   220/500  loss=0.0331  rank=0.0209  inv=0.0122  lr=1.30e-04  18.84s/step  eta 1:27:56
step   240/500  loss=0.0285  rank=0.0199  inv=0.0087  lr=1.17e-04  18.71s/step  eta 1:21:04
  dev max|d|=0.1887  (pair=yaml - markdown)
step   260/500  loss=0.0676  rank=0.0384  inv=0.0292  lr=1.03e-04  18.94s/step  eta 1:15:44
step   280/500  loss=0.0377  rank=0.0255  inv=0.0122  lr=9.00e-05  18.82s/step  eta 1:08:59
step   300/500  loss=0.0795  rank=0.0491  inv=0.0304  lr=7.68e-05  18.72s/step  eta 1:02:23
  dev max|d|=0.1928  (pair=yaml - json)
step   320/500  loss=0.0568  rank=0.0393  inv=0.0175  lr=6.41e-05  18.90s/step  eta 0:56:41
step   340/500  loss=0.0304  rank=0.0194  inv=0.0110  lr=5.19e-05  18.81s/step  eta 0:50:09
  dev max|d|=0.1839  (pair=yaml - json)
step   360/500  loss=0.0690  rank=0.0465  inv=0.0225  lr=4.07e-05  18.97s/step  eta 0:44:15
step   380/500  loss=0.0229  rank=0.0170  inv=0.0059  lr=3.05e-05  18.88s/step  eta 0:37:45
step   400/500  loss=0.0369  rank=0.0301  inv=0.0068  lr=2.15e-05  18.80s/step  eta 0:31:19
  dev max|d|=0.1617  (pair=yaml - json)
step   420/500  loss=0.0415  rank=0.0304  inv=0.0110  lr=1.40e-05  18.93s/step  eta 0:25:14
step   440/500  loss=0.0394  rank=0.0263  inv=0.0130  lr=7.94e-06  18.87s/step  eta 0:18:52
  dev max|d|=0.1707  (pair=yaml - json)
step   460/500  loss=0.0178  rank=0.0087  inv=0.0091  lr=3.55e-06  18.99s/step  eta 0:12:39
step   480/500  loss=0.0251  rank=0.0104  inv=0.0147  lr=8.92e-07  18.92s/step  eta 0:06:18
step   500/500  loss=0.0428  rank=0.0239  inv=0.0190  lr=0.00e+00  18.85s/step  eta 0:00:00
  dev max|d|=0.1702  (pair=yaml - json)

Finished at step 500 in 9513s, dev max|d|=0.1702
Saved adapter -> data/nq/h2/train/bge_v2_m3_inline_kv_lam1/adapter
