
======================================================================
TRAIN  mxbai-v1  arm=markdown_lam0   2026-10-05 15:07:29
======================================================================
  identifier:  mixedbread-ai/mxbai-rerank-base-v1
  formats:     4 of 5  ['yaml', 'json', 'toml', 'inline_kv']
  held out:    markdown
  lambda_inv:  0.0
  batch:       2 x 8
  steps:       500, warmup 30
  output:      data/nq/h2/train/mxbai_v1_markdown_lam0
  device:      cuda
Warning: You are sending unauthenticated requests to the HF Hub. Please set a HF_TOKEN to enable higher rate limits and faster downloads.
[transformers] `torch_dtype` is deprecated! Use `dtype` instead!
Loading weights:   0%|          | 0/202 [00:00<?, ?it/s]Loading weights: 100%|██████████| 202/202 [00:00<00:00, 2442.63it/s]
  trainable:   885,505 / 185,308,418 (0.48%)

Loading the corpus...
[transformers] Token indices sequence length is longer than the specified maximum sequence length for this model (970 > 512). Running this sequence through the model will result in indexing errors
[transformers] Token indices sequence length is longer than the specified maximum sequence length for this model (970 > 512). Running this sequence through the model will result in indexing errors
[transformers] Token indices sequence length is longer than the specified maximum sequence length for this model (963 > 512). Running this sequence through the model will result in indexing errors
[transformers] Token indices sequence length is longer than the specified maximum sequence length for this model (928 > 512). Running this sequence through the model will result in indexing errors
[transformers] Token indices sequence length is longer than the specified maximum sequence length for this model (1154 > 1024). Running this sequence through the model will result in indexing errors
  train: 6,131 kept, 449 dropped
  dev:   758 kept
  corpus loading in 0:03:45

Training mxbai_v1 markdown_lam0
[transformers] `use_return_dict` is deprecated! Use `return_dict` instead!
step     1/500  loss=0.0591  rank=0.0591  inv=0.1708  lr=6.67e-06  15.81s/step  eta 2:11:27
step    20/500  loss=0.0649  rank=0.0649  inv=0.2045  lr=1.33e-04  15.97s/step  eta 2:07:45
step    40/500  loss=0.0132  rank=0.0132  inv=0.3244  lr=2.00e-04  15.74s/step  eta 2:00:41
  dev max|d|=0.2033  (pair=yaml - toml)
step    60/500  loss=0.0386  rank=0.0386  inv=1.1743  lr=1.98e-04  16.32s/step  eta 1:59:39
step    80/500  loss=0.0294  rank=0.0294  inv=0.3164  lr=1.94e-04  16.25s/step  eta 1:53:43
step   100/500  loss=0.0189  rank=0.0189  inv=0.3241  lr=1.89e-04  16.22s/step  eta 1:48:07
  dev max|d|=0.1293  (pair=json - toml)
step   120/500  loss=0.0053  rank=0.0053  inv=0.5239  lr=1.82e-04  16.47s/step  eta 1:44:20
step   140/500  loss=0.0453  rank=0.0453  inv=0.3887  lr=1.74e-04  16.40s/step  eta 1:38:23
  dev max|d|=0.1495  (pair=yaml - toml)
step   160/500  loss=0.0251  rank=0.0251  inv=0.4045  lr=1.65e-04  16.57s/step  eta 1:33:54
step   180/500  loss=0.0226  rank=0.0226  inv=0.4286  lr=1.54e-04  16.49s/step  eta 1:27:55
step   200/500  loss=0.0125  rank=0.0125  inv=0.3638  lr=1.42e-04  16.44s/step  eta 1:22:12
  dev max|d|=0.1201  (pair=yaml - toml)
step   220/500  loss=0.0133  rank=0.0133  inv=0.4012  lr=1.30e-04  16.56s/step  eta 1:17:17
step   240/500  loss=0.0153  rank=0.0153  inv=0.3340  lr=1.17e-04  16.51s/step  eta 1:11:32
  dev max|d|=0.1451  (pair=yaml - toml)
step   260/500  loss=0.0467  rank=0.0467  inv=0.8265  lr=1.03e-04  16.59s/step  eta 1:06:22
step   280/500  loss=0.0286  rank=0.0286  inv=0.3122  lr=9.00e-05  16.52s/step  eta 1:00:34
step   300/500  loss=0.0384  rank=0.0384  inv=0.5810  lr=7.68e-05  16.47s/step  eta 0:54:53
  dev max|d|=0.1161  (pair=yaml - toml)
step   320/500  loss=0.0298  rank=0.0298  inv=0.2486  lr=6.41e-05  16.52s/step  eta 0:49:33
step   340/500  loss=0.0058  rank=0.0058  inv=0.4533  lr=5.19e-05  16.48s/step  eta 0:43:57
  dev max|d|=0.1205  (pair=json - toml)
step   360/500  loss=0.0640  rank=0.0640  inv=0.5405  lr=4.07e-05  16.53s/step  eta 0:38:33
step   380/500  loss=0.0492  rank=0.0492  inv=0.9297  lr=3.05e-05  16.48s/step  eta 0:32:58
step   400/500  loss=0.0123  rank=0.0123  inv=0.4452  lr=2.15e-05  16.45s/step  eta 0:27:24
  dev max|d|=0.1014  (pair=yaml - toml)
step   420/500  loss=0.0055  rank=0.0055  inv=0.3810  lr=1.40e-05  16.49s/step  eta 0:21:59
step   440/500  loss=0.0127  rank=0.0127  inv=0.5515  lr=7.94e-06  16.46s/step  eta 0:16:27
  dev max|d|=0.1059  (pair=yaml - toml)
step   460/500  loss=0.0032  rank=0.0032  inv=0.5857  lr=3.55e-06  16.50s/step  eta 0:10:59
step   480/500  loss=0.0047  rank=0.0047  inv=0.4087  lr=8.92e-07  16.48s/step  eta 0:05:29
step   500/500  loss=0.0158  rank=0.0158  inv=0.6311  lr=0.00e+00  16.47s/step  eta 0:00:00
  dev max|d|=0.1076  (pair=yaml - toml)

Finished at step 500 in 8268s, dev max|d|=0.1076
Saved adapter -> data/nq/h2/train/mxbai_v1_markdown_lam0/adapter
