
======================================================================
TRAIN  jina-v2  arm=5fmt_lam10   2026-10-05 09:32:56
======================================================================
  identifier:  jinaai/jina-reranker-v2-base-multilingual
  formats:     5 of 5  ['yaml', 'json', 'toml', 'inline_kv', 'markdown']
  lambda_inv:  10.0
  batch:       2 x 8
  steps:       500, warmup 30
  output:      data/nq/h2/train/jina_v2_5fmt_lam10
  device:      cuda
Warning: You are sending unauthenticated requests to the HF Hub. Please set a HF_TOKEN to enable higher rate limits and faster downloads.
[transformers] `torch_dtype` is deprecated! Use `dtype` instead!
flash_attn is not installed. Using PyTorch native attention implementation.
flash_attn is not installed. Using PyTorch native attention implementation.
flash_attn is not installed. Using PyTorch native attention implementation.
flash_attn is not installed. Using PyTorch native attention implementation.
flash_attn is not installed. Using PyTorch native attention implementation.
flash_attn is not installed. Using PyTorch native attention implementation.
flash_attn is not installed. Using PyTorch native attention implementation.
flash_attn is not installed. Using PyTorch native attention implementation.
flash_attn is not installed. Using PyTorch native attention implementation.
flash_attn is not installed. Using PyTorch native attention implementation.
flash_attn is not installed. Using PyTorch native attention implementation.
flash_attn is not installed. Using PyTorch native attention implementation.
flash_attn is not installed. Using PyTorch native attention implementation.
Loading weights:   0%|          | 0/153 [00:00<?, ?it/s]Loading weights:   6%|▌         | 9/153 [00:00<00:08, 17.66it/s]Loading weights: 100%|██████████| 153/153 [00:00<00:00, 289.19it/s]
[transformers] XLMRobertaForSequenceClassification does not expose input embeddings. Gradients cannot flow back to the token embeddings when using adapters or gradient checkpointing. Override `get_input_embeddings` to fully support those features, or set `_input_embed_layer` to the attribute name that holds the embeddings.
[transformers] You are using an old version of the checkpointing format that is deprecated (We will also silently ignore `gradient_checkpointing_kwargs` in case you passed it).Please update to the new format on your modeling file. To use the new format, you need to completely remove the definition of the method `_set_gradient_checkpointing` in your model.
  fused projections patched: 12
  trainable:   1,181,185 / 279,618,818 (0.42%)

Loading the corpus...
[transformers] Token indices sequence length is longer than the specified maximum sequence length for this model (970 > 512). Running this sequence through the model will result in indexing errors
[transformers] Token indices sequence length is longer than the specified maximum sequence length for this model (970 > 512). Running this sequence through the model will result in indexing errors
[transformers] Token indices sequence length is longer than the specified maximum sequence length for this model (963 > 512). Running this sequence through the model will result in indexing errors
[transformers] Token indices sequence length is longer than the specified maximum sequence length for this model (928 > 512). Running this sequence through the model will result in indexing errors
[transformers] Token indices sequence length is longer than the specified maximum sequence length for this model (1154 > 1024). Running this sequence through the model will result in indexing errors
  train: 6,131 kept, 449 dropped
  dev:   758 kept
  corpus loading in 0:13:21

Training jina_v2 5fmt_lam10
[transformers] `use_return_dict` is deprecated! Use `return_dict` instead!
step     1/500  loss=0.4868  rank=0.1892  inv=0.0298  lr=6.67e-06  23.40s/step  eta 3:14:34
step    20/500  loss=0.2471  rank=0.1786  inv=0.0068  lr=1.33e-04  22.73s/step  eta 3:01:50
step    40/500  loss=0.0877  rank=0.0570  inv=0.0031  lr=2.00e-04  22.64s/step  eta 2:53:36
  dev max|d|=0.1450  (pair=yaml - toml)
step    60/500  loss=0.0676  rank=0.0451  inv=0.0022  lr=1.98e-04  23.44s/step  eta 2:51:55
step    80/500  loss=0.1584  rank=0.1407  inv=0.0018  lr=1.94e-04  23.36s/step  eta 2:43:29
step   100/500  loss=0.1210  rank=0.0470  inv=0.0074  lr=1.89e-04  23.17s/step  eta 2:34:28
  dev max|d|=0.2537  (pair=json - markdown)
step   120/500  loss=0.0856  rank=0.0671  inv=0.0018  lr=1.82e-04  23.55s/step  eta 2:29:08
step   140/500  loss=0.1216  rank=0.1004  inv=0.0021  lr=1.74e-04  23.44s/step  eta 2:20:37
  dev max|d|=0.1869  (pair=json - markdown)
step   160/500  loss=0.2501  rank=0.0486  inv=0.0202  lr=1.65e-04  23.66s/step  eta 2:14:05
step   180/500  loss=0.0724  rank=0.0476  inv=0.0025  lr=1.54e-04  23.53s/step  eta 2:05:28
step   200/500  loss=0.1975  rank=0.0665  inv=0.0131  lr=1.42e-04  23.42s/step  eta 1:57:06
  dev max|d|=0.1102  (pair=yaml - markdown)
step   220/500  loss=0.2983  rank=0.0659  inv=0.0232  lr=1.30e-04  23.60s/step  eta 1:50:07
step   240/500  loss=0.0934  rank=0.0761  inv=0.0017  lr=1.17e-04  23.50s/step  eta 1:41:49
  dev max|d|=0.1345  (pair=yaml - markdown)
step   260/500  loss=0.3089  rank=0.1120  inv=0.0197  lr=1.03e-04  23.65s/step  eta 1:34:35
step   280/500  loss=0.0811  rank=0.0585  inv=0.0023  lr=9.00e-05  23.58s/step  eta 1:26:27
step   300/500  loss=0.1423  rank=0.0303  inv=0.0112  lr=7.68e-05  23.51s/step  eta 1:18:22
  dev max|d|=0.1276  (pair=yaml - markdown)
step   320/500  loss=0.1342  rank=0.1143  inv=0.0020  lr=6.41e-05  23.60s/step  eta 1:10:48
step   340/500  loss=0.1981  rank=0.1675  inv=0.0031  lr=5.19e-05  23.55s/step  eta 1:02:47
  dev max|d|=0.1279  (pair=yaml - markdown)
step   360/500  loss=0.2535  rank=0.1289  inv=0.0125  lr=4.07e-05  23.64s/step  eta 0:55:09
step   380/500  loss=0.0805  rank=0.0656  inv=0.0015  lr=3.05e-05  23.59s/step  eta 0:47:10
step   400/500  loss=0.0906  rank=0.0806  inv=0.0010  lr=2.15e-05  23.54s/step  eta 0:39:14
  dev max|d|=0.1419  (pair=inline_kv - markdown)
step   420/500  loss=0.0625  rank=0.0498  inv=0.0013  lr=1.40e-05  23.61s/step  eta 0:31:29
step   440/500  loss=0.0940  rank=0.0525  inv=0.0041  lr=7.94e-06  23.57s/step  eta 0:23:33
  dev max|d|=0.1280  (pair=inline_kv - markdown)
step   460/500  loss=0.0464  rank=0.0343  inv=0.0012  lr=3.55e-06  23.63s/step  eta 0:15:45
step   480/500  loss=0.0537  rank=0.0215  inv=0.0032  lr=8.92e-07  23.59s/step  eta 0:07:51
step   500/500  loss=0.1090  rank=0.0563  inv=0.0053  lr=0.00e+00  23.55s/step  eta 0:00:00
  dev max|d|=0.1302  (pair=inline_kv - markdown)

Finished at step 500 in 11824s, dev max|d|=0.1302
Saved adapter -> data/nq/h2/train/jina_v2_5fmt_lam10/adapter
