
======================================================================
TRAIN  MiniLM-L12  arm=5fmt_lam0   2026-10-05 05:52:43
======================================================================
  identifier:  cross-encoder/ms-marco-MiniLM-L12-v2
  formats:     5 of 5  ['yaml', 'json', 'toml', 'inline_kv', 'markdown']
  lambda_inv:  0.0
  batch:       4 x 4
  steps:       500, warmup 30
  output:      data/nq/h2/train/minilm_l12_5fmt_lam0
  device:      cuda
Warning: You are sending unauthenticated requests to the HF Hub. Please set a HF_TOKEN to enable higher rate limits and faster downloads.
[transformers] `torch_dtype` is deprecated! Use `dtype` instead!
Loading weights:   0%|          | 0/201 [00:00<?, ?it/s]Loading weights: 100%|██████████| 201/201 [00:00<00:00, 2690.11it/s]
  trainable:   442,753 / 33,803,138 (1.31%)

Loading the corpus...
[transformers] Token indices sequence length is longer than the specified maximum sequence length for this model (970 > 512). Running this sequence through the model will result in indexing errors
[transformers] Token indices sequence length is longer than the specified maximum sequence length for this model (970 > 512). Running this sequence through the model will result in indexing errors
[transformers] Token indices sequence length is longer than the specified maximum sequence length for this model (963 > 512). Running this sequence through the model will result in indexing errors
[transformers] Token indices sequence length is longer than the specified maximum sequence length for this model (928 > 512). Running this sequence through the model will result in indexing errors
[transformers] Token indices sequence length is longer than the specified maximum sequence length for this model (1154 > 1024). Running this sequence through the model will result in indexing errors
  train: 6,131 kept, 449 dropped
  dev:   758 kept
  corpus loading in 0:08:09

Training minilm_l12 5fmt_lam0
[transformers] `use_return_dict` is deprecated! Use `return_dict` instead!
[transformers] `use_cache=True` is incompatible with gradient checkpointing. Setting `use_cache=False`.
step     1/500  loss=0.0872  rank=0.0872  inv=1.9154  lr=6.67e-06  26.32s/step  eta 3:38:54
step    20/500  loss=0.0606  rank=0.0606  inv=0.3720  lr=1.33e-04  26.43s/step  eta 3:31:24
step    40/500  loss=0.0725  rank=0.0725  inv=0.4230  lr=2.00e-04  26.43s/step  eta 3:22:37
  dev max|d|=0.7538  (pair=yaml - toml)
step    60/500  loss=0.0599  rank=0.0599  inv=0.3580  lr=1.98e-04  27.01s/step  eta 3:18:04
step    80/500  loss=0.0643  rank=0.0643  inv=0.4612  lr=1.94e-04  26.86s/step  eta 3:08:01
step   100/500  loss=0.0490  rank=0.0490  inv=0.3128  lr=1.89e-04  26.75s/step  eta 2:58:21
  dev max|d|=0.4456  (pair=yaml - inline_kv)
step   120/500  loss=0.0188  rank=0.0188  inv=0.6096  lr=1.82e-04  26.97s/step  eta 2:50:47
step   140/500  loss=0.1206  rank=0.1206  inv=0.3291  lr=1.74e-04  26.88s/step  eta 2:41:17
  dev max|d|=0.4259  (pair=yaml - inline_kv)
step   160/500  loss=0.1560  rank=0.1560  inv=0.4982  lr=1.65e-04  27.09s/step  eta 2:33:31
step   180/500  loss=0.0149  rank=0.0149  inv=0.4443  lr=1.54e-04  27.04s/step  eta 2:24:12
step   200/500  loss=0.0435  rank=0.0435  inv=0.3722  lr=1.42e-04  27.00s/step  eta 2:14:59
  dev max|d|=0.2811  (pair=yaml - inline_kv)
step   220/500  loss=0.0916  rank=0.0916  inv=1.1587  lr=1.30e-04  27.16s/step  eta 2:06:44
step   240/500  loss=0.0285  rank=0.0285  inv=0.4899  lr=1.17e-04  27.14s/step  eta 1:57:36
  dev max|d|=0.3515  (pair=yaml - inline_kv)
step   260/500  loss=0.0045  rank=0.0045  inv=0.8046  lr=1.03e-04  27.22s/step  eta 1:48:52
step   280/500  loss=0.0500  rank=0.0500  inv=0.7830  lr=9.00e-05  27.18s/step  eta 1:39:39
step   300/500  loss=0.0174  rank=0.0174  inv=0.7318  lr=7.68e-05  27.15s/step  eta 1:30:29
  dev max|d|=0.3146  (pair=yaml - inline_kv)
step   320/500  loss=0.0189  rank=0.0189  inv=0.6810  lr=6.41e-05  27.20s/step  eta 1:21:36
step   340/500  loss=0.0788  rank=0.0788  inv=0.9221  lr=5.19e-05  27.15s/step  eta 1:12:23
  dev max|d|=0.2975  (pair=yaml - inline_kv)
step   360/500  loss=0.0097  rank=0.0097  inv=0.4445  lr=4.07e-05  27.19s/step  eta 1:03:27
step   380/500  loss=0.0530  rank=0.0530  inv=0.8240  lr=3.05e-05  27.16s/step  eta 0:54:18
step   400/500  loss=0.0772  rank=0.0772  inv=0.5512  lr=2.15e-05  27.12s/step  eta 0:45:11
  dev max|d|=0.2788  (pair=yaml - inline_kv)
step   420/500  loss=0.0114  rank=0.0114  inv=0.8346  lr=1.40e-05  27.16s/step  eta 0:36:13
step   440/500  loss=0.0268  rank=0.0268  inv=0.6602  lr=7.94e-06  27.13s/step  eta 0:27:07
  dev max|d|=0.2814  (pair=yaml - inline_kv)
step   460/500  loss=0.0174  rank=0.0174  inv=0.6765  lr=3.55e-06  27.17s/step  eta 0:18:06
step   480/500  loss=0.0170  rank=0.0170  inv=0.8559  lr=8.92e-07  27.14s/step  eta 0:09:02
step   500/500  loss=0.1336  rank=0.1336  inv=0.5549  lr=0.00e+00  27.11s/step  eta 0:00:00
  dev max|d|=0.2843  (pair=yaml - inline_kv)

Finished at step 500 in 13586s, dev max|d|=0.2843
Saved adapter -> data/nq/h2/train/minilm_l12_5fmt_lam0/adapter
