
======================================================================
TRAIN  bge-base  arm=5fmt_lam0   2026-10-05 05:49:19
======================================================================
  identifier:  BAAI/bge-reranker-base
  formats:     5 of 5  ['yaml', 'json', 'toml', 'inline_kv', 'markdown']
  lambda_inv:  0.0
  batch:       2 x 8
  steps:       500, warmup 30
  output:      data/nq/h2/train/bge_base_5fmt_lam0
  device:      cuda
Warning: You are sending unauthenticated requests to the HF Hub. Please set a HF_TOKEN to enable higher rate limits and faster downloads.
[transformers] `torch_dtype` is deprecated! Use `dtype` instead!
Loading weights:   0%|          | 0/201 [00:00<?, ?it/s]Loading weights: 100%|██████████| 201/201 [00:00<00:00, 3421.66it/s]
  trainable:   1,476,097 / 279,520,514 (0.53%)

Loading the corpus...
[transformers] Token indices sequence length is longer than the specified maximum sequence length for this model (970 > 512). Running this sequence through the model will result in indexing errors
[transformers] Token indices sequence length is longer than the specified maximum sequence length for this model (970 > 512). Running this sequence through the model will result in indexing errors
[transformers] Token indices sequence length is longer than the specified maximum sequence length for this model (963 > 512). Running this sequence through the model will result in indexing errors
[transformers] Token indices sequence length is longer than the specified maximum sequence length for this model (928 > 512). Running this sequence through the model will result in indexing errors
[transformers] Token indices sequence length is longer than the specified maximum sequence length for this model (1154 > 1024). Running this sequence through the model will result in indexing errors
  train: 6,131 kept, 449 dropped
  dev:   758 kept
  corpus loading in 0:03:33

Training bge_base 5fmt_lam0
[transformers] `use_return_dict` is deprecated! Use `return_dict` instead!
[transformers] `use_cache=True` is incompatible with gradient checkpointing. Setting `use_cache=False`.
step     1/500  loss=0.1852  rank=0.1852  inv=0.2889  lr=6.67e-06  12.43s/step  eta 1:43:22
step    20/500  loss=0.0546  rank=0.0546  inv=0.5061  lr=1.33e-04  12.57s/step  eta 1:40:31
step    40/500  loss=0.0197  rank=0.0197  inv=0.2829  lr=2.00e-04  12.57s/step  eta 1:36:23
  dev max|d|=0.2536  (pair=yaml - inline_kv)
step    60/500  loss=0.0330  rank=0.0330  inv=0.4240  lr=1.98e-04  13.52s/step  eta 1:39:08
step    80/500  loss=0.0543  rank=0.0543  inv=0.4231  lr=1.94e-04  13.30s/step  eta 1:33:06
step   100/500  loss=0.0317  rank=0.0317  inv=0.3656  lr=1.89e-04  13.16s/step  eta 1:27:45
  dev max|d|=0.3748  (pair=yaml - inline_kv)
step   120/500  loss=0.0077  rank=0.0077  inv=0.5085  lr=1.82e-04  13.56s/step  eta 1:25:53
step   140/500  loss=0.0322  rank=0.0322  inv=0.4098  lr=1.74e-04  13.44s/step  eta 1:20:39
  dev max|d|=0.2925  (pair=yaml - inline_kv)
step   160/500  loss=0.0191  rank=0.0191  inv=0.8283  lr=1.65e-04  13.70s/step  eta 1:17:39
step   180/500  loss=0.0304  rank=0.0304  inv=0.6863  lr=1.54e-04  13.59s/step  eta 1:12:28
step   200/500  loss=0.0211  rank=0.0211  inv=0.3633  lr=1.42e-04  13.50s/step  eta 1:07:29
  dev max|d|=0.3685  (pair=yaml - inline_kv)
step   220/500  loss=0.0184  rank=0.0184  inv=0.3884  lr=1.30e-04  13.68s/step  eta 1:03:51
step   240/500  loss=0.0102  rank=0.0102  inv=0.6079  lr=1.17e-04  13.60s/step  eta 0:58:55
  dev max|d|=0.4031  (pair=yaml - inline_kv)
step   260/500  loss=0.0544  rank=0.0544  inv=0.9231  lr=1.03e-04  13.75s/step  eta 0:54:59
step   280/500  loss=0.0469  rank=0.0469  inv=0.8347  lr=9.00e-05  13.67s/step  eta 0:50:07
step   300/500  loss=0.0399  rank=0.0399  inv=0.7079  lr=7.68e-05  13.61s/step  eta 0:45:21
  dev max|d|=0.3286  (pair=yaml - inline_kv)
step   320/500  loss=0.0238  rank=0.0238  inv=0.6935  lr=6.41e-05  13.73s/step  eta 0:41:11
step   340/500  loss=0.0341  rank=0.0341  inv=0.5879  lr=5.19e-05  13.67s/step  eta 0:36:27
  dev max|d|=0.3328  (pair=yaml - inline_kv)
step   360/500  loss=0.0753  rank=0.0753  inv=0.2562  lr=4.07e-05  13.78s/step  eta 0:32:09
step   380/500  loss=0.0082  rank=0.0082  inv=0.7787  lr=3.05e-05  13.72s/step  eta 0:27:26
step   400/500  loss=0.0244  rank=0.0244  inv=0.5073  lr=2.15e-05  13.67s/step  eta 0:22:47
  dev max|d|=0.3407  (pair=yaml - inline_kv)
step   420/500  loss=0.0071  rank=0.0071  inv=0.4594  lr=1.40e-05  13.76s/step  eta 0:18:20
step   440/500  loss=0.0066  rank=0.0066  inv=0.5983  lr=7.94e-06  13.71s/step  eta 0:13:42
  dev max|d|=0.3518  (pair=yaml - inline_kv)
step   460/500  loss=0.0180  rank=0.0180  inv=0.7200  lr=3.55e-06  13.79s/step  eta 0:09:11
step   480/500  loss=0.0016  rank=0.0016  inv=0.7493  lr=8.92e-07  13.74s/step  eta 0:04:34
step   500/500  loss=0.0371  rank=0.0371  inv=0.3507  lr=0.00e+00  13.70s/step  eta 0:00:00
  dev max|d|=0.3512  (pair=yaml - inline_kv)

Finished at step 500 in 6905s, dev max|d|=0.3512
Saved adapter -> data/nq/h2/train/bge_base_5fmt_lam0/adapter
