
======================================================================
TRAIN  MiniLM-L12  arm=toml_lam0   2026-10-05 10:52:13
======================================================================
  identifier:  cross-encoder/ms-marco-MiniLM-L12-v2
  formats:     4 of 5  ['yaml', 'json', 'inline_kv', 'markdown']
  held out:    toml
  lambda_inv:  0.0
  batch:       4 x 4
  steps:       500, warmup 30
  output:      data/nq/h2/train/minilm_l12_toml_lam0
  device:      cuda
Warning: You are sending unauthenticated requests to the HF Hub. Please set a HF_TOKEN to enable higher rate limits and faster downloads.
[transformers] `torch_dtype` is deprecated! Use `dtype` instead!
Loading weights:   0%|          | 0/201 [00:00<?, ?it/s]Loading weights: 100%|██████████| 201/201 [00:00<00:00, 2794.70it/s]
  trainable:   442,753 / 33,803,138 (1.31%)

Loading the corpus...
[transformers] Token indices sequence length is longer than the specified maximum sequence length for this model (970 > 512). Running this sequence through the model will result in indexing errors
[transformers] Token indices sequence length is longer than the specified maximum sequence length for this model (970 > 512). Running this sequence through the model will result in indexing errors
[transformers] Token indices sequence length is longer than the specified maximum sequence length for this model (963 > 512). Running this sequence through the model will result in indexing errors
[transformers] Token indices sequence length is longer than the specified maximum sequence length for this model (928 > 512). Running this sequence through the model will result in indexing errors
[transformers] Token indices sequence length is longer than the specified maximum sequence length for this model (1154 > 1024). Running this sequence through the model will result in indexing errors
  train: 6,131 kept, 449 dropped
  dev:   758 kept
  corpus loading in 0:12:16

Training minilm_l12 toml_lam0
[transformers] `use_return_dict` is deprecated! Use `return_dict` instead!
[transformers] `use_cache=True` is incompatible with gradient checkpointing. Setting `use_cache=False`.
step     1/500  loss=0.0969  rank=0.0969  inv=2.0201  lr=6.67e-06  22.36s/step  eta 3:05:58
step    20/500  loss=0.0857  rank=0.0857  inv=0.7642  lr=1.33e-04  23.67s/step  eta 3:09:21
step    40/500  loss=0.0862  rank=0.0862  inv=0.4540  lr=2.00e-04  23.29s/step  eta 2:58:34
  dev max|d|=0.7048  (pair=yaml - inline_kv)
step    60/500  loss=0.0671  rank=0.0671  inv=0.2527  lr=1.98e-04  23.63s/step  eta 2:53:18
step    80/500  loss=0.0548  rank=0.0548  inv=0.2783  lr=1.94e-04  23.74s/step  eta 2:46:10
step   100/500  loss=0.0435  rank=0.0435  inv=0.1770  lr=1.89e-04  23.56s/step  eta 2:37:05
  dev max|d|=0.5311  (pair=yaml - inline_kv)
step   120/500  loss=0.0163  rank=0.0163  inv=0.4122  lr=1.82e-04  23.79s/step  eta 2:30:40
step   140/500  loss=0.1578  rank=0.1578  inv=0.3076  lr=1.74e-04  23.75s/step  eta 2:22:29
  dev max|d|=0.4820  (pair=yaml - inline_kv)
step   160/500  loss=0.1535  rank=0.1535  inv=0.5849  lr=1.65e-04  23.93s/step  eta 2:15:36
step   180/500  loss=0.0121  rank=0.0121  inv=0.6471  lr=1.54e-04  23.97s/step  eta 2:07:49
step   200/500  loss=0.0310  rank=0.0310  inv=0.2333  lr=1.42e-04  23.92s/step  eta 1:59:35
  dev max|d|=0.4098  (pair=yaml - inline_kv)
step   220/500  loss=0.0941  rank=0.0941  inv=1.5403  lr=1.30e-04  24.00s/step  eta 1:51:59
step   240/500  loss=0.0517  rank=0.0517  inv=0.3394  lr=1.17e-04  23.96s/step  eta 1:43:48
  dev max|d|=0.4456  (pair=yaml - inline_kv)
step   260/500  loss=0.0089  rank=0.0089  inv=0.5831  lr=1.03e-04  24.00s/step  eta 1:35:59
step   280/500  loss=0.0390  rank=0.0390  inv=0.5741  lr=9.00e-05  23.99s/step  eta 1:27:58
step   300/500  loss=0.0147  rank=0.0147  inv=0.6114  lr=7.68e-05  24.00s/step  eta 1:20:00
  dev max|d|=0.3814  (pair=yaml - inline_kv)
step   320/500  loss=0.0256  rank=0.0256  inv=0.7716  lr=6.41e-05  24.06s/step  eta 1:12:11
step   340/500  loss=0.0618  rank=0.0618  inv=0.9550  lr=5.19e-05  24.02s/step  eta 1:04:03
  dev max|d|=0.3839  (pair=yaml - inline_kv)
step   360/500  loss=0.0109  rank=0.0109  inv=0.5037  lr=4.07e-05  24.11s/step  eta 0:56:15
step   380/500  loss=0.0328  rank=0.0328  inv=0.8185  lr=3.05e-05  24.07s/step  eta 0:48:08
step   400/500  loss=0.0685  rank=0.0685  inv=0.6782  lr=2.15e-05  24.06s/step  eta 0:40:06
  dev max|d|=0.3548  (pair=yaml - inline_kv)
step   420/500  loss=0.0084  rank=0.0084  inv=0.7339  lr=1.40e-05  24.07s/step  eta 0:32:05
step   440/500  loss=0.0196  rank=0.0196  inv=0.6855  lr=7.94e-06  24.04s/step  eta 0:24:02
  dev max|d|=0.3503  (pair=yaml - inline_kv)
step   460/500  loss=0.0255  rank=0.0255  inv=0.8783  lr=3.55e-06  23.97s/step  eta 0:15:58
step   480/500  loss=0.0187  rank=0.0187  inv=0.7883  lr=8.92e-07  23.85s/step  eta 0:07:57
step   500/500  loss=0.1225  rank=0.1225  inv=0.7260  lr=0.00e+00  23.76s/step  eta 0:00:00
  dev max|d|=0.3522  (pair=yaml - inline_kv)

Finished at step 500 in 11905s, dev max|d|=0.3522
Saved adapter -> data/nq/h2/train/minilm_l12_toml_lam0/adapter
