
======================================================================
TRAIN  mxbai-v1  arm=yaml_lam0.1   2026-10-05 18:51:46
======================================================================
  identifier:  mixedbread-ai/mxbai-rerank-base-v1
  formats:     4 of 5  ['json', 'toml', 'inline_kv', 'markdown']
  held out:    yaml
  lambda_inv:  0.1
  batch:       2 x 8
  steps:       500, warmup 30
  output:      data/nq/h2/train/mxbai_v1_yaml_lam0.1
  device:      cuda
Warning: You are sending unauthenticated requests to the HF Hub. Please set a HF_TOKEN to enable higher rate limits and faster downloads.
[transformers] `torch_dtype` is deprecated! Use `dtype` instead!
Loading weights:   0%|          | 0/202 [00:00<?, ?it/s]Loading weights: 100%|██████████| 202/202 [00:00<00:00, 2416.06it/s]
  trainable:   885,505 / 185,308,418 (0.48%)

Loading the corpus...
[transformers] Token indices sequence length is longer than the specified maximum sequence length for this model (970 > 512). Running this sequence through the model will result in indexing errors
[transformers] Token indices sequence length is longer than the specified maximum sequence length for this model (970 > 512). Running this sequence through the model will result in indexing errors
[transformers] Token indices sequence length is longer than the specified maximum sequence length for this model (963 > 512). Running this sequence through the model will result in indexing errors
[transformers] Token indices sequence length is longer than the specified maximum sequence length for this model (928 > 512). Running this sequence through the model will result in indexing errors
[transformers] Token indices sequence length is longer than the specified maximum sequence length for this model (1154 > 1024). Running this sequence through the model will result in indexing errors
  train: 6,131 kept, 449 dropped
  dev:   758 kept
  corpus loading in 0:03:52

Training mxbai_v1 yaml_lam0.1
[transformers] `use_return_dict` is deprecated! Use `return_dict` instead!
step     1/500  loss=0.0669  rank=0.0474  inv=0.1957  lr=6.67e-06  16.36s/step  eta 2:16:05
step    20/500  loss=0.0799  rank=0.0645  inv=0.1541  lr=1.33e-04  16.13s/step  eta 2:09:02
step    40/500  loss=0.0260  rank=0.0184  inv=0.0758  lr=2.00e-04  16.06s/step  eta 2:03:09
  dev max|d|=0.1939  (pair=toml - markdown)
step    60/500  loss=0.0498  rank=0.0264  inv=0.2346  lr=1.98e-04  16.64s/step  eta 2:01:59
step    80/500  loss=0.0609  rank=0.0465  inv=0.1445  lr=1.94e-04  16.53s/step  eta 1:55:40
step   100/500  loss=0.0383  rank=0.0317  inv=0.0662  lr=1.89e-04  16.42s/step  eta 1:49:27
  dev max|d|=0.3436  (pair=toml - markdown)
step   120/500  loss=0.0195  rank=0.0072  inv=0.1231  lr=1.82e-04  16.68s/step  eta 1:45:39
step   140/500  loss=0.0460  rank=0.0376  inv=0.0847  lr=1.74e-04  16.61s/step  eta 1:39:38
  dev max|d|=0.0741  (pair=toml - markdown)
step   160/500  loss=0.0449  rank=0.0335  inv=0.1141  lr=1.65e-04  16.76s/step  eta 1:34:59
step   180/500  loss=0.0427  rank=0.0291  inv=0.1359  lr=1.54e-04  16.67s/step  eta 1:28:54
step   200/500  loss=0.0236  rank=0.0186  inv=0.0509  lr=1.42e-04  16.60s/step  eta 1:23:01
  dev max|d|=0.1354  (pair=json - inline_kv)
step   220/500  loss=0.0257  rank=0.0166  inv=0.0914  lr=1.30e-04  16.73s/step  eta 1:18:05
step   240/500  loss=0.0329  rank=0.0226  inv=0.1026  lr=1.17e-04  16.68s/step  eta 1:12:17
  dev max|d|=0.1049  (pair=inline_kv - markdown)
step   260/500  loss=0.0578  rank=0.0497  inv=0.0812  lr=1.03e-04  16.78s/step  eta 1:07:07
step   280/500  loss=0.0445  rank=0.0343  inv=0.1013  lr=9.00e-05  16.73s/step  eta 1:01:19
step   300/500  loss=0.0547  rank=0.0445  inv=0.1022  lr=7.68e-05  16.69s/step  eta 0:55:38
  dev max|d|=0.0744  (pair=toml - markdown)
step   320/500  loss=0.0492  rank=0.0409  inv=0.0828  lr=6.41e-05  16.76s/step  eta 0:50:16
step   340/500  loss=0.0198  rank=0.0121  inv=0.0769  lr=5.19e-05  16.73s/step  eta 0:44:36
  dev max|d|=0.1090  (pair=json - markdown)
step   360/500  loss=0.0576  rank=0.0509  inv=0.0668  lr=4.07e-05  16.79s/step  eta 0:39:10
step   380/500  loss=0.0548  rank=0.0418  inv=0.1305  lr=3.05e-05  16.75s/step  eta 0:33:30
step   400/500  loss=0.0250  rank=0.0224  inv=0.0262  lr=2.15e-05  16.74s/step  eta 0:27:53
  dev max|d|=0.1363  (pair=json - markdown)
step   420/500  loss=0.0158  rank=0.0121  inv=0.0376  lr=1.40e-05  16.81s/step  eta 0:22:25
step   440/500  loss=0.0320  rank=0.0259  inv=0.0609  lr=7.94e-06  16.79s/step  eta 0:16:47
  dev max|d|=0.1317  (pair=json - inline_kv)
step   460/500  loss=0.0297  rank=0.0124  inv=0.1729  lr=3.55e-06  16.85s/step  eta 0:11:13
step   480/500  loss=0.0272  rank=0.0064  inv=0.2081  lr=8.92e-07  16.83s/step  eta 0:05:36
step   500/500  loss=0.0298  rank=0.0233  inv=0.0652  lr=0.00e+00  16.80s/step  eta 0:00:00
  dev max|d|=0.1320  (pair=json - markdown)

Finished at step 500 in 8435s, dev max|d|=0.1320
Saved adapter -> data/nq/h2/train/mxbai_v1_yaml_lam0.1/adapter
