
======================================================================
TRAIN  bge-v2-m3  arm=yaml_lam1   2026-10-05 13:21:13
======================================================================
  identifier:  BAAI/bge-reranker-v2-m3
  formats:     4 of 5  ['json', 'toml', 'inline_kv', 'markdown']
  held out:    yaml
  lambda_inv:  1.0
  batch:       2 x 8
  steps:       500, warmup 30
  output:      data/nq/h2/train/bge_v2_m3_yaml_lam1
  device:      cuda
Warning: You are sending unauthenticated requests to the HF Hub. Please set a HF_TOKEN to enable higher rate limits and faster downloads.
[transformers] `torch_dtype` is deprecated! Use `dtype` instead!
Loading weights:   0%|          | 0/393 [00:00<?, ?it/s]Loading weights: 100%|██████████| 393/393 [00:00<00:00, 5540.52it/s]
  trainable:   3,409,921 / 571,165,698 (0.60%)

Loading the corpus...
[transformers] Token indices sequence length is longer than the specified maximum sequence length for this model (970 > 512). Running this sequence through the model will result in indexing errors
[transformers] Token indices sequence length is longer than the specified maximum sequence length for this model (970 > 512). Running this sequence through the model will result in indexing errors
[transformers] Token indices sequence length is longer than the specified maximum sequence length for this model (963 > 512). Running this sequence through the model will result in indexing errors
[transformers] Token indices sequence length is longer than the specified maximum sequence length for this model (928 > 512). Running this sequence through the model will result in indexing errors
[transformers] Token indices sequence length is longer than the specified maximum sequence length for this model (1154 > 1024). Running this sequence through the model will result in indexing errors
  train: 6,131 kept, 449 dropped
  dev:   758 kept
  corpus loading in 0:02:10

Training bge_v2_m3 yaml_lam1
[transformers] `use_return_dict` is deprecated! Use `return_dict` instead!
[transformers] `use_cache=True` is incompatible with gradient checkpointing. Setting `use_cache=False`.
step     1/500  loss=0.4800  rank=0.1101  inv=0.3700  lr=6.67e-06  16.94s/step  eta 2:20:52
step    20/500  loss=0.0934  rank=0.0604  inv=0.0330  lr=1.33e-04  17.00s/step  eta 2:16:02
step    40/500  loss=0.0345  rank=0.0133  inv=0.0212  lr=2.00e-04  17.00s/step  eta 2:10:20
  dev max|d|=0.2974  (pair=json - markdown)
step    60/500  loss=0.0285  rank=0.0178  inv=0.0107  lr=1.98e-04  18.51s/step  eta 2:15:44
step    80/500  loss=0.0831  rank=0.0699  inv=0.0132  lr=1.94e-04  18.17s/step  eta 2:07:12
step   100/500  loss=0.0372  rank=0.0175  inv=0.0197  lr=1.89e-04  17.95s/step  eta 1:59:39
  dev max|d|=0.1954  (pair=json - markdown)
step   120/500  loss=0.0296  rank=0.0145  inv=0.0151  lr=1.82e-04  18.55s/step  eta 1:57:28
step   140/500  loss=0.0442  rank=0.0352  inv=0.0090  lr=1.74e-04  18.34s/step  eta 1:50:03
  dev max|d|=0.1471  (pair=json - markdown)
step   160/500  loss=0.0326  rank=0.0256  inv=0.0071  lr=1.65e-04  18.73s/step  eta 1:46:08
step   180/500  loss=0.0382  rank=0.0208  inv=0.0174  lr=1.54e-04  18.54s/step  eta 1:38:52
step   200/500  loss=0.0402  rank=0.0175  inv=0.0227  lr=1.42e-04  18.39s/step  eta 1:31:57
  dev max|d|=0.1115  (pair=json - toml)
step   220/500  loss=0.0389  rank=0.0184  inv=0.0206  lr=1.30e-04  18.67s/step  eta 1:27:08
step   240/500  loss=0.0328  rank=0.0211  inv=0.0117  lr=1.17e-04  18.54s/step  eta 1:20:20
  dev max|d|=0.1306  (pair=json - inline_kv)
step   260/500  loss=0.0579  rank=0.0292  inv=0.0288  lr=1.03e-04  18.77s/step  eta 1:15:03
step   280/500  loss=0.0415  rank=0.0308  inv=0.0107  lr=9.00e-05  18.64s/step  eta 1:08:21
step   300/500  loss=0.0827  rank=0.0495  inv=0.0331  lr=7.68e-05  18.55s/step  eta 1:01:49
  dev max|d|=0.1432  (pair=json - markdown)
step   320/500  loss=0.0645  rank=0.0389  inv=0.0256  lr=6.41e-05  18.72s/step  eta 0:56:10
step   340/500  loss=0.0787  rank=0.0201  inv=0.0586  lr=5.19e-05  18.63s/step  eta 0:49:41
  dev max|d|=0.1428  (pair=json - markdown)
step   360/500  loss=0.0766  rank=0.0656  inv=0.0111  lr=4.07e-05  18.79s/step  eta 0:43:51
step   380/500  loss=0.0294  rank=0.0193  inv=0.0101  lr=3.05e-05  18.70s/step  eta 0:37:24
step   400/500  loss=0.0396  rank=0.0329  inv=0.0067  lr=2.15e-05  18.63s/step  eta 0:31:02
  dev max|d|=0.1262  (pair=json - inline_kv)
step   420/500  loss=0.0536  rank=0.0335  inv=0.0201  lr=1.40e-05  18.76s/step  eta 0:25:01
step   440/500  loss=0.0338  rank=0.0231  inv=0.0108  lr=7.94e-06  18.69s/step  eta 0:18:41
  dev max|d|=0.1225  (pair=json - inline_kv)
step   460/500  loss=0.0216  rank=0.0078  inv=0.0138  lr=3.55e-06  18.81s/step  eta 0:12:32
step   480/500  loss=0.0246  rank=0.0101  inv=0.0145  lr=8.92e-07  18.74s/step  eta 0:06:14
step   500/500  loss=0.0547  rank=0.0296  inv=0.0251  lr=0.00e+00  18.67s/step  eta 0:00:00
  dev max|d|=0.1222  (pair=json - inline_kv)

Finished at step 500 in 9423s, dev max|d|=0.1222
Saved adapter -> data/nq/h2/train/bge_v2_m3_yaml_lam1/adapter
