
======================================================================
TRAIN  jina-v2  arm=inline_kv_lam0   2026-10-05 18:25:24
======================================================================
  identifier:  jinaai/jina-reranker-v2-base-multilingual
  formats:     4 of 5  ['yaml', 'json', 'toml', 'markdown']
  held out:    inline_kv
  lambda_inv:  0.0
  batch:       2 x 8
  steps:       500, warmup 30
  output:      data/nq/h2/train/jina_v2_inline_kv_lam0
  device:      cuda
Warning: You are sending unauthenticated requests to the HF Hub. Please set a HF_TOKEN to enable higher rate limits and faster downloads.
[transformers] `torch_dtype` is deprecated! Use `dtype` instead!
flash_attn is not installed. Using PyTorch native attention implementation.
flash_attn is not installed. Using PyTorch native attention implementation.
flash_attn is not installed. Using PyTorch native attention implementation.
flash_attn is not installed. Using PyTorch native attention implementation.
flash_attn is not installed. Using PyTorch native attention implementation.
flash_attn is not installed. Using PyTorch native attention implementation.
flash_attn is not installed. Using PyTorch native attention implementation.
flash_attn is not installed. Using PyTorch native attention implementation.
flash_attn is not installed. Using PyTorch native attention implementation.
flash_attn is not installed. Using PyTorch native attention implementation.
flash_attn is not installed. Using PyTorch native attention implementation.
flash_attn is not installed. Using PyTorch native attention implementation.
flash_attn is not installed. Using PyTorch native attention implementation.
Loading weights:   0%|          | 0/153 [00:00<?, ?it/s]Loading weights: 100%|██████████| 153/153 [00:00<00:00, 1754.81it/s]
[transformers] XLMRobertaForSequenceClassification does not expose input embeddings. Gradients cannot flow back to the token embeddings when using adapters or gradient checkpointing. Override `get_input_embeddings` to fully support those features, or set `_input_embed_layer` to the attribute name that holds the embeddings.
[transformers] You are using an old version of the checkpointing format that is deprecated (We will also silently ignore `gradient_checkpointing_kwargs` in case you passed it).Please update to the new format on your modeling file. To use the new format, you need to completely remove the definition of the method `_set_gradient_checkpointing` in your model.
  fused projections patched: 12
  trainable:   1,181,185 / 279,618,818 (0.42%)

Loading the corpus...
[transformers] Token indices sequence length is longer than the specified maximum sequence length for this model (970 > 512). Running this sequence through the model will result in indexing errors
[transformers] Token indices sequence length is longer than the specified maximum sequence length for this model (970 > 512). Running this sequence through the model will result in indexing errors
[transformers] Token indices sequence length is longer than the specified maximum sequence length for this model (963 > 512). Running this sequence through the model will result in indexing errors
[transformers] Token indices sequence length is longer than the specified maximum sequence length for this model (928 > 512). Running this sequence through the model will result in indexing errors
[transformers] Token indices sequence length is longer than the specified maximum sequence length for this model (1154 > 1024). Running this sequence through the model will result in indexing errors
  train: 6,131 kept, 449 dropped
  dev:   758 kept
  corpus loading in 0:02:10

Training jina_v2 inline_kv_lam0
[transformers] `use_return_dict` is deprecated! Use `return_dict` instead!
step     1/500  loss=0.1860  rank=0.1860  inv=0.0208  lr=6.67e-06  6.53s/step  eta 0:54:16
step    20/500  loss=0.0683  rank=0.0683  inv=0.0470  lr=1.33e-04  6.40s/step  eta 0:51:09
step    40/500  loss=0.0145  rank=0.0145  inv=0.2259  lr=2.00e-04  6.41s/step  eta 0:49:08
  dev max|d|=0.3094  (pair=yaml - toml)
step    60/500  loss=0.0161  rank=0.0161  inv=0.1247  lr=1.98e-04  6.95s/step  eta 0:50:57
step    80/500  loss=0.0275  rank=0.0275  inv=0.1547  lr=1.94e-04  6.83s/step  eta 0:47:46
step   100/500  loss=0.0232  rank=0.0232  inv=0.2865  lr=1.89e-04  6.84s/step  eta 0:45:37
  dev max|d|=0.2891  (pair=yaml - toml)
step   120/500  loss=0.0125  rank=0.0125  inv=0.3138  lr=1.82e-04  7.05s/step  eta 0:44:37
step   140/500  loss=0.0272  rank=0.0272  inv=0.1136  lr=1.74e-04  7.04s/step  eta 0:42:15
  dev max|d|=0.3455  (pair=yaml - toml)
step   160/500  loss=0.0082  rank=0.0082  inv=0.1624  lr=1.65e-04  7.20s/step  eta 0:40:47
step   180/500  loss=0.0272  rank=0.0272  inv=0.2820  lr=1.54e-04  7.12s/step  eta 0:37:57
step   200/500  loss=0.0041  rank=0.0041  inv=0.1155  lr=1.42e-04  7.05s/step  eta 0:35:15
  dev max|d|=0.5154  (pair=yaml - toml)
step   220/500  loss=0.0057  rank=0.0057  inv=0.1582  lr=1.30e-04  7.15s/step  eta 0:33:20
step   240/500  loss=0.0025  rank=0.0025  inv=0.2736  lr=1.17e-04  7.09s/step  eta 0:30:44
  dev max|d|=0.4121  (pair=yaml - toml)
step   260/500  loss=0.0189  rank=0.0189  inv=0.3395  lr=1.03e-04  7.17s/step  eta 0:28:40
step   280/500  loss=0.0203  rank=0.0203  inv=0.1845  lr=9.00e-05  7.12s/step  eta 0:26:05
step   300/500  loss=0.0144  rank=0.0144  inv=0.5620  lr=7.68e-05  7.08s/step  eta 0:23:35
  dev max|d|=0.4238  (pair=yaml - toml)
step   320/500  loss=0.0195  rank=0.0195  inv=0.3760  lr=6.41e-05  7.14s/step  eta 0:21:24
step   340/500  loss=0.0069  rank=0.0069  inv=0.3534  lr=5.19e-05  7.10s/step  eta 0:18:55
  dev max|d|=0.3902  (pair=yaml - toml)
step   360/500  loss=0.0495  rank=0.0495  inv=0.1432  lr=4.07e-05  7.15s/step  eta 0:16:40
step   380/500  loss=0.0106  rank=0.0106  inv=0.2347  lr=3.05e-05  7.11s/step  eta 0:14:13
step   400/500  loss=0.0063  rank=0.0063  inv=0.2206  lr=2.15e-05  7.08s/step  eta 0:11:47
  dev max|d|=0.3539  (pair=yaml - toml)
step   420/500  loss=0.0058  rank=0.0058  inv=0.2170  lr=1.40e-05  7.13s/step  eta 0:09:30
step   440/500  loss=0.0080  rank=0.0080  inv=0.2185  lr=7.94e-06  7.10s/step  eta 0:07:05
  dev max|d|=0.3301  (pair=yaml - toml)
step   460/500  loss=0.0046  rank=0.0046  inv=0.4454  lr=3.55e-06  7.14s/step  eta 0:04:45
step   480/500  loss=0.0011  rank=0.0011  inv=0.3475  lr=8.92e-07  7.11s/step  eta 0:02:22
step   500/500  loss=0.0222  rank=0.0222  inv=0.2943  lr=0.00e+00  7.09s/step  eta 0:00:00
  dev max|d|=0.3278  (pair=yaml - toml)

Finished at step 500 in 3574s, dev max|d|=0.3278
Saved adapter -> data/nq/h2/train/jina_v2_inline_kv_lam0/adapter
