
======================================================================
TRAIN  bge-base  arm=toml_lam0   2026-10-05 11:05:36
======================================================================
  identifier:  BAAI/bge-reranker-base
  formats:     4 of 5  ['yaml', 'json', 'inline_kv', 'markdown']
  held out:    toml
  lambda_inv:  0.0
  batch:       2 x 8
  steps:       500, warmup 30
  output:      data/nq/h2/train/bge_base_toml_lam0
  device:      cuda
Warning: You are sending unauthenticated requests to the HF Hub. Please set a HF_TOKEN to enable higher rate limits and faster downloads.
[transformers] `torch_dtype` is deprecated! Use `dtype` instead!
Loading weights:   0%|          | 0/201 [00:00<?, ?it/s]Loading weights: 100%|██████████| 201/201 [00:00<00:00, 2816.77it/s]
  trainable:   1,476,097 / 279,520,514 (0.53%)

Loading the corpus...
[transformers] Token indices sequence length is longer than the specified maximum sequence length for this model (970 > 512). Running this sequence through the model will result in indexing errors
[transformers] Token indices sequence length is longer than the specified maximum sequence length for this model (970 > 512). Running this sequence through the model will result in indexing errors
[transformers] Token indices sequence length is longer than the specified maximum sequence length for this model (963 > 512). Running this sequence through the model will result in indexing errors
[transformers] Token indices sequence length is longer than the specified maximum sequence length for this model (928 > 512). Running this sequence through the model will result in indexing errors
[transformers] Token indices sequence length is longer than the specified maximum sequence length for this model (1154 > 1024). Running this sequence through the model will result in indexing errors
  train: 6,131 kept, 449 dropped
  dev:   758 kept
  corpus loading in 0:03:39

Training bge_base toml_lam0
[transformers] `use_return_dict` is deprecated! Use `return_dict` instead!
[transformers] `use_cache=True` is incompatible with gradient checkpointing. Setting `use_cache=False`.
step     1/500  loss=0.1992  rank=0.1992  inv=0.3732  lr=6.67e-06  10.07s/step  eta 1:23:45
step    20/500  loss=0.0609  rank=0.0609  inv=0.2113  lr=1.33e-04  10.13s/step  eta 1:21:00
step    40/500  loss=0.0280  rank=0.0280  inv=0.3732  lr=2.00e-04  10.11s/step  eta 1:17:28
  dev max|d|=0.2125  (pair=yaml - inline_kv)
step    60/500  loss=0.0305  rank=0.0305  inv=0.2368  lr=1.98e-04  10.87s/step  eta 1:19:41
step    80/500  loss=0.0505  rank=0.0505  inv=0.5549  lr=1.94e-04  10.69s/step  eta 1:14:49
step   100/500  loss=0.0260  rank=0.0260  inv=0.3058  lr=1.89e-04  10.60s/step  eta 1:10:41
  dev max|d|=0.3770  (pair=yaml - inline_kv)
step   120/500  loss=0.0043  rank=0.0043  inv=0.7044  lr=1.82e-04  10.92s/step  eta 1:09:10
step   140/500  loss=0.0304  rank=0.0304  inv=0.4073  lr=1.74e-04  10.82s/step  eta 1:04:54
  dev max|d|=0.3426  (pair=yaml - inline_kv)
step   160/500  loss=0.0248  rank=0.0248  inv=0.8496  lr=1.65e-04  11.03s/step  eta 1:02:29
step   180/500  loss=0.0239  rank=0.0239  inv=0.3815  lr=1.54e-04  10.93s/step  eta 0:58:16
step   200/500  loss=0.0195  rank=0.0195  inv=0.2023  lr=1.42e-04  10.84s/step  eta 0:54:11
  dev max|d|=0.3973  (pair=yaml - inline_kv)
step   220/500  loss=0.0191  rank=0.0191  inv=0.3879  lr=1.30e-04  11.00s/step  eta 0:51:19
step   240/500  loss=0.0111  rank=0.0111  inv=0.3913  lr=1.17e-04  10.93s/step  eta 0:47:22
  dev max|d|=0.3760  (pair=yaml - inline_kv)
step   260/500  loss=0.0787  rank=0.0787  inv=1.2329  lr=1.03e-04  11.05s/step  eta 0:44:11
step   280/500  loss=0.0426  rank=0.0426  inv=0.3542  lr=9.00e-05  10.99s/step  eta 0:40:16
step   300/500  loss=0.0436  rank=0.0436  inv=0.4455  lr=7.68e-05  10.94s/step  eta 0:36:27
  dev max|d|=0.3611  (pair=yaml - inline_kv)
step   320/500  loss=0.0192  rank=0.0192  inv=0.4824  lr=6.41e-05  11.03s/step  eta 0:33:05
step   340/500  loss=0.0333  rank=0.0333  inv=0.5199  lr=5.19e-05  10.98s/step  eta 0:29:16
  dev max|d|=0.3524  (pair=yaml - inline_kv)
step   360/500  loss=0.0620  rank=0.0620  inv=0.3166  lr=4.07e-05  11.06s/step  eta 0:25:48
step   380/500  loss=0.0078  rank=0.0078  inv=0.5544  lr=3.05e-05  11.02s/step  eta 0:22:01
step   400/500  loss=0.0335  rank=0.0335  inv=0.4498  lr=2.15e-05  10.97s/step  eta 0:18:16
  dev max|d|=0.3756  (pair=yaml - inline_kv)
step   420/500  loss=0.0112  rank=0.0112  inv=0.3192  lr=1.40e-05  11.04s/step  eta 0:14:43
step   440/500  loss=0.0122  rank=0.0122  inv=0.5448  lr=7.94e-06  11.01s/step  eta 0:11:00
  dev max|d|=0.3661  (pair=yaml - inline_kv)
step   460/500  loss=0.0164  rank=0.0164  inv=0.6647  lr=3.55e-06  11.08s/step  eta 0:07:23
step   480/500  loss=0.0021  rank=0.0021  inv=0.6572  lr=8.92e-07  11.04s/step  eta 0:03:40
step   500/500  loss=0.0237  rank=0.0237  inv=0.5598  lr=0.00e+00  11.00s/step  eta 0:00:00
  dev max|d|=0.3652  (pair=yaml - inline_kv)

Finished at step 500 in 5549s, dev max|d|=0.3652
Saved adapter -> data/nq/h2/train/bge_base_toml_lam0/adapter
