
======================================================================
TRAIN  mxbai-v1  arm=5fmt_lam10   2026-10-05 08:43:43
======================================================================
  identifier:  mixedbread-ai/mxbai-rerank-base-v1
  formats:     5 of 5  ['yaml', 'json', 'toml', 'inline_kv', 'markdown']
  lambda_inv:  10.0
  batch:       2 x 8
  steps:       500, warmup 30
  output:      data/nq/h2/train/mxbai_v1_5fmt_lam10
  device:      cuda
Warning: You are sending unauthenticated requests to the HF Hub. Please set a HF_TOKEN to enable higher rate limits and faster downloads.
[transformers] `torch_dtype` is deprecated! Use `dtype` instead!
Loading weights:   0%|          | 0/202 [00:00<?, ?it/s]Loading weights: 100%|██████████| 202/202 [00:00<00:00, 2289.60it/s]
  trainable:   885,505 / 185,308,418 (0.48%)

Loading the corpus...
[transformers] Token indices sequence length is longer than the specified maximum sequence length for this model (970 > 512). Running this sequence through the model will result in indexing errors
[transformers] Token indices sequence length is longer than the specified maximum sequence length for this model (970 > 512). Running this sequence through the model will result in indexing errors
[transformers] Token indices sequence length is longer than the specified maximum sequence length for this model (963 > 512). Running this sequence through the model will result in indexing errors
[transformers] Token indices sequence length is longer than the specified maximum sequence length for this model (928 > 512). Running this sequence through the model will result in indexing errors
[transformers] Token indices sequence length is longer than the specified maximum sequence length for this model (1154 > 1024). Running this sequence through the model will result in indexing errors
  train: 6,131 kept, 449 dropped
  dev:   758 kept
  corpus loading in 0:03:38

Training mxbai_v1 5fmt_lam10
[transformers] `use_return_dict` is deprecated! Use `return_dict` instead!
step     1/500  loss=2.6816  rank=0.0498  inv=0.2632  lr=6.67e-06  19.97s/step  eta 2:46:05
step    20/500  loss=0.9138  rank=0.0751  inv=0.0839  lr=1.33e-04  19.61s/step  eta 2:36:50
step    40/500  loss=0.2639  rank=0.1392  inv=0.0125  lr=2.00e-04  19.70s/step  eta 2:31:01
  dev max|d|=0.3271  (pair=toml - markdown)
step    60/500  loss=0.2261  rank=0.1282  inv=0.0098  lr=1.98e-04  20.52s/step  eta 2:30:27
step    80/500  loss=0.3186  rank=0.2222  inv=0.0096  lr=1.94e-04  20.39s/step  eta 2:22:42
step   100/500  loss=0.1583  rank=0.1112  inv=0.0047  lr=1.89e-04  20.30s/step  eta 2:15:18
  dev max|d|=0.2438  (pair=json - toml)
step   120/500  loss=0.1294  rank=0.0763  inv=0.0053  lr=1.82e-04  20.59s/step  eta 2:10:24
step   140/500  loss=0.2725  rank=0.1557  inv=0.0117  lr=1.74e-04  20.45s/step  eta 2:02:41
  dev max|d|=0.1020  (pair=yaml - markdown)
step   160/500  loss=0.2028  rank=0.0948  inv=0.0108  lr=1.65e-04  20.63s/step  eta 1:56:53
step   180/500  loss=0.1038  rank=0.0820  inv=0.0022  lr=1.54e-04  20.56s/step  eta 1:49:40
step   200/500  loss=0.1803  rank=0.0991  inv=0.0081  lr=1.42e-04  20.47s/step  eta 1:42:20
  dev max|d|=0.1427  (pair=toml - inline_kv)
step   220/500  loss=0.1701  rank=0.1414  inv=0.0029  lr=1.30e-04  20.60s/step  eta 1:36:08
step   240/500  loss=0.1173  rank=0.0982  inv=0.0019  lr=1.17e-04  20.55s/step  eta 1:29:02
  dev max|d|=0.1041  (pair=yaml - markdown)
step   260/500  loss=0.3359  rank=0.1682  inv=0.0168  lr=1.03e-04  20.69s/step  eta 1:22:45
step   280/500  loss=1.0620  rank=0.1145  inv=0.0947  lr=9.00e-05  20.61s/step  eta 1:15:34
step   300/500  loss=0.1441  rank=0.0914  inv=0.0053  lr=7.68e-05  20.59s/step  eta 1:08:38
  dev max|d|=0.0916  (pair=yaml - markdown)
step   320/500  loss=0.3213  rank=0.1595  inv=0.0162  lr=6.41e-05  20.68s/step  eta 1:02:01
step   340/500  loss=0.1367  rank=0.1017  inv=0.0035  lr=5.19e-05  20.65s/step  eta 0:55:03
  dev max|d|=0.0763  (pair=yaml - markdown)
step   360/500  loss=0.1344  rank=0.1147  inv=0.0020  lr=4.07e-05  20.72s/step  eta 0:48:21
step   380/500  loss=0.1842  rank=0.1164  inv=0.0068  lr=3.05e-05  20.67s/step  eta 0:41:20
step   400/500  loss=0.1317  rank=0.1181  inv=0.0014  lr=2.15e-05  20.62s/step  eta 0:34:22
  dev max|d|=0.0473  (pair=yaml - markdown)
step   420/500  loss=0.7011  rank=0.0876  inv=0.0613  lr=1.40e-05  20.69s/step  eta 0:27:35
step   440/500  loss=0.1222  rank=0.0993  inv=0.0023  lr=7.94e-06  20.66s/step  eta 0:20:39
  dev max|d|=0.0482  (pair=yaml - markdown)
step   460/500  loss=0.7281  rank=0.0697  inv=0.0658  lr=3.55e-06  20.71s/step  eta 0:13:48
step   480/500  loss=0.0570  rank=0.0429  inv=0.0014  lr=8.92e-07  20.69s/step  eta 0:06:53
step   500/500  loss=0.1738  rank=0.1109  inv=0.0063  lr=0.00e+00  20.65s/step  eta 0:00:00
  dev max|d|=0.0471  (pair=yaml - markdown)

Finished at step 500 in 10367s, dev max|d|=0.0471
Saved adapter -> data/nq/h2/train/mxbai_v1_5fmt_lam10/adapter
