
======================================================================
TRAIN  MiniLM-L6  arm=5fmt_lam10   2026-10-05 05:43:49
======================================================================
  identifier:  cross-encoder/ms-marco-MiniLM-L6-v2
  formats:     5 of 5  ['yaml', 'json', 'toml', 'inline_kv', 'markdown']
  lambda_inv:  10.0
  batch:       4 x 4
  steps:       500, warmup 30
  output:      data/nq/h2/train/minilm_l6_5fmt_lam10
  device:      cuda
Warning: You are sending unauthenticated requests to the HF Hub. Please set a HF_TOKEN to enable higher rate limits and faster downloads.
[transformers] `torch_dtype` is deprecated! Use `dtype` instead!
Loading weights:   0%|          | 0/105 [00:00<?, ?it/s]Loading weights: 100%|██████████| 105/105 [00:00<00:00, 3517.33it/s]
  trainable:   221,569 / 22,935,170 (0.97%)

Loading the corpus...
[transformers] Token indices sequence length is longer than the specified maximum sequence length for this model (970 > 512). Running this sequence through the model will result in indexing errors
[transformers] Token indices sequence length is longer than the specified maximum sequence length for this model (970 > 512). Running this sequence through the model will result in indexing errors
[transformers] Token indices sequence length is longer than the specified maximum sequence length for this model (963 > 512). Running this sequence through the model will result in indexing errors
[transformers] Token indices sequence length is longer than the specified maximum sequence length for this model (928 > 512). Running this sequence through the model will result in indexing errors
[transformers] Token indices sequence length is longer than the specified maximum sequence length for this model (1154 > 1024). Running this sequence through the model will result in indexing errors
  train: 6,131 kept, 449 dropped
  dev:   758 kept
  corpus loading in 0:07:53

Training minilm_l6 5fmt_lam10
[transformers] `use_return_dict` is deprecated! Use `return_dict` instead!
[transformers] `use_cache=True` is incompatible with gradient checkpointing. Setting `use_cache=False`.
step     1/500  loss=15.0627  rank=0.0927  inv=1.4970  lr=6.67e-06  14.63s/step  eta 2:01:39
step    20/500  loss=10.5823  rank=0.1745  inv=1.0408  lr=1.33e-04  14.24s/step  eta 1:53:56
step    40/500  loss=3.8297  rank=0.1286  inv=0.3701  lr=2.00e-04  14.27s/step  eta 1:49:21
  dev max|d|=0.8994  (pair=yaml - inline_kv)
step    60/500  loss=1.1444  rank=0.3522  inv=0.0792  lr=1.98e-04  14.64s/step  eta 1:47:23
step    80/500  loss=0.8199  rank=0.4519  inv=0.0368  lr=1.94e-04  14.55s/step  eta 1:41:49
step   100/500  loss=0.6823  rank=0.3458  inv=0.0336  lr=1.89e-04  14.47s/step  eta 1:36:28
  dev max|d|=0.3977  (pair=toml - markdown)
step   120/500  loss=0.5342  rank=0.3389  inv=0.0195  lr=1.82e-04  14.61s/step  eta 1:32:33
step   140/500  loss=0.8927  rank=0.3327  inv=0.0560  lr=1.74e-04  14.56s/step  eta 1:27:21
  dev max|d|=0.2331  (pair=json - toml)
step   160/500  loss=0.4680  rank=0.2959  inv=0.0172  lr=1.65e-04  14.66s/step  eta 1:23:04
step   180/500  loss=0.3251  rank=0.2078  inv=0.0117  lr=1.54e-04  14.61s/step  eta 1:17:56
step   200/500  loss=0.3691  rank=0.2660  inv=0.0103  lr=1.42e-04  14.59s/step  eta 1:12:57
  dev max|d|=0.1711  (pair=toml - inline_kv)
step   220/500  loss=0.3867  rank=0.2710  inv=0.0116  lr=1.30e-04  14.66s/step  eta 1:08:25
step   240/500  loss=0.3378  rank=0.2542  inv=0.0084  lr=1.17e-04  14.63s/step  eta 1:03:22
  dev max|d|=0.1855  (pair=yaml - inline_kv)
step   260/500  loss=0.2465  rank=0.1370  inv=0.0109  lr=1.03e-04  14.69s/step  eta 0:58:44
step   280/500  loss=0.3459  rank=0.2474  inv=0.0098  lr=9.00e-05  14.66s/step  eta 0:53:44
step   300/500  loss=0.3664  rank=0.2065  inv=0.0160  lr=7.68e-05  14.63s/step  eta 0:48:45
  dev max|d|=0.2096  (pair=toml - inline_kv)
step   320/500  loss=0.4163  rank=0.1870  inv=0.0229  lr=6.41e-05  14.69s/step  eta 0:44:03
step   340/500  loss=0.2861  rank=0.1947  inv=0.0091  lr=5.19e-05  14.67s/step  eta 0:39:06
  dev max|d|=0.1905  (pair=toml - inline_kv)
step   360/500  loss=0.2984  rank=0.1760  inv=0.0122  lr=4.07e-05  14.71s/step  eta 0:34:18
step   380/500  loss=0.7164  rank=0.2001  inv=0.0516  lr=3.05e-05  14.68s/step  eta 0:29:21
step   400/500  loss=0.3154  rank=0.2167  inv=0.0099  lr=2.15e-05  14.66s/step  eta 0:24:25
  dev max|d|=0.1904  (pair=toml - inline_kv)
step   420/500  loss=0.2606  rank=0.1556  inv=0.0105  lr=1.40e-05  14.69s/step  eta 0:19:35
step   440/500  loss=0.4032  rank=0.2420  inv=0.0161  lr=7.94e-06  14.67s/step  eta 0:14:40
  dev max|d|=0.1881  (pair=toml - inline_kv)
step   460/500  loss=0.4704  rank=0.2689  inv=0.0201  lr=3.55e-06  14.70s/step  eta 0:09:48
step   480/500  loss=0.3806  rank=0.1432  inv=0.0237  lr=8.92e-07  14.68s/step  eta 0:04:53
step   500/500  loss=0.5398  rank=0.4119  inv=0.0128  lr=0.00e+00  14.67s/step  eta 0:00:00
  dev max|d|=0.1870  (pair=toml - inline_kv)

Finished at step 500 in 7358s, dev max|d|=0.1870
Saved adapter -> data/nq/h2/train/minilm_l6_5fmt_lam10/adapter
