
======================================================================
TRAIN  mxbai-v1-tanh  arm=5fmt_lam0.1   2026-10-05 22:33:42
======================================================================
  identifier:  mixedbread-ai/mxbai-rerank-base-v1
  formats:     5 of 5  ['yaml', 'json', 'toml', 'inline_kv', 'markdown']
  lambda_inv:  0.1
  batch:       2 x 8
  steps:       500, warmup 30
  output:      data/nq/h2/train/mxbai_v1_tanh_5fmt_lam0.1
  device:      cuda
Warning: You are sending unauthenticated requests to the HF Hub. Please set a HF_TOKEN to enable higher rate limits and faster downloads.
[transformers] `torch_dtype` is deprecated! Use `dtype` instead!
Loading weights:   0%|          | 0/202 [00:00<?, ?it/s]Loading weights:   2%|▏         | 5/202 [00:00<00:04, 47.43it/s]Loading weights:  35%|███▌      | 71/202 [00:00<00:00, 335.47it/s]Loading weights:  57%|█████▋    | 115/202 [00:00<00:00, 375.21it/s]Loading weights:  86%|████████▌ | 173/202 [00:00<00:00, 440.47it/s]Loading weights: 100%|██████████| 202/202 [00:00<00:00, 413.63it/s]
  trainable:   1,476,097 / 186,489,602 (0.79%)

Loading the corpus...
[transformers] Token indices sequence length is longer than the specified maximum sequence length for this model (970 > 512). Running this sequence through the model will result in indexing errors
[transformers] Token indices sequence length is longer than the specified maximum sequence length for this model (970 > 512). Running this sequence through the model will result in indexing errors
[transformers] Token indices sequence length is longer than the specified maximum sequence length for this model (963 > 512). Running this sequence through the model will result in indexing errors
[transformers] Token indices sequence length is longer than the specified maximum sequence length for this model (928 > 512). Running this sequence through the model will result in indexing errors
[transformers] Token indices sequence length is longer than the specified maximum sequence length for this model (1154 > 1024). Running this sequence through the model will result in indexing errors
  train: 6,131 kept, 449 dropped
  dev:   758 kept
  corpus loading in 0:02:11

Training mxbai_v1_tanh 5fmt_lam0.1
[transformers] `use_return_dict` is deprecated! Use `return_dict` instead!
step     1/500  loss=0.7786  rank=0.7784  inv=0.0022  lr=6.67e-06  18.47s/step  eta 2:33:37
step    20/500  loss=0.1064  rank=0.0985  inv=0.0793  lr=1.33e-04  19.23s/step  eta 2:33:52
step    40/500  loss=0.0302  rank=0.0216  inv=0.0858  lr=2.00e-04  19.23s/step  eta 2:27:24
  dev max|d|=0.0993  (pair=yaml - toml)
step    60/500  loss=0.0573  rank=0.0376  inv=0.1972  lr=1.98e-04  20.11s/step  eta 2:27:28
step    80/500  loss=0.0569  rank=0.0475  inv=0.0943  lr=1.94e-04  19.94s/step  eta 2:19:33
step   100/500  loss=0.0422  rank=0.0344  inv=0.0780  lr=1.89e-04  19.81s/step  eta 2:12:05
  dev max|d|=0.1387  (pair=toml - markdown)
step   120/500  loss=0.0238  rank=0.0089  inv=0.1489  lr=1.82e-04  20.20s/step  eta 2:07:55
step   140/500  loss=0.0556  rank=0.0418  inv=0.1379  lr=1.74e-04  20.10s/step  eta 2:00:34
  dev max|d|=0.1318  (pair=yaml - markdown)
step   160/500  loss=0.0389  rank=0.0300  inv=0.0897  lr=1.65e-04  20.34s/step  eta 1:55:14
step   180/500  loss=0.0329  rank=0.0238  inv=0.0912  lr=1.54e-04  20.46s/step  eta 1:49:07
step   200/500  loss=0.0249  rank=0.0177  inv=0.0723  lr=1.42e-04  20.57s/step  eta 1:42:50
  dev max|d|=0.1836  (pair=json - inline_kv)
step   220/500  loss=0.0258  rank=0.0213  inv=0.0450  lr=1.30e-04  20.74s/step  eta 1:36:46
step   240/500  loss=0.0252  rank=0.0209  inv=0.0435  lr=1.17e-04  20.63s/step  eta 1:29:25
  dev max|d|=0.1390  (pair=json - inline_kv)
step   260/500  loss=0.0887  rank=0.0699  inv=0.1882  lr=1.03e-04  20.75s/step  eta 1:22:59
step   280/500  loss=0.0454  rank=0.0374  inv=0.0796  lr=9.00e-05  20.65s/step  eta 1:15:42
step   300/500  loss=0.0598  rank=0.0392  inv=0.2059  lr=7.68e-05  20.63s/step  eta 1:08:46
  dev max|d|=0.0938  (pair=json - inline_kv)
step   320/500  loss=0.0511  rank=0.0400  inv=0.1112  lr=6.41e-05  20.70s/step  eta 1:02:06
step   340/500  loss=0.0196  rank=0.0138  inv=0.0589  lr=5.19e-05  20.63s/step  eta 0:55:01
  dev max|d|=0.1028  (pair=yaml - markdown)
step   360/500  loss=0.0535  rank=0.0493  inv=0.0423  lr=4.07e-05  20.71s/step  eta 0:48:19
step   380/500  loss=0.0439  rank=0.0336  inv=0.1027  lr=3.05e-05  20.64s/step  eta 0:41:16
step   400/500  loss=0.0259  rank=0.0223  inv=0.0356  lr=2.15e-05  20.58s/step  eta 0:34:17
  dev max|d|=0.0348  (pair=toml - inline_kv)
step   420/500  loss=0.0158  rank=0.0122  inv=0.0359  lr=1.40e-05  20.64s/step  eta 0:27:31
step   440/500  loss=0.0374  rank=0.0293  inv=0.0812  lr=7.94e-06  20.59s/step  eta 0:20:35
  dev max|d|=0.0319  (pair=yaml - toml)
step   460/500  loss=0.0162  rank=0.0093  inv=0.0689  lr=3.55e-06  20.65s/step  eta 0:13:45
step   480/500  loss=0.0190  rank=0.0063  inv=0.1274  lr=8.92e-07  20.61s/step  eta 0:06:52
step   500/500  loss=0.0387  rank=0.0229  inv=0.1572  lr=0.00e+00  20.56s/step  eta 0:00:00
  dev max|d|=0.0309  (pair=yaml - toml)

Finished at step 500 in 10334s, dev max|d|=0.0309
Saved adapter -> data/nq/h2/train/mxbai_v1_tanh_5fmt_lam0.1/adapter
