
======================================================================
TRAIN  mxbai-v1  arm=5fmt_lam0.01   2026-10-05 05:46:00
======================================================================
  identifier:  mixedbread-ai/mxbai-rerank-base-v1
  formats:     5 of 5  ['yaml', 'json', 'toml', 'inline_kv', 'markdown']
  lambda_inv:  0.01
  batch:       2 x 8
  steps:       500, warmup 30
  output:      data/nq/h2/train/mxbai_v1_5fmt_lam0.01
  device:      cuda
Warning: You are sending unauthenticated requests to the HF Hub. Please set a HF_TOKEN to enable higher rate limits and faster downloads.
[transformers] `torch_dtype` is deprecated! Use `dtype` instead!
Loading weights:   0%|          | 0/202 [00:00<?, ?it/s]Loading weights: 100%|██████████| 202/202 [00:00<00:00, 3297.79it/s]
  trainable:   885,505 / 185,308,418 (0.48%)

Loading the corpus...
[transformers] Token indices sequence length is longer than the specified maximum sequence length for this model (970 > 512). Running this sequence through the model will result in indexing errors
[transformers] Token indices sequence length is longer than the specified maximum sequence length for this model (970 > 512). Running this sequence through the model will result in indexing errors
[transformers] Token indices sequence length is longer than the specified maximum sequence length for this model (963 > 512). Running this sequence through the model will result in indexing errors
[transformers] Token indices sequence length is longer than the specified maximum sequence length for this model (928 > 512). Running this sequence through the model will result in indexing errors
[transformers] Token indices sequence length is longer than the specified maximum sequence length for this model (1154 > 1024). Running this sequence through the model will result in indexing errors
  train: 6,131 kept, 449 dropped
  dev:   758 kept
  corpus loading in 0:03:45

Training mxbai_v1 5fmt_lam0.01
[transformers] `use_return_dict` is deprecated! Use `return_dict` instead!
step     1/500  loss=0.0525  rank=0.0498  inv=0.2632  lr=6.67e-06  19.66s/step  eta 2:43:27
step    20/500  loss=0.0617  rank=0.0605  inv=0.1216  lr=1.33e-04  19.79s/step  eta 2:38:21
step    40/500  loss=0.0141  rank=0.0127  inv=0.1481  lr=2.00e-04  19.73s/step  eta 2:31:17
  dev max|d|=0.2020  (pair=yaml - toml)
step    60/500  loss=0.0417  rank=0.0365  inv=0.5141  lr=1.98e-04  20.50s/step  eta 2:30:20
step    80/500  loss=0.0475  rank=0.0436  inv=0.3864  lr=1.94e-04  20.37s/step  eta 2:22:34
step   100/500  loss=0.0369  rank=0.0346  inv=0.2298  lr=1.89e-04  20.27s/step  eta 2:15:06
  dev max|d|=0.2208  (pair=toml - markdown)
step   120/500  loss=0.0062  rank=0.0031  inv=0.3071  lr=1.82e-04  20.61s/step  eta 2:10:30
step   140/500  loss=0.0380  rank=0.0358  inv=0.2188  lr=1.74e-04  20.52s/step  eta 2:03:06
  dev max|d|=0.1541  (pair=toml - markdown)
step   160/500  loss=0.0298  rank=0.0270  inv=0.2845  lr=1.65e-04  20.72s/step  eta 1:57:24
step   180/500  loss=0.0211  rank=0.0188  inv=0.2304  lr=1.54e-04  20.60s/step  eta 1:49:53
step   200/500  loss=0.0109  rank=0.0096  inv=0.1259  lr=1.42e-04  20.52s/step  eta 1:42:36
  dev max|d|=0.2051  (pair=json - toml)
step   220/500  loss=0.0165  rank=0.0137  inv=0.2787  lr=1.30e-04  20.69s/step  eta 1:36:32
step   240/500  loss=0.0094  rank=0.0063  inv=0.3080  lr=1.17e-04  20.63s/step  eta 1:29:23
  dev max|d|=0.2019  (pair=json - toml)
step   260/500  loss=0.0420  rank=0.0393  inv=0.2679  lr=1.03e-04  20.76s/step  eta 1:23:01
step   280/500  loss=0.0445  rank=0.0397  inv=0.4851  lr=9.00e-05  20.69s/step  eta 1:15:51
step   300/500  loss=0.0358  rank=0.0318  inv=0.4065  lr=7.68e-05  20.64s/step  eta 1:08:48
  dev max|d|=0.1630  (pair=json - toml)
step   320/500  loss=0.0225  rank=0.0201  inv=0.2376  lr=6.41e-05  20.72s/step  eta 1:02:10
step   340/500  loss=0.0099  rank=0.0080  inv=0.1915  lr=5.19e-05  20.68s/step  eta 0:55:08
  dev max|d|=0.1415  (pair=json - toml)
step   360/500  loss=0.0435  rank=0.0414  inv=0.2023  lr=4.07e-05  20.75s/step  eta 0:48:25
step   380/500  loss=0.0508  rank=0.0465  inv=0.4274  lr=3.05e-05  20.71s/step  eta 0:41:25
step   400/500  loss=0.0172  rank=0.0149  inv=0.2292  lr=2.15e-05  20.69s/step  eta 0:34:29
  dev max|d|=0.1370  (pair=yaml - toml)
step   420/500  loss=0.0099  rank=0.0077  inv=0.2229  lr=1.40e-05  20.76s/step  eta 0:27:40
step   440/500  loss=0.0184  rank=0.0155  inv=0.2875  lr=7.94e-06  20.73s/step  eta 0:20:44
  dev max|d|=0.1383  (pair=yaml - toml)
step   460/500  loss=0.0085  rank=0.0044  inv=0.4113  lr=3.55e-06  20.79s/step  eta 0:13:51
step   480/500  loss=0.0035  rank=0.0015  inv=0.2095  lr=8.92e-07  20.76s/step  eta 0:06:55
step   500/500  loss=0.0290  rank=0.0255  inv=0.3467  lr=0.00e+00  20.73s/step  eta 0:00:00
  dev max|d|=0.1380  (pair=yaml - toml)

Finished at step 500 in 10410s, dev max|d|=0.1380
Saved adapter -> data/nq/h2/train/mxbai_v1_5fmt_lam0.01/adapter
