
======================================================================
TRAIN  MiniLM-L12  arm=markdown_lam0.1   2026-10-05 18:47:44
======================================================================
  identifier:  cross-encoder/ms-marco-MiniLM-L12-v2
  formats:     4 of 5  ['yaml', 'json', 'toml', 'inline_kv']
  held out:    markdown
  lambda_inv:  0.1
  batch:       4 x 4
  steps:       500, warmup 30
  output:      data/nq/h2/train/minilm_l12_markdown_lam0.1
  device:      cuda
Warning: You are sending unauthenticated requests to the HF Hub. Please set a HF_TOKEN to enable higher rate limits and faster downloads.
[transformers] `torch_dtype` is deprecated! Use `dtype` instead!
Loading weights:   0%|          | 0/201 [00:00<?, ?it/s]Loading weights:  96%|█████████▌| 193/201 [00:00<00:00, 1917.03it/s]Loading weights: 100%|██████████| 201/201 [00:00<00:00, 1933.36it/s]
  trainable:   442,753 / 33,803,138 (1.31%)

Loading the corpus...
[transformers] Token indices sequence length is longer than the specified maximum sequence length for this model (970 > 512). Running this sequence through the model will result in indexing errors
[transformers] Token indices sequence length is longer than the specified maximum sequence length for this model (970 > 512). Running this sequence through the model will result in indexing errors
[transformers] Token indices sequence length is longer than the specified maximum sequence length for this model (963 > 512). Running this sequence through the model will result in indexing errors
[transformers] Token indices sequence length is longer than the specified maximum sequence length for this model (928 > 512). Running this sequence through the model will result in indexing errors
[transformers] Token indices sequence length is longer than the specified maximum sequence length for this model (1154 > 1024). Running this sequence through the model will result in indexing errors
  train: 6,131 kept, 449 dropped
  dev:   758 kept
  corpus loading in 0:08:00

Resuming at step 400; dropped 4 log records past it.

Training minilm_l12 markdown_lam0.1
[transformers] `use_return_dict` is deprecated! Use `return_dict` instead!
[transformers] `use_cache=True` is incompatible with gradient checkpointing. Setting `use_cache=False`.
step   401/500  loss=0.0424  rank=0.0324  inv=0.1001  lr=2.11e-05  0.05s/step  eta 0:00:05
step   420/500  loss=0.0293  rank=0.0144  inv=0.1487  lr=1.40e-05  1.00s/step  eta 0:01:20
step   440/500  loss=0.0451  rank=0.0315  inv=0.1363  lr=7.94e-06  1.91s/step  eta 0:01:54
  dev max|d|=0.2520  (pair=yaml - toml)
step   460/500  loss=0.0469  rank=0.0261  inv=0.2076  lr=3.55e-06  2.80s/step  eta 0:01:52
step   480/500  loss=0.0435  rank=0.0224  inv=0.2107  lr=8.92e-07  3.56s/step  eta 0:01:11
step   500/500  loss=0.1738  rank=0.1620  inv=0.1182  lr=0.00e+00  4.26s/step  eta 0:00:00
  dev max|d|=0.2545  (pair=toml - inline_kv)

Finished at step 500 in 2160s, dev max|d|=0.2545
Saved adapter -> data/nq/h2/train/minilm_l12_markdown_lam0.1/adapter
