
======================================================================
TRAIN  jina-v2  arm=json_lam0   2026-10-05 14:40:21
======================================================================
  identifier:  jinaai/jina-reranker-v2-base-multilingual
  formats:     4 of 5  ['yaml', 'toml', 'inline_kv', 'markdown']
  held out:    json
  lambda_inv:  0.0
  batch:       2 x 8
  steps:       500, warmup 30
  output:      data/nq/h2/train/jina_v2_json_lam0
  device:      cuda
Warning: You are sending unauthenticated requests to the HF Hub. Please set a HF_TOKEN to enable higher rate limits and faster downloads.
[transformers] `torch_dtype` is deprecated! Use `dtype` instead!
flash_attn is not installed. Using PyTorch native attention implementation.
flash_attn is not installed. Using PyTorch native attention implementation.
flash_attn is not installed. Using PyTorch native attention implementation.
flash_attn is not installed. Using PyTorch native attention implementation.
flash_attn is not installed. Using PyTorch native attention implementation.
flash_attn is not installed. Using PyTorch native attention implementation.
flash_attn is not installed. Using PyTorch native attention implementation.
flash_attn is not installed. Using PyTorch native attention implementation.
flash_attn is not installed. Using PyTorch native attention implementation.
flash_attn is not installed. Using PyTorch native attention implementation.
flash_attn is not installed. Using PyTorch native attention implementation.
flash_attn is not installed. Using PyTorch native attention implementation.
flash_attn is not installed. Using PyTorch native attention implementation.
Loading weights:   0%|          | 0/153 [00:00<?, ?it/s]Loading weights:   6%|▌         | 9/153 [00:00<00:08, 16.35it/s]Loading weights: 100%|██████████| 153/153 [00:00<00:00, 268.23it/s]
[transformers] XLMRobertaForSequenceClassification does not expose input embeddings. Gradients cannot flow back to the token embeddings when using adapters or gradient checkpointing. Override `get_input_embeddings` to fully support those features, or set `_input_embed_layer` to the attribute name that holds the embeddings.
[transformers] You are using an old version of the checkpointing format that is deprecated (We will also silently ignore `gradient_checkpointing_kwargs` in case you passed it).Please update to the new format on your modeling file. To use the new format, you need to completely remove the definition of the method `_set_gradient_checkpointing` in your model.
  fused projections patched: 12
  trainable:   1,181,185 / 279,618,818 (0.42%)

Loading the corpus...
[transformers] Token indices sequence length is longer than the specified maximum sequence length for this model (970 > 512). Running this sequence through the model will result in indexing errors
[transformers] Token indices sequence length is longer than the specified maximum sequence length for this model (970 > 512). Running this sequence through the model will result in indexing errors
[transformers] Token indices sequence length is longer than the specified maximum sequence length for this model (963 > 512). Running this sequence through the model will result in indexing errors
[transformers] Token indices sequence length is longer than the specified maximum sequence length for this model (928 > 512). Running this sequence through the model will result in indexing errors
[transformers] Token indices sequence length is longer than the specified maximum sequence length for this model (1154 > 1024). Running this sequence through the model will result in indexing errors
  train: 6,131 kept, 449 dropped
  dev:   758 kept
  corpus loading in 0:13:24

Training jina_v2 json_lam0
[transformers] `use_return_dict` is deprecated! Use `return_dict` instead!
step     1/500  loss=0.1926  rank=0.1926  inv=0.0267  lr=6.67e-06  19.28s/step  eta 2:40:20
step    20/500  loss=0.0666  rank=0.0666  inv=0.0263  lr=1.33e-04  18.16s/step  eta 2:25:16
step    40/500  loss=0.0097  rank=0.0097  inv=0.2083  lr=2.00e-04  18.13s/step  eta 2:19:01
  dev max|d|=0.3791  (pair=yaml - toml)
step    60/500  loss=0.0136  rank=0.0136  inv=0.1021  lr=1.98e-04  18.82s/step  eta 2:17:59
step    80/500  loss=0.0289  rank=0.0289  inv=0.1974  lr=1.94e-04  18.67s/step  eta 2:10:41
step   100/500  loss=0.0301  rank=0.0301  inv=0.2703  lr=1.89e-04  18.62s/step  eta 2:04:07
  dev max|d|=0.2711  (pair=yaml - toml)
step   120/500  loss=0.0124  rank=0.0124  inv=0.2001  lr=1.82e-04  18.88s/step  eta 1:59:33
step   140/500  loss=0.0182  rank=0.0182  inv=0.0749  lr=1.74e-04  18.75s/step  eta 1:52:29
  dev max|d|=0.3472  (pair=yaml - toml)
step   160/500  loss=0.0080  rank=0.0080  inv=0.1343  lr=1.65e-04  18.90s/step  eta 1:47:05
step   180/500  loss=0.0236  rank=0.0236  inv=0.2744  lr=1.54e-04  18.80s/step  eta 1:40:15
step   200/500  loss=0.0075  rank=0.0075  inv=0.1034  lr=1.42e-04  18.71s/step  eta 1:33:33
  dev max|d|=0.5389  (pair=yaml - toml)
step   220/500  loss=0.0051  rank=0.0051  inv=0.2491  lr=1.30e-04  18.83s/step  eta 1:27:52
step   240/500  loss=0.0029  rank=0.0029  inv=0.3296  lr=1.17e-04  18.77s/step  eta 1:21:20
  dev max|d|=0.4655  (pair=yaml - toml)
step   260/500  loss=0.0210  rank=0.0210  inv=0.2894  lr=1.03e-04  18.87s/step  eta 1:15:28
step   280/500  loss=0.0217  rank=0.0217  inv=0.2326  lr=9.00e-05  18.82s/step  eta 1:08:59
step   300/500  loss=0.0131  rank=0.0131  inv=0.3848  lr=7.68e-05  18.78s/step  eta 1:02:35
  dev max|d|=0.2113  (pair=toml - markdown)
step   320/500  loss=0.0129  rank=0.0129  inv=0.1407  lr=6.41e-05  18.86s/step  eta 0:56:34
step   340/500  loss=0.0070  rank=0.0070  inv=0.2243  lr=5.19e-05  18.81s/step  eta 0:50:08
  dev max|d|=0.2636  (pair=toml - markdown)
step   360/500  loss=0.0703  rank=0.0703  inv=0.1644  lr=4.07e-05  18.87s/step  eta 0:44:01
step   380/500  loss=0.0058  rank=0.0058  inv=0.1863  lr=3.05e-05  18.82s/step  eta 0:37:38
step   400/500  loss=0.0051  rank=0.0051  inv=0.1346  lr=2.15e-05  18.78s/step  eta 0:31:18
  dev max|d|=0.2547  (pair=toml - markdown)
step   420/500  loss=0.0037  rank=0.0037  inv=0.1905  lr=1.40e-05  18.84s/step  eta 0:25:06
step   440/500  loss=0.0049  rank=0.0049  inv=0.3131  lr=7.94e-06  18.80s/step  eta 0:18:48
  dev max|d|=0.3252  (pair=yaml - toml)
step   460/500  loss=0.0034  rank=0.0034  inv=0.3526  lr=3.55e-06  18.86s/step  eta 0:12:34
step   480/500  loss=0.0018  rank=0.0018  inv=0.4012  lr=8.92e-07  18.83s/step  eta 0:06:16
step   500/500  loss=0.0237  rank=0.0237  inv=0.2481  lr=0.00e+00  18.79s/step  eta 0:00:00
  dev max|d|=0.3603  (pair=yaml - toml)

Finished at step 500 in 9435s, dev max|d|=0.3603
Saved adapter -> data/nq/h2/train/jina_v2_json_lam0/adapter
