
======================================================================
TRAIN  mxbai-v1-tanh  arm=yaml_lam0.1   2026-10-06 04:27:15
======================================================================
  identifier:  mixedbread-ai/mxbai-rerank-base-v1
  formats:     4 of 5  ['json', 'toml', 'inline_kv', 'markdown']
  held out:    yaml
  lambda_inv:  0.1
  batch:       2 x 8
  steps:       500, warmup 30
  output:      data/nq/h2/train/mxbai_v1_tanh_yaml_lam0.1
  device:      cuda
Warning: You are sending unauthenticated requests to the HF Hub. Please set a HF_TOKEN to enable higher rate limits and faster downloads.
[transformers] `torch_dtype` is deprecated! Use `dtype` instead!
Loading weights:   0%|          | 0/202 [00:00<?, ?it/s]Loading weights:  35%|███▌      | 71/202 [00:00<00:00, 707.52it/s]Loading weights: 100%|██████████| 202/202 [00:00<00:00, 1556.24it/s]
  trainable:   1,476,097 / 186,489,602 (0.79%)

Loading the corpus...
[transformers] Token indices sequence length is longer than the specified maximum sequence length for this model (970 > 512). Running this sequence through the model will result in indexing errors
[transformers] Token indices sequence length is longer than the specified maximum sequence length for this model (970 > 512). Running this sequence through the model will result in indexing errors
[transformers] Token indices sequence length is longer than the specified maximum sequence length for this model (963 > 512). Running this sequence through the model will result in indexing errors
[transformers] Token indices sequence length is longer than the specified maximum sequence length for this model (928 > 512). Running this sequence through the model will result in indexing errors
[transformers] Token indices sequence length is longer than the specified maximum sequence length for this model (1154 > 1024). Running this sequence through the model will result in indexing errors
  train: 6,131 kept, 449 dropped
  dev:   758 kept
  corpus loading in 0:02:15

Training mxbai_v1_tanh yaml_lam0.1
[transformers] `use_return_dict` is deprecated! Use `return_dict` instead!
step     1/500  loss=0.7767  rank=0.7765  inv=0.0017  lr=6.67e-06  15.33s/step  eta 2:07:29
step    20/500  loss=0.0960  rank=0.0888  inv=0.0719  lr=1.33e-04  15.65s/step  eta 2:05:10
step    40/500  loss=0.0299  rank=0.0202  inv=0.0968  lr=2.00e-04  15.63s/step  eta 1:59:48
  dev max|d|=0.1267  (pair=toml - inline_kv)
step    60/500  loss=0.0285  rank=0.0226  inv=0.0586  lr=1.98e-04  16.34s/step  eta 1:59:48
step    80/500  loss=0.0662  rank=0.0562  inv=0.1004  lr=1.94e-04  16.19s/step  eta 1:53:19
step   100/500  loss=0.0436  rank=0.0368  inv=0.0679  lr=1.89e-04  16.10s/step  eta 1:47:18
  dev max|d|=0.0901  (pair=toml - markdown)
step   120/500  loss=0.0336  rank=0.0113  inv=0.2233  lr=1.82e-04  16.42s/step  eta 1:44:01
step   140/500  loss=0.0481  rank=0.0360  inv=0.1208  lr=1.74e-04  16.33s/step  eta 1:37:59
  dev max|d|=0.0875  (pair=json - inline_kv)
step   160/500  loss=0.0377  rank=0.0309  inv=0.0689  lr=1.65e-04  16.53s/step  eta 1:33:39
step   180/500  loss=0.0309  rank=0.0228  inv=0.0817  lr=1.54e-04  16.43s/step  eta 1:27:37
step   200/500  loss=0.0244  rank=0.0220  inv=0.0247  lr=1.42e-04  16.35s/step  eta 1:21:46
  dev max|d|=0.2544  (pair=json - inline_kv)
step   220/500  loss=0.0221  rank=0.0174  inv=0.0468  lr=1.30e-04  16.51s/step  eta 1:17:01
step   240/500  loss=0.0252  rank=0.0204  inv=0.0477  lr=1.17e-04  16.45s/step  eta 1:11:16
  dev max|d|=0.1748  (pair=json - inline_kv)
step   260/500  loss=0.0755  rank=0.0576  inv=0.1792  lr=1.03e-04  16.56s/step  eta 1:06:14
step   280/500  loss=0.0521  rank=0.0450  inv=0.0712  lr=9.00e-05  16.50s/step  eta 1:00:30
step   300/500  loss=0.0568  rank=0.0374  inv=0.1937  lr=7.68e-05  16.46s/step  eta 0:54:52
  dev max|d|=0.0865  (pair=json - inline_kv)
step   320/500  loss=0.0518  rank=0.0443  inv=0.0744  lr=6.41e-05  16.54s/step  eta 0:49:37
step   340/500  loss=0.0216  rank=0.0137  inv=0.0790  lr=5.19e-05  16.50s/step  eta 0:44:00
  dev max|d|=0.0389  (pair=inline_kv - markdown)
step   360/500  loss=0.0375  rank=0.0309  inv=0.0663  lr=4.07e-05  16.57s/step  eta 0:38:39
step   380/500  loss=0.0609  rank=0.0485  inv=0.1241  lr=3.05e-05  16.53s/step  eta 0:33:03
step   400/500  loss=0.0268  rank=0.0229  inv=0.0388  lr=2.15e-05  16.49s/step  eta 0:27:29
  dev max|d|=0.0420  (pair=json - toml)
step   420/500  loss=0.0138  rank=0.0098  inv=0.0399  lr=1.40e-05  16.55s/step  eta 0:22:04
step   440/500  loss=0.0289  rank=0.0254  inv=0.0350  lr=7.94e-06  16.52s/step  eta 0:16:31
  dev max|d|=0.0505  (pair=json - toml)
step   460/500  loss=0.0300  rank=0.0087  inv=0.2133  lr=3.55e-06  16.58s/step  eta 0:11:03
step   480/500  loss=0.0153  rank=0.0066  inv=0.0874  lr=8.92e-07  16.55s/step  eta 0:05:31
step   500/500  loss=0.0376  rank=0.0286  inv=0.0908  lr=0.00e+00  16.53s/step  eta 0:00:00
  dev max|d|=0.0512  (pair=json - toml)

Finished at step 500 in 8307s, dev max|d|=0.0512
Saved adapter -> data/nq/h2/train/mxbai_v1_tanh_yaml_lam0.1/adapter
