
======================================================================
TRAIN  mxbai-v1  arm=toml_lam0   2026-10-05 12:43:09
======================================================================
  identifier:  mixedbread-ai/mxbai-rerank-base-v1
  formats:     4 of 5  ['yaml', 'json', 'inline_kv', 'markdown']
  held out:    toml
  lambda_inv:  0.0
  batch:       2 x 8
  steps:       500, warmup 30
  output:      data/nq/h2/train/mxbai_v1_toml_lam0
  device:      cuda
Warning: You are sending unauthenticated requests to the HF Hub. Please set a HF_TOKEN to enable higher rate limits and faster downloads.
[transformers] `torch_dtype` is deprecated! Use `dtype` instead!
Loading weights:   0%|          | 0/202 [00:00<?, ?it/s]Loading weights: 100%|██████████| 202/202 [00:00<00:00, 2845.40it/s]
  trainable:   885,505 / 185,308,418 (0.48%)

Loading the corpus...
[transformers] Token indices sequence length is longer than the specified maximum sequence length for this model (970 > 512). Running this sequence through the model will result in indexing errors
[transformers] Token indices sequence length is longer than the specified maximum sequence length for this model (970 > 512). Running this sequence through the model will result in indexing errors
[transformers] Token indices sequence length is longer than the specified maximum sequence length for this model (963 > 512). Running this sequence through the model will result in indexing errors
[transformers] Token indices sequence length is longer than the specified maximum sequence length for this model (928 > 512). Running this sequence through the model will result in indexing errors
[transformers] Token indices sequence length is longer than the specified maximum sequence length for this model (1154 > 1024). Running this sequence through the model will result in indexing errors
  train: 6,131 kept, 449 dropped
  dev:   758 kept
  corpus loading in 0:03:52

Training mxbai_v1 toml_lam0
[transformers] `use_return_dict` is deprecated! Use `return_dict` instead!
step     1/500  loss=0.0347  rank=0.0347  inv=0.2630  lr=6.67e-06  16.11s/step  eta 2:14:00
step    20/500  loss=0.0501  rank=0.0501  inv=0.1321  lr=1.33e-04  16.01s/step  eta 2:08:04
step    40/500  loss=0.0134  rank=0.0134  inv=0.1522  lr=2.00e-04  16.00s/step  eta 2:02:38
  dev max|d|=0.1788  (pair=yaml - markdown)
step    60/500  loss=0.0536  rank=0.0536  inv=0.7324  lr=1.98e-04  16.58s/step  eta 2:01:34
step    80/500  loss=0.0415  rank=0.0415  inv=0.2891  lr=1.94e-04  16.47s/step  eta 1:55:17
step   100/500  loss=0.0402  rank=0.0402  inv=0.2602  lr=1.89e-04  16.39s/step  eta 1:49:14
  dev max|d|=0.1183  (pair=yaml - inline_kv)
step   120/500  loss=0.0058  rank=0.0058  inv=0.9192  lr=1.82e-04  16.64s/step  eta 1:45:24
step   140/500  loss=0.0296  rank=0.0296  inv=0.3518  lr=1.74e-04  16.58s/step  eta 1:39:27
  dev max|d|=0.0996  (pair=yaml - inline_kv)
step   160/500  loss=0.0264  rank=0.0264  inv=0.4038  lr=1.65e-04  16.74s/step  eta 1:34:50
step   180/500  loss=0.0283  rank=0.0283  inv=0.4684  lr=1.54e-04  16.65s/step  eta 1:28:48
step   200/500  loss=0.0126  rank=0.0126  inv=0.2877  lr=1.42e-04  16.59s/step  eta 1:22:56
  dev max|d|=0.1626  (pair=json - inline_kv)
step   220/500  loss=0.0115  rank=0.0115  inv=0.3443  lr=1.30e-04  16.72s/step  eta 1:18:02
step   240/500  loss=0.0066  rank=0.0066  inv=0.4059  lr=1.17e-04  16.68s/step  eta 1:12:16
  dev max|d|=0.1375  (pair=yaml - inline_kv)
step   260/500  loss=0.0322  rank=0.0322  inv=1.0419  lr=1.03e-04  16.77s/step  eta 1:07:05
step   280/500  loss=0.0263  rank=0.0263  inv=0.5978  lr=9.00e-05  16.72s/step  eta 1:01:18
step   300/500  loss=0.0387  rank=0.0387  inv=0.7257  lr=7.68e-05  16.69s/step  eta 0:55:38
  dev max|d|=0.1168  (pair=yaml - markdown)
step   320/500  loss=0.0291  rank=0.0291  inv=0.3467  lr=6.41e-05  16.75s/step  eta 0:50:15
step   340/500  loss=0.0097  rank=0.0097  inv=0.5023  lr=5.19e-05  16.72s/step  eta 0:44:35
  dev max|d|=0.1096  (pair=json - inline_kv)
step   360/500  loss=0.0386  rank=0.0386  inv=0.4837  lr=4.07e-05  16.77s/step  eta 0:39:08
step   380/500  loss=0.0473  rank=0.0473  inv=0.7507  lr=3.05e-05  16.74s/step  eta 0:33:28
step   400/500  loss=0.0150  rank=0.0150  inv=0.3189  lr=2.15e-05  16.70s/step  eta 0:27:50
  dev max|d|=0.1057  (pair=yaml - inline_kv)
step   420/500  loss=0.0061  rank=0.0061  inv=0.4049  lr=1.40e-05  16.75s/step  eta 0:22:20
step   440/500  loss=0.0100  rank=0.0100  inv=0.5470  lr=7.94e-06  16.73s/step  eta 0:16:43
  dev max|d|=0.1044  (pair=yaml - inline_kv)
step   460/500  loss=0.0037  rank=0.0037  inv=0.6828  lr=3.55e-06  16.77s/step  eta 0:11:10
step   480/500  loss=0.0017  rank=0.0017  inv=0.4001  lr=8.92e-07  16.75s/step  eta 0:05:34
step   500/500  loss=0.0164  rank=0.0164  inv=0.5136  lr=0.00e+00  16.73s/step  eta 0:00:00
  dev max|d|=0.1051  (pair=yaml - inline_kv)

Finished at step 500 in 8399s, dev max|d|=0.1051
Saved adapter -> data/nq/h2/train/mxbai_v1_toml_lam0/adapter
