
======================================================================
TRAIN  MiniLM-L12  arm=yaml_lam0.1   2026-10-05 18:47:44
======================================================================
  identifier:  cross-encoder/ms-marco-MiniLM-L12-v2
  formats:     4 of 5  ['json', 'toml', 'inline_kv', 'markdown']
  held out:    yaml
  lambda_inv:  0.1
  batch:       4 x 4
  steps:       500, warmup 30
  output:      data/nq/h2/train/minilm_l12_yaml_lam0.1
  device:      cuda
Warning: You are sending unauthenticated requests to the HF Hub. Please set a HF_TOKEN to enable higher rate limits and faster downloads.
[transformers] `torch_dtype` is deprecated! Use `dtype` instead!
Loading weights:   0%|          | 0/201 [00:00<?, ?it/s]Loading weights: 100%|██████████| 201/201 [00:00<00:00, 3077.18it/s]
  trainable:   442,753 / 33,803,138 (1.31%)

Loading the corpus...
[transformers] Token indices sequence length is longer than the specified maximum sequence length for this model (970 > 512). Running this sequence through the model will result in indexing errors
[transformers] Token indices sequence length is longer than the specified maximum sequence length for this model (970 > 512). Running this sequence through the model will result in indexing errors
[transformers] Token indices sequence length is longer than the specified maximum sequence length for this model (963 > 512). Running this sequence through the model will result in indexing errors
[transformers] Token indices sequence length is longer than the specified maximum sequence length for this model (928 > 512). Running this sequence through the model will result in indexing errors
[transformers] Token indices sequence length is longer than the specified maximum sequence length for this model (1154 > 1024). Running this sequence through the model will result in indexing errors
  train: 6,131 kept, 449 dropped
  dev:   758 kept
  corpus loading in 0:10:30

Resuming at step 400; dropped 4 log records past it.

Training minilm_l12 yaml_lam0.1
[transformers] `use_return_dict` is deprecated! Use `return_dict` instead!
[transformers] `use_cache=True` is incompatible with gradient checkpointing. Setting `use_cache=False`.
step   401/500  loss=0.0387  rank=0.0285  inv=0.1014  lr=2.11e-05  0.06s/step  eta 0:00:05
step   420/500  loss=0.0327  rank=0.0128  inv=0.1993  lr=1.40e-05  1.08s/step  eta 0:01:26
step   440/500  loss=0.0587  rank=0.0350  inv=0.2373  lr=7.94e-06  2.04s/step  eta 0:02:02
  dev max|d|=0.2224  (pair=toml - inline_kv)
step   460/500  loss=0.0627  rank=0.0348  inv=0.2794  lr=3.55e-06  2.96s/step  eta 0:01:58
step   480/500  loss=0.0434  rank=0.0219  inv=0.2150  lr=8.92e-07  3.76s/step  eta 0:01:15
step   500/500  loss=0.1685  rank=0.1510  inv=0.1751  lr=0.00e+00  4.48s/step  eta 0:00:00
  dev max|d|=0.2273  (pair=toml - inline_kv)

Finished at step 500 in 2268s, dev max|d|=0.2273
Saved adapter -> data/nq/h2/train/minilm_l12_yaml_lam0.1/adapter
