
======================================================================
TRAIN  bge-base  arm=5fmt_lam0.01   2026-10-05 05:49:19
======================================================================
  identifier:  BAAI/bge-reranker-base
  formats:     5 of 5  ['yaml', 'json', 'toml', 'inline_kv', 'markdown']
  lambda_inv:  0.01
  batch:       2 x 8
  steps:       500, warmup 30
  output:      data/nq/h2/train/bge_base_5fmt_lam0.01
  device:      cuda
Warning: You are sending unauthenticated requests to the HF Hub. Please set a HF_TOKEN to enable higher rate limits and faster downloads.
[transformers] `torch_dtype` is deprecated! Use `dtype` instead!
Loading weights:   0%|          | 0/201 [00:00<?, ?it/s]Loading weights: 100%|██████████| 201/201 [00:00<00:00, 2722.77it/s]
  trainable:   1,476,097 / 279,520,514 (0.53%)

Loading the corpus...
[transformers] Token indices sequence length is longer than the specified maximum sequence length for this model (970 > 512). Running this sequence through the model will result in indexing errors
[transformers] Token indices sequence length is longer than the specified maximum sequence length for this model (970 > 512). Running this sequence through the model will result in indexing errors
[transformers] Token indices sequence length is longer than the specified maximum sequence length for this model (963 > 512). Running this sequence through the model will result in indexing errors
[transformers] Token indices sequence length is longer than the specified maximum sequence length for this model (928 > 512). Running this sequence through the model will result in indexing errors
[transformers] Token indices sequence length is longer than the specified maximum sequence length for this model (1154 > 1024). Running this sequence through the model will result in indexing errors
  train: 6,131 kept, 449 dropped
  dev:   758 kept
  corpus loading in 0:03:43

Training bge_base 5fmt_lam0.01
[transformers] `use_return_dict` is deprecated! Use `return_dict` instead!
[transformers] `use_cache=True` is incompatible with gradient checkpointing. Setting `use_cache=False`.
step     1/500  loss=0.1881  rank=0.1852  inv=0.2889  lr=6.67e-06  12.85s/step  eta 1:46:50
step    20/500  loss=0.0603  rank=0.0557  inv=0.4615  lr=1.33e-04  12.78s/step  eta 1:42:16
step    40/500  loss=0.0231  rank=0.0211  inv=0.2058  lr=2.00e-04  12.73s/step  eta 1:37:37
  dev max|d|=0.2880  (pair=yaml - inline_kv)
step    60/500  loss=0.0361  rank=0.0334  inv=0.2767  lr=1.98e-04  13.68s/step  eta 1:40:21
step    80/500  loss=0.0601  rank=0.0576  inv=0.2518  lr=1.94e-04  13.45s/step  eta 1:34:09
step   100/500  loss=0.0338  rank=0.0311  inv=0.2626  lr=1.89e-04  13.31s/step  eta 1:28:43
  dev max|d|=0.3624  (pair=yaml - inline_kv)
step   120/500  loss=0.0123  rank=0.0090  inv=0.3301  lr=1.82e-04  13.71s/step  eta 1:26:49
step   140/500  loss=0.0348  rank=0.0324  inv=0.2461  lr=1.74e-04  13.57s/step  eta 1:21:26
  dev max|d|=0.2618  (pair=yaml - inline_kv)
step   160/500  loss=0.0266  rank=0.0209  inv=0.5694  lr=1.65e-04  13.84s/step  eta 1:18:24
step   180/500  loss=0.0263  rank=0.0231  inv=0.3295  lr=1.54e-04  13.71s/step  eta 1:13:05
step   200/500  loss=0.0252  rank=0.0236  inv=0.1620  lr=1.42e-04  13.63s/step  eta 1:08:07
  dev max|d|=0.3248  (pair=yaml - inline_kv)
step   220/500  loss=0.0227  rank=0.0206  inv=0.2163  lr=1.30e-04  13.82s/step  eta 1:04:28
step   240/500  loss=0.0154  rank=0.0122  inv=0.3190  lr=1.17e-04  13.73s/step  eta 0:59:29
  dev max|d|=0.3554  (pair=yaml - inline_kv)
step   260/500  loss=0.0546  rank=0.0493  inv=0.5356  lr=1.03e-04  13.88s/step  eta 0:55:31
step   280/500  loss=0.0444  rank=0.0405  inv=0.3937  lr=9.00e-05  13.82s/step  eta 0:50:40
step   300/500  loss=0.0394  rank=0.0353  inv=0.4055  lr=7.68e-05  13.75s/step  eta 0:45:49
  dev max|d|=0.2980  (pair=yaml - inline_kv)
step   320/500  loss=0.0307  rank=0.0270  inv=0.3722  lr=6.41e-05  13.87s/step  eta 0:41:37
step   340/500  loss=0.0400  rank=0.0376  inv=0.2452  lr=5.19e-05  13.82s/step  eta 0:36:51
  dev max|d|=0.3052  (pair=yaml - inline_kv)
step   360/500  loss=0.0726  rank=0.0713  inv=0.1306  lr=4.07e-05  13.92s/step  eta 0:32:28
step   380/500  loss=0.0144  rank=0.0095  inv=0.4888  lr=3.05e-05  13.87s/step  eta 0:27:44
step   400/500  loss=0.0314  rank=0.0292  inv=0.2255  lr=2.15e-05  13.82s/step  eta 0:23:01
  dev max|d|=0.3062  (pair=yaml - inline_kv)
step   420/500  loss=0.0138  rank=0.0114  inv=0.2381  lr=1.40e-05  13.90s/step  eta 0:18:32
step   440/500  loss=0.0137  rank=0.0102  inv=0.3531  lr=7.94e-06  13.85s/step  eta 0:13:51
  dev max|d|=0.3123  (pair=yaml - inline_kv)
step   460/500  loss=0.0206  rank=0.0169  inv=0.3699  lr=3.55e-06  13.93s/step  eta 0:09:17
step   480/500  loss=0.0060  rank=0.0024  inv=0.3618  lr=8.92e-07  13.88s/step  eta 0:04:37
step   500/500  loss=0.0412  rank=0.0390  inv=0.2159  lr=0.00e+00  13.83s/step  eta 0:00:00
  dev max|d|=0.3102  (pair=yaml - inline_kv)

Finished at step 500 in 6974s, dev max|d|=0.3102
Saved adapter -> data/nq/h2/train/bge_base_5fmt_lam0.01/adapter
