
======================================================================
TRAIN  bge-base  arm=markdown_lam1   2026-10-05 15:55:45
======================================================================
  identifier:  BAAI/bge-reranker-base
  formats:     4 of 5  ['yaml', 'json', 'toml', 'inline_kv']
  held out:    markdown
  lambda_inv:  1.0
  batch:       2 x 8
  steps:       500, warmup 30
  output:      data/nq/h2/train/bge_base_markdown_lam1
  device:      cuda
Warning: You are sending unauthenticated requests to the HF Hub. Please set a HF_TOKEN to enable higher rate limits and faster downloads.
[transformers] `torch_dtype` is deprecated! Use `dtype` instead!
Loading weights:   0%|          | 0/201 [00:00<?, ?it/s]Loading weights: 100%|██████████| 201/201 [00:00<00:00, 3349.44it/s]
  trainable:   1,476,097 / 279,520,514 (0.53%)

Loading the corpus...
[transformers] Token indices sequence length is longer than the specified maximum sequence length for this model (970 > 512). Running this sequence through the model will result in indexing errors
[transformers] Token indices sequence length is longer than the specified maximum sequence length for this model (970 > 512). Running this sequence through the model will result in indexing errors
[transformers] Token indices sequence length is longer than the specified maximum sequence length for this model (963 > 512). Running this sequence through the model will result in indexing errors
[transformers] Token indices sequence length is longer than the specified maximum sequence length for this model (928 > 512). Running this sequence through the model will result in indexing errors
[transformers] Token indices sequence length is longer than the specified maximum sequence length for this model (1154 > 1024). Running this sequence through the model will result in indexing errors
  train: 6,131 kept, 449 dropped
  dev:   758 kept
  corpus loading in 0:03:26

Training bge_base markdown_lam1
[transformers] `use_return_dict` is deprecated! Use `return_dict` instead!
[transformers] `use_cache=True` is incompatible with gradient checkpointing. Setting `use_cache=False`.
step     1/500  loss=0.5437  rank=0.1877  inv=0.3560  lr=6.67e-06  10.31s/step  eta 1:25:46
step    20/500  loss=0.2289  rank=0.0776  inv=0.1514  lr=1.33e-04  10.15s/step  eta 1:21:10
step    40/500  loss=0.0844  rank=0.0626  inv=0.0218  lr=2.00e-04  10.35s/step  eta 1:19:19
  dev max|d|=0.2112  (pair=yaml - json)
step    60/500  loss=0.0759  rank=0.0542  inv=0.0217  lr=1.98e-04  11.03s/step  eta 1:20:54
step    80/500  loss=0.1292  rank=0.1064  inv=0.0228  lr=1.94e-04  10.78s/step  eta 1:15:27
step   100/500  loss=0.0935  rank=0.0486  inv=0.0449  lr=1.89e-04  10.63s/step  eta 1:10:52
  dev max|d|=0.1267  (pair=yaml - inline_kv)
step   120/500  loss=0.0573  rank=0.0376  inv=0.0197  lr=1.82e-04  10.92s/step  eta 1:09:07
step   140/500  loss=0.1090  rank=0.0954  inv=0.0136  lr=1.74e-04  10.81s/step  eta 1:04:52
  dev max|d|=0.2148  (pair=yaml - inline_kv)
step   160/500  loss=0.0780  rank=0.0458  inv=0.0322  lr=1.65e-04  11.02s/step  eta 1:02:26
step   180/500  loss=0.0554  rank=0.0348  inv=0.0205  lr=1.54e-04  10.92s/step  eta 0:58:13
step   200/500  loss=0.0931  rank=0.0690  inv=0.0240  lr=1.42e-04  10.83s/step  eta 0:54:08
  dev max|d|=0.1691  (pair=yaml - inline_kv)
step   220/500  loss=0.0783  rank=0.0517  inv=0.0267  lr=1.30e-04  10.97s/step  eta 0:51:12
step   240/500  loss=0.0885  rank=0.0584  inv=0.0301  lr=1.17e-04  10.90s/step  eta 0:47:14
  dev max|d|=0.1405  (pair=yaml - inline_kv)
step   260/500  loss=0.1207  rank=0.0768  inv=0.0439  lr=1.03e-04  11.01s/step  eta 0:44:02
step   280/500  loss=0.0710  rank=0.0484  inv=0.0226  lr=9.00e-05  10.95s/step  eta 0:40:09
step   300/500  loss=0.0783  rank=0.0364  inv=0.0419  lr=7.68e-05  10.90s/step  eta 0:36:19
  dev max|d|=0.0752  (pair=yaml - inline_kv)
step   320/500  loss=0.1191  rank=0.0954  inv=0.0237  lr=6.41e-05  10.99s/step  eta 0:32:57
step   340/500  loss=0.1189  rank=0.1002  inv=0.0187  lr=5.19e-05  10.94s/step  eta 0:29:10
  dev max|d|=0.0860  (pair=yaml - inline_kv)
step   360/500  loss=0.0886  rank=0.0712  inv=0.0174  lr=4.07e-05  11.02s/step  eta 0:25:42
step   380/500  loss=0.0882  rank=0.0597  inv=0.0284  lr=3.05e-05  10.98s/step  eta 0:21:57
step   400/500  loss=0.0927  rank=0.0852  inv=0.0075  lr=2.15e-05  10.93s/step  eta 0:18:13
  dev max|d|=0.0820  (pair=yaml - inline_kv)
step   420/500  loss=0.0593  rank=0.0413  inv=0.0180  lr=1.40e-05  11.00s/step  eta 0:14:40
step   440/500  loss=0.0645  rank=0.0349  inv=0.0296  lr=7.94e-06  10.97s/step  eta 0:10:58
  dev max|d|=0.0754  (pair=yaml - inline_kv)
step   460/500  loss=0.0703  rank=0.0360  inv=0.0343  lr=3.55e-06  11.03s/step  eta 0:07:21
step   480/500  loss=0.0483  rank=0.0178  inv=0.0305  lr=8.92e-07  10.99s/step  eta 0:03:39
step   500/500  loss=0.1602  rank=0.0796  inv=0.0806  lr=0.00e+00  10.95s/step  eta 0:00:00
  dev max|d|=0.0755  (pair=yaml - inline_kv)

Finished at step 500 in 5523s, dev max|d|=0.0755
Saved adapter -> data/nq/h2/train/bge_base_markdown_lam1/adapter
