
======================================================================
TRAIN  MiniLM-L12  arm=markdown_lam0   2026-10-05 10:52:16
======================================================================
  identifier:  cross-encoder/ms-marco-MiniLM-L12-v2
  formats:     4 of 5  ['yaml', 'json', 'toml', 'inline_kv']
  held out:    markdown
  lambda_inv:  0.0
  batch:       4 x 4
  steps:       500, warmup 30
  output:      data/nq/h2/train/minilm_l12_markdown_lam0
  device:      cuda
Warning: You are sending unauthenticated requests to the HF Hub. Please set a HF_TOKEN to enable higher rate limits and faster downloads.
[transformers] `torch_dtype` is deprecated! Use `dtype` instead!
Loading weights:   0%|          | 0/201 [00:00<?, ?it/s]Loading weights: 100%|██████████| 201/201 [00:00<00:00, 3817.51it/s]
  trainable:   442,753 / 33,803,138 (1.31%)

Loading the corpus...
[transformers] Token indices sequence length is longer than the specified maximum sequence length for this model (970 > 512). Running this sequence through the model will result in indexing errors
[transformers] Token indices sequence length is longer than the specified maximum sequence length for this model (970 > 512). Running this sequence through the model will result in indexing errors
[transformers] Token indices sequence length is longer than the specified maximum sequence length for this model (963 > 512). Running this sequence through the model will result in indexing errors
[transformers] Token indices sequence length is longer than the specified maximum sequence length for this model (928 > 512). Running this sequence through the model will result in indexing errors
[transformers] Token indices sequence length is longer than the specified maximum sequence length for this model (1154 > 1024). Running this sequence through the model will result in indexing errors
  train: 6,131 kept, 449 dropped
  dev:   758 kept
  corpus loading in 0:10:08

Training minilm_l12 markdown_lam0
[transformers] `use_return_dict` is deprecated! Use `return_dict` instead!
[transformers] `use_cache=True` is incompatible with gradient checkpointing. Setting `use_cache=False`.
step     1/500  loss=0.0673  rank=0.0673  inv=0.8789  lr=6.67e-06  21.40s/step  eta 2:57:56
step    20/500  loss=0.0678  rank=0.0678  inv=0.4413  lr=1.33e-04  21.79s/step  eta 2:54:18
step    40/500  loss=0.0799  rank=0.0799  inv=0.5767  lr=2.00e-04  22.67s/step  eta 2:53:48
  dev max|d|=0.7457  (pair=yaml - toml)
step    60/500  loss=0.0669  rank=0.0669  inv=0.3648  lr=1.98e-04  23.20s/step  eta 2:50:09
step    80/500  loss=0.0567  rank=0.0567  inv=0.3315  lr=1.94e-04  23.15s/step  eta 2:42:00
step   100/500  loss=0.0307  rank=0.0307  inv=0.1526  lr=1.89e-04  23.26s/step  eta 2:35:03
  dev max|d|=0.4326  (pair=yaml - inline_kv)
step   120/500  loss=0.0125  rank=0.0125  inv=0.5701  lr=1.82e-04  23.33s/step  eta 2:27:44
step   140/500  loss=0.1002  rank=0.1002  inv=0.2243  lr=1.74e-04  23.43s/step  eta 2:20:33
  dev max|d|=0.3921  (pair=yaml - inline_kv)
step   160/500  loss=0.1348  rank=0.1348  inv=0.4557  lr=1.65e-04  23.78s/step  eta 2:14:43
step   180/500  loss=0.0188  rank=0.0188  inv=0.6582  lr=1.54e-04  23.74s/step  eta 2:06:35
step   200/500  loss=0.0573  rank=0.0573  inv=0.2965  lr=1.42e-04  23.77s/step  eta 1:58:52
  dev max|d|=0.2947  (pair=yaml - inline_kv)
step   220/500  loss=0.0936  rank=0.0936  inv=1.2495  lr=1.30e-04  23.93s/step  eta 1:51:39
step   240/500  loss=0.0380  rank=0.0380  inv=0.3557  lr=1.17e-04  23.88s/step  eta 1:43:29
  dev max|d|=0.3610  (pair=yaml - inline_kv)
step   260/500  loss=0.0068  rank=0.0068  inv=0.7351  lr=1.03e-04  24.00s/step  eta 1:36:00
step   280/500  loss=0.0344  rank=0.0344  inv=0.6483  lr=9.00e-05  23.94s/step  eta 1:27:46
step   300/500  loss=0.0161  rank=0.0161  inv=0.4262  lr=7.68e-05  23.87s/step  eta 1:19:34
  dev max|d|=0.2871  (pair=yaml - inline_kv)
step   320/500  loss=0.0338  rank=0.0338  inv=0.7747  lr=6.41e-05  23.93s/step  eta 1:11:47
step   340/500  loss=0.0621  rank=0.0621  inv=0.9133  lr=5.19e-05  23.92s/step  eta 1:03:46
  dev max|d|=0.2626  (pair=yaml - inline_kv)
step   360/500  loss=0.0115  rank=0.0115  inv=0.6551  lr=4.07e-05  24.01s/step  eta 0:56:01
step   380/500  loss=0.0324  rank=0.0324  inv=0.9383  lr=3.05e-05  23.92s/step  eta 0:47:50
step   400/500  loss=0.0896  rank=0.0896  inv=0.7843  lr=2.15e-05  23.85s/step  eta 0:39:44
  dev max|d|=0.2506  (pair=yaml - inline_kv)
step   420/500  loss=0.0131  rank=0.0131  inv=0.5566  lr=1.40e-05  23.88s/step  eta 0:31:50
step   440/500  loss=0.0215  rank=0.0215  inv=0.5231  lr=7.94e-06  23.84s/step  eta 0:23:50
  dev max|d|=0.2532  (pair=yaml - inline_kv)
step   460/500  loss=0.0216  rank=0.0216  inv=0.7714  lr=3.55e-06  23.86s/step  eta 0:15:54
step   480/500  loss=0.0134  rank=0.0134  inv=0.7305  lr=8.92e-07  23.88s/step  eta 0:07:57
step   500/500  loss=0.1295  rank=0.1295  inv=0.5880  lr=0.00e+00  23.85s/step  eta 0:00:00
  dev max|d|=0.2564  (pair=yaml - inline_kv)

Finished at step 500 in 11951s, dev max|d|=0.2564
Saved adapter -> data/nq/h2/train/minilm_l12_markdown_lam0/adapter
