
======================================================================
TRAIN  MiniLM-L6  arm=5fmt_lam1   2026-10-05 05:43:50
======================================================================
  identifier:  cross-encoder/ms-marco-MiniLM-L6-v2
  formats:     5 of 5  ['yaml', 'json', 'toml', 'inline_kv', 'markdown']
  lambda_inv:  1.0
  batch:       4 x 4
  steps:       500, warmup 30
  output:      data/nq/h2/train/minilm_l6_5fmt_lam1
  device:      cuda
Warning: You are sending unauthenticated requests to the HF Hub. Please set a HF_TOKEN to enable higher rate limits and faster downloads.
[transformers] `torch_dtype` is deprecated! Use `dtype` instead!
Loading weights:   0%|          | 0/105 [00:00<?, ?it/s]Loading weights: 100%|██████████| 105/105 [00:00<00:00, 2404.95it/s]
  trainable:   221,569 / 22,935,170 (0.97%)

Loading the corpus...
[transformers] Token indices sequence length is longer than the specified maximum sequence length for this model (970 > 512). Running this sequence through the model will result in indexing errors
[transformers] Token indices sequence length is longer than the specified maximum sequence length for this model (970 > 512). Running this sequence through the model will result in indexing errors
[transformers] Token indices sequence length is longer than the specified maximum sequence length for this model (963 > 512). Running this sequence through the model will result in indexing errors
[transformers] Token indices sequence length is longer than the specified maximum sequence length for this model (928 > 512). Running this sequence through the model will result in indexing errors
[transformers] Token indices sequence length is longer than the specified maximum sequence length for this model (1154 > 1024). Running this sequence through the model will result in indexing errors
  train: 6,131 kept, 449 dropped
  dev:   758 kept
  corpus loading in 0:07:57

Training minilm_l6 5fmt_lam1
[transformers] `use_return_dict` is deprecated! Use `return_dict` instead!
[transformers] `use_cache=True` is incompatible with gradient checkpointing. Setting `use_cache=False`.
step     1/500  loss=1.5897  rank=0.0927  inv=1.4970  lr=6.67e-06  14.50s/step  eta 2:00:37
step    20/500  loss=1.2109  rank=0.1743  inv=1.0366  lr=1.33e-04  14.21s/step  eta 1:53:40
step    40/500  loss=0.4878  rank=0.1242  inv=0.3636  lr=2.00e-04  14.25s/step  eta 1:49:16
  dev max|d|=0.8962  (pair=yaml - inline_kv)
step    60/500  loss=0.3040  rank=0.2010  inv=0.1030  lr=1.98e-04  14.65s/step  eta 1:47:23
step    80/500  loss=0.2800  rank=0.1659  inv=0.1141  lr=1.94e-04  14.58s/step  eta 1:42:01
step   100/500  loss=0.2434  rank=0.1481  inv=0.0953  lr=1.89e-04  14.52s/step  eta 1:36:48
  dev max|d|=0.4507  (pair=yaml - inline_kv)
step   120/500  loss=0.1578  rank=0.0971  inv=0.0607  lr=1.82e-04  14.67s/step  eta 1:32:55
step   140/500  loss=0.3260  rank=0.2175  inv=0.1085  lr=1.74e-04  14.62s/step  eta 1:27:41
  dev max|d|=0.2428  (pair=yaml - json)
step   160/500  loss=0.2328  rank=0.1714  inv=0.0614  lr=1.65e-04  14.72s/step  eta 1:23:24
step   180/500  loss=0.1387  rank=0.0924  inv=0.0463  lr=1.54e-04  14.67s/step  eta 1:18:14
step   200/500  loss=0.1563  rank=0.1052  inv=0.0511  lr=1.42e-04  14.64s/step  eta 1:13:13
  dev max|d|=0.2055  (pair=yaml - inline_kv)
step   220/500  loss=0.1936  rank=0.1429  inv=0.0507  lr=1.30e-04  14.72s/step  eta 1:08:40
step   240/500  loss=0.1644  rank=0.1200  inv=0.0444  lr=1.17e-04  14.68s/step  eta 1:03:35
  dev max|d|=0.2171  (pair=yaml - inline_kv)
step   260/500  loss=0.1007  rank=0.0556  inv=0.0451  lr=1.03e-04  14.74s/step  eta 0:58:56
step   280/500  loss=0.1792  rank=0.1247  inv=0.0545  lr=9.00e-05  14.70s/step  eta 0:53:54
step   300/500  loss=0.1490  rank=0.0935  inv=0.0556  lr=7.68e-05  14.68s/step  eta 0:48:55
  dev max|d|=0.2378  (pair=toml - inline_kv)
step   320/500  loss=0.1572  rank=0.0815  inv=0.0757  lr=6.41e-05  14.72s/step  eta 0:44:09
step   340/500  loss=0.1570  rank=0.0920  inv=0.0651  lr=5.19e-05  14.70s/step  eta 0:39:11
  dev max|d|=0.2054  (pair=toml - inline_kv)
step   360/500  loss=0.1282  rank=0.0787  inv=0.0495  lr=4.07e-05  14.74s/step  eta 0:34:23
step   380/500  loss=0.2840  rank=0.1225  inv=0.1615  lr=3.05e-05  14.72s/step  eta 0:29:25
step   400/500  loss=0.1871  rank=0.1345  inv=0.0526  lr=2.15e-05  14.69s/step  eta 0:24:29
  dev max|d|=0.2470  (pair=toml - inline_kv)
step   420/500  loss=0.1324  rank=0.0779  inv=0.0545  lr=1.40e-05  14.72s/step  eta 0:19:37
step   440/500  loss=0.2019  rank=0.1251  inv=0.0768  lr=7.94e-06  14.70s/step  eta 0:14:42
  dev max|d|=0.2262  (pair=toml - inline_kv)
step   460/500  loss=0.2610  rank=0.1489  inv=0.1121  lr=3.55e-06  14.73s/step  eta 0:09:49
step   480/500  loss=0.1562  rank=0.0792  inv=0.0770  lr=8.92e-07  14.71s/step  eta 0:04:54
step   500/500  loss=0.3740  rank=0.3186  inv=0.0554  lr=0.00e+00  14.70s/step  eta 0:00:00
  dev max|d|=0.2264  (pair=toml - inline_kv)

Finished at step 500 in 7371s, dev max|d|=0.2264
Saved adapter -> data/nq/h2/train/minilm_l6_5fmt_lam1/adapter
