
======================================================================
TRAIN  MiniLM-L6  arm=5fmt_lam0.01   2026-10-05 05:43:58
======================================================================
  identifier:  cross-encoder/ms-marco-MiniLM-L6-v2
  formats:     5 of 5  ['yaml', 'json', 'toml', 'inline_kv', 'markdown']
  lambda_inv:  0.01
  batch:       4 x 4
  steps:       500, warmup 30
  output:      data/nq/h2/train/minilm_l6_5fmt_lam0.01
  device:      cuda
Warning: You are sending unauthenticated requests to the HF Hub. Please set a HF_TOKEN to enable higher rate limits and faster downloads.
[transformers] `torch_dtype` is deprecated! Use `dtype` instead!
Loading weights:   0%|          | 0/105 [00:00<?, ?it/s]Loading weights: 100%|██████████| 105/105 [00:00<00:00, 4413.73it/s]
  trainable:   221,569 / 22,935,170 (0.97%)

Loading the corpus...
[transformers] Token indices sequence length is longer than the specified maximum sequence length for this model (970 > 512). Running this sequence through the model will result in indexing errors
[transformers] Token indices sequence length is longer than the specified maximum sequence length for this model (970 > 512). Running this sequence through the model will result in indexing errors
[transformers] Token indices sequence length is longer than the specified maximum sequence length for this model (963 > 512). Running this sequence through the model will result in indexing errors
[transformers] Token indices sequence length is longer than the specified maximum sequence length for this model (928 > 512). Running this sequence through the model will result in indexing errors
[transformers] Token indices sequence length is longer than the specified maximum sequence length for this model (1154 > 1024). Running this sequence through the model will result in indexing errors
  train: 6,131 kept, 449 dropped
  dev:   758 kept
  corpus loading in 0:09:07

Training minilm_l6 5fmt_lam0.01
[transformers] `use_return_dict` is deprecated! Use `return_dict` instead!
[transformers] `use_cache=True` is incompatible with gradient checkpointing. Setting `use_cache=False`.
step     1/500  loss=0.1077  rank=0.0927  inv=1.4970  lr=6.67e-06  14.68s/step  eta 2:02:04
step    20/500  loss=0.1832  rank=0.1721  inv=1.1055  lr=1.33e-04  14.86s/step  eta 1:58:51
step    40/500  loss=0.1300  rank=0.1238  inv=0.6217  lr=2.00e-04  14.68s/step  eta 1:52:30
  dev max|d|=0.8544  (pair=yaml - toml)
step    60/500  loss=0.0972  rank=0.0934  inv=0.3787  lr=1.98e-04  15.01s/step  eta 1:50:03
step    80/500  loss=0.0958  rank=0.0915  inv=0.4267  lr=1.94e-04  14.92s/step  eta 1:44:27
step   100/500  loss=0.0569  rank=0.0519  inv=0.4974  lr=1.89e-04  14.86s/step  eta 1:39:03
  dev max|d|=0.6944  (pair=yaml - inline_kv)
step   120/500  loss=0.0226  rank=0.0184  inv=0.4177  lr=1.82e-04  14.98s/step  eta 1:34:50
step   140/500  loss=0.1264  rank=0.1236  inv=0.2826  lr=1.74e-04  14.89s/step  eta 1:29:19
  dev max|d|=0.5787  (pair=yaml - inline_kv)
step   160/500  loss=0.1636  rank=0.1581  inv=0.5540  lr=1.65e-04  14.96s/step  eta 1:24:45
step   180/500  loss=0.0529  rank=0.0477  inv=0.5230  lr=1.54e-04  14.90s/step  eta 1:19:27
step   200/500  loss=0.0498  rank=0.0444  inv=0.5408  lr=1.42e-04  14.85s/step  eta 1:14:14
  dev max|d|=0.4236  (pair=yaml - markdown)
step   220/500  loss=0.0865  rank=0.0804  inv=0.6105  lr=1.30e-04  14.91s/step  eta 1:09:34
step   240/500  loss=0.0501  rank=0.0468  inv=0.3340  lr=1.17e-04  15.00s/step  eta 1:05:00
  dev max|d|=0.4534  (pair=yaml - inline_kv)
step   260/500  loss=0.0130  rank=0.0088  inv=0.4267  lr=1.03e-04  15.07s/step  eta 1:00:16
step   280/500  loss=0.0715  rank=0.0661  inv=0.5352  lr=9.00e-05  15.02s/step  eta 0:55:04
step   300/500  loss=0.0305  rank=0.0265  inv=0.3974  lr=7.68e-05  15.07s/step  eta 0:50:14
  dev max|d|=0.4220  (pair=yaml - inline_kv)
step   320/500  loss=0.0340  rank=0.0282  inv=0.5858  lr=6.41e-05  15.15s/step  eta 0:45:27
step   340/500  loss=0.0728  rank=0.0651  inv=0.7682  lr=5.19e-05  15.13s/step  eta 0:40:20
  dev max|d|=0.4039  (pair=yaml - inline_kv)
step   360/500  loss=0.0280  rank=0.0240  inv=0.3995  lr=4.07e-05  15.17s/step  eta 0:35:23
step   380/500  loss=0.0750  rank=0.0627  inv=1.2219  lr=3.05e-05  15.13s/step  eta 0:30:15
step   400/500  loss=0.0963  rank=0.0893  inv=0.7051  lr=2.15e-05  15.10s/step  eta 0:25:09
  dev max|d|=0.3865  (pair=yaml - inline_kv)
step   420/500  loss=0.0369  rank=0.0332  inv=0.3725  lr=1.40e-05  15.14s/step  eta 0:20:10
step   440/500  loss=0.0506  rank=0.0447  inv=0.5908  lr=7.94e-06  15.12s/step  eta 0:15:07
  dev max|d|=0.3835  (pair=yaml - inline_kv)
step   460/500  loss=0.0702  rank=0.0609  inv=0.9277  lr=3.55e-06  15.18s/step  eta 0:10:07
step   480/500  loss=0.0447  rank=0.0380  inv=0.6703  lr=8.92e-07  15.16s/step  eta 0:05:03
step   500/500  loss=0.1856  rank=0.1812  inv=0.4401  lr=0.00e+00  15.13s/step  eta 0:00:00
  dev max|d|=0.3833  (pair=yaml - inline_kv)

Finished at step 500 in 7591s, dev max|d|=0.3833
Saved adapter -> data/nq/h2/train/minilm_l6_5fmt_lam0.01/adapter
