
======================================================================
TRAIN  jina-v2  arm=markdown_lam0.1   2026-10-05 19:27:26
======================================================================
  identifier:  jinaai/jina-reranker-v2-base-multilingual
  formats:     4 of 5  ['yaml', 'json', 'toml', 'inline_kv']
  held out:    markdown
  lambda_inv:  0.1
  batch:       2 x 8
  steps:       500, warmup 30
  output:      data/nq/h2/train/jina_v2_markdown_lam0.1
  device:      cuda
Warning: You are sending unauthenticated requests to the HF Hub. Please set a HF_TOKEN to enable higher rate limits and faster downloads.
[transformers] `torch_dtype` is deprecated! Use `dtype` instead!
flash_attn is not installed. Using PyTorch native attention implementation.
flash_attn is not installed. Using PyTorch native attention implementation.
flash_attn is not installed. Using PyTorch native attention implementation.
flash_attn is not installed. Using PyTorch native attention implementation.
flash_attn is not installed. Using PyTorch native attention implementation.
flash_attn is not installed. Using PyTorch native attention implementation.
flash_attn is not installed. Using PyTorch native attention implementation.
flash_attn is not installed. Using PyTorch native attention implementation.
flash_attn is not installed. Using PyTorch native attention implementation.
flash_attn is not installed. Using PyTorch native attention implementation.
flash_attn is not installed. Using PyTorch native attention implementation.
flash_attn is not installed. Using PyTorch native attention implementation.
flash_attn is not installed. Using PyTorch native attention implementation.
Loading weights:   0%|          | 0/153 [00:00<?, ?it/s]Loading weights: 100%|██████████| 153/153 [00:00<00:00, 2608.40it/s]
[transformers] XLMRobertaForSequenceClassification does not expose input embeddings. Gradients cannot flow back to the token embeddings when using adapters or gradient checkpointing. Override `get_input_embeddings` to fully support those features, or set `_input_embed_layer` to the attribute name that holds the embeddings.
[transformers] You are using an old version of the checkpointing format that is deprecated (We will also silently ignore `gradient_checkpointing_kwargs` in case you passed it).Please update to the new format on your modeling file. To use the new format, you need to completely remove the definition of the method `_set_gradient_checkpointing` in your model.
  fused projections patched: 12
  trainable:   1,181,185 / 279,618,818 (0.42%)

Loading the corpus...
[transformers] Token indices sequence length is longer than the specified maximum sequence length for this model (970 > 512). Running this sequence through the model will result in indexing errors
[transformers] Token indices sequence length is longer than the specified maximum sequence length for this model (970 > 512). Running this sequence through the model will result in indexing errors
[transformers] Token indices sequence length is longer than the specified maximum sequence length for this model (963 > 512). Running this sequence through the model will result in indexing errors
[transformers] Token indices sequence length is longer than the specified maximum sequence length for this model (928 > 512). Running this sequence through the model will result in indexing errors
[transformers] Token indices sequence length is longer than the specified maximum sequence length for this model (1154 > 1024). Running this sequence through the model will result in indexing errors
  train: 6,131 kept, 449 dropped
  dev:   758 kept
  corpus loading in 0:02:11

Training jina_v2 markdown_lam0.1
[transformers] `use_return_dict` is deprecated! Use `return_dict` instead!
step     1/500  loss=0.1937  rank=0.1912  inv=0.0246  lr=6.67e-06  6.48s/step  eta 0:53:51
step    20/500  loss=0.0700  rank=0.0665  inv=0.0349  lr=1.33e-04  6.46s/step  eta 0:51:39
step    40/500  loss=0.0153  rank=0.0107  inv=0.0466  lr=2.00e-04  6.43s/step  eta 0:49:18
  dev max|d|=0.2722  (pair=yaml - toml)
step    60/500  loss=0.0174  rank=0.0151  inv=0.0225  lr=1.98e-04  6.96s/step  eta 0:51:03
step    80/500  loss=0.0455  rank=0.0367  inv=0.0873  lr=1.94e-04  6.83s/step  eta 0:47:47
step   100/500  loss=0.0314  rank=0.0245  inv=0.0683  lr=1.89e-04  6.76s/step  eta 0:45:02
  dev max|d|=0.1486  (pair=yaml - toml)
step   120/500  loss=0.0289  rank=0.0138  inv=0.1500  lr=1.82e-04  6.97s/step  eta 0:44:07
step   140/500  loss=0.0319  rank=0.0291  inv=0.0278  lr=1.74e-04  6.89s/step  eta 0:41:21
  dev max|d|=0.1235  (pair=yaml - json)
step   160/500  loss=0.0184  rank=0.0116  inv=0.0679  lr=1.65e-04  7.03s/step  eta 0:39:50
step   180/500  loss=0.0255  rank=0.0204  inv=0.0516  lr=1.54e-04  6.96s/step  eta 0:37:07
step   200/500  loss=0.0109  rank=0.0085  inv=0.0244  lr=1.42e-04  6.91s/step  eta 0:34:31
  dev max|d|=0.2618  (pair=yaml - toml)
step   220/500  loss=0.0175  rank=0.0093  inv=0.0825  lr=1.30e-04  7.03s/step  eta 0:32:49
step   240/500  loss=0.0143  rank=0.0086  inv=0.0575  lr=1.17e-04  6.98s/step  eta 0:30:15
  dev max|d|=0.1772  (pair=yaml - toml)
step   260/500  loss=0.0315  rank=0.0244  inv=0.0709  lr=1.03e-04  7.06s/step  eta 0:28:14
step   280/500  loss=0.0326  rank=0.0243  inv=0.0827  lr=9.00e-05  7.01s/step  eta 0:25:43
step   300/500  loss=0.0199  rank=0.0151  inv=0.0486  lr=7.68e-05  6.98s/step  eta 0:23:15
  dev max|d|=0.1779  (pair=yaml - toml)
step   320/500  loss=0.0486  rank=0.0402  inv=0.0840  lr=6.41e-05  7.05s/step  eta 0:21:08
step   340/500  loss=0.0178  rank=0.0113  inv=0.0650  lr=5.19e-05  7.01s/step  eta 0:18:41
  dev max|d|=0.1280  (pair=yaml - toml)
step   360/500  loss=0.0497  rank=0.0443  inv=0.0541  lr=4.07e-05  7.06s/step  eta 0:16:28
step   380/500  loss=0.0130  rank=0.0091  inv=0.0397  lr=3.05e-05  7.03s/step  eta 0:14:03
step   400/500  loss=0.0168  rank=0.0133  inv=0.0357  lr=2.15e-05  7.00s/step  eta 0:11:40
  dev max|d|=0.0881  (pair=yaml - toml)
step   420/500  loss=0.0127  rank=0.0098  inv=0.0287  lr=1.40e-05  7.05s/step  eta 0:09:23
step   440/500  loss=0.0154  rank=0.0114  inv=0.0397  lr=7.94e-06  7.02s/step  eta 0:07:01
  dev max|d|=0.0668  (pair=yaml - toml)
step   460/500  loss=0.0066  rank=0.0029  inv=0.0366  lr=3.55e-06  7.06s/step  eta 0:04:42
step   480/500  loss=0.0127  rank=0.0031  inv=0.0956  lr=8.92e-07  7.04s/step  eta 0:02:20
step   500/500  loss=0.0226  rank=0.0171  inv=0.0546  lr=0.00e+00  7.01s/step  eta 0:00:00
  dev max|d|=0.0666  (pair=yaml - toml)

Finished at step 500 in 3538s, dev max|d|=0.0666
Saved adapter -> data/nq/h2/train/jina_v2_markdown_lam0.1/adapter
