
======================================================================
TRAIN  MiniLM-L12  arm=json_lam0.1   2026-10-05 18:47:44
======================================================================
  identifier:  cross-encoder/ms-marco-MiniLM-L12-v2
  formats:     4 of 5  ['yaml', 'toml', 'inline_kv', 'markdown']
  held out:    json
  lambda_inv:  0.1
  batch:       4 x 4
  steps:       500, warmup 30
  output:      data/nq/h2/train/minilm_l12_json_lam0.1
  device:      cuda
Warning: You are sending unauthenticated requests to the HF Hub. Please set a HF_TOKEN to enable higher rate limits and faster downloads.
[transformers] `torch_dtype` is deprecated! Use `dtype` instead!
Loading weights:   0%|          | 0/201 [00:00<?, ?it/s]Loading weights: 100%|██████████| 201/201 [00:00<00:00, 2398.68it/s]
  trainable:   442,753 / 33,803,138 (1.31%)

Loading the corpus...
[transformers] Token indices sequence length is longer than the specified maximum sequence length for this model (970 > 512). Running this sequence through the model will result in indexing errors
[transformers] Token indices sequence length is longer than the specified maximum sequence length for this model (970 > 512). Running this sequence through the model will result in indexing errors
[transformers] Token indices sequence length is longer than the specified maximum sequence length for this model (963 > 512). Running this sequence through the model will result in indexing errors
[transformers] Token indices sequence length is longer than the specified maximum sequence length for this model (928 > 512). Running this sequence through the model will result in indexing errors
[transformers] Token indices sequence length is longer than the specified maximum sequence length for this model (1154 > 1024). Running this sequence through the model will result in indexing errors
  train: 6,131 kept, 449 dropped
  dev:   758 kept
  corpus loading in 0:08:32

Resuming at step 400; dropped 0 log records past it.

Training minilm_l12 json_lam0.1
[transformers] `use_return_dict` is deprecated! Use `return_dict` instead!
[transformers] `use_cache=True` is incompatible with gradient checkpointing. Setting `use_cache=False`.
step   401/500  loss=0.0363  rank=0.0282  inv=0.0806  lr=2.11e-05  0.05s/step  eta 0:00:05
step   420/500  loss=0.0282  rank=0.0140  inv=0.1417  lr=1.40e-05  1.03s/step  eta 0:01:22
step   440/500  loss=0.0512  rank=0.0337  inv=0.1748  lr=7.94e-06  1.97s/step  eta 0:01:58
  dev max|d|=0.2238  (pair=toml - inline_kv)
step   460/500  loss=0.0434  rank=0.0225  inv=0.2083  lr=3.55e-06  2.88s/step  eta 0:01:55
step   480/500  loss=0.0412  rank=0.0173  inv=0.2382  lr=8.92e-07  3.65s/step  eta 0:01:12
step   500/500  loss=0.1512  rank=0.1391  inv=0.1211  lr=0.00e+00  4.36s/step  eta 0:00:00
  dev max|d|=0.2294  (pair=toml - inline_kv)

Finished at step 500 in 2204s, dev max|d|=0.2294
Saved adapter -> data/nq/h2/train/minilm_l12_json_lam0.1/adapter
