
======================================================================
TRAIN  bge-base  arm=markdown_lam0   2026-10-05 12:42:19
======================================================================
  identifier:  BAAI/bge-reranker-base
  formats:     4 of 5  ['yaml', 'json', 'toml', 'inline_kv']
  held out:    markdown
  lambda_inv:  0.0
  batch:       2 x 8
  steps:       500, warmup 30
  output:      data/nq/h2/train/bge_base_markdown_lam0
  device:      cuda
Warning: You are sending unauthenticated requests to the HF Hub. Please set a HF_TOKEN to enable higher rate limits and faster downloads.
[transformers] `torch_dtype` is deprecated! Use `dtype` instead!
Loading weights:   0%|          | 0/201 [00:00<?, ?it/s]Loading weights: 100%|██████████| 201/201 [00:00<00:00, 3259.92it/s]
  trainable:   1,476,097 / 279,520,514 (0.53%)

Loading the corpus...
[transformers] Token indices sequence length is longer than the specified maximum sequence length for this model (970 > 512). Running this sequence through the model will result in indexing errors
[transformers] Token indices sequence length is longer than the specified maximum sequence length for this model (970 > 512). Running this sequence through the model will result in indexing errors
[transformers] Token indices sequence length is longer than the specified maximum sequence length for this model (963 > 512). Running this sequence through the model will result in indexing errors
[transformers] Token indices sequence length is longer than the specified maximum sequence length for this model (928 > 512). Running this sequence through the model will result in indexing errors
[transformers] Token indices sequence length is longer than the specified maximum sequence length for this model (1154 > 1024). Running this sequence through the model will result in indexing errors
  train: 6,131 kept, 449 dropped
  dev:   758 kept
  corpus loading in 0:03:30

Training bge_base markdown_lam0
[transformers] `use_return_dict` is deprecated! Use `return_dict` instead!
[transformers] `use_cache=True` is incompatible with gradient checkpointing. Setting `use_cache=False`.
step     1/500  loss=0.1877  rank=0.1877  inv=0.3560  lr=6.67e-06  10.31s/step  eta 1:25:42
step    20/500  loss=0.0595  rank=0.0595  inv=0.3859  lr=1.33e-04  10.41s/step  eta 1:23:17
step    40/500  loss=0.0291  rank=0.0291  inv=0.2833  lr=2.00e-04  10.25s/step  eta 1:18:34
  dev max|d|=0.2481  (pair=yaml - inline_kv)
step    60/500  loss=0.0241  rank=0.0241  inv=0.2142  lr=1.98e-04  10.95s/step  eta 1:20:16
step    80/500  loss=0.0576  rank=0.0576  inv=0.3502  lr=1.94e-04  10.73s/step  eta 1:15:05
step   100/500  loss=0.0335  rank=0.0335  inv=0.3842  lr=1.89e-04  10.60s/step  eta 1:10:39
  dev max|d|=0.3396  (pair=yaml - inline_kv)
step   120/500  loss=0.0032  rank=0.0032  inv=0.6329  lr=1.82e-04  10.89s/step  eta 1:08:58
step   140/500  loss=0.0285  rank=0.0285  inv=0.3551  lr=1.74e-04  10.79s/step  eta 1:04:43
  dev max|d|=0.3079  (pair=yaml - inline_kv)
step   160/500  loss=0.0236  rank=0.0236  inv=0.7142  lr=1.65e-04  11.02s/step  eta 1:02:26
step   180/500  loss=0.0300  rank=0.0300  inv=0.3622  lr=1.54e-04  10.93s/step  eta 0:58:18
step   200/500  loss=0.0239  rank=0.0239  inv=0.2861  lr=1.42e-04  10.85s/step  eta 0:54:14
  dev max|d|=0.3771  (pair=yaml - inline_kv)
step   220/500  loss=0.0165  rank=0.0165  inv=0.3128  lr=1.30e-04  11.01s/step  eta 0:51:23
step   240/500  loss=0.0174  rank=0.0174  inv=0.5708  lr=1.17e-04  10.95s/step  eta 0:47:28
  dev max|d|=0.3914  (pair=yaml - inline_kv)
step   260/500  loss=0.0431  rank=0.0431  inv=0.6765  lr=1.03e-04  11.06s/step  eta 0:44:15
step   280/500  loss=0.0489  rank=0.0489  inv=0.6687  lr=9.00e-05  11.00s/step  eta 0:40:19
step   300/500  loss=0.0360  rank=0.0360  inv=0.4197  lr=7.68e-05  10.95s/step  eta 0:36:30
  dev max|d|=0.3365  (pair=yaml - inline_kv)
step   320/500  loss=0.0259  rank=0.0259  inv=0.4875  lr=6.41e-05  11.04s/step  eta 0:33:07
step   340/500  loss=0.0172  rank=0.0172  inv=0.3922  lr=5.19e-05  11.02s/step  eta 0:29:22
  dev max|d|=0.3427  (pair=yaml - inline_kv)
step   360/500  loss=0.0680  rank=0.0680  inv=0.5015  lr=4.07e-05  11.10s/step  eta 0:25:53
step   380/500  loss=0.0098  rank=0.0098  inv=0.5999  lr=3.05e-05  11.05s/step  eta 0:22:06
step   400/500  loss=0.0276  rank=0.0276  inv=0.4364  lr=2.15e-05  11.01s/step  eta 0:18:20
  dev max|d|=0.3413  (pair=yaml - inline_kv)
step   420/500  loss=0.0069  rank=0.0069  inv=0.3072  lr=1.40e-05  11.08s/step  eta 0:14:46
step   440/500  loss=0.0139  rank=0.0139  inv=0.6204  lr=7.94e-06  11.05s/step  eta 0:11:02
  dev max|d|=0.3444  (pair=yaml - inline_kv)
step   460/500  loss=0.0122  rank=0.0122  inv=0.5794  lr=3.55e-06  11.11s/step  eta 0:07:24
step   480/500  loss=0.0016  rank=0.0016  inv=0.6462  lr=8.92e-07  11.07s/step  eta 0:03:41
step   500/500  loss=0.0342  rank=0.0342  inv=0.6530  lr=0.00e+00  11.03s/step  eta 0:00:00
  dev max|d|=0.3436  (pair=yaml - inline_kv)

Finished at step 500 in 5561s, dev max|d|=0.3436
Saved adapter -> data/nq/h2/train/bge_base_markdown_lam0/adapter
