
======================================================================
TRAIN  MiniLM-L6  arm=markdown_lam1   2026-10-05 10:28:32
======================================================================
  identifier:  cross-encoder/ms-marco-MiniLM-L6-v2
  formats:     4 of 5  ['yaml', 'json', 'toml', 'inline_kv']
  held out:    markdown
  lambda_inv:  1.0
  batch:       4 x 4
  steps:       500, warmup 30
  output:      data/nq/h2/train/minilm_l6_markdown_lam1
  device:      cuda
Warning: You are sending unauthenticated requests to the HF Hub. Please set a HF_TOKEN to enable higher rate limits and faster downloads.
[transformers] `torch_dtype` is deprecated! Use `dtype` instead!
Loading weights:   0%|          | 0/105 [00:00<?, ?it/s]Loading weights: 100%|██████████| 105/105 [00:00<00:00, 1159.37it/s]
  trainable:   221,569 / 22,935,170 (0.97%)

Loading the corpus...
[transformers] Token indices sequence length is longer than the specified maximum sequence length for this model (970 > 512). Running this sequence through the model will result in indexing errors
[transformers] Token indices sequence length is longer than the specified maximum sequence length for this model (970 > 512). Running this sequence through the model will result in indexing errors
[transformers] Token indices sequence length is longer than the specified maximum sequence length for this model (963 > 512). Running this sequence through the model will result in indexing errors
[transformers] Token indices sequence length is longer than the specified maximum sequence length for this model (928 > 512). Running this sequence through the model will result in indexing errors
[transformers] Token indices sequence length is longer than the specified maximum sequence length for this model (1154 > 1024). Running this sequence through the model will result in indexing errors
  train: 6,131 kept, 449 dropped
  dev:   758 kept
  corpus loading in 0:09:11

Training minilm_l6 markdown_lam1
[transformers] `use_return_dict` is deprecated! Use `return_dict` instead!
[transformers] `use_cache=True` is incompatible with gradient checkpointing. Setting `use_cache=False`.
step     1/500  loss=1.3116  rank=0.1066  inv=1.2050  lr=6.67e-06  11.83s/step  eta 1:38:25
step    20/500  loss=1.1215  rank=0.1887  inv=0.9328  lr=1.33e-04  12.17s/step  eta 1:37:22
step    40/500  loss=0.6038  rank=0.1057  inv=0.4981  lr=2.00e-04  11.94s/step  eta 1:31:33
  dev max|d|=0.8581  (pair=yaml - inline_kv)
step    60/500  loss=0.2858  rank=0.2196  inv=0.0662  lr=1.98e-04  12.10s/step  eta 1:28:45
step    80/500  loss=0.2629  rank=0.1607  inv=0.1022  lr=1.94e-04  12.06s/step  eta 1:24:24
step   100/500  loss=0.2272  rank=0.1443  inv=0.0829  lr=1.89e-04  11.95s/step  eta 1:19:40
  dev max|d|=0.2655  (pair=toml - inline_kv)
step   120/500  loss=0.1700  rank=0.0953  inv=0.0747  lr=1.82e-04  12.17s/step  eta 1:17:03
step   140/500  loss=0.3077  rank=0.2095  inv=0.0982  lr=1.74e-04  12.11s/step  eta 1:12:40
  dev max|d|=0.2739  (pair=toml - inline_kv)
step   160/500  loss=0.2310  rank=0.1651  inv=0.0659  lr=1.65e-04  12.21s/step  eta 1:09:10
step   180/500  loss=0.1518  rank=0.0897  inv=0.0622  lr=1.54e-04  12.20s/step  eta 1:05:05
step   200/500  loss=0.2014  rank=0.1074  inv=0.0941  lr=1.42e-04  12.17s/step  eta 1:00:49
  dev max|d|=0.1907  (pair=toml - inline_kv)
step   220/500  loss=0.1944  rank=0.1380  inv=0.0564  lr=1.30e-04  12.24s/step  eta 0:57:08
step   240/500  loss=0.1676  rank=0.1213  inv=0.0462  lr=1.17e-04  12.20s/step  eta 0:52:50
  dev max|d|=0.2565  (pair=toml - inline_kv)
step   260/500  loss=0.0943  rank=0.0543  inv=0.0399  lr=1.03e-04  12.23s/step  eta 0:48:56
step   280/500  loss=0.1662  rank=0.1143  inv=0.0519  lr=9.00e-05  12.23s/step  eta 0:44:50
step   300/500  loss=0.1512  rank=0.0942  inv=0.0570  lr=7.68e-05  12.22s/step  eta 0:40:44
  dev max|d|=0.1902  (pair=toml - inline_kv)
step   320/500  loss=0.2158  rank=0.0935  inv=0.1223  lr=6.41e-05  12.28s/step  eta 0:36:50
step   340/500  loss=0.1760  rank=0.0897  inv=0.0863  lr=5.19e-05  12.25s/step  eta 0:32:39
  dev max|d|=0.2171  (pair=toml - inline_kv)
step   360/500  loss=0.1988  rank=0.0837  inv=0.1150  lr=4.07e-05  12.31s/step  eta 0:28:43
step   380/500  loss=0.1865  rank=0.0939  inv=0.0926  lr=3.05e-05  12.27s/step  eta 0:24:31
step   400/500  loss=0.2045  rank=0.1454  inv=0.0591  lr=2.15e-05  12.26s/step  eta 0:20:25
  dev max|d|=0.1815  (pair=toml - inline_kv)
step   420/500  loss=0.1285  rank=0.0737  inv=0.0548  lr=1.40e-05  12.29s/step  eta 0:16:22
step   440/500  loss=0.1616  rank=0.1202  inv=0.0415  lr=7.94e-06  12.25s/step  eta 0:12:14
  dev max|d|=0.1854  (pair=toml - inline_kv)
step   460/500  loss=0.2189  rank=0.1362  inv=0.0827  lr=3.55e-06  12.26s/step  eta 0:08:10
step   480/500  loss=0.1678  rank=0.0805  inv=0.0873  lr=8.92e-07  12.24s/step  eta 0:04:04
step   500/500  loss=0.3931  rank=0.3423  inv=0.0508  lr=0.00e+00  12.22s/step  eta 0:00:00
  dev max|d|=0.1867  (pair=toml - inline_kv)

Finished at step 500 in 6129s, dev max|d|=0.1867
Saved adapter -> data/nq/h2/train/minilm_l6_markdown_lam1/adapter
