
======================================================================
TRAIN  MiniLM-L6  arm=json_lam1   2026-10-05 10:28:36
======================================================================
  identifier:  cross-encoder/ms-marco-MiniLM-L6-v2
  formats:     4 of 5  ['yaml', 'toml', 'inline_kv', 'markdown']
  held out:    json
  lambda_inv:  1.0
  batch:       4 x 4
  steps:       500, warmup 30
  output:      data/nq/h2/train/minilm_l6_json_lam1
  device:      cuda
Warning: You are sending unauthenticated requests to the HF Hub. Please set a HF_TOKEN to enable higher rate limits and faster downloads.
[transformers] `torch_dtype` is deprecated! Use `dtype` instead!
Loading weights:   0%|          | 0/105 [00:00<?, ?it/s]Loading weights: 100%|██████████| 105/105 [00:00<00:00, 3033.34it/s]
  trainable:   221,569 / 22,935,170 (0.97%)

Loading the corpus...
[transformers] Token indices sequence length is longer than the specified maximum sequence length for this model (970 > 512). Running this sequence through the model will result in indexing errors
[transformers] Token indices sequence length is longer than the specified maximum sequence length for this model (970 > 512). Running this sequence through the model will result in indexing errors
[transformers] Token indices sequence length is longer than the specified maximum sequence length for this model (963 > 512). Running this sequence through the model will result in indexing errors
[transformers] Token indices sequence length is longer than the specified maximum sequence length for this model (928 > 512). Running this sequence through the model will result in indexing errors
[transformers] Token indices sequence length is longer than the specified maximum sequence length for this model (1154 > 1024). Running this sequence through the model will result in indexing errors
  train: 6,131 kept, 449 dropped
  dev:   758 kept
  corpus loading in 0:08:50

Training minilm_l6 json_lam1
[transformers] `use_return_dict` is deprecated! Use `return_dict` instead!
[transformers] `use_cache=True` is incompatible with gradient checkpointing. Setting `use_cache=False`.
step     1/500  loss=2.2278  rank=0.1283  inv=2.0995  lr=6.67e-06  13.69s/step  eta 1:53:52
step    20/500  loss=0.6948  rank=0.1353  inv=0.5596  lr=1.33e-04  12.04s/step  eta 1:36:19
step    40/500  loss=0.4291  rank=0.0940  inv=0.3352  lr=2.00e-04  11.89s/step  eta 1:31:10
  dev max|d|=0.8772  (pair=yaml - toml)
step    60/500  loss=0.3408  rank=0.2127  inv=0.1281  lr=1.98e-04  12.10s/step  eta 1:28:42
step    80/500  loss=0.2484  rank=0.1619  inv=0.0865  lr=1.94e-04  12.00s/step  eta 1:24:00
step   100/500  loss=0.2204  rank=0.1433  inv=0.0771  lr=1.89e-04  11.89s/step  eta 1:19:15
  dev max|d|=0.3138  (pair=yaml - inline_kv)
step   120/500  loss=0.1155  rank=0.0831  inv=0.0324  lr=1.82e-04  12.10s/step  eta 1:16:38
step   140/500  loss=0.3470  rank=0.2554  inv=0.0916  lr=1.74e-04  12.03s/step  eta 1:12:09
  dev max|d|=0.2000  (pair=yaml - inline_kv)
step   160/500  loss=0.3009  rank=0.1787  inv=0.1223  lr=1.65e-04  12.09s/step  eta 1:08:29
step   180/500  loss=0.1436  rank=0.0954  inv=0.0482  lr=1.54e-04  12.07s/step  eta 1:04:21
step   200/500  loss=0.1544  rank=0.0998  inv=0.0546  lr=1.42e-04  12.04s/step  eta 1:00:13
  dev max|d|=0.1525  (pair=yaml - inline_kv)
step   220/500  loss=0.1961  rank=0.1423  inv=0.0538  lr=1.30e-04  12.17s/step  eta 0:56:48
step   240/500  loss=0.1610  rank=0.1157  inv=0.0453  lr=1.17e-04  12.13s/step  eta 0:52:32
  dev max|d|=0.1681  (pair=yaml - inline_kv)
step   260/500  loss=0.1227  rank=0.0624  inv=0.0603  lr=1.03e-04  12.15s/step  eta 0:48:36
step   280/500  loss=0.1349  rank=0.1105  inv=0.0244  lr=9.00e-05  12.14s/step  eta 0:44:31
step   300/500  loss=0.1399  rank=0.0777  inv=0.0622  lr=7.68e-05  12.11s/step  eta 0:40:22
  dev max|d|=0.1529  (pair=toml - inline_kv)
step   320/500  loss=0.1348  rank=0.0859  inv=0.0489  lr=6.41e-05  12.16s/step  eta 0:36:29
step   340/500  loss=0.1707  rank=0.0883  inv=0.0825  lr=5.19e-05  12.12s/step  eta 0:32:19
  dev max|d|=0.1518  (pair=toml - inline_kv)
step   360/500  loss=0.1446  rank=0.0744  inv=0.0702  lr=4.07e-05  12.16s/step  eta 0:28:22
step   380/500  loss=0.2481  rank=0.1070  inv=0.1411  lr=3.05e-05  12.19s/step  eta 0:24:22
step   400/500  loss=0.1650  rank=0.1317  inv=0.0333  lr=2.15e-05  12.17s/step  eta 0:20:16
  dev max|d|=0.1312  (pair=toml - inline_kv)
step   420/500  loss=0.1085  rank=0.0747  inv=0.0337  lr=1.40e-05  12.19s/step  eta 0:16:15
step   440/500  loss=0.1339  rank=0.1076  inv=0.0263  lr=7.94e-06  12.18s/step  eta 0:12:10
  dev max|d|=0.1357  (pair=toml - inline_kv)
step   460/500  loss=0.2454  rank=0.1426  inv=0.1028  lr=3.55e-06  12.19s/step  eta 0:08:07
step   480/500  loss=0.1729  rank=0.0727  inv=0.1002  lr=8.92e-07  12.18s/step  eta 0:04:03
step   500/500  loss=0.3492  rank=0.2883  inv=0.0609  lr=0.00e+00  12.15s/step  eta 0:00:00
  dev max|d|=0.1346  (pair=toml - inline_kv)

Finished at step 500 in 6093s, dev max|d|=0.1346
Saved adapter -> data/nq/h2/train/minilm_l6_json_lam1/adapter
