
======================================================================
TRAIN  mxbai-v1  arm=inline_kv_lam0.1   2026-10-05 18:51:46
======================================================================
  identifier:  mixedbread-ai/mxbai-rerank-base-v1
  formats:     4 of 5  ['yaml', 'json', 'toml', 'markdown']
  held out:    inline_kv
  lambda_inv:  0.1
  batch:       2 x 8
  steps:       500, warmup 30
  output:      data/nq/h2/train/mxbai_v1_inline_kv_lam0.1
  device:      cuda
Warning: You are sending unauthenticated requests to the HF Hub. Please set a HF_TOKEN to enable higher rate limits and faster downloads.
[transformers] `torch_dtype` is deprecated! Use `dtype` instead!
Loading weights:   0%|          | 0/202 [00:00<?, ?it/s]Loading weights:   2%|▏         | 5/202 [00:00<00:03, 49.65it/s]Loading weights: 100%|██████████| 202/202 [00:00<00:00, 1787.43it/s]
  trainable:   885,505 / 185,308,418 (0.48%)

Loading the corpus...
[transformers] Token indices sequence length is longer than the specified maximum sequence length for this model (970 > 512). Running this sequence through the model will result in indexing errors
[transformers] Token indices sequence length is longer than the specified maximum sequence length for this model (970 > 512). Running this sequence through the model will result in indexing errors
[transformers] Token indices sequence length is longer than the specified maximum sequence length for this model (963 > 512). Running this sequence through the model will result in indexing errors
[transformers] Token indices sequence length is longer than the specified maximum sequence length for this model (928 > 512). Running this sequence through the model will result in indexing errors
[transformers] Token indices sequence length is longer than the specified maximum sequence length for this model (1154 > 1024). Running this sequence through the model will result in indexing errors
  train: 6,131 kept, 449 dropped
  dev:   758 kept
  corpus loading in 0:03:46

Training mxbai_v1 inline_kv_lam0.1
[transformers] `use_return_dict` is deprecated! Use `return_dict` instead!
step     1/500  loss=0.0905  rank=0.0562  inv=0.3429  lr=6.67e-06  16.05s/step  eta 2:13:27
step    20/500  loss=0.0689  rank=0.0587  inv=0.1024  lr=1.33e-04  15.78s/step  eta 2:06:12
step    40/500  loss=0.0311  rank=0.0201  inv=0.1104  lr=2.00e-04  15.76s/step  eta 2:00:48
  dev max|d|=0.1850  (pair=json - toml)
step    60/500  loss=0.0264  rank=0.0174  inv=0.0893  lr=1.98e-04  16.33s/step  eta 1:59:44
step    80/500  loss=0.0572  rank=0.0490  inv=0.0820  lr=1.94e-04  16.20s/step  eta 1:53:25
step   100/500  loss=0.0348  rank=0.0267  inv=0.0808  lr=1.89e-04  16.12s/step  eta 1:47:26
  dev max|d|=0.2769  (pair=toml - markdown)
step   120/500  loss=0.0351  rank=0.0106  inv=0.2453  lr=1.82e-04  16.37s/step  eta 1:43:39
step   140/500  loss=0.0440  rank=0.0370  inv=0.0698  lr=1.74e-04  16.30s/step  eta 1:37:49
  dev max|d|=0.0831  (pair=yaml - json)
step   160/500  loss=0.0445  rank=0.0312  inv=0.1334  lr=1.65e-04  16.46s/step  eta 1:33:17
step   180/500  loss=0.0348  rank=0.0270  inv=0.0784  lr=1.54e-04  16.37s/step  eta 1:27:18
step   200/500  loss=0.0183  rank=0.0129  inv=0.0541  lr=1.42e-04  16.31s/step  eta 1:21:33
  dev max|d|=0.0462  (pair=json - toml)
step   220/500  loss=0.0277  rank=0.0213  inv=0.0639  lr=1.30e-04  16.44s/step  eta 1:16:42
step   240/500  loss=0.0283  rank=0.0217  inv=0.0662  lr=1.17e-04  16.39s/step  eta 1:11:01
  dev max|d|=0.0402  (pair=json - toml)
step   260/500  loss=0.0598  rank=0.0471  inv=0.1268  lr=1.03e-04  16.49s/step  eta 1:05:57
step   280/500  loss=0.0502  rank=0.0339  inv=0.1634  lr=9.00e-05  16.44s/step  eta 1:00:16
step   300/500  loss=0.0613  rank=0.0387  inv=0.2258  lr=7.68e-05  16.40s/step  eta 0:54:40
  dev max|d|=0.1157  (pair=json - toml)
step   320/500  loss=0.0507  rank=0.0357  inv=0.1500  lr=6.41e-05  16.46s/step  eta 0:49:23
step   340/500  loss=0.0177  rank=0.0094  inv=0.0826  lr=5.19e-05  16.44s/step  eta 0:43:50
  dev max|d|=0.1221  (pair=json - toml)
step   360/500  loss=0.0671  rank=0.0541  inv=0.1294  lr=4.07e-05  16.50s/step  eta 0:38:30
step   380/500  loss=0.0380  rank=0.0315  inv=0.0653  lr=3.05e-05  16.49s/step  eta 0:32:58
step   400/500  loss=0.0239  rank=0.0206  inv=0.0336  lr=2.15e-05  16.48s/step  eta 0:27:27
  dev max|d|=0.0410  (pair=yaml - markdown)
step   420/500  loss=0.0197  rank=0.0124  inv=0.0732  lr=1.40e-05  16.56s/step  eta 0:22:04
step   440/500  loss=0.0352  rank=0.0255  inv=0.0971  lr=7.94e-06  16.53s/step  eta 0:16:32
  dev max|d|=0.0353  (pair=yaml - markdown)
step   460/500  loss=0.0205  rank=0.0083  inv=0.1215  lr=3.55e-06  16.58s/step  eta 0:11:03
step   480/500  loss=0.0156  rank=0.0047  inv=0.1087  lr=8.92e-07  16.56s/step  eta 0:05:31
step   500/500  loss=0.0448  rank=0.0279  inv=0.1691  lr=0.00e+00  16.53s/step  eta 0:00:00
  dev max|d|=0.0335  (pair=toml - markdown)

Finished at step 500 in 8302s, dev max|d|=0.0335
Saved adapter -> data/nq/h2/train/mxbai_v1_inline_kv_lam0.1/adapter
