
======================================================================
TRAIN  MiniLM-L6  arm=toml_lam0   2026-10-05 08:35:46
======================================================================
  identifier:  cross-encoder/ms-marco-MiniLM-L6-v2
  formats:     4 of 5  ['yaml', 'json', 'inline_kv', 'markdown']
  held out:    toml
  lambda_inv:  0.0
  batch:       4 x 4
  steps:       500, warmup 30
  output:      data/nq/h2/train/minilm_l6_toml_lam0
  device:      cuda
Warning: You are sending unauthenticated requests to the HF Hub. Please set a HF_TOKEN to enable higher rate limits and faster downloads.
[transformers] `torch_dtype` is deprecated! Use `dtype` instead!
Loading weights:   0%|          | 0/105 [00:00<?, ?it/s]Loading weights: 100%|██████████| 105/105 [00:00<00:00, 4264.03it/s]
  trainable:   221,569 / 22,935,170 (0.97%)

Loading the corpus...
[transformers] Token indices sequence length is longer than the specified maximum sequence length for this model (970 > 512). Running this sequence through the model will result in indexing errors
[transformers] Token indices sequence length is longer than the specified maximum sequence length for this model (970 > 512). Running this sequence through the model will result in indexing errors
[transformers] Token indices sequence length is longer than the specified maximum sequence length for this model (963 > 512). Running this sequence through the model will result in indexing errors
[transformers] Token indices sequence length is longer than the specified maximum sequence length for this model (928 > 512). Running this sequence through the model will result in indexing errors
[transformers] Token indices sequence length is longer than the specified maximum sequence length for this model (1154 > 1024). Running this sequence through the model will result in indexing errors
  train: 6,131 kept, 449 dropped
  dev:   758 kept
  corpus loading in 0:08:34

Training minilm_l6 toml_lam0
[transformers] `use_return_dict` is deprecated! Use `return_dict` instead!
[transformers] `use_cache=True` is incompatible with gradient checkpointing. Setting `use_cache=False`.
step     1/500  loss=0.1040  rank=0.1040  inv=1.8778  lr=6.67e-06  11.82s/step  eta 1:38:18
step    20/500  loss=0.1459  rank=0.1459  inv=0.8808  lr=1.33e-04  11.66s/step  eta 1:33:15
step    40/500  loss=0.1099  rank=0.1099  inv=0.9690  lr=2.00e-04  11.60s/step  eta 1:28:53
  dev max|d|=0.8215  (pair=yaml - inline_kv)
step    60/500  loss=0.1191  rank=0.1191  inv=0.2618  lr=1.98e-04  11.91s/step  eta 1:27:21
step    80/500  loss=0.1060  rank=0.1060  inv=0.6342  lr=1.94e-04  11.85s/step  eta 1:22:58
step   100/500  loss=0.0437  rank=0.0437  inv=0.5566  lr=1.89e-04  11.76s/step  eta 1:18:25
  dev max|d|=0.7393  (pair=yaml - inline_kv)
step   120/500  loss=0.0253  rank=0.0253  inv=0.4494  lr=1.82e-04  11.87s/step  eta 1:15:08
step   140/500  loss=0.1309  rank=0.1309  inv=0.5719  lr=1.74e-04  11.82s/step  eta 1:10:54
  dev max|d|=0.6903  (pair=yaml - inline_kv)
step   160/500  loss=0.1766  rank=0.1766  inv=0.9265  lr=1.65e-04  11.94s/step  eta 1:07:38
step   180/500  loss=0.0629  rank=0.0629  inv=0.6888  lr=1.54e-04  11.93s/step  eta 1:03:37
step   200/500  loss=0.0412  rank=0.0412  inv=0.7017  lr=1.42e-04  11.93s/step  eta 0:59:39
  dev max|d|=0.5501  (pair=yaml - inline_kv)
step   220/500  loss=0.0541  rank=0.0541  inv=0.6186  lr=1.30e-04  11.98s/step  eta 0:55:53
step   240/500  loss=0.0350  rank=0.0350  inv=0.6562  lr=1.17e-04  11.95s/step  eta 0:51:48
  dev max|d|=0.5519  (pair=yaml - inline_kv)
step   260/500  loss=0.0074  rank=0.0074  inv=1.1194  lr=1.03e-04  12.00s/step  eta 0:48:00
step   280/500  loss=0.0616  rank=0.0616  inv=1.4213  lr=9.00e-05  11.99s/step  eta 0:43:58
step   300/500  loss=0.0253  rank=0.0253  inv=0.8461  lr=7.68e-05  12.09s/step  eta 0:40:17
  dev max|d|=0.5017  (pair=yaml - inline_kv)
step   320/500  loss=0.0321  rank=0.0321  inv=1.1686  lr=6.41e-05  12.11s/step  eta 0:36:19
step   340/500  loss=0.0793  rank=0.0793  inv=0.9593  lr=5.19e-05  12.08s/step  eta 0:32:13
  dev max|d|=0.4742  (pair=yaml - inline_kv)
step   360/500  loss=0.0296  rank=0.0296  inv=0.8088  lr=4.07e-05  12.10s/step  eta 0:28:13
step   380/500  loss=0.0663  rank=0.0663  inv=1.4374  lr=3.05e-05  12.09s/step  eta 0:24:10
step   400/500  loss=0.1195  rank=0.1195  inv=0.6777  lr=2.15e-05  12.11s/step  eta 0:20:10
  dev max|d|=0.4558  (pair=yaml - inline_kv)
step   420/500  loss=0.0399  rank=0.0399  inv=0.7858  lr=1.40e-05  12.14s/step  eta 0:16:10
step   440/500  loss=0.0363  rank=0.0363  inv=0.6056  lr=7.94e-06  12.13s/step  eta 0:12:08
  dev max|d|=0.4525  (pair=yaml - inline_kv)
step   460/500  loss=0.0355  rank=0.0355  inv=0.8298  lr=3.55e-06  12.16s/step  eta 0:08:06
step   480/500  loss=0.0452  rank=0.0452  inv=0.8978  lr=8.92e-07  12.14s/step  eta 0:04:02
step   500/500  loss=0.1798  rank=0.1798  inv=0.6015  lr=0.00e+00  12.12s/step  eta 0:00:00
  dev max|d|=0.4520  (pair=yaml - inline_kv)

Finished at step 500 in 6080s, dev max|d|=0.4520
Saved adapter -> data/nq/h2/train/minilm_l6_toml_lam0/adapter
