
======================================================================
TRAIN  jina-v2  arm=toml_lam0   2026-10-05 14:40:21
======================================================================
  identifier:  jinaai/jina-reranker-v2-base-multilingual
  formats:     4 of 5  ['yaml', 'json', 'inline_kv', 'markdown']
  held out:    toml
  lambda_inv:  0.0
  batch:       2 x 8
  steps:       500, warmup 30
  output:      data/nq/h2/train/jina_v2_toml_lam0
  device:      cuda
Warning: You are sending unauthenticated requests to the HF Hub. Please set a HF_TOKEN to enable higher rate limits and faster downloads.
[transformers] `torch_dtype` is deprecated! Use `dtype` instead!
flash_attn is not installed. Using PyTorch native attention implementation.
flash_attn is not installed. Using PyTorch native attention implementation.
flash_attn is not installed. Using PyTorch native attention implementation.
flash_attn is not installed. Using PyTorch native attention implementation.
flash_attn is not installed. Using PyTorch native attention implementation.
flash_attn is not installed. Using PyTorch native attention implementation.
flash_attn is not installed. Using PyTorch native attention implementation.
flash_attn is not installed. Using PyTorch native attention implementation.
flash_attn is not installed. Using PyTorch native attention implementation.
flash_attn is not installed. Using PyTorch native attention implementation.
flash_attn is not installed. Using PyTorch native attention implementation.
flash_attn is not installed. Using PyTorch native attention implementation.
flash_attn is not installed. Using PyTorch native attention implementation.
Loading weights:   0%|          | 0/153 [00:00<?, ?it/s]Loading weights:   6%|▌         | 9/153 [00:00<00:04, 31.84it/s]Loading weights: 100%|██████████| 153/153 [00:00<00:00, 499.85it/s]
[transformers] XLMRobertaForSequenceClassification does not expose input embeddings. Gradients cannot flow back to the token embeddings when using adapters or gradient checkpointing. Override `get_input_embeddings` to fully support those features, or set `_input_embed_layer` to the attribute name that holds the embeddings.
[transformers] You are using an old version of the checkpointing format that is deprecated (We will also silently ignore `gradient_checkpointing_kwargs` in case you passed it).Please update to the new format on your modeling file. To use the new format, you need to completely remove the definition of the method `_set_gradient_checkpointing` in your model.
  fused projections patched: 12
  trainable:   1,181,185 / 279,618,818 (0.42%)

Loading the corpus...
[transformers] Token indices sequence length is longer than the specified maximum sequence length for this model (970 > 512). Running this sequence through the model will result in indexing errors
[transformers] Token indices sequence length is longer than the specified maximum sequence length for this model (970 > 512). Running this sequence through the model will result in indexing errors
[transformers] Token indices sequence length is longer than the specified maximum sequence length for this model (963 > 512). Running this sequence through the model will result in indexing errors
[transformers] Token indices sequence length is longer than the specified maximum sequence length for this model (928 > 512). Running this sequence through the model will result in indexing errors
[transformers] Token indices sequence length is longer than the specified maximum sequence length for this model (1154 > 1024). Running this sequence through the model will result in indexing errors
  train: 6,131 kept, 449 dropped
  dev:   758 kept
  corpus loading in 0:13:23

Training jina_v2 toml_lam0
[transformers] `use_return_dict` is deprecated! Use `return_dict` instead!
step     1/500  loss=0.1961  rank=0.1961  inv=0.0334  lr=6.67e-06  19.69s/step  eta 2:43:47
step    20/500  loss=0.0590  rank=0.0590  inv=0.0433  lr=1.33e-04  18.19s/step  eta 2:25:32
step    40/500  loss=0.0114  rank=0.0114  inv=0.2542  lr=2.00e-04  18.25s/step  eta 2:19:52
  dev max|d|=0.2873  (pair=yaml - json)
step    60/500  loss=0.0107  rank=0.0107  inv=0.1138  lr=1.98e-04  18.83s/step  eta 2:18:03
step    80/500  loss=0.0260  rank=0.0260  inv=0.2704  lr=1.94e-04  18.72s/step  eta 2:11:02
step   100/500  loss=0.0299  rank=0.0299  inv=0.3546  lr=1.89e-04  18.69s/step  eta 2:04:36
  dev max|d|=0.1635  (pair=yaml - json)
step   120/500  loss=0.0170  rank=0.0170  inv=0.3263  lr=1.82e-04  18.91s/step  eta 1:59:47
step   140/500  loss=0.0270  rank=0.0270  inv=0.1507  lr=1.74e-04  18.82s/step  eta 1:52:54
  dev max|d|=0.2267  (pair=yaml - json)
step   160/500  loss=0.0141  rank=0.0141  inv=0.2294  lr=1.65e-04  18.98s/step  eta 1:47:34
step   180/500  loss=0.0231  rank=0.0231  inv=0.1977  lr=1.54e-04  18.91s/step  eta 1:40:49
step   200/500  loss=0.0034  rank=0.0034  inv=0.1727  lr=1.42e-04  18.85s/step  eta 1:34:13
  dev max|d|=0.4011  (pair=yaml - inline_kv)
step   220/500  loss=0.0051  rank=0.0051  inv=0.1401  lr=1.30e-04  18.96s/step  eta 1:28:29
step   240/500  loss=0.0028  rank=0.0028  inv=0.2604  lr=1.17e-04  18.94s/step  eta 1:22:03
  dev max|d|=0.2691  (pair=yaml - json)
step   260/500  loss=0.0276  rank=0.0276  inv=0.5104  lr=1.03e-04  19.04s/step  eta 1:16:09
step   280/500  loss=0.0217  rank=0.0217  inv=0.3068  lr=9.00e-05  18.97s/step  eta 1:09:34
step   300/500  loss=0.0147  rank=0.0147  inv=0.3999  lr=7.68e-05  18.94s/step  eta 1:03:07
  dev max|d|=0.0969  (pair=yaml - json)
step   320/500  loss=0.0249  rank=0.0249  inv=0.5135  lr=6.41e-05  19.01s/step  eta 0:57:01
step   340/500  loss=0.0107  rank=0.0107  inv=0.3296  lr=5.19e-05  18.96s/step  eta 0:50:32
  dev max|d|=0.1798  (pair=yaml - markdown)
step   360/500  loss=0.0999  rank=0.0999  inv=0.3262  lr=4.07e-05  19.01s/step  eta 0:44:21
step   380/500  loss=0.0065  rank=0.0065  inv=0.3224  lr=3.05e-05  18.96s/step  eta 0:37:55
step   400/500  loss=0.0073  rank=0.0073  inv=0.1628  lr=2.15e-05  18.91s/step  eta 0:31:30
  dev max|d|=0.1639  (pair=yaml - markdown)
step   420/500  loss=0.0020  rank=0.0020  inv=0.3138  lr=1.40e-05  18.97s/step  eta 0:25:17
step   440/500  loss=0.0038  rank=0.0038  inv=0.2744  lr=7.94e-06  18.93s/step  eta 0:18:55
  dev max|d|=0.2526  (pair=yaml - markdown)
step   460/500  loss=0.0040  rank=0.0040  inv=0.5254  lr=3.55e-06  18.98s/step  eta 0:12:39
step   480/500  loss=0.0014  rank=0.0014  inv=0.4586  lr=8.92e-07  18.94s/step  eta 0:06:18
step   500/500  loss=0.0111  rank=0.0111  inv=0.2754  lr=0.00e+00  18.90s/step  eta 0:00:00
  dev max|d|=0.2665  (pair=yaml - markdown)

Finished at step 500 in 9490s, dev max|d|=0.2665
Saved adapter -> data/nq/h2/train/jina_v2_toml_lam0/adapter
