
======================================================================
TRAIN  bge-base  arm=yaml_lam0   2026-10-05 11:05:37
======================================================================
  identifier:  BAAI/bge-reranker-base
  formats:     4 of 5  ['json', 'toml', 'inline_kv', 'markdown']
  held out:    yaml
  lambda_inv:  0.0
  batch:       2 x 8
  steps:       500, warmup 30
  output:      data/nq/h2/train/bge_base_yaml_lam0
  device:      cuda
Warning: You are sending unauthenticated requests to the HF Hub. Please set a HF_TOKEN to enable higher rate limits and faster downloads.
[transformers] `torch_dtype` is deprecated! Use `dtype` instead!
Loading weights:   0%|          | 0/201 [00:00<?, ?it/s]Loading weights: 100%|██████████| 201/201 [00:00<00:00, 3217.64it/s]
  trainable:   1,476,097 / 279,520,514 (0.53%)

Loading the corpus...
[transformers] Token indices sequence length is longer than the specified maximum sequence length for this model (970 > 512). Running this sequence through the model will result in indexing errors
[transformers] Token indices sequence length is longer than the specified maximum sequence length for this model (970 > 512). Running this sequence through the model will result in indexing errors
[transformers] Token indices sequence length is longer than the specified maximum sequence length for this model (963 > 512). Running this sequence through the model will result in indexing errors
[transformers] Token indices sequence length is longer than the specified maximum sequence length for this model (928 > 512). Running this sequence through the model will result in indexing errors
[transformers] Token indices sequence length is longer than the specified maximum sequence length for this model (1154 > 1024). Running this sequence through the model will result in indexing errors
  train: 6,131 kept, 449 dropped
  dev:   758 kept
  corpus loading in 0:03:37

Training bge_base yaml_lam0
[transformers] `use_return_dict` is deprecated! Use `return_dict` instead!
[transformers] `use_cache=True` is incompatible with gradient checkpointing. Setting `use_cache=False`.
step     1/500  loss=0.2016  rank=0.2016  inv=0.3834  lr=6.67e-06  10.15s/step  eta 1:24:23
step    20/500  loss=0.0591  rank=0.0591  inv=0.5443  lr=1.33e-04  10.19s/step  eta 1:21:30
step    40/500  loss=0.0186  rank=0.0186  inv=0.1981  lr=2.00e-04  10.12s/step  eta 1:17:35
  dev max|d|=0.1037  (pair=toml - inline_kv)
step    60/500  loss=0.0386  rank=0.0386  inv=0.4239  lr=1.98e-04  10.85s/step  eta 1:19:32
step    80/500  loss=0.0542  rank=0.0542  inv=0.3416  lr=1.94e-04  10.69s/step  eta 1:14:49
step   100/500  loss=0.0337  rank=0.0337  inv=0.2407  lr=1.89e-04  10.60s/step  eta 1:10:38
  dev max|d|=0.0851  (pair=toml - inline_kv)
step   120/500  loss=0.0040  rank=0.0040  inv=0.6647  lr=1.82e-04  10.92s/step  eta 1:09:08
step   140/500  loss=0.0381  rank=0.0381  inv=0.3785  lr=1.74e-04  10.83s/step  eta 1:04:57
  dev max|d|=0.1733  (pair=toml - inline_kv)
step   160/500  loss=0.0220  rank=0.0220  inv=0.6026  lr=1.65e-04  11.01s/step  eta 1:02:23
step   180/500  loss=0.0255  rank=0.0255  inv=0.2706  lr=1.54e-04  10.91s/step  eta 0:58:10
step   200/500  loss=0.0156  rank=0.0156  inv=0.2600  lr=1.42e-04  10.83s/step  eta 0:54:08
  dev max|d|=0.1158  (pair=json - toml)
step   220/500  loss=0.0209  rank=0.0209  inv=0.4409  lr=1.30e-04  10.98s/step  eta 0:51:13
step   240/500  loss=0.0096  rank=0.0096  inv=0.6188  lr=1.17e-04  10.91s/step  eta 0:47:17
  dev max|d|=0.0718  (pair=json - markdown)
step   260/500  loss=0.0452  rank=0.0452  inv=0.8074  lr=1.03e-04  11.02s/step  eta 0:44:04
step   280/500  loss=0.0402  rank=0.0402  inv=0.6229  lr=9.00e-05  10.96s/step  eta 0:40:10
step   300/500  loss=0.0451  rank=0.0451  inv=0.4420  lr=7.68e-05  10.91s/step  eta 0:36:21
  dev max|d|=0.0316  (pair=json - markdown)
step   320/500  loss=0.0231  rank=0.0231  inv=0.6676  lr=6.41e-05  10.99s/step  eta 0:32:58
step   340/500  loss=0.0379  rank=0.0379  inv=0.6329  lr=5.19e-05  10.94s/step  eta 0:29:11
  dev max|d|=0.0292  (pair=toml - markdown)
step   360/500  loss=0.0827  rank=0.0827  inv=0.4841  lr=4.07e-05  11.02s/step  eta 0:25:43
step   380/500  loss=0.0132  rank=0.0132  inv=0.5607  lr=3.05e-05  10.98s/step  eta 0:21:57
step   400/500  loss=0.0282  rank=0.0282  inv=0.4341  lr=2.15e-05  10.93s/step  eta 0:18:13
  dev max|d|=0.0638  (pair=toml - inline_kv)
step   420/500  loss=0.0118  rank=0.0118  inv=0.3709  lr=1.40e-05  11.00s/step  eta 0:14:40
step   440/500  loss=0.0119  rank=0.0119  inv=0.6129  lr=7.94e-06  10.97s/step  eta 0:10:58
  dev max|d|=0.0704  (pair=toml - inline_kv)
step   460/500  loss=0.0158  rank=0.0158  inv=0.6056  lr=3.55e-06  11.03s/step  eta 0:07:21
step   480/500  loss=0.0014  rank=0.0014  inv=0.5635  lr=8.92e-07  10.99s/step  eta 0:03:39
step   500/500  loss=0.0298  rank=0.0298  inv=0.4583  lr=0.00e+00  10.96s/step  eta 0:00:00
  dev max|d|=0.0679  (pair=toml - inline_kv)

Finished at step 500 in 5524s, dev max|d|=0.0679
Saved adapter -> data/nq/h2/train/bge_base_yaml_lam0/adapter
