
======================================================================
TRAIN  mxbai-v1-tanh  arm=json_lam0.1   2026-10-06 04:27:15
======================================================================
  identifier:  mixedbread-ai/mxbai-rerank-base-v1
  formats:     4 of 5  ['yaml', 'toml', 'inline_kv', 'markdown']
  held out:    json
  lambda_inv:  0.1
  batch:       2 x 8
  steps:       500, warmup 30
  output:      data/nq/h2/train/mxbai_v1_tanh_json_lam0.1
  device:      cuda
Warning: You are sending unauthenticated requests to the HF Hub. Please set a HF_TOKEN to enable higher rate limits and faster downloads.
[transformers] `torch_dtype` is deprecated! Use `dtype` instead!
Loading weights:   0%|          | 0/202 [00:00<?, ?it/s]Loading weights: 100%|██████████| 202/202 [00:00<00:00, 2804.39it/s]
  trainable:   1,476,097 / 186,489,602 (0.79%)

Loading the corpus...
[transformers] Token indices sequence length is longer than the specified maximum sequence length for this model (970 > 512). Running this sequence through the model will result in indexing errors
[transformers] Token indices sequence length is longer than the specified maximum sequence length for this model (970 > 512). Running this sequence through the model will result in indexing errors
[transformers] Token indices sequence length is longer than the specified maximum sequence length for this model (963 > 512). Running this sequence through the model will result in indexing errors
[transformers] Token indices sequence length is longer than the specified maximum sequence length for this model (928 > 512). Running this sequence through the model will result in indexing errors
[transformers] Token indices sequence length is longer than the specified maximum sequence length for this model (1154 > 1024). Running this sequence through the model will result in indexing errors
  train: 6,131 kept, 449 dropped
  dev:   758 kept
  corpus loading in 0:02:15

Training mxbai_v1_tanh json_lam0.1
[transformers] `use_return_dict` is deprecated! Use `return_dict` instead!
step     1/500  loss=0.7831  rank=0.7829  inv=0.0020  lr=6.67e-06  14.65s/step  eta 2:01:52
step    20/500  loss=0.0961  rank=0.0915  inv=0.0460  lr=1.33e-04  15.27s/step  eta 2:02:11
step    40/500  loss=0.0271  rank=0.0199  inv=0.0718  lr=2.00e-04  15.25s/step  eta 1:56:54
  dev max|d|=0.1393  (pair=yaml - toml)
step    60/500  loss=0.0385  rank=0.0220  inv=0.1645  lr=1.98e-04  15.95s/step  eta 1:56:56
step    80/500  loss=0.0650  rank=0.0553  inv=0.0971  lr=1.94e-04  15.81s/step  eta 1:50:40
step   100/500  loss=0.0503  rank=0.0424  inv=0.0786  lr=1.89e-04  16.08s/step  eta 1:47:11
  dev max|d|=0.0880  (pair=toml - markdown)
step   120/500  loss=0.0243  rank=0.0094  inv=0.1500  lr=1.82e-04  16.78s/step  eta 1:46:15
step   140/500  loss=0.0505  rank=0.0445  inv=0.0608  lr=1.74e-04  16.59s/step  eta 1:39:31
  dev max|d|=0.0680  (pair=yaml - markdown)
step   160/500  loss=0.0365  rank=0.0291  inv=0.0743  lr=1.65e-04  16.73s/step  eta 1:34:48
step   180/500  loss=0.0325  rank=0.0249  inv=0.0763  lr=1.54e-04  16.75s/step  eta 1:29:18
step   200/500  loss=0.0234  rank=0.0141  inv=0.0925  lr=1.42e-04  16.81s/step  eta 1:24:03
  dev max|d|=0.0273  (pair=toml - markdown)
step   220/500  loss=0.0297  rank=0.0205  inv=0.0913  lr=1.30e-04  17.10s/step  eta 1:19:47
step   240/500  loss=0.0238  rank=0.0173  inv=0.0652  lr=1.17e-04  16.97s/step  eta 1:13:31
  dev max|d|=0.0784  (pair=toml - markdown)
step   260/500  loss=0.0670  rank=0.0499  inv=0.1706  lr=1.03e-04  17.10s/step  eta 1:08:24
step   280/500  loss=0.0457  rank=0.0370  inv=0.0862  lr=9.00e-05  17.12s/step  eta 1:02:46
step   300/500  loss=0.0474  rank=0.0379  inv=0.0956  lr=7.68e-05  17.07s/step  eta 0:56:53
  dev max|d|=0.0445  (pair=toml - markdown)
step   320/500  loss=0.0494  rank=0.0414  inv=0.0799  lr=6.41e-05  17.13s/step  eta 0:51:23
step   340/500  loss=0.0193  rank=0.0113  inv=0.0807  lr=5.19e-05  17.16s/step  eta 0:45:45
  dev max|d|=0.0638  (pair=yaml - markdown)
step   360/500  loss=0.0510  rank=0.0437  inv=0.0725  lr=4.07e-05  17.23s/step  eta 0:40:11
step   380/500  loss=0.0700  rank=0.0537  inv=0.1637  lr=3.05e-05  17.14s/step  eta 0:34:16
step   400/500  loss=0.0232  rank=0.0208  inv=0.0241  lr=2.15e-05  17.15s/step  eta 0:28:35
  dev max|d|=0.0422  (pair=yaml - markdown)
step   420/500  loss=0.0178  rank=0.0117  inv=0.0612  lr=1.40e-05  17.27s/step  eta 0:23:01
step   440/500  loss=0.0336  rank=0.0260  inv=0.0763  lr=7.94e-06  17.19s/step  eta 0:17:11
  dev max|d|=0.0289  (pair=yaml - toml)
step   460/500  loss=0.0231  rank=0.0114  inv=0.1170  lr=3.55e-06  17.20s/step  eta 0:11:27
step   480/500  loss=0.0244  rank=0.0059  inv=0.1848  lr=8.92e-07  17.20s/step  eta 0:05:44
step   500/500  loss=0.0408  rank=0.0297  inv=0.1110  lr=0.00e+00  17.22s/step  eta 0:00:00
  dev max|d|=0.0277  (pair=yaml - toml)

Finished at step 500 in 8655s, dev max|d|=0.0277
Saved adapter -> data/nq/h2/train/mxbai_v1_tanh_json_lam0.1/adapter
