
======================================================================
TRAIN  mxbai-v1-tanh  arm=markdown_lam0.1   2026-10-06 04:27:15
======================================================================
  identifier:  mixedbread-ai/mxbai-rerank-base-v1
  formats:     4 of 5  ['yaml', 'json', 'toml', 'inline_kv']
  held out:    markdown
  lambda_inv:  0.1
  batch:       2 x 8
  steps:       500, warmup 30
  output:      data/nq/h2/train/mxbai_v1_tanh_markdown_lam0.1
  device:      cuda
Warning: You are sending unauthenticated requests to the HF Hub. Please set a HF_TOKEN to enable higher rate limits and faster downloads.
[transformers] `torch_dtype` is deprecated! Use `dtype` instead!
Loading weights:   0%|          | 0/202 [00:00<?, ?it/s]Loading weights:  81%|████████  | 163/202 [00:00<00:00, 1567.44it/s]Loading weights: 100%|██████████| 202/202 [00:00<00:00, 1415.97it/s]
  trainable:   1,476,097 / 186,489,602 (0.79%)

Loading the corpus...
[transformers] Token indices sequence length is longer than the specified maximum sequence length for this model (970 > 512). Running this sequence through the model will result in indexing errors
[transformers] Token indices sequence length is longer than the specified maximum sequence length for this model (970 > 512). Running this sequence through the model will result in indexing errors
[transformers] Token indices sequence length is longer than the specified maximum sequence length for this model (963 > 512). Running this sequence through the model will result in indexing errors
[transformers] Token indices sequence length is longer than the specified maximum sequence length for this model (928 > 512). Running this sequence through the model will result in indexing errors
[transformers] Token indices sequence length is longer than the specified maximum sequence length for this model (1154 > 1024). Running this sequence through the model will result in indexing errors
  train: 6,131 kept, 449 dropped
  dev:   758 kept
  corpus loading in 0:02:11

Training mxbai_v1_tanh markdown_lam0.1
[transformers] `use_return_dict` is deprecated! Use `return_dict` instead!
step     1/500  loss=0.7928  rank=0.7926  inv=0.0021  lr=6.67e-06  15.15s/step  eta 2:05:58
step    20/500  loss=0.1019  rank=0.0980  inv=0.0391  lr=1.33e-04  15.37s/step  eta 2:02:57
step    40/500  loss=0.0288  rank=0.0222  inv=0.0661  lr=2.00e-04  15.33s/step  eta 1:57:34
  dev max|d|=0.1240  (pair=yaml - toml)
step    60/500  loss=0.0395  rank=0.0267  inv=0.1277  lr=1.98e-04  16.03s/step  eta 1:57:33
step    80/500  loss=0.0561  rank=0.0495  inv=0.0662  lr=1.94e-04  15.89s/step  eta 1:51:14
step   100/500  loss=0.0482  rank=0.0407  inv=0.0745  lr=1.89e-04  15.81s/step  eta 1:45:22
  dev max|d|=0.0514  (pair=yaml - inline_kv)
step   120/500  loss=0.0241  rank=0.0112  inv=0.1293  lr=1.82e-04  16.11s/step  eta 1:42:01
step   140/500  loss=0.0523  rank=0.0447  inv=0.0761  lr=1.74e-04  16.02s/step  eta 1:36:07
  dev max|d|=0.0653  (pair=json - toml)
step   160/500  loss=0.0431  rank=0.0330  inv=0.1016  lr=1.65e-04  16.21s/step  eta 1:31:50
step   180/500  loss=0.0355  rank=0.0278  inv=0.0768  lr=1.54e-04  16.11s/step  eta 1:25:55
step   200/500  loss=0.0228  rank=0.0198  inv=0.0303  lr=1.42e-04  16.04s/step  eta 1:20:11
  dev max|d|=0.1403  (pair=json - toml)
step   220/500  loss=0.0306  rank=0.0203  inv=0.1035  lr=1.30e-04  16.19s/step  eta 1:15:33
step   240/500  loss=0.0211  rank=0.0169  inv=0.0425  lr=1.17e-04  16.14s/step  eta 1:09:56
  dev max|d|=0.1307  (pair=json - toml)
step   260/500  loss=0.0667  rank=0.0481  inv=0.1862  lr=1.03e-04  16.25s/step  eta 1:04:59
step   280/500  loss=0.0540  rank=0.0422  inv=0.1178  lr=9.00e-05  16.19s/step  eta 0:59:21
step   300/500  loss=0.0412  rank=0.0323  inv=0.0897  lr=7.68e-05  16.15s/step  eta 0:53:50
  dev max|d|=0.0983  (pair=json - toml)
step   320/500  loss=0.0530  rank=0.0430  inv=0.1003  lr=6.41e-05  16.23s/step  eta 0:48:41
step   340/500  loss=0.0194  rank=0.0115  inv=0.0784  lr=5.19e-05  16.19s/step  eta 0:43:10
  dev max|d|=0.0742  (pair=json - toml)
step   360/500  loss=0.0542  rank=0.0485  inv=0.0563  lr=4.07e-05  16.26s/step  eta 0:37:56
step   380/500  loss=0.0425  rank=0.0367  inv=0.0578  lr=3.05e-05  16.22s/step  eta 0:32:25
step   400/500  loss=0.0325  rank=0.0187  inv=0.1375  lr=2.15e-05  16.18s/step  eta 0:26:58
  dev max|d|=0.0173  (pair=yaml - toml)
step   420/500  loss=0.0187  rank=0.0109  inv=0.0779  lr=1.40e-05  16.24s/step  eta 0:21:39
step   440/500  loss=0.0313  rank=0.0256  inv=0.0573  lr=7.94e-06  16.21s/step  eta 0:16:12
  dev max|d|=0.0208  (pair=yaml - toml)
step   460/500  loss=0.0257  rank=0.0099  inv=0.1579  lr=3.55e-06  16.26s/step  eta 0:10:50
step   480/500  loss=0.0272  rank=0.0063  inv=0.2086  lr=8.92e-07  16.24s/step  eta 0:05:24
step   500/500  loss=0.0373  rank=0.0237  inv=0.1360  lr=0.00e+00  16.22s/step  eta 0:00:00
  dev max|d|=0.0206  (pair=yaml - toml)

Finished at step 500 in 8149s, dev max|d|=0.0206
Saved adapter -> data/nq/h2/train/mxbai_v1_tanh_markdown_lam0.1/adapter
