
======================================================================
TRAIN  MiniLM-L12  arm=yaml_lam0   2026-10-05 10:52:12
======================================================================
  identifier:  cross-encoder/ms-marco-MiniLM-L12-v2
  formats:     4 of 5  ['json', 'toml', 'inline_kv', 'markdown']
  held out:    yaml
  lambda_inv:  0.0
  batch:       4 x 4
  steps:       500, warmup 30
  output:      data/nq/h2/train/minilm_l12_yaml_lam0
  device:      cuda
Warning: You are sending unauthenticated requests to the HF Hub. Please set a HF_TOKEN to enable higher rate limits and faster downloads.
[transformers] `torch_dtype` is deprecated! Use `dtype` instead!
Loading weights:   0%|          | 0/201 [00:00<?, ?it/s]Loading weights: 100%|██████████| 201/201 [00:00<00:00, 3655.02it/s]
  trainable:   442,753 / 33,803,138 (1.31%)

Loading the corpus...
[transformers] Token indices sequence length is longer than the specified maximum sequence length for this model (970 > 512). Running this sequence through the model will result in indexing errors
[transformers] Token indices sequence length is longer than the specified maximum sequence length for this model (970 > 512). Running this sequence through the model will result in indexing errors
[transformers] Token indices sequence length is longer than the specified maximum sequence length for this model (963 > 512). Running this sequence through the model will result in indexing errors
[transformers] Token indices sequence length is longer than the specified maximum sequence length for this model (928 > 512). Running this sequence through the model will result in indexing errors
[transformers] Token indices sequence length is longer than the specified maximum sequence length for this model (1154 > 1024). Running this sequence through the model will result in indexing errors
  train: 6,131 kept, 449 dropped
  dev:   758 kept
  corpus loading in 0:15:50

Training minilm_l12 yaml_lam0
[transformers] `use_return_dict` is deprecated! Use `return_dict` instead!
[transformers] `use_cache=True` is incompatible with gradient checkpointing. Setting `use_cache=False`.
step     1/500  loss=0.0817  rank=0.0817  inv=0.8732  lr=6.67e-06  22.78s/step  eta 3:09:27
step    20/500  loss=0.0609  rank=0.0609  inv=0.4590  lr=1.33e-04  24.70s/step  eta 3:17:38
step    40/500  loss=0.0591  rank=0.0591  inv=0.3408  lr=2.00e-04  24.40s/step  eta 3:07:03
  dev max|d|=0.2478  (pair=toml - markdown)
step    60/500  loss=0.0739  rank=0.0739  inv=0.2995  lr=1.98e-04  24.43s/step  eta 2:59:07
step    80/500  loss=0.0545  rank=0.0545  inv=0.3981  lr=1.94e-04  24.47s/step  eta 2:51:18
step   100/500  loss=0.0377  rank=0.0377  inv=0.2383  lr=1.89e-04  24.38s/step  eta 2:42:32
  dev max|d|=0.0899  (pair=json - inline_kv)
step   120/500  loss=0.0183  rank=0.0183  inv=0.3581  lr=1.82e-04  24.63s/step  eta 2:36:00
step   140/500  loss=0.1095  rank=0.1095  inv=0.6346  lr=1.74e-04  24.40s/step  eta 2:26:24
  dev max|d|=0.2651  (pair=json - inline_kv)
step   160/500  loss=0.1732  rank=0.1732  inv=0.5725  lr=1.65e-04  24.42s/step  eta 2:18:22
step   180/500  loss=0.0191  rank=0.0191  inv=0.7193  lr=1.54e-04  24.30s/step  eta 2:09:34
step   200/500  loss=0.0664  rank=0.0664  inv=0.3964  lr=1.42e-04  24.22s/step  eta 2:01:06
  dev max|d|=0.1398  (pair=toml - inline_kv)
step   220/500  loss=0.0915  rank=0.0915  inv=1.2003  lr=1.30e-04  24.32s/step  eta 1:53:28
step   240/500  loss=0.0384  rank=0.0384  inv=0.4204  lr=1.17e-04  24.28s/step  eta 1:45:11
  dev max|d|=0.2837  (pair=json - inline_kv)
step   260/500  loss=0.0053  rank=0.0053  inv=0.4087  lr=1.03e-04  24.45s/step  eta 1:37:47
step   280/500  loss=0.0537  rank=0.0537  inv=0.4435  lr=9.00e-05  24.46s/step  eta 1:29:40
step   300/500  loss=0.0145  rank=0.0145  inv=0.5294  lr=7.68e-05  24.42s/step  eta 1:21:24
  dev max|d|=0.2136  (pair=toml - inline_kv)
step   320/500  loss=0.0205  rank=0.0205  inv=0.7777  lr=6.41e-05  24.46s/step  eta 1:13:22
step   340/500  loss=0.0450  rank=0.0450  inv=0.7444  lr=5.19e-05  24.35s/step  eta 1:04:55
  dev max|d|=0.2606  (pair=json - inline_kv)
step   360/500  loss=0.0162  rank=0.0162  inv=0.5175  lr=4.07e-05  24.40s/step  eta 0:56:55
step   380/500  loss=0.0372  rank=0.0372  inv=0.7382  lr=3.05e-05  24.33s/step  eta 0:48:40
step   400/500  loss=0.0603  rank=0.0603  inv=0.4975  lr=2.15e-05  24.33s/step  eta 0:40:32
  dev max|d|=0.2310  (pair=json - inline_kv)
step   420/500  loss=0.0085  rank=0.0085  inv=1.1206  lr=1.40e-05  24.35s/step  eta 0:32:28
step   440/500  loss=0.0312  rank=0.0312  inv=0.9159  lr=7.94e-06  24.36s/step  eta 0:24:21
  dev max|d|=0.2263  (pair=toml - inline_kv)
step   460/500  loss=0.0414  rank=0.0414  inv=1.0655  lr=3.55e-06  24.34s/step  eta 0:16:13
step   480/500  loss=0.0133  rank=0.0133  inv=0.8386  lr=8.92e-07  24.32s/step  eta 0:08:06
step   500/500  loss=0.1194  rank=0.1194  inv=0.8016  lr=0.00e+00  24.32s/step  eta 0:00:00
  dev max|d|=0.2286  (pair=toml - inline_kv)

Finished at step 500 in 12184s, dev max|d|=0.2286
Saved adapter -> data/nq/h2/train/minilm_l12_yaml_lam0/adapter
