
======================================================================
TRAIN  bge-v2-m3  arm=markdown_lam0   2026-10-05 10:37:00
======================================================================
  identifier:  BAAI/bge-reranker-v2-m3
  formats:     4 of 5  ['yaml', 'json', 'toml', 'inline_kv']
  held out:    markdown
  lambda_inv:  0.0
  batch:       2 x 8
  steps:       500, warmup 30
  output:      data/nq/h2/train/bge_v2_m3_markdown_lam0
  device:      cuda
Warning: You are sending unauthenticated requests to the HF Hub. Please set a HF_TOKEN to enable higher rate limits and faster downloads.
[transformers] `torch_dtype` is deprecated! Use `dtype` instead!
Loading weights:   0%|          | 0/393 [00:00<?, ?it/s]Loading weights: 100%|██████████| 393/393 [00:00<00:00, 7803.49it/s]
  trainable:   3,409,921 / 571,165,698 (0.60%)

Loading the corpus...
[transformers] Token indices sequence length is longer than the specified maximum sequence length for this model (970 > 512). Running this sequence through the model will result in indexing errors
[transformers] Token indices sequence length is longer than the specified maximum sequence length for this model (970 > 512). Running this sequence through the model will result in indexing errors
[transformers] Token indices sequence length is longer than the specified maximum sequence length for this model (963 > 512). Running this sequence through the model will result in indexing errors
[transformers] Token indices sequence length is longer than the specified maximum sequence length for this model (928 > 512). Running this sequence through the model will result in indexing errors
[transformers] Token indices sequence length is longer than the specified maximum sequence length for this model (1154 > 1024). Running this sequence through the model will result in indexing errors
  train: 6,131 kept, 449 dropped
  dev:   758 kept
  corpus loading in 0:02:10

Training bge_v2_m3 markdown_lam0
[transformers] `use_return_dict` is deprecated! Use `return_dict` instead!
[transformers] `use_cache=True` is incompatible with gradient checkpointing. Setting `use_cache=False`.
step     1/500  loss=0.1009  rank=0.1009  inv=0.3150  lr=6.67e-06  16.97s/step  eta 2:21:07
step    20/500  loss=0.0204  rank=0.0204  inv=0.3456  lr=1.33e-04  17.45s/step  eta 2:19:36
step    40/500  loss=0.0006  rank=0.0006  inv=0.3426  lr=2.00e-04  17.46s/step  eta 2:13:52
  dev max|d|=0.5129  (pair=yaml - json)
step    60/500  loss=0.0083  rank=0.0083  inv=0.1552  lr=1.98e-04  19.00s/step  eta 2:19:20
step    80/500  loss=0.0210  rank=0.0210  inv=0.3094  lr=1.94e-04  18.64s/step  eta 2:10:28
step   100/500  loss=0.0018  rank=0.0018  inv=0.4442  lr=1.89e-04  18.42s/step  eta 2:02:47
  dev max|d|=0.2537  (pair=yaml - json)
step   120/500  loss=0.0071  rank=0.0071  inv=0.3832  lr=1.82e-04  19.05s/step  eta 2:00:37
step   140/500  loss=0.0171  rank=0.0171  inv=0.1743  lr=1.74e-04  18.86s/step  eta 1:53:08
  dev max|d|=0.2990  (pair=yaml - json)
step   160/500  loss=0.0074  rank=0.0074  inv=0.2506  lr=1.65e-04  19.28s/step  eta 1:49:16
step   180/500  loss=0.0240  rank=0.0240  inv=0.3654  lr=1.54e-04  19.08s/step  eta 1:41:46
step   200/500  loss=0.0025  rank=0.0025  inv=0.1919  lr=1.42e-04  18.93s/step  eta 1:34:38
  dev max|d|=0.3426  (pair=yaml - json)
step   220/500  loss=0.0006  rank=0.0006  inv=0.3942  lr=1.30e-04  19.23s/step  eta 1:29:44
step   240/500  loss=0.0008  rank=0.0008  inv=0.4757  lr=1.17e-04  19.10s/step  eta 1:22:45
  dev max|d|=0.3806  (pair=yaml - json)
step   260/500  loss=0.0126  rank=0.0126  inv=0.5988  lr=1.03e-04  19.33s/step  eta 1:17:19
step   280/500  loss=0.0428  rank=0.0428  inv=0.2557  lr=9.00e-05  19.20s/step  eta 1:10:24
step   300/500  loss=0.1016  rank=0.1016  inv=0.3950  lr=7.68e-05  19.10s/step  eta 1:03:39
  dev max|d|=0.4061  (pair=yaml - json)
step   320/500  loss=0.0058  rank=0.0058  inv=0.4271  lr=6.41e-05  19.28s/step  eta 0:57:51
step   340/500  loss=0.0069  rank=0.0069  inv=0.8408  lr=5.19e-05  19.19s/step  eta 0:51:10
  dev max|d|=0.3516  (pair=yaml - json)
step   360/500  loss=0.0710  rank=0.0710  inv=0.4258  lr=4.07e-05  19.35s/step  eta 0:45:09
step   380/500  loss=0.0110  rank=0.0110  inv=0.1981  lr=3.05e-05  19.26s/step  eta 0:38:31
step   400/500  loss=0.0034  rank=0.0034  inv=0.2446  lr=2.15e-05  19.18s/step  eta 0:31:58
  dev max|d|=0.3500  (pair=yaml - json)
step   420/500  loss=0.0115  rank=0.0115  inv=0.3517  lr=1.40e-05  19.32s/step  eta 0:25:45
step   440/500  loss=0.0106  rank=0.0106  inv=0.3361  lr=7.94e-06  19.24s/step  eta 0:19:14
  dev max|d|=0.3461  (pair=yaml - json)
step   460/500  loss=0.0006  rank=0.0006  inv=0.2710  lr=3.55e-06  19.37s/step  eta 0:12:54
step   480/500  loss=0.0015  rank=0.0015  inv=0.4097  lr=8.92e-07  19.30s/step  eta 0:06:25
step   500/500  loss=0.0060  rank=0.0060  inv=0.6216  lr=0.00e+00  19.22s/step  eta 0:00:00
  dev max|d|=0.3448  (pair=yaml - json)

Finished at step 500 in 9704s, dev max|d|=0.3448
Saved adapter -> data/nq/h2/train/bge_v2_m3_markdown_lam0/adapter
