
======================================================================
TRAIN  MiniLM-L12  arm=inline_kv_lam0   2026-10-05 10:52:05
======================================================================
  identifier:  cross-encoder/ms-marco-MiniLM-L12-v2
  formats:     4 of 5  ['yaml', 'json', 'toml', 'markdown']
  held out:    inline_kv
  lambda_inv:  0.0
  batch:       4 x 4
  steps:       500, warmup 30
  output:      data/nq/h2/train/minilm_l12_inline_kv_lam0
  device:      cuda
Warning: You are sending unauthenticated requests to the HF Hub. Please set a HF_TOKEN to enable higher rate limits and faster downloads.
[transformers] `torch_dtype` is deprecated! Use `dtype` instead!
Loading weights:   0%|          | 0/201 [00:00<?, ?it/s]Loading weights: 100%|██████████| 201/201 [00:00<00:00, 4755.37it/s]
  trainable:   442,753 / 33,803,138 (1.31%)

Loading the corpus...
[transformers] Token indices sequence length is longer than the specified maximum sequence length for this model (970 > 512). Running this sequence through the model will result in indexing errors
[transformers] Token indices sequence length is longer than the specified maximum sequence length for this model (970 > 512). Running this sequence through the model will result in indexing errors
[transformers] Token indices sequence length is longer than the specified maximum sequence length for this model (963 > 512). Running this sequence through the model will result in indexing errors
[transformers] Token indices sequence length is longer than the specified maximum sequence length for this model (928 > 512). Running this sequence through the model will result in indexing errors
[transformers] Token indices sequence length is longer than the specified maximum sequence length for this model (1154 > 1024). Running this sequence through the model will result in indexing errors
  train: 6,131 kept, 449 dropped
  dev:   758 kept
  corpus loading in 0:08:10

Training minilm_l12 inline_kv_lam0
[transformers] `use_return_dict` is deprecated! Use `return_dict` instead!
[transformers] `use_cache=True` is incompatible with gradient checkpointing. Setting `use_cache=False`.
step     1/500  loss=0.0971  rank=0.0971  inv=1.3892  lr=6.67e-06  21.43s/step  eta 2:58:15
step    20/500  loss=0.0606  rank=0.0606  inv=0.8271  lr=1.33e-04  21.18s/step  eta 2:49:27
step    40/500  loss=0.0765  rank=0.0765  inv=0.3712  lr=2.00e-04  21.23s/step  eta 2:42:45
  dev max|d|=0.7634  (pair=yaml - toml)
step    60/500  loss=0.0534  rank=0.0534  inv=0.2281  lr=1.98e-04  21.71s/step  eta 2:39:13
step    80/500  loss=0.0684  rank=0.0684  inv=0.4739  lr=1.94e-04  21.61s/step  eta 2:31:16
step   100/500  loss=0.0504  rank=0.0504  inv=0.4087  lr=1.89e-04  21.55s/step  eta 2:23:38
  dev max|d|=0.4563  (pair=yaml - toml)
step   120/500  loss=0.0196  rank=0.0196  inv=0.3737  lr=1.82e-04  21.70s/step  eta 2:17:27
step   140/500  loss=0.1350  rank=0.1350  inv=0.4408  lr=1.74e-04  21.67s/step  eta 2:10:01
  dev max|d|=0.3750  (pair=yaml - toml)
step   160/500  loss=0.1742  rank=0.1742  inv=0.6394  lr=1.65e-04  21.80s/step  eta 2:03:30
step   180/500  loss=0.0089  rank=0.0089  inv=0.6290  lr=1.54e-04  21.74s/step  eta 1:55:57
step   200/500  loss=0.0452  rank=0.0452  inv=0.5539  lr=1.42e-04  21.70s/step  eta 1:48:29
  dev max|d|=0.2358  (pair=yaml - toml)
step   220/500  loss=0.0978  rank=0.0978  inv=1.1030  lr=1.30e-04  21.78s/step  eta 1:41:39
step   240/500  loss=0.0365  rank=0.0365  inv=0.3954  lr=1.17e-04  21.74s/step  eta 1:34:12
  dev max|d|=0.2799  (pair=yaml - toml)
step   260/500  loss=0.0069  rank=0.0069  inv=0.5039  lr=1.03e-04  21.82s/step  eta 1:27:16
step   280/500  loss=0.0647  rank=0.0647  inv=1.1553  lr=9.00e-05  21.77s/step  eta 1:19:50
step   300/500  loss=0.0146  rank=0.0146  inv=0.4477  lr=7.68e-05  21.74s/step  eta 1:12:28
  dev max|d|=0.1865  (pair=yaml - toml)
step   320/500  loss=0.0273  rank=0.0273  inv=0.9354  lr=6.41e-05  21.79s/step  eta 1:05:22
step   340/500  loss=0.0754  rank=0.0754  inv=0.8852  lr=5.19e-05  21.75s/step  eta 0:58:00
  dev max|d|=0.2414  (pair=json - toml)
step   360/500  loss=0.0141  rank=0.0141  inv=0.5071  lr=4.07e-05  21.80s/step  eta 0:50:51
step   380/500  loss=0.0396  rank=0.0396  inv=0.8293  lr=3.05e-05  21.77s/step  eta 0:43:32
step   400/500  loss=0.0644  rank=0.0644  inv=0.6521  lr=2.15e-05  21.74s/step  eta 0:36:13
  dev max|d|=0.1466  (pair=yaml - toml)
step   420/500  loss=0.0083  rank=0.0083  inv=0.6855  lr=1.40e-05  21.78s/step  eta 0:29:02
step   440/500  loss=0.0135  rank=0.0135  inv=0.4406  lr=7.94e-06  21.75s/step  eta 0:21:45
  dev max|d|=0.1388  (pair=yaml - toml)
step   460/500  loss=0.0149  rank=0.0149  inv=0.6370  lr=3.55e-06  21.79s/step  eta 0:14:31
step   480/500  loss=0.0104  rank=0.0104  inv=0.7112  lr=8.92e-07  21.77s/step  eta 0:07:15
step   500/500  loss=0.1218  rank=0.1218  inv=0.5071  lr=0.00e+00  21.75s/step  eta 0:00:00
  dev max|d|=0.1402  (pair=yaml - toml)

Finished at step 500 in 10904s, dev max|d|=0.1402
Saved adapter -> data/nq/h2/train/minilm_l12_inline_kv_lam0/adapter
