
======================================================================
TRAIN  bge-v2-m3  arm=inline_kv_lam0   2026-10-05 10:37:00
======================================================================
  identifier:  BAAI/bge-reranker-v2-m3
  formats:     4 of 5  ['yaml', 'json', 'toml', 'markdown']
  held out:    inline_kv
  lambda_inv:  0.0
  batch:       2 x 8
  steps:       500, warmup 30
  output:      data/nq/h2/train/bge_v2_m3_inline_kv_lam0
  device:      cuda
Warning: You are sending unauthenticated requests to the HF Hub. Please set a HF_TOKEN to enable higher rate limits and faster downloads.
[transformers] `torch_dtype` is deprecated! Use `dtype` instead!
Loading weights:   0%|          | 0/393 [00:00<?, ?it/s]Loading weights: 100%|██████████| 393/393 [00:00<00:00, 7167.57it/s]
  trainable:   3,409,921 / 571,165,698 (0.60%)

Loading the corpus...
[transformers] Token indices sequence length is longer than the specified maximum sequence length for this model (970 > 512). Running this sequence through the model will result in indexing errors
[transformers] Token indices sequence length is longer than the specified maximum sequence length for this model (970 > 512). Running this sequence through the model will result in indexing errors
[transformers] Token indices sequence length is longer than the specified maximum sequence length for this model (963 > 512). Running this sequence through the model will result in indexing errors
[transformers] Token indices sequence length is longer than the specified maximum sequence length for this model (928 > 512). Running this sequence through the model will result in indexing errors
[transformers] Token indices sequence length is longer than the specified maximum sequence length for this model (1154 > 1024). Running this sequence through the model will result in indexing errors
  train: 6,131 kept, 449 dropped
  dev:   758 kept
  corpus loading in 0:02:10

Training bge_v2_m3 inline_kv_lam0
[transformers] `use_return_dict` is deprecated! Use `return_dict` instead!
[transformers] `use_cache=True` is incompatible with gradient checkpointing. Setting `use_cache=False`.
step     1/500  loss=0.0914  rank=0.0914  inv=0.3073  lr=6.67e-06  16.82s/step  eta 2:19:55
step    20/500  loss=0.0179  rank=0.0179  inv=0.3051  lr=1.33e-04  17.27s/step  eta 2:18:08
step    40/500  loss=0.0016  rank=0.0016  inv=0.4176  lr=2.00e-04  17.23s/step  eta 2:12:05
  dev max|d|=0.5856  (pair=json - markdown)
step    60/500  loss=0.0063  rank=0.0063  inv=0.1234  lr=1.98e-04  18.69s/step  eta 2:17:02
step    80/500  loss=0.0310  rank=0.0310  inv=0.3576  lr=1.94e-04  18.32s/step  eta 2:08:16
step   100/500  loss=0.0022  rank=0.0022  inv=0.2720  lr=1.89e-04  18.10s/step  eta 2:00:40
  dev max|d|=0.5160  (pair=toml - markdown)
step   120/500  loss=0.0022  rank=0.0022  inv=0.2344  lr=1.82e-04  18.70s/step  eta 1:58:25
step   140/500  loss=0.0087  rank=0.0087  inv=0.1998  lr=1.74e-04  18.50s/step  eta 1:51:00
  dev max|d|=0.4792  (pair=toml - markdown)
step   160/500  loss=0.0066  rank=0.0066  inv=0.1825  lr=1.65e-04  18.91s/step  eta 1:47:09
step   180/500  loss=0.0305  rank=0.0305  inv=0.3516  lr=1.54e-04  18.74s/step  eta 1:39:55
step   200/500  loss=0.0027  rank=0.0027  inv=0.1402  lr=1.42e-04  18.58s/step  eta 1:32:54
  dev max|d|=0.3668  (pair=yaml - toml)
step   220/500  loss=0.0003  rank=0.0003  inv=0.2528  lr=1.30e-04  18.87s/step  eta 1:28:02
step   240/500  loss=0.0034  rank=0.0034  inv=0.3439  lr=1.17e-04  18.74s/step  eta 1:21:11
  dev max|d|=0.3963  (pair=yaml - toml)
step   260/500  loss=0.0062  rank=0.0062  inv=0.4872  lr=1.03e-04  18.96s/step  eta 1:15:50
step   280/500  loss=0.0420  rank=0.0420  inv=0.2795  lr=9.00e-05  18.84s/step  eta 1:09:04
step   300/500  loss=0.0929  rank=0.0929  inv=0.4786  lr=7.68e-05  18.73s/step  eta 1:02:26
  dev max|d|=0.4062  (pair=toml - markdown)
step   320/500  loss=0.0065  rank=0.0065  inv=0.4405  lr=6.41e-05  18.92s/step  eta 0:56:44
step   340/500  loss=0.0030  rank=0.0030  inv=0.2993  lr=5.19e-05  18.82s/step  eta 0:50:11
  dev max|d|=0.4005  (pair=toml - markdown)
step   360/500  loss=0.0516  rank=0.0516  inv=0.4742  lr=4.07e-05  18.99s/step  eta 0:44:18
step   380/500  loss=0.0157  rank=0.0157  inv=0.4067  lr=3.05e-05  18.89s/step  eta 0:37:47
step   400/500  loss=0.0024  rank=0.0024  inv=0.2873  lr=2.15e-05  18.81s/step  eta 0:31:21
  dev max|d|=0.3786  (pair=toml - markdown)
step   420/500  loss=0.0088  rank=0.0088  inv=0.2255  lr=1.40e-05  18.95s/step  eta 0:25:15
step   440/500  loss=0.0027  rank=0.0027  inv=0.2184  lr=7.94e-06  18.87s/step  eta 0:18:52
  dev max|d|=0.3912  (pair=toml - markdown)
step   460/500  loss=0.0006  rank=0.0006  inv=0.4144  lr=3.55e-06  18.99s/step  eta 0:12:39
step   480/500  loss=0.0006  rank=0.0006  inv=0.2472  lr=8.92e-07  18.92s/step  eta 0:06:18
step   500/500  loss=0.0038  rank=0.0038  inv=0.4314  lr=0.00e+00  18.86s/step  eta 0:00:00
  dev max|d|=0.3905  (pair=toml - markdown)

Finished at step 500 in 9518s, dev max|d|=0.3905
Saved adapter -> data/nq/h2/train/bge_v2_m3_inline_kv_lam0/adapter
