
======================================================================
TRAIN  bge-v2-m3  arm=5fmt_lam1   2026-10-05 06:03:34
======================================================================
  identifier:  BAAI/bge-reranker-v2-m3
  formats:     5 of 5  ['yaml', 'json', 'toml', 'inline_kv', 'markdown']
  lambda_inv:  1.0
  batch:       2 x 8
  steps:       500, warmup 30
  output:      data/nq/h2/train/bge_v2_m3_5fmt_lam1
  device:      cuda
Warning: You are sending unauthenticated requests to the HF Hub. Please set a HF_TOKEN to enable higher rate limits and faster downloads.
[transformers] `torch_dtype` is deprecated! Use `dtype` instead!
Loading weights:   0%|          | 0/393 [00:00<?, ?it/s]Loading weights: 100%|██████████| 393/393 [00:00<00:00, 7162.34it/s]
  trainable:   3,409,921 / 571,165,698 (0.60%)

Loading the corpus...
[transformers] Token indices sequence length is longer than the specified maximum sequence length for this model (970 > 512). Running this sequence through the model will result in indexing errors
[transformers] Token indices sequence length is longer than the specified maximum sequence length for this model (970 > 512). Running this sequence through the model will result in indexing errors
[transformers] Token indices sequence length is longer than the specified maximum sequence length for this model (963 > 512). Running this sequence through the model will result in indexing errors
[transformers] Token indices sequence length is longer than the specified maximum sequence length for this model (928 > 512). Running this sequence through the model will result in indexing errors
[transformers] Token indices sequence length is longer than the specified maximum sequence length for this model (1154 > 1024). Running this sequence through the model will result in indexing errors
  train: 6,131 kept, 449 dropped
  dev:   758 kept
  corpus loading in 0:02:10

Training bge_v2_m3 5fmt_lam1
[transformers] `use_return_dict` is deprecated! Use `return_dict` instead!
[transformers] `use_cache=True` is incompatible with gradient checkpointing. Setting `use_cache=False`.
step     1/500  loss=0.4463  rank=0.0867  inv=0.3596  lr=6.67e-06  21.03s/step  eta 2:54:55
step    20/500  loss=0.0887  rank=0.0693  inv=0.0194  lr=1.33e-04  21.34s/step  eta 2:50:44
step    40/500  loss=0.0478  rank=0.0153  inv=0.0324  lr=2.00e-04  21.41s/step  eta 2:44:07
  dev max|d|=0.3612  (pair=json - toml)
step    60/500  loss=0.0317  rank=0.0181  inv=0.0136  lr=1.98e-04  23.24s/step  eta 2:50:25
step    80/500  loss=0.0877  rank=0.0709  inv=0.0168  lr=1.94e-04  22.80s/step  eta 2:39:36
step   100/500  loss=0.0366  rank=0.0203  inv=0.0164  lr=1.89e-04  22.53s/step  eta 2:30:11
  dev max|d|=0.1973  (pair=toml - markdown)
step   120/500  loss=0.0269  rank=0.0151  inv=0.0118  lr=1.82e-04  23.27s/step  eta 2:27:20
step   140/500  loss=0.0446  rank=0.0348  inv=0.0097  lr=1.74e-04  23.02s/step  eta 2:18:08
  dev max|d|=0.1685  (pair=json - markdown)
step   160/500  loss=0.0326  rank=0.0248  inv=0.0078  lr=1.65e-04  23.55s/step  eta 2:13:25
step   180/500  loss=0.0405  rank=0.0218  inv=0.0187  lr=1.54e-04  23.32s/step  eta 2:04:22
step   200/500  loss=0.0268  rank=0.0155  inv=0.0113  lr=1.42e-04  23.14s/step  eta 1:55:40
  dev max|d|=0.2085  (pair=yaml - inline_kv)
step   220/500  loss=0.0451  rank=0.0241  inv=0.0210  lr=1.30e-04  23.50s/step  eta 1:49:39
step   240/500  loss=0.0288  rank=0.0202  inv=0.0087  lr=1.17e-04  23.33s/step  eta 1:41:06
  dev max|d|=0.1422  (pair=yaml - inline_kv)
step   260/500  loss=0.0737  rank=0.0261  inv=0.0477  lr=1.03e-04  23.62s/step  eta 1:34:29
step   280/500  loss=0.0451  rank=0.0318  inv=0.0133  lr=9.00e-05  23.47s/step  eta 1:26:04
step   300/500  loss=0.0787  rank=0.0592  inv=0.0195  lr=7.68e-05  23.36s/step  eta 1:17:52
  dev max|d|=0.1287  (pair=json - markdown)
step   320/500  loss=0.0502  rank=0.0399  inv=0.0104  lr=6.41e-05  23.59s/step  eta 1:10:45
step   340/500  loss=0.0558  rank=0.0326  inv=0.0233  lr=5.19e-05  23.49s/step  eta 1:02:37
  dev max|d|=0.1033  (pair=json - markdown)
step   360/500  loss=0.0794  rank=0.0635  inv=0.0159  lr=4.07e-05  23.69s/step  eta 0:55:16
step   380/500  loss=0.0267  rank=0.0180  inv=0.0087  lr=3.05e-05  23.58s/step  eta 0:47:09
step   400/500  loss=0.0431  rank=0.0376  inv=0.0055  lr=2.15e-05  23.47s/step  eta 0:39:07
  dev max|d|=0.0952  (pair=json - markdown)
step   420/500  loss=0.0443  rank=0.0348  inv=0.0095  lr=1.40e-05  23.64s/step  eta 0:31:31
step   440/500  loss=0.0373  rank=0.0240  inv=0.0133  lr=7.94e-06  23.55s/step  eta 0:23:33
  dev max|d|=0.0945  (pair=json - markdown)
step   460/500  loss=0.0195  rank=0.0083  inv=0.0112  lr=3.55e-06  23.70s/step  eta 0:15:48
step   480/500  loss=0.0357  rank=0.0103  inv=0.0254  lr=8.92e-07  23.62s/step  eta 0:07:52
step   500/500  loss=0.0641  rank=0.0300  inv=0.0341  lr=0.00e+00  23.54s/step  eta 0:00:00
  dev max|d|=0.0923  (pair=json - markdown)

Finished at step 500 in 11881s, dev max|d|=0.0923
Saved adapter -> data/nq/h2/train/bge_v2_m3_5fmt_lam1/adapter
