
======================================================================
TRAIN  mxbai-v1-tanh  arm=toml_lam0   2026-10-06 02:05:01
======================================================================
  identifier:  mixedbread-ai/mxbai-rerank-base-v1
  formats:     4 of 5  ['yaml', 'json', 'inline_kv', 'markdown']
  held out:    toml
  lambda_inv:  0.0
  batch:       2 x 8
  steps:       500, warmup 30
  output:      data/nq/h2/train/mxbai_v1_tanh_toml_lam0
  device:      cuda
Warning: You are sending unauthenticated requests to the HF Hub. Please set a HF_TOKEN to enable higher rate limits and faster downloads.
[transformers] `torch_dtype` is deprecated! Use `dtype` instead!
Loading weights:   0%|          | 0/202 [00:00<?, ?it/s]Loading weights: 100%|██████████| 202/202 [00:00<00:00, 4580.40it/s]
  trainable:   1,476,097 / 186,489,602 (0.79%)

Loading the corpus...
[transformers] Token indices sequence length is longer than the specified maximum sequence length for this model (970 > 512). Running this sequence through the model will result in indexing errors
[transformers] Token indices sequence length is longer than the specified maximum sequence length for this model (970 > 512). Running this sequence through the model will result in indexing errors
[transformers] Token indices sequence length is longer than the specified maximum sequence length for this model (963 > 512). Running this sequence through the model will result in indexing errors
[transformers] Token indices sequence length is longer than the specified maximum sequence length for this model (928 > 512). Running this sequence through the model will result in indexing errors
[transformers] Token indices sequence length is longer than the specified maximum sequence length for this model (1154 > 1024). Running this sequence through the model will result in indexing errors
  train: 6,131 kept, 449 dropped
  dev:   758 kept
  corpus loading in 0:02:11

Training mxbai_v1_tanh toml_lam0
[transformers] `use_return_dict` is deprecated! Use `return_dict` instead!
step     1/500  loss=0.7807  rank=0.7807  inv=0.0013  lr=6.67e-06  15.02s/step  eta 2:04:53
step    20/500  loss=0.0954  rank=0.0954  inv=0.0907  lr=1.33e-04  15.48s/step  eta 2:03:49
step    40/500  loss=0.0117  rank=0.0117  inv=0.4064  lr=2.00e-04  15.48s/step  eta 1:58:41
  dev max|d|=0.2021  (pair=yaml - markdown)
step    60/500  loss=0.0319  rank=0.0319  inv=0.8674  lr=1.98e-04  16.17s/step  eta 1:58:32
step    80/500  loss=0.0331  rank=0.0331  inv=0.7547  lr=1.94e-04  16.04s/step  eta 1:52:15
step   100/500  loss=0.0424  rank=0.0424  inv=0.5906  lr=1.89e-04  15.94s/step  eta 1:46:17
  dev max|d|=0.1302  (pair=yaml - inline_kv)
step   120/500  loss=0.0031  rank=0.0031  inv=0.4895  lr=1.82e-04  16.24s/step  eta 1:42:49
step   140/500  loss=0.0319  rank=0.0319  inv=0.4653  lr=1.74e-04  16.18s/step  eta 1:37:05
  dev max|d|=0.1642  (pair=yaml - json)
step   160/500  loss=0.0410  rank=0.0410  inv=0.5819  lr=1.65e-04  16.36s/step  eta 1:32:42
step   180/500  loss=0.0228  rank=0.0228  inv=0.4022  lr=1.54e-04  16.25s/step  eta 1:26:39
step   200/500  loss=0.0105  rank=0.0105  inv=0.2787  lr=1.42e-04  16.17s/step  eta 1:20:50
  dev max|d|=0.2440  (pair=json - inline_kv)
step   220/500  loss=0.0096  rank=0.0096  inv=0.4167  lr=1.30e-04  16.31s/step  eta 1:16:07
step   240/500  loss=0.0187  rank=0.0187  inv=0.5325  lr=1.17e-04  16.25s/step  eta 1:10:26
  dev max|d|=0.2059  (pair=json - inline_kv)
step   260/500  loss=0.0438  rank=0.0438  inv=0.5461  lr=1.03e-04  16.36s/step  eta 1:05:25
step   280/500  loss=0.0392  rank=0.0392  inv=0.8157  lr=9.00e-05  16.29s/step  eta 0:59:44
step   300/500  loss=0.0541  rank=0.0541  inv=1.0423  lr=7.68e-05  16.26s/step  eta 0:54:11
  dev max|d|=0.2008  (pair=yaml - inline_kv)
step   320/500  loss=0.0221  rank=0.0221  inv=0.5364  lr=6.41e-05  16.33s/step  eta 0:49:00
step   340/500  loss=0.0074  rank=0.0074  inv=0.4500  lr=5.19e-05  16.30s/step  eta 0:43:27
  dev max|d|=0.1688  (pair=yaml - inline_kv)
step   360/500  loss=0.0632  rank=0.0632  inv=0.4475  lr=4.07e-05  16.36s/step  eta 0:38:10
step   380/500  loss=0.0598  rank=0.0598  inv=0.8478  lr=3.05e-05  16.32s/step  eta 0:32:38
step   400/500  loss=0.0184  rank=0.0184  inv=0.5130  lr=2.15e-05  16.28s/step  eta 0:27:07
  dev max|d|=0.1797  (pair=yaml - inline_kv)
step   420/500  loss=0.0043  rank=0.0043  inv=0.2678  lr=1.40e-05  16.34s/step  eta 0:21:47
step   440/500  loss=0.0125  rank=0.0125  inv=0.3918  lr=7.94e-06  16.34s/step  eta 0:16:20
  dev max|d|=0.1837  (pair=yaml - inline_kv)
step   460/500  loss=0.0056  rank=0.0056  inv=0.8587  lr=3.55e-06  16.39s/step  eta 0:10:55
step   480/500  loss=0.0026  rank=0.0026  inv=0.5404  lr=8.92e-07  16.36s/step  eta 0:05:27
step   500/500  loss=0.0192  rank=0.0192  inv=0.6418  lr=0.00e+00  16.34s/step  eta 0:00:00
  dev max|d|=0.1840  (pair=yaml - inline_kv)

Finished at step 500 in 8212s, dev max|d|=0.1840
Saved adapter -> data/nq/h2/train/mxbai_v1_tanh_toml_lam0/adapter
