
======================================================================
TRAIN  bge-v2-m3  arm=5fmt_lam10   2026-10-05 06:03:34
======================================================================
  identifier:  BAAI/bge-reranker-v2-m3
  formats:     5 of 5  ['yaml', 'json', 'toml', 'inline_kv', 'markdown']
  lambda_inv:  10.0
  batch:       2 x 8
  steps:       500, warmup 30
  output:      data/nq/h2/train/bge_v2_m3_5fmt_lam10
  device:      cuda
Warning: You are sending unauthenticated requests to the HF Hub. Please set a HF_TOKEN to enable higher rate limits and faster downloads.
[transformers] `torch_dtype` is deprecated! Use `dtype` instead!
Loading weights:   0%|          | 0/393 [00:00<?, ?it/s]Loading weights: 100%|██████████| 393/393 [00:00<00:00, 12207.64it/s]
  trainable:   3,409,921 / 571,165,698 (0.60%)

Loading the corpus...
[transformers] Token indices sequence length is longer than the specified maximum sequence length for this model (970 > 512). Running this sequence through the model will result in indexing errors
[transformers] Token indices sequence length is longer than the specified maximum sequence length for this model (970 > 512). Running this sequence through the model will result in indexing errors
[transformers] Token indices sequence length is longer than the specified maximum sequence length for this model (963 > 512). Running this sequence through the model will result in indexing errors
[transformers] Token indices sequence length is longer than the specified maximum sequence length for this model (928 > 512). Running this sequence through the model will result in indexing errors
[transformers] Token indices sequence length is longer than the specified maximum sequence length for this model (1154 > 1024). Running this sequence through the model will result in indexing errors
  train: 6,131 kept, 449 dropped
  dev:   758 kept
  corpus loading in 0:02:11

Training bge_v2_m3 5fmt_lam10
[transformers] `use_return_dict` is deprecated! Use `return_dict` instead!
[transformers] `use_cache=True` is incompatible with gradient checkpointing. Setting `use_cache=False`.
step     1/500  loss=3.6827  rank=0.0867  inv=0.3596  lr=6.67e-06  21.08s/step  eta 2:55:16
step    20/500  loss=0.2487  rank=0.0869  inv=0.0162  lr=1.33e-04  21.62s/step  eta 2:52:56
step    40/500  loss=0.1934  rank=0.0438  inv=0.0150  lr=2.00e-04  21.66s/step  eta 2:46:02
  dev max|d|=0.3157  (pair=json - toml)
step    60/500  loss=0.1229  rank=0.0521  inv=0.0071  lr=1.98e-04  23.58s/step  eta 2:52:55
step    80/500  loss=0.1768  rank=0.1258  inv=0.0051  lr=1.94e-04  23.13s/step  eta 2:41:55
step   100/500  loss=0.0919  rank=0.0369  inv=0.0055  lr=1.89e-04  22.85s/step  eta 2:32:20
  dev max|d|=0.1294  (pair=inline_kv - markdown)
step   120/500  loss=0.0710  rank=0.0391  inv=0.0032  lr=1.82e-04  23.61s/step  eta 2:29:33
step   140/500  loss=0.1167  rank=0.0896  inv=0.0027  lr=1.74e-04  23.39s/step  eta 2:20:21
  dev max|d|=0.1562  (pair=json - markdown)
step   160/500  loss=0.0639  rank=0.0383  inv=0.0026  lr=1.65e-04  23.93s/step  eta 2:15:35
step   180/500  loss=0.0846  rank=0.0286  inv=0.0056  lr=1.54e-04  23.71s/step  eta 2:06:25
step   200/500  loss=0.0825  rank=0.0510  inv=0.0032  lr=1.42e-04  23.53s/step  eta 1:57:38
  dev max|d|=0.1138  (pair=json - markdown)
step   220/500  loss=0.0896  rank=0.0498  inv=0.0040  lr=1.30e-04  23.91s/step  eta 1:51:35
step   240/500  loss=0.0916  rank=0.0634  inv=0.0028  lr=1.17e-04  23.75s/step  eta 1:42:54
  dev max|d|=0.0980  (pair=json - markdown)
step   260/500  loss=0.4454  rank=0.0567  inv=0.0389  lr=1.03e-04  24.05s/step  eta 1:36:12
step   280/500  loss=0.0743  rank=0.0487  inv=0.0026  lr=9.00e-05  23.90s/step  eta 1:27:37
step   300/500  loss=0.7359  rank=0.0514  inv=0.0685  lr=7.68e-05  23.80s/step  eta 1:19:20
  dev max|d|=0.1031  (pair=json - markdown)
step   320/500  loss=0.1211  rank=0.0833  inv=0.0038  lr=6.41e-05  24.06s/step  eta 1:12:10
step   340/500  loss=0.1362  rank=0.0953  inv=0.0041  lr=5.19e-05  23.95s/step  eta 1:03:52
  dev max|d|=0.1010  (pair=json - markdown)
step   360/500  loss=0.3976  rank=0.1061  inv=0.0291  lr=4.07e-05  24.16s/step  eta 0:56:22
step   380/500  loss=0.0780  rank=0.0400  inv=0.0038  lr=3.05e-05  24.04s/step  eta 0:48:04
step   400/500  loss=0.0953  rank=0.0832  inv=0.0012  lr=2.15e-05  23.94s/step  eta 0:39:53
  dev max|d|=0.1021  (pair=json - markdown)
step   420/500  loss=0.2353  rank=0.0516  inv=0.0184  lr=1.40e-05  24.12s/step  eta 0:32:09
step   440/500  loss=0.0815  rank=0.0375  inv=0.0044  lr=7.94e-06  24.03s/step  eta 0:24:01
  dev max|d|=0.0892  (pair=json - markdown)
step   460/500  loss=0.0621  rank=0.0296  inv=0.0033  lr=3.55e-06  24.19s/step  eta 0:16:07
step   480/500  loss=0.2820  rank=0.0206  inv=0.0261  lr=8.92e-07  24.10s/step  eta 0:08:02
step   500/500  loss=0.1650  rank=0.0431  inv=0.0122  lr=0.00e+00  24.02s/step  eta 0:00:00
  dev max|d|=0.0893  (pair=json - markdown)

Finished at step 500 in 12126s, dev max|d|=0.0893
Saved adapter -> data/nq/h2/train/bge_v2_m3_5fmt_lam10/adapter
