Device: cuda

Loading tokenizers for 6 budget models...
Warning: You are sending unauthenticated requests to the HF Hub. Please set a HF_TOKEN to enable higher rate limits and faster downloads.
  ok  cross-encoder/ms-marco-MiniLM-L6-v2
  ok  cross-encoder/ms-marco-MiniLM-L12-v2
  ok  BAAI/bge-reranker-base
  ok  BAAI/bge-reranker-v2-m3
  ok  mixedbread-ai/mxbai-rerank-base-v1
[transformers] `torch_dtype` is deprecated! Use `dtype` instead!
  ok  jinaai/jina-reranker-v2-base-multilingual
Loading data/nq/splits/train.json...
Loading data/nq/splits/dev.json...
Loading data/nq/splits/test.json...

Split 'all': 8188 queries

Reusing candidate lists from data/nq/h1_within_query/all_candidates.json
  7642 queries
  dropped_gold_budget: 529
  dropped_no_bm25_negs: 0
  dropped_too_few_eligible_negs: 17
  negatives_skipped_for_budget: 4463
[transformers] Token indices sequence length is longer than the specified maximum sequence length for this model (554 > 512). Running this sequence through the model will result in indexing errors
    overflow check 25/100
    overflow check 50/100
[transformers] Token indices sequence length is longer than the specified maximum sequence length for this model (518 > 512). Running this sequence through the model will result in indexing errors
[transformers] Token indices sequence length is longer than the specified maximum sequence length for this model (518 > 512). Running this sequence through the model will result in indexing errors
[transformers] Token indices sequence length is longer than the specified maximum sequence length for this model (578 > 512). Running this sequence through the model will result in indexing errors
    overflow check 75/100
    overflow check 100/100
  >512-token renderings: worst model 1.91% (sampled 100 queries)

----------------------------------------------------------------------
cross-encoder/ms-marco-MiniLM-L12-v2
----------------------------------------------------------------------
Loading weights:   0%|          | 0/201 [00:00<?, ?it/s]Loading weights: 100%|██████████| 201/201 [00:00<00:00, 8077.48it/s]
  scored       yaml  gold mean=+5.533  neg mean=-5.369
  scored       json  gold mean=+5.011  neg mean=-5.036
  scored       toml  gold mean=+4.891  neg mean=-5.764
  scored  inline_kv  gold mean=+5.132  neg mean=-5.674
  scored   markdown  gold mean=+5.156  neg mean=-5.232

  max within-query flip %: 10.0%  (json vs inline_kv)
  min Kendall tau:         0.800  (json vs inline_kv)
  max top-1 change %:      8.1%  (json vs inline_kv)
  delta/S_within:          0.111
  gold top-1 all formats:  78.9%  |  format-dependent: 9.4%  |  never: 11.7%
  MRR per format:          yaml=0.907  json=0.895  toml=0.897  inline_kv=0.902  markdown=0.897
  (2231.4s)

====================================================================================================
WITHIN-QUERY SUMMARY - split=all  n_queries=7642  candidates=16
====================================================================================================
model                                             max flip%   min tau  top1 chg%  fmt-dep%   delta/S
------------------------------------------------------------------------------------------------------
cross-encoder/ms-marco-MiniLM-L12-v2                  10.0%     0.800       8.1%      9.4%     0.111

  fmt-dep% = queries whose gold ranks first under some formats but not others.

Saved -> data/nq/h1_within_query/all_wq_minilm_l12.json  (3.6 MB)
