Device: cuda

Loading tokenizers for 6 budget models...
Warning: You are sending unauthenticated requests to the HF Hub. Please set a HF_TOKEN to enable higher rate limits and faster downloads.
  ok  cross-encoder/ms-marco-MiniLM-L6-v2
  ok  cross-encoder/ms-marco-MiniLM-L12-v2
  ok  BAAI/bge-reranker-base
  ok  BAAI/bge-reranker-v2-m3
  ok  mixedbread-ai/mxbai-rerank-base-v1
[transformers] `torch_dtype` is deprecated! Use `dtype` instead!
  ok  jinaai/jina-reranker-v2-base-multilingual
Loading data/nq/splits/train.json...
Loading data/nq/splits/dev.json...
Loading data/nq/splits/test.json...

Split 'all': 8188 queries

Reusing candidate lists from data/nq/h1_within_query/all_candidates.json
  7642 queries
  dropped_gold_budget: 529
  dropped_no_bm25_negs: 0
  dropped_too_few_eligible_negs: 17
  negatives_skipped_for_budget: 4463
[transformers] Token indices sequence length is longer than the specified maximum sequence length for this model (554 > 512). Running this sequence through the model will result in indexing errors
    overflow check 25/100
    overflow check 50/100
[transformers] Token indices sequence length is longer than the specified maximum sequence length for this model (518 > 512). Running this sequence through the model will result in indexing errors
[transformers] Token indices sequence length is longer than the specified maximum sequence length for this model (518 > 512). Running this sequence through the model will result in indexing errors
[transformers] Token indices sequence length is longer than the specified maximum sequence length for this model (578 > 512). Running this sequence through the model will result in indexing errors
    overflow check 75/100
    overflow check 100/100
  >512-token renderings: worst model 1.91% (sampled 100 queries)

----------------------------------------------------------------------
BAAI/bge-reranker-base
----------------------------------------------------------------------
Loading weights:   0%|          | 0/201 [00:00<?, ?it/s]Loading weights: 100%|██████████| 201/201 [00:00<00:00, 5915.35it/s]
  scored       yaml  gold mean=+4.995  neg mean=-3.045
  scored       json  gold mean=+4.716  neg mean=-2.390
  scored       toml  gold mean=+4.893  neg mean=-2.045
  scored  inline_kv  gold mean=+5.035  neg mean=-2.549
  scored   markdown  gold mean=+5.027  neg mean=-2.566

  max within-query flip %: 12.7%  (yaml vs toml)
  min Kendall tau:         0.745  (yaml vs toml)
  max top-1 change %:      12.4%  (yaml vs toml)
  delta/S_within:          0.178
  gold top-1 all formats:  75.7%  |  format-dependent: 14.9%  |  never: 9.4%
  MRR per format:          yaml=0.918  json=0.889  toml=0.885  inline_kv=0.907  markdown=0.910
  (5686.7s)

====================================================================================================
WITHIN-QUERY SUMMARY - split=all  n_queries=7642  candidates=16
====================================================================================================
model                                             max flip%   min tau  top1 chg%  fmt-dep%   delta/S
------------------------------------------------------------------------------------------------------
BAAI/bge-reranker-base                                12.7%     0.745      12.4%     14.9%     0.178

  fmt-dep% = queries whose gold ranks first under some formats but not others.

Saved -> data/nq/h1_within_query/all_wq_bge_base.json  (3.6 MB)
